Component: ARM Compiler 5.06 update 5 (build 528) Tool: armlink [4d35e2]

==============================================================================

Section Cross References

    startup_stm32f105xc.o(RESET) refers to startup_stm32f105xc.o(STACK) for __initial_sp
    startup_stm32f105xc.o(RESET) refers to startup_stm32f105xc.o(.text) for Reset_Handler
    startup_stm32f105xc.o(RESET) refers to stm32f1xx_it.o(i.NMI_Handler) for NMI_Handler
    startup_stm32f105xc.o(RESET) refers to stm32f1xx_it.o(i.HardFault_Handler) for HardFault_Handler
    startup_stm32f105xc.o(RESET) refers to stm32f1xx_it.o(i.MemManage_Handler) for MemManage_Handler
    startup_stm32f105xc.o(RESET) refers to stm32f1xx_it.o(i.BusFault_Handler) for BusFault_Handler
    startup_stm32f105xc.o(RESET) refers to stm32f1xx_it.o(i.UsageFault_Handler) for UsageFault_Handler
    startup_stm32f105xc.o(RESET) refers to stm32f1xx_it.o(i.SVC_Handler) for SVC_Handler
    startup_stm32f105xc.o(RESET) refers to stm32f1xx_it.o(i.DebugMon_Handler) for DebugMon_Handler
    startup_stm32f105xc.o(RESET) refers to stm32f1xx_it.o(i.PendSV_Handler) for PendSV_Handler
    startup_stm32f105xc.o(RESET) refers to stm32f1xx_it.o(i.SysTick_Handler) for SysTick_Handler
    startup_stm32f105xc.o(RESET) refers to stm32f1xx_it.o(i.DMA1_Channel1_IRQHandler) for DMA1_Channel1_IRQHandler
    startup_stm32f105xc.o(RESET) refers to stm32f1xx_it.o(i.CAN1_TX_IRQHandler) for CAN1_TX_IRQHandler
    startup_stm32f105xc.o(RESET) refers to stm32f1xx_it.o(i.CAN1_RX0_IRQHandler) for CAN1_RX0_IRQHandler
    startup_stm32f105xc.o(RESET) refers to stm32f1xx_it.o(i.CAN1_RX1_IRQHandler) for CAN1_RX1_IRQHandler
    startup_stm32f105xc.o(RESET) refers to stm32f1xx_it.o(i.CAN1_SCE_IRQHandler) for CAN1_SCE_IRQHandler
    startup_stm32f105xc.o(RESET) refers to stm32f1xx_it.o(i.CAN2_TX_IRQHandler) for CAN2_TX_IRQHandler
    startup_stm32f105xc.o(RESET) refers to stm32f1xx_it.o(i.CAN2_RX0_IRQHandler) for CAN2_RX0_IRQHandler
    startup_stm32f105xc.o(RESET) refers to stm32f1xx_it.o(i.CAN2_RX1_IRQHandler) for CAN2_RX1_IRQHandler
    startup_stm32f105xc.o(RESET) refers to stm32f1xx_it.o(i.CAN2_SCE_IRQHandler) for CAN2_SCE_IRQHandler
    startup_stm32f105xc.o(.text) refers to system_stm32f1xx.o(i.SystemInit) for SystemInit
    startup_stm32f105xc.o(.text) refers to entry.o(.ARM.Collect$$$$00000000) for __main
    main.o(i.HAL_CAN_RxCpltCallback) refers to stm32f1xx_hal_gpio.o(i.HAL_GPIO_TogglePin) for HAL_GPIO_TogglePin
    main.o(i.HAL_CAN_RxCpltCallback) refers to tx2_can.o(i.txReceiveCANMessage) for txReceiveCANMessage
    main.o(i.HAL_CAN_RxCpltCallback) refers to stm32f1xx_hal_can.o(i.HAL_CAN_Receive_IT) for HAL_CAN_Receive_IT
    main.o(i.HAL_CAN_RxCpltCallback) refers to main.o(.bss) for .bss
    main.o(i.MX_ADC1_Init) refers to stm32f1xx_hal_adc.o(i.HAL_ADC_Init) for HAL_ADC_Init
    main.o(i.MX_ADC1_Init) refers to stm32f1xx_hal_adc.o(i.HAL_ADC_ConfigChannel) for HAL_ADC_ConfigChannel
    main.o(i.MX_ADC1_Init) refers to main.o(.bss) for .bss
    main.o(i.MX_CAN1_Init) refers to stm32f1xx_hal_can.o(i.HAL_CAN_Init) for HAL_CAN_Init
    main.o(i.MX_CAN1_Init) refers to main.o(.bss) for .bss
    main.o(i.MX_CAN2_Init) refers to stm32f1xx_hal_can.o(i.HAL_CAN_Init) for HAL_CAN_Init
    main.o(i.MX_CAN2_Init) refers to main.o(.bss) for .bss
    main.o(i.MX_GPIO_Init) refers to stm32f1xx_hal_gpio.o(i.HAL_GPIO_WritePin) for HAL_GPIO_WritePin
    main.o(i.MX_GPIO_Init) refers to stm32f1xx_hal_gpio.o(i.HAL_GPIO_Init) for HAL_GPIO_Init
    main.o(i.MX_SPI1_Init) refers to stm32f1xx_hal_spi_ex.o(i.HAL_SPI_Init) for HAL_SPI_Init
    main.o(i.MX_SPI1_Init) refers to main.o(.bss) for .bss
    main.o(i.MX_SPI2_Init) refers to stm32f1xx_hal_spi_ex.o(i.HAL_SPI_Init) for HAL_SPI_Init
    main.o(i.MX_SPI2_Init) refers to main.o(.bss) for .bss
    main.o(i.MX_TIM1_Init) refers to stm32f1xx_hal_tim.o(i.HAL_TIM_Base_Init) for HAL_TIM_Base_Init
    main.o(i.MX_TIM1_Init) refers to stm32f1xx_hal_tim.o(i.HAL_TIM_ConfigClockSource) for HAL_TIM_ConfigClockSource
    main.o(i.MX_TIM1_Init) refers to stm32f1xx_hal_tim.o(i.HAL_TIM_PWM_Init) for HAL_TIM_PWM_Init
    main.o(i.MX_TIM1_Init) refers to stm32f1xx_hal_tim_ex.o(i.HAL_TIMEx_MasterConfigSynchronization) for HAL_TIMEx_MasterConfigSynchronization
    main.o(i.MX_TIM1_Init) refers to stm32f1xx_hal_tim.o(i.HAL_TIM_PWM_ConfigChannel) for HAL_TIM_PWM_ConfigChannel
    main.o(i.MX_TIM1_Init) refers to stm32f1xx_hal_tim_ex.o(i.HAL_TIMEx_ConfigBreakDeadTime) for HAL_TIMEx_ConfigBreakDeadTime
    main.o(i.MX_TIM1_Init) refers to stm32f1xx_hal_msp.o(i.HAL_TIM_MspPostInit) for HAL_TIM_MspPostInit
    main.o(i.MX_TIM1_Init) refers to main.o(.bss) for .bss
    main.o(i.MX_TIM2_Init) refers to stm32f1xx_hal_tim.o(i.HAL_TIM_Base_Init) for HAL_TIM_Base_Init
    main.o(i.MX_TIM2_Init) refers to stm32f1xx_hal_tim.o(i.HAL_TIM_ConfigClockSource) for HAL_TIM_ConfigClockSource
    main.o(i.MX_TIM2_Init) refers to stm32f1xx_hal_tim.o(i.HAL_TIM_PWM_Init) for HAL_TIM_PWM_Init
[...]
    i.HAL_CAN_Receive                        0x08001ebc   Section        0  stm32f1xx_hal_can.o(i.HAL_CAN_Receive)
    i.HAL_CAN_Receive_IT                     0x08002094   Section        0  stm32f1xx_hal_can.o(i.HAL_CAN_Receive_IT)
    i.HAL_CAN_RxCpltCallback                 0x08002148   Section        0  main.o(i.HAL_CAN_RxCpltCallback)
    i.HAL_CAN_Transmit                       0x080021a4   Section        0  stm32f1xx_hal_can.o(i.HAL_CAN_Transmit)
    i.HAL_CAN_Transmit_IT                    0x08002370   Section        0  stm32f1xx_hal_can.o(i.HAL_CAN_Transmit_IT)
    i.HAL_CAN_TxCpltCallback                 0x08002494   Section        0  stm32f1xx_hal_can.o(i.HAL_CAN_TxCpltCallback)
    i.HAL_DMA_IRQHandler                     0x08002498   Section        0  stm32f1xx_hal_dma.o(i.HAL_DMA_IRQHandler)
    i.HAL_DMA_Init                           0x080026e0   Section        0  stm32f1xx_hal_dma.o(i.HAL_DMA_Init)
    i.HAL_DMA_Start_IT                       0x08002764   Section        0  stm32f1xx_hal_dma.o(i.HAL_DMA_Start_IT)
    i.HAL_GPIO_Init                          0x080027d4   Section        0  stm32f1xx_hal_gpio.o(i.HAL_GPIO_Init)
    i.HAL_GPIO_ReadPin                       0x08002990   Section        0  stm32f1xx_hal_gpio.o(i.HAL_GPIO_ReadPin)
    i.HAL_GPIO_TogglePin                     0x0800299a   Section        0  stm32f1xx_hal_gpio.o(i.HAL_GPIO_TogglePin)
    i.HAL_GPIO_WritePin                      0x080029a2   Section        0  stm32f1xx_hal_gpio.o(i.HAL_GPIO_WritePin)
    i.HAL_GetTick                            0x080029ac   Section        0  stm32f1xx_hal.o(i.HAL_GetTick)
    i.HAL_HalfDuplex_Init                    0x080029b8   Section        0  stm32f1xx_hal_uart.o(i.HAL_HalfDuplex_Init)
    i.HAL_IncTick                            0x08002a24   Section        0  stm32f1xx_hal.o(i.HAL_IncTick)
    i.HAL_Init                               0x08002a34   Section        0  stm32f1xx_hal.o(i.HAL_Init)
    i.HAL_InitTick                           0x08002a58   Section        0  stm32f1xx_hal.o(i.HAL_InitTick)
    i.HAL_MspInit                            0x08002a98   Section        0  stm32f1xx_hal_msp.o(i.HAL_MspInit)
    i.HAL_NVIC_EnableIRQ                     0x08002b18   Section        0  stm32f1xx_hal_cortex.o(i.HAL_NVIC_EnableIRQ)
    i.HAL_NVIC_SetPriority                   0x08002b30   Section        0  stm32f1xx_hal_cortex.o(i.HAL_NVIC_SetPriority)
    i.HAL_NVIC_SetPriorityGrouping           0x08002b70   Section        0  stm32f1xx_hal_cortex.o(i.HAL_NVIC_SetPriorityGrouping)
    i.HAL_RCCEx_PeriphCLKConfig              0x08002b94   Section        0  stm32f1xx_hal_rcc_ex.o(i.HAL_RCCEx_PeriphCLKConfig)
    i.HAL_RCC_ClockConfig                    0x08002d1c   Section        0  stm32f1xx_hal_rcc.o(i.HAL_RCC_ClockConfig)
    i.HAL_RCC_GetHCLKFreq                    0x08002e70   Section        0  stm32f1xx_hal_rcc.o(i.HAL_RCC_GetHCLKFreq)
    i.HAL_RCC_GetPCLK1Freq                   0x08002e7c   Section        0  stm32f1xx_hal_rcc.o(i.HAL_RCC_GetPCLK1Freq)
    i.HAL_RCC_GetPCLK2Freq                   0x08002e9c   Section        0  stm32f1xx_hal_rcc.o(i.HAL_RCC_GetPCLK2Freq)
    i.HAL_RCC_GetSysClockFreq                0x08002ebc   Section        0  stm32f1xx_hal_rcc.o(i.HAL_RCC_GetSysClockFreq)
    i.HAL_RCC_OscConfig                      0x08002f80   Section        0  stm32f1xx_hal_rcc.o(i.HAL_RCC_OscConfig)
    i.HAL_SPI_Init                           0x08003348   Section        0  stm32f1xx_hal_spi_ex.o(i.HAL_SPI_Init)
    i.HAL_SPI_MspInit                        0x080033cc   Section        0  stm32f1xx_hal_msp.o(i.HAL_SPI_MspInit)
    i.HAL_SYSTICK_CLKSourceConfig            0x0800345c   Section        0  stm32f1xx_hal_cortex.o(i.HAL_SYSTICK_CLKSourceConfig)
    i.HAL_SYSTICK_Callback                   0x08003474   Section        0  stm32f1xx_hal_cortex.o(i.HAL_SYSTICK_Callback)
    i.HAL_SYSTICK_Config                     0x08003476   Section        0  stm32f1xx_hal_cortex.o(i.HAL_SYSTICK_Config)
    i.HAL_SYSTICK_IRQHandler                 0x0800349e   Section        0  stm32f1xx_hal_cortex.o(i.HAL_SYSTICK_IRQHandler)
    i.HAL_TIMEx_ConfigBreakDeadTime          0x080034a6   Section        0  stm32f1xx_hal_tim_ex.o(i.HAL_TIMEx_ConfigBreakDeadTime)
    i.HAL_TIMEx_MasterConfigSynchronization  0x08003500   Section        0  stm32f1xx_hal_tim_ex.o(i.HAL_TIMEx_MasterConfigSynchronization)
    i.HAL_TIM_Base_Init                      0x08003550   Section        0  stm32f1xx_hal_tim.o(i.HAL_TIM_Base_Init)
    i.HAL_TIM_Base_MspInit                   0x08003588   Section        0  stm32f1xx_hal_msp.o(i.HAL_TIM_Base_MspInit)
    i.HAL_TIM_ConfigClockSource              0x080035c4   Section        0  stm32f1xx_hal_tim.o(i.HAL_TIM_ConfigClockSource)
    i.HAL_TIM_Encoder_Init                   0x080036b6   Section        0  stm32f1xx_hal_tim.o(i.HAL_TIM_Encoder_Init)
    i.HAL_TIM_Encoder_MspInit                0x0800374c   Section        0  stm32f1xx_hal_msp.o(i.HAL_TIM_Encoder_MspInit)
    i.HAL_TIM_Encoder_Start_IT               0x080037d4   Section        0  stm32f1xx_hal_tim.o(i.HAL_TIM_Encoder_Start_IT)
    i.HAL_TIM_MspPostInit                    0x08003830   Section        0  stm32f1xx_hal_msp.o(i.HAL_TIM_MspPostInit)
    i.HAL_TIM_OC_ConfigChannel               0x0800388c   Section        0  stm32f1xx_hal_tim.o(i.HAL_TIM_OC_ConfigChannel)
    i.HAL_TIM_PWM_ConfigChannel              0x080038e2   Section        0  stm32f1xx_hal_tim.o(i.HAL_TIM_PWM_ConfigChannel)
    i.HAL_TIM_PWM_Init                       0x080039b2   Section        0  stm32f1xx_hal_tim.o(i.HAL_TIM_PWM_Init)
    i.HAL_TIM_PWM_MspInit                    0x080039e8   Section        0  stm32f1xx_hal_tim.o(i.HAL_TIM_PWM_MspInit)
    i.HAL_TIM_PWM_Start                      0x080039ec   Section        0  stm32f1xx_hal_tim.o(i.HAL_TIM_PWM_Start)
    i.HAL_UART_Init                          0x08003a1c   Section        0  stm32f1xx_hal_uart.o(i.HAL_UART_Init)
    i.HAL_UART_MspInit                       0x08003a80   Section        0  stm32f1xx_hal_msp.o(i.HAL_UART_MspInit)
    i.HardFault_Handler                      0x08003b00   Section        0  stm32f1xx_it.o(i.HardFault_Handler)
    i.MCF_decode_GeneralReport_s             0x08003b02   Section        0  can_ecub.o(i.MCF_decode_GeneralReport_s)
    i.MCF_decode_ThermalMeasuresA_s          0x08003ba8   Section        0  can_ecub.o(i.MCF_decode_ThermalMeasuresA_s)
    i.MCF_decode_ThermalMeasuresB_s          0x08003bd0   Section        0  can_ecub.o(i.MCF_decode_ThermalMeasuresB_s)
    i.MCF_get_GeneralReport                  0x08003bf8   Section        0  can_ecub.o(i.MCF_get_GeneralReport)
    i.MCF_get_ThermalMeasuresA               0x08003c20   Section        0  can_ecub.o(i.MCF_get_ThermalMeasuresA)
    i.MCF_get_ThermalMeasuresB               0x08003c50   Section        0  can_ecub.o(i.MCF_get_ThermalMeasuresB)
    i.MCR_decode_GeneralReport_s             0x08003c80   Section        0  can_ecub.o(i.MCR_decode_GeneralReport_s)
    i.MCR_decode_ThermalMeasuresA_s          0x08003d26   Section        0  can_ecub.o(i.MCR_decode_ThermalMeasuresA_s)
    i.MCR_decode_ThermalMeasuresB_s          0x08003d4e   Section        0  can_ecub.o(i.MCR_decode_ThermalMeasuresB_s)
    i.MCR_get_GeneralReport                  0x08003d78   Section        0  can_ecub.o(i.MCR_get_GeneralReport)
    i.MCR_get_ThermalMeasuresA               0x08003da0   Section        0  can_ecub.o(i.MCR_get_ThermalMeasuresA)
    i.MCR_get_ThermalMeasuresB               0x08003dd0   Section        0  can_ecub.o(i.MCR_get_ThermalMeasuresB)
    i.MX_ADC1_Init                           0x08003e00   Section        0  main.o(i.MX_ADC1_Init)
    MX_ADC1_Init                             0x08003e01   Thumb Code   198  main.o(i.MX_ADC1_Init)
    i.MX_CAN1_Init                           0x08003ed0   Section        0  main.o(i.MX_CAN1_Init)
    MX_CAN1_Init                             0x08003ed1   Thumb Code    52  main.o(i.MX_CAN1_Init)
    i.MX_CAN2_Init                           0x08003f0c   Section        0  main.o(i.MX_CAN2_Init)
    MX_CAN2_Init                             0x08003f0d   Thumb Code    52  main.o(i.MX_CAN2_Init)
    i.MX_GPIO_Init                           0x08003f48   Section        0  main.o(i.MX_GPIO_Init)
    MX_GPIO_Init                             0x08003f49   Thumb Code   302  main.o(i.MX_GPIO_Init)
    i.MX_SPI1_Init                           0x08004090   Section        0  main.o(i.MX_SPI1_Init)
    MX_SPI1_Init                             0x08004091   Thumb Code    56  main.o(i.MX_SPI1_Init)
    i.MX_SPI2_Init                           0x080040d0   Section        0  main.o(i.MX_SPI2_Init)
    MX_SPI2_Init                             0x080040d1   Thumb Code    56  main.o(i.MX_SPI2_Init)
    i.MX_TIM1_Init                           0x08004110   Section        0  main.o(i.MX_TIM1_Init)
    MX_TIM1_Init                             0x08004111   Thumb Code   182  main.o(i.MX_TIM1_Init)
    i.MX_TIM2_Init                           0x080041d0   Section        0  main.o(i.MX_TIM2_Init)
    MX_TIM2_Init                             0x080041d1   Thumb Code   130  main.o(i.MX_TIM2_Init)
    i.MX_TIM3_Init                           0x08004258   Section        0  main.o(i.MX_TIM3_Init)
    MX_TIM3_Init                             0x08004259   Thumb Code    82  main.o(i.MX_TIM3_Init)
    i.MX_TIM5_Init                           0x080042b4   Section        0  main.o(i.MX_TIM5_Init)
    MX_TIM5_Init                             0x080042b5   Thumb Code    82  main.o(i.MX_TIM5_Init)
    i.MemManage_Handler                      0x08004310   Section        0  stm32f1xx_it.o(i.MemManage_Handler)
    i.NMI_Handler                            0x08004312   Section        0  stm32f1xx_it.o(i.NMI_Handler)
    i.NVIC_SetPriority                       0x08004314   Section        0  stm32f1xx_hal_cortex.o(i.NVIC_SetPriority)
    NVIC_SetPriority                         0x08004315   Thumb Code    32  stm32f1xx_hal_cortex.o(i.NVIC_SetPriority)
    i.PendSV_Handler                         0x08004334   Section        0  stm32f1xx_it.o(i.PendSV_Handler)
    i.SVC_Handler                            0x08004336   Section        0  stm32f1xx_it.o(i.SVC_Handler)
    i.SysTick_Handler                        0x08004338   Section        0  stm32f1xx_it.o(i.SysTick_Handler)
    i.SystemClock_Config                     0x08004348   Section        0  main.o(i.SystemClock_Config)
    i.SystemInit                             0x080043cc   Section        0  system_stm32f1xx.o(i.SystemInit)
    i.TIM_Base_SetConfig                     0x08004420   Section        0  stm32f1xx_hal_tim.o(i.TIM_Base_SetConfig)
    i.TIM_CCxChannelCmd                      0x0800449c   Section        0  stm32f1xx_hal_tim.o(i.TIM_CCxChannelCmd)
    i.TIM_ETR_SetConfig                      0x080044b2   Section        0  stm32f1xx_hal_tim.o(i.TIM_ETR_SetConfig)
    TIM_ETR_SetConfig                        0x080044b3   Thumb Code    20  stm32f1xx_hal_tim.o(i.TIM_ETR_SetConfig)
    i.TIM_ITRx_SetConfig                     0x080044c6   Section        0  stm32f1xx_hal_tim.o(i.TIM_ITRx_SetConfig)
    TIM_ITRx_SetConfig                       0x080044c7   Thumb Code    16  stm32f1xx_hal_tim.o(i.TIM_ITRx_SetConfig)
    i.TIM_OC1_SetConfig                      0x080044d8   Section        0  stm32f1xx_hal_tim.o(i.TIM_OC1_SetConfig)
    TIM_OC1_SetConfig                        0x080044d9   Thumb Code    74  stm32f1xx_hal_tim.o(i.TIM_OC1_SetConfig)
    i.TIM_OC2_SetConfig                      0x08004528   Section        0  stm32f1xx_hal_tim.o(i.TIM_OC2_SetConfig)
    i.TIM_OC3_SetConfig                      0x08004580   Section        0  stm32f1xx_hal_tim.o(i.TIM_OC3_SetConfig)
    TIM_OC3_SetConfig                        0x08004581   Thumb Code    82  stm32f1xx_hal_tim.o(i.TIM_OC3_SetConfig)
    i.TIM_OC4_SetConfig                      0x080045d8   Section        0  stm32f1xx_hal_tim.o(i.TIM_OC4_SetConfig)
    TIM_OC4_SetConfig                        0x080045d9   Thumb Code    64  stm32f1xx_hal_tim.o(i.TIM_OC4_SetConfig)
    i.TIM_TI1_ConfigInputStage               0x0800461c   Section        0  stm32f1xx_hal_tim.o(i.TIM_TI1_ConfigInputStage)
    TIM_TI1_ConfigInputStage                 0x0800461d   Thumb Code    34  stm32f1xx_hal_tim.o(i.TIM_TI1_ConfigInputStage)
    i.TIM_TI2_ConfigInputStage               0x0800463e   Section        0  stm32f1xx_hal_tim.o(i.TIM_TI2_ConfigInputStage)
    TIM_TI2_ConfigInputStage                 0x0800463f   Thumb Code    36  stm32f1xx_hal_tim.o(i.TIM_TI2_ConfigInputStage)
    i.UART_SetConfig                         0x08004664   Section        0  stm32f1xx_hal_uart.o(i.UART_SetConfig)
    UART_SetConfig                           0x08004665   Thumb Code   364  stm32f1xx_hal_uart.o(i.UART_SetConfig)
    i.UsageFault_Handler                     0x080047d4   Section        0  stm32f1xx_it.o(i.UsageFault_Handler)
    i.VDCU_decode_Status_s                   0x080047d6   Section        0  can_ecub.o(i.VDCU_decode_Status_s)
    i.VDCU_get_Status                        0x08004840   Section        0  can_ecub.o(i.VDCU_get_Status)
    i._Error_Handler                         0x0800487c   Section        0  main.o(i._Error_Handler)
    i.__scatterload_copy                     0x0800487e   Section       14  handlers.o(i.__scatterload_copy)
    i.__scatterload_null                     0x0800488c   Section        2  handlers.o(i.__scatterload_null)
    i.__scatterload_zeroinit                 0x0800488e   Section       14  handlers.o(i.__scatterload_zeroinit)
    i.aux_set                                0x0800489c   Section        0  periphery_set.o(i.aux_set)
    i.blink_led                              0x0800496c   Section        0  carstate.o(i.blink_led)
    i.brake_set                              0x080049b0   Section        0  brakelight.o(i.brake_set)
    i.brakelightprocess                      0x080049d8   Section        0  brakelight.o(i.brakelightprocess)
    i.canInitMsgStatus                       0x08004a08   Section        0  tx2_can.o(i.canInitMsgStatus)
    i.canUpdateMsgStatusOnReceive            0x08004a16   Section        0  tx2_can.o(i.canUpdateMsgStatusOnReceive)
    i.candbHandleMessage                     0x08004a2c   Section        0  can_ecub.o(i.candbHandleMessage)
    i.candbInit                              0x08004c3c   Section        0  can_ecub.o(i.candbInit)
    i.carstate_init                          0x08004cd0   Section        0  carstate.o(i.carstate_init)
    i.carstate_process                       0x08004ce4   Section        0  carstate.o(i.carstate_process)
    i.change_to_NOT_READY                    0x08004f40   Section        0  carstate.o(i.change_to_NOT_READY)
    i.check_mess                             0x08004fac   Section        0  carstate.o(i.check_mess)
    i.compute_average                        0x08005024   Section        0  wheel_speed.o(i.compute_average)
    i.cooling_poccess                        0x08005118   Section        0  adc.o(i.cooling_poccess)
    i.fan_pwm_process                        0x08005160   Section        0  cooling_circuit.o(i.fan_pwm_process)
    i.get_can_state                          0x0800519c   Section        0  carstate.o(i.get_can_state)
    i.main                                   0x080051a4   Section        0  main.o(i.main)
    i.play_RTDS                              0x080053b4   Section        0  periphery_set.o(i.play_RTDS)
    i.pump_pwm_process                       0x08005400   Section        0  cooling_circuit.o(i.pump_pwm_process)
    i.pwm_check                              0x0800543c   Section        0  cooling_circuit.o(i.pwm_check)
    i.ringbufCanWrite                        0x080054c0   Section        0  tx2_ringbuf.o(i.ringbufCanWrite)
    i.ringbufTryRead                         0x080054e2   Section        0  tx2_ringbuf.o(i.ringbufTryRead)
    i.ringbufWriteUnchecked                  0x0800550c   Section        0  tx2_ringbuf.o(i.ringbufWriteUnchecked)
    i.set_SDB_led                            0x0800552c   Section        0  periphery_set.o(i.set_SDB_led)
    i.set_latch_countdown                    0x08005574   Section        0  carstate.o(i.set_latch_countdown)
    i.sortInsertion                          0x08005594   Section        0  wheel_speed.o(i.sortInsertion)
    i.start_ADC                              0x080055d8   Section        0  adc.o(i.start_ADC)
    i.start_PWM                              0x080055e4   Section        0  cooling_circuit.o(i.start_PWM)
    i.start_WS_measure                       0x08005654   Section        0  wheel_speed.o(i.start_WS_measure)
    i.txGetTimeMillis                        0x080056ac   Section        0  can_callback.o(i.txGetTimeMillis)
    i.txHandleCANMessage                     0x080056b0   Section        0  can_callback.o(i.txHandleCANMessage)
    i.txInit                                 0x080056b4   Section        0  tx2_can.o(i.txInit)
    i.txProcess                              0x080056d8   Section        0  tx2_can.o(i.txProcess)
    i.txReceiveCANMessage                    0x08005740   Section        0  tx2_can.o(i.txReceiveCANMessage)
    i.txSendCANMessage                       0x0800579c   Section        0  can_callback.o(i.txSendCANMessage)
    i.units_set                              0x080057e4   Section        0  periphery_set.o(i.units_set)
    .constdata                               0x08005938   Section       16  system_stm32f1xx.o(.constdata)
    .constdata                               0x08005948   Section        8  system_stm32f1xx.o(.constdata)
    .data                                    0x20000000   Section       14  main.o(.data)
    .data                                    0x20000010   Section        4  stm32f1xx_hal_msp.o(.data)
    HAL_RCC_CAN1_CLK_ENABLED                 0x20000010   Data           4  stm32f1xx_hal_msp.o(.data)
    .data                                    0x20000014   Section       32  adc.o(.data)
    .data                                    0x20000034   Section       37  carstate.o(.data)
    state                                    0x20000034   Data           1  carstate.o(.data)
    state_notready                           0x20000035   Data           1  carstate.o(.data)
    SDC_error                                0x20000036   Data           1  carstate.o(.data)
    SDC_measure                              0x20000038   Data           2  carstate.o(.data)
    cs_not_ready_lock                        0x2000003c   Data           4  carstate.o(.data)
    cs_latch_write_delay                     0x20000040   Data           4  carstate.o(.data)
    LED_blink_time                           0x20000044   Data           4  carstate.o(.data)
    number_of_bliks                          0x20000048   Data           4  carstate.o(.data)
    ECUP_data                                0x2000004c   Data           6  carstate.o(.data)
    ECUF_Dash_data                           0x20000052   Data           7  carstate.o(.data)
    .data                                    0x20000060   Section       72  cooling_circuit.o(.data)
    pwm_check_bool                           0x20000060   Data           4  cooling_circuit.o(.data)
    .data                                    0x200000a8   Section       16  periphery_set.o(.data)
    pinstate                                 0x200000a8   Data           1  periphery_set.o(.data)
    RTDS_countdowm                           0x200000ac   Data           4  periphery_set.o(.data)
    last_bat_check                           0x200000b0   Data           4  periphery_set.o(.data)
    wait_for_next                            0x200000b4   Data           4  periphery_set.o(.data)
    .data                                    0x200000b8   Section       64  wheel_speed.o(.data)
    wsr_number_data                          0x200000b8   Data           1  wheel_speed.o(.data)
    wsl_number_data                          0x200000b9   Data           1  wheel_speed.o(.data)
    wsr_poss                                 0x200000bc   Data           2  wheel_speed.o(.data)
    wsl_poss                                 0x200000be   Data           2  wheel_speed.o(.data)
    WSRA                                     0x200000c0   Data           4  wheel_speed.o(.data)
    WSRB                                     0x200000c4   Data           4  wheel_speed.o(.data)
    WSLA                                     0x200000c8   Data           4  wheel_speed.o(.data)
    WSLB                                     0x200000cc   Data           4  wheel_speed.o(.data)
    time_last_can                            0x200000d0   Data           4  wheel_speed.o(.data)
    .data                                    0x200000f8   Section       69  can_ecub.o(.data)
    .data                                    0x20000140   Section        4  tx2_can.o(.data)
    flags                                    0x20000140   Data           4  tx2_can.o(.data)
    .data                                    0x20000144   Section       12  stm32f1xx_hal.o(.data)
    .data                                    0x20000150   Section        4  system_stm32f1xx.o(.data)
    .bss                                     0x20000154   Section      816  main.o(.bss)
    .bss                                     0x20000484   Section       68  main.o(.bss)
    .bss                                     0x200004c8   Section       16  adc.o(.bss)
    .bss                                     0x200004d8   Section       28  can_callback.o(.bss)
    .bss                                     0x200004f4   Section      103  carstate.o(.bss)
    ECUB_Status                              0x200004f4   Data          49  carstate.o(.bss)
    ECUF_Status_data                         0x20000525   Data          26  carstate.o(.bss)
    ECUA_data                                0x2000053f   Data          28  carstate.o(.bss)
    .bss                                     0x2000055c   Section       80  cooling_circuit.o(.bss)
    fan_values                               0x20000574   Data          28  cooling_circuit.o(.bss)
    pump_values                              0x20000590   Data          28  cooling_circuit.o(.bss)
    .bss                                     0x200005b0   Section     4160  wheel_speed.o(.bss)
    wsr_data                                 0x200005b0   Data          32  wheel_speed.o(.bss)
    wsl_data                                 0x200005d0   Data          32  wheel_speed.o(.bss)
    Wheel_can                                0x200005f0   Data          10  wheel_speed.o(.bss)
    .bss                                     0x200015f0   Section      284  can_ecub.o(.bss)
    .bss                                     0x2000170c   Section      272  tx2_can.o(.bss)
    recv_buf                                 0x2000170c   Data         256  tx2_can.o(.bss)
    recv_rb                                  0x2000180c   Data          16  tx2_can.o(.bss)
    STACK                                    0x20001820   Section     1024  startup_stm32f105xc.o(STACK)

    Global Symbols

    Symbol Name                              Value     Ov Type        Size  Object(Section)

    BuildAttributes$$THM_ISAv4$P$D$K$B$S$PE$A:L22UL41UL21$X:L11$S22US41US21$IEEE1$IW$USESV6$~STKCKD$USESV7$~SHL$OSPACE$ROPI$EBA8$MICROLIB$REQ8$PRES8$EABIv2 0x00000000   Number         0  anon$$obj.o ABSOLUTE
    __ARM_use_no_argv                        0x00000000   Number         0  main.o ABSOLUTE
    __cpp_initialize__aeabi_                  - Undefined Weak Reference
    __cxa_finalize                            - Undefined Weak Reference
    _clock_init                               - Undefined Weak Reference
    _microlib_exit                            - Undefined Weak Reference
    __Vectors_Size                           0x00000150   Number         0  startup_stm32f105xc.o ABSOLUTE
    __Vectors                                0x08000000   Data           4  startup_stm32f105xc.o(RESET)
    __Vectors_End                            0x08000150   Data           0  startup_stm32f105xc.o(RESET)
    __main                                   0x08000151   Thumb Code     0  entry.o(.ARM.Collect$$$$00000000)
    _main_stk                                0x08000151   Thumb Code     0  entry2.o(.ARM.Collect$$$$00000001)
    _main_scatterload                        0x08000155   Thumb Code     0  entry5.o(.ARM.Collect$$$$00000004)
    __main_after_scatterload                 0x08000159   Thumb Code     0  entry5.o(.ARM.Collect$$$$00000004)
    _main_clock                              0x08000159   Thumb Code     0  entry7b.o(.ARM.Collect$$$$00000008)
    _main_cpp_init                           0x08000159   Thumb Code     0  entry8b.o(.ARM.Collect$$$$0000000A)
    _main_init                               0x08000159   Thumb Code     0  entry9a.o(.ARM.Collect$$$$0000000B)
    __rt_final_cpp                           0x08000161   Thumb Code     0  entry10a.o(.ARM.Collect$$$$0000000D)
    __rt_final_exit                          0x08000161   Thumb Code     0  entry11a.o(.ARM.Collect$$$$0000000F)
    Reset_Handler                            0x08000165   Thumb Code     8  startup_stm32f105xc.o(.text)
    ADC1_2_IRQHandler                        0x0800017f   Thumb Code     0  startup_stm32f105xc.o(.text)
    DMA1_Channel2_IRQHandler                 0x0800017f   Thumb Code     0  startup_stm32f105xc.o(.text)
    DMA1_Channel3_IRQHandler                 0x0800017f   Thumb Code     0  startup_stm32f105xc.o(.text)
    DMA1_Channel4_IRQHandler                 0x0800017f   Thumb Code     0  startup_stm32f105xc.o(.text)
    DMA1_Channel5_IRQHandler                 0x0800017f   Thumb Code     0  startup_stm32f105xc.o(.text)
    DMA1_Channel6_IRQHandler                 0x0800017f   Thumb Code     0  startup_stm32f105xc.o(.text)
    DMA1_Channel7_IRQHandler                 0x0800017f   Thumb Code     0  startup_stm32f105xc.o(.text)
    DMA2_Channel1_IRQHandler                 0x0800017f   Thumb Code     0  startup_stm32f105xc.o(.text)
    DMA2_Channel2_IRQHandler                 0x0800017f   Thumb Code     0  startup_stm32f105xc.o(.text)
    DMA2_Channel3_IRQHandler                 0x0800017f   Thumb Code     0  startup_stm32f105xc.o(.text)
    DMA2_Channel4_IRQHandler                 0x0800017f   Thumb Code     0  startup_stm32f105xc.o(.text)
    DMA2_Channel5_IRQHandler                 0x0800017f   Thumb Code     0  startup_stm32f105xc.o(.text)
    EXTI0_IRQHandler                         0x0800017f   Thumb Code     0  startup_stm32f105xc.o(.text)
    EXTI15_10_IRQHandler                     0x0800017f   Thumb Code     0  startup_stm32f105xc.o(.text)
    EXTI1_IRQHandler                         0x0800017f   Thumb Code     0  startup_stm32f105xc.o(.text)
    EXTI2_IRQHandler                         0x0800017f   Thumb Code     0  startup_stm32f105xc.o(.text)
    EXTI3_IRQHandler                         0x0800017f   Thumb Code     0  startup_stm32f105xc.o(.text)
    EXTI4_IRQHandler                         0x0800017f   Thumb Code     0  startup_stm32f105xc.o(.text)
    EXTI9_5_IRQHandler                       0x0800017f   Thumb Code     0  startup_stm32f105xc.o(.text)
    FLASH_IRQHandler                         0x0800017f   Thumb Code     0  startup_stm32f105xc.o(.text)
    I2C1_ER_IRQHandler                       0x0800017f   Thumb Code     0  startup_stm32f105xc.o(.text)
    I2C1_EV_IRQHandler                       0x0800017f   Thumb Code     0  startup_stm32f105xc.o(.text)
    I2C2_ER_IRQHandler                       0x0800017f   Thumb Code     0  startup_stm32f105xc.o(.text)
    I2C2_EV_IRQHandler                       0x0800017f   Thumb Code     0  startup_stm32f105xc.o(.text)
    OTG_FS_IRQHandler                        0x0800017f   Thumb Code     0  startup_stm32f105xc.o(.text)
    OTG_FS_WKUP_IRQHandler                   0x0800017f   Thumb Code     0  startup_stm32f105xc.o(.text)
    PVD_IRQHandler                           0x0800017f   Thumb Code     0  startup_stm32f105xc.o(.text)
    RCC_IRQHandler                           0x0800017f   Thumb Code     0  startup_stm32f105xc.o(.text)
    RTC_Alarm_IRQHandler                     0x0800017f   Thumb Code     0  startup_stm32f105xc.o(.text)
    RTC_IRQHandler                           0x0800017f   Thumb Code     0  startup_stm32f105xc.o(.text)
    SPI1_IRQHandler                          0x0800017f   Thumb Code     0  startup_stm32f105xc.o(.text)
    SPI2_IRQHandler                          0x0800017f   Thumb Code     0  startup_stm32f105xc.o(.text)
    SPI3_IRQHandler                          0x0800017f   Thumb Code     0  startup_stm32f105xc.o(.text)
    TAMPER_IRQHandler                        0x0800017f   Thumb Code     0  startup_stm32f105xc.o(.text)
    TIM1_BRK_IRQHandler                      0x0800017f   Thumb Code     0  startup_stm32f105xc.o(.text)
    TIM1_CC_IRQHandler                       0x0800017f   Thumb Code     0  startup_stm32f105xc.o(.text)
    TIM1_TRG_COM_IRQHandler                  0x0800017f   Thumb Code     0  startup_stm32f105xc.o(.text)
    TIM1_UP_IRQHandler                       0x0800017f   Thumb Code     0  startup_stm32f105xc.o(.text)
    TIM2_IRQHandler                          0x0800017f   Thumb Code     0  startup_stm32f105xc.o(.text)
    TIM3_IRQHandler                          0x0800017f   Thumb Code     0  startup_stm32f105xc.o(.text)
    TIM4_IRQHandler                          0x0800017f   Thumb Code     0  startup_stm32f105xc.o(.text)
    TIM5_IRQHandler                          0x0800017f   Thumb Code     0  startup_stm32f105xc.o(.text)
    TIM6_IRQHandler                          0x0800017f   Thumb Code     0  startup_stm32f105xc.o(.text)
    TIM7_IRQHandler                          0x0800017f   Thumb Code     0  startup_stm32f105xc.o(.text)
    UART4_IRQHandler                         0x0800017f   Thumb Code     0  startup_stm32f105xc.o(.text)
    UART5_IRQHandler                         0x0800017f   Thumb Code     0  startup_stm32f105xc.o(.text)
    USART1_IRQHandler                        0x0800017f   Thumb Code     0  startup_stm32f105xc.o(.text)
    USART2_IRQHandler                        0x0800017f   Thumb Code     0  startup_stm32f105xc.o(.text)
    USART3_IRQHandler                        0x0800017f   Thumb Code     0  startup_stm32f105xc.o(.text)
    WWDG_IRQHandler                          0x0800017f   Thumb Code     0  startup_stm32f105xc.o(.text)
    __aeabi_uldivmod                         0x08000189   Thumb Code    98  uldiv.o(.text)
    __aeabi_llsr                             0x080001eb   Thumb Code    32  llushr.o(.text)
    _ll_ushift_r                             0x080001eb   Thumb Code     0  llushr.o(.text)
    __aeabi_memcpy                           0x0800020b   Thumb Code    36  memcpya.o(.text)
    __aeabi_memcpy4                          0x0800020b   Thumb Code     0  memcpya.o(.text)
    __aeabi_memcpy8                          0x0800020b   Thumb Code     0  memcpya.o(.text)
    __aeabi_memset                           0x0800022f   Thumb Code    14  memseta.o(.text)
    __aeabi_memset4                          0x0800022f   Thumb Code     0  memseta.o(.text)
    __aeabi_memset8                          0x0800022f   Thumb Code     0  memseta.o(.text)
    __aeabi_memclr                           0x0800023d   Thumb Code     4  memseta.o(.text)
    __aeabi_memclr4                          0x0800023d   Thumb Code     0  memseta.o(.text)
    __aeabi_memclr8                          0x0800023d   Thumb Code     0  memseta.o(.text)
    _memset$wrapper                          0x08000241   Thumb Code    18  memseta.o(.text)
    memcmp                                   0x08000253   Thumb Code    26  memcmp.o(.text)
    __aeabi_dadd                             0x0800026d   Thumb Code   322  dadd.o(.text)
    __aeabi_dsub                             0x080003af   Thumb Code     6  dadd.o(.text)
    __aeabi_drsub                            0x080003b5   Thumb Code     6  dadd.o(.text)
    __aeabi_dmul                             0x080003bb   Thumb Code   228  dmul.o(.text)
    __ARM_scalbn                             0x0800049f   Thumb Code    46  dscalb.o(.text)
    scalbn                                   0x0800049f   Thumb Code     0  dscalb.o(.text)
    __aeabi_ui2d                             0x080004cd   Thumb Code    26  dfltui.o(.text)
    __aeabi_d2uiz                            0x080004e7   Thumb Code    50  dfixui.o(.text)
    __aeabi_llsl                             0x08000519   Thumb Code    30  llshl.o(.text)
    _ll_shift_l                              0x08000519   Thumb Code     0  llshl.o(.text)
    __aeabi_lasr                             0x08000537   Thumb Code    36  llsshr.o(.text)
    _ll_sshift_r                             0x08000537   Thumb Code     0  llsshr.o(.text)
    __I$use$fp                               0x0800055b   Thumb Code     0  iusefp.o(.text)
    _double_round                            0x0800055b   Thumb Code    30  depilogue.o(.text)
    _double_epilogue                         0x08000579   Thumb Code   156  depilogue.o(.text)
    __scatterload                            0x08000615   Thumb Code    28  init.o(.text)
    __scatterload_rt2                        0x08000615   Thumb Code     0  init.o(.text)
    __decompress                             0x08000639   Thumb Code     0  __dczerorl.o(.text)
    __decompress0                            0x08000639   Thumb Code    58  __dczerorl.o(.text)
    ADC_ConversionStop_Disable               0x08000675   Thumb Code    76  stm32f1xx_hal_adc.o(i.ADC_ConversionStop_Disable)
    ADC_DMAConvCplt                          0x080006c1   Thumb Code    78  stm32f1xx_hal_adc.o(i.ADC_DMAConvCplt)
    ADC_DMAError                             0x0800070f   Thumb Code    26  stm32f1xx_hal_adc.o(i.ADC_DMAError)
    ADC_DMAHalfConvCplt                      0x08000729   Thumb Code    10  stm32f1xx_hal_adc.o(i.ADC_DMAHalfConvCplt)
    ADC_Enable                               0x08000735   Thumb Code   104  stm32f1xx_hal_adc.o(i.ADC_Enable)
    BusFault_Handler                         0x080007a5   Thumb Code     2  stm32f1xx_it.o(i.BusFault_Handler)
    CAN1_RX0_IRQHandler                      0x080007a9   Thumb Code     6  stm32f1xx_it.o(i.CAN1_RX0_IRQHandler)
    CAN1_RX1_IRQHandler                      0x080007b5   Thumb Code     6  stm32f1xx_it.o(i.CAN1_RX1_IRQHandler)
    CAN1_SCE_IRQHandler                      0x080007c1   Thumb Code     6  stm32f1xx_it.o(i.CAN1_SCE_IRQHandler)
    CAN1_TX_IRQHandler                       0x080007cd   Thumb Code     6  stm32f1xx_it.o(i.CAN1_TX_IRQHandler)
    CAN2_RX0_IRQHandler                      0x080007d9   Thumb Code     6  stm32f1xx_it.o(i.CAN2_RX0_IRQHandler)
    CAN2_RX1_IRQHandler                      0x080007e5   Thumb Code     6  stm32f1xx_it.o(i.CAN2_RX1_IRQHandler)
    CAN2_SCE_IRQHandler                      0x080007f1   Thumb Code     6  stm32f1xx_it.o(i.CAN2_SCE_IRQHandler)
    CAN2_TX_IRQHandler                       0x080007fd   Thumb Code     6  stm32f1xx_it.o(i.CAN2_TX_IRQHandler)
    CAN_eforce                               0x0800092f   Thumb Code   242  can_eforce_init.o(i.CAN_eforce)
    Can_WheelSpeed                           0x08000a21   Thumb Code   202  wheel_speed.o(i.Can_WheelSpeed)
    Cooling_process_intern                   0x08000af5   Thumb Code   470  cooling_circuit.o(i.Cooling_process_intern)
    DMA1_Channel1_IRQHandler                 0x08000cd5   Thumb Code     6  stm32f1xx_it.o(i.DMA1_Channel1_IRQHandler)
    DebugMon_Handler                         0x08000d0b   Thumb Code     2  stm32f1xx_it.o(i.DebugMon_Handler)
    ECUA_decode_Status_s                     0x08000d0d   Thumb Code   222  can_ecub.o(i.ECUA_decode_Status_s)
    ECUA_get_Status                          0x08000ded   Thumb Code    54  can_ecub.o(i.ECUA_get_Status)
    ECUB_Cooling_need_to_send                0x08000e29   Thumb Code    30  can_ecub.o(i.ECUB_Cooling_need_to_send)
    ECUB_Power_dist_need_to_send             0x08000e4d   Thumb Code    30  can_ecub.o(i.ECUB_Power_dist_need_to_send)
    ECUB_Status_need_to_send                 0x08000e71   Thumb Code    30  can_ecub.o(i.ECUB_Status_need_to_send)
    ECUB_TEMPAux_need_to_send                0x08000e95   Thumb Code    30  can_ecub.o(i.ECUB_TEMPAux_need_to_send)
    ECUB_TEMPSuspR_need_to_send              0x08000eb9   Thumb Code    30  can_ecub.o(i.ECUB_TEMPSuspR_need_to_send)
    ECUB_Wheelspeed_need_to_send             0x08000edd   Thumb Code    30  can_ecub.o(i.ECUB_Wheelspeed_need_to_send)
    ECUB_send_Cooling_s                      0x08000f01   Thumb Code   200  can_ecub.o(i.ECUB_send_Cooling_s)
    ECUB_send_Power_dist_s                   0x08000fcd   Thumb Code    62  can_ecub.o(i.ECUB_send_Power_dist_s)
    ECUB_send_Status_s                       0x08001011   Thumb Code   462  can_ecub.o(i.ECUB_send_Status_s)
    ECUB_send_TEMPAux_s                      0x080011e5   Thumb Code    50  can_ecub.o(i.ECUB_send_TEMPAux_s)
    ECUB_send_TEMPSuspR_s                    0x0800121d   Thumb Code    74  can_ecub.o(i.ECUB_send_TEMPSuspR_s)
    ECUB_send_Wheelspeed_s                   0x0800126d   Thumb Code    92  can_ecub.o(i.ECUB_send_Wheelspeed_s)
    ECUF_decode_Dashboard_s                  0x080012cd   Thumb Code    60  can_ecub.o(i.ECUF_decode_Dashboard_s)
    ECUF_decode_Status_s                     0x08001309   Thumb Code   212  can_ecub.o(i.ECUF_decode_Status_s)
    ECUF_get_Dashboard                       0x080013dd   Thumb Code    40  can_ecub.o(i.ECUF_get_Dashboard)
    ECUF_get_Status                          0x0800140d   Thumb Code    54  can_ecub.o(i.ECUF_get_Status)
    ECUP_decode_Status_s                     0x08001449   Thumb Code    60  can_ecub.o(i.ECUP_decode_Status_s)
    ECUP_get_Status                          0x08001485   Thumb Code    52  can_ecub.o(i.ECUP_get_Status)
    HAL_ADC_ConfigChannel                    0x080014c1   Thumb Code   240  stm32f1xx_hal_adc.o(i.HAL_ADC_ConfigChannel)
    HAL_ADC_ConvCpltCallback                 0x080015bd   Thumb Code    94  adc.o(i.HAL_ADC_ConvCpltCallback)
    HAL_ADC_ConvHalfCpltCallback             0x08001625   Thumb Code     2  stm32f1xx_hal_adc.o(i.HAL_ADC_ConvHalfCpltCallback)
    HAL_ADC_ErrorCallback                    0x08001627   Thumb Code     2  stm32f1xx_hal_adc.o(i.HAL_ADC_ErrorCallback)
    HAL_ADC_Init                             0x08001629   Thumb Code   272  stm32f1xx_hal_adc.o(i.HAL_ADC_Init)
    HAL_ADC_MspInit                          0x08001745   Thumb Code   130  stm32f1xx_hal_msp.o(i.HAL_ADC_MspInit)
    HAL_ADC_Start_DMA                        0x08001801   Thumb Code   246  stm32f1xx_hal_adc.o(i.HAL_ADC_Start_DMA)
    HAL_CAN_ConfigFilter                     0x0800190d   Thumb Code   242  stm32f1xx_hal_can.o(i.HAL_CAN_ConfigFilter)
    HAL_CAN_ErrorCallback                    0x080019ff   Thumb Code     2  stm32f1xx_hal_can.o(i.HAL_CAN_ErrorCallback)
    HAL_CAN_IRQHandler                       0x08001a01   Thumb Code   548  stm32f1xx_hal_can.o(i.HAL_CAN_IRQHandler)
    HAL_CAN_Init                             0x08001c35   Thumb Code   300  stm32f1xx_hal_can.o(i.HAL_CAN_Init)
    HAL_CAN_MspInit                          0x08001d61   Thumb Code   318  stm32f1xx_hal_msp.o(i.HAL_CAN_MspInit)
    HAL_CAN_Receive                          0x08001ebd   Thumb Code   470  stm32f1xx_hal_can.o(i.HAL_CAN_Receive)
    HAL_CAN_Receive_IT                       0x08002095   Thumb Code   180  stm32f1xx_hal_can.o(i.HAL_CAN_Receive_IT)
    HAL_CAN_RxCpltCallback                   0x08002149   Thumb Code    74  main.o(i.HAL_CAN_RxCpltCallback)
    HAL_CAN_Transmit                         0x080021a5   Thumb Code   446  stm32f1xx_hal_can.o(i.HAL_CAN_Transmit)
    HAL_CAN_Transmit_IT                      0x08002371   Thumb Code   292  stm32f1xx_hal_can.o(i.HAL_CAN_Transmit_IT)
    HAL_CAN_TxCpltCallback                   0x08002495   Thumb Code     2  stm32f1xx_hal_can.o(i.HAL_CAN_TxCpltCallback)
    HAL_DMA_IRQHandler                       0x08002499   Thumb Code   552  stm32f1xx_hal_dma.o(i.HAL_DMA_IRQHandler)
    HAL_DMA_Init                             0x080026e1   Thumb Code   120  stm32f1xx_hal_dma.o(i.HAL_DMA_Init)
    HAL_DMA_Start_IT                         0x08002765   Thumb Code   112  stm32f1xx_hal_dma.o(i.HAL_DMA_Start_IT)
    HAL_GPIO_Init                            0x080027d5   Thumb Code   408  stm32f1xx_hal_gpio.o(i.HAL_GPIO_Init)
    HAL_GPIO_ReadPin                         0x08002991   Thumb Code    10  stm32f1xx_hal_gpio.o(i.HAL_GPIO_ReadPin)
    HAL_GPIO_TogglePin                       0x0800299b   Thumb Code     8  stm32f1xx_hal_gpio.o(i.HAL_GPIO_TogglePin)
    HAL_GPIO_WritePin                        0x080029a3   Thumb Code    10  stm32f1xx_hal_gpio.o(i.HAL_GPIO_WritePin)
    HAL_GetTick                              0x080029ad   Thumb Code     6  stm32f1xx_hal.o(i.HAL_GetTick)
    HAL_HalfDuplex_Init                      0x080029b9   Thumb Code   108  stm32f1xx_hal_uart.o(i.HAL_HalfDuplex_Init)
    HAL_IncTick                              0x08002a25   Thumb Code    12  stm32f1xx_hal.o(i.HAL_IncTick)
    HAL_Init                                 0x08002a35   Thumb Code    32  stm32f1xx_hal.o(i.HAL_Init)
    HAL_InitTick                             0x08002a59   Thumb Code    54  stm32f1xx_hal.o(i.HAL_InitTick)
    HAL_MspInit                              0x08002a99   Thumb Code   118  stm32f1xx_hal_msp.o(i.HAL_MspInit)
    HAL_NVIC_EnableIRQ                       0x08002b19   Thumb Code    22  stm32f1xx_hal_cortex.o(i.HAL_NVIC_EnableIRQ)
    HAL_NVIC_SetPriority                     0x08002b31   Thumb Code    60  stm32f1xx_hal_cortex.o(i.HAL_NVIC_SetPriority)
    HAL_NVIC_SetPriorityGrouping             0x08002b71   Thumb Code    26  stm32f1xx_hal_cortex.o(i.HAL_NVIC_SetPriorityGrouping)
    HAL_RCCEx_PeriphCLKConfig                0x08002b95   Thumb Code   374  stm32f1xx_hal_rcc_ex.o(i.HAL_RCCEx_PeriphCLKConfig)
    HAL_RCC_ClockConfig                      0x08002d1d   Thumb Code   322  stm32f1xx_hal_rcc.o(i.HAL_RCC_ClockConfig)
    HAL_RCC_GetHCLKFreq                      0x08002e71   Thumb Code     6  stm32f1xx_hal_rcc.o(i.HAL_RCC_GetHCLKFreq)
    HAL_RCC_GetPCLK1Freq                     0x08002e7d   Thumb Code    20  stm32f1xx_hal_rcc.o(i.HAL_RCC_GetPCLK1Freq)
    HAL_RCC_GetPCLK2Freq                     0x08002e9d   Thumb Code    20  stm32f1xx_hal_rcc.o(i.HAL_RCC_GetPCLK2Freq)
    HAL_RCC_GetSysClockFreq                  0x08002ebd   Thumb Code   148  stm32f1xx_hal_rcc.o(i.HAL_RCC_GetSysClockFreq)
    HAL_RCC_OscConfig                        0x08002f81   Thumb Code   946  stm32f1xx_hal_rcc.o(i.HAL_RCC_OscConfig)
    HAL_SPI_Init                             0x08003349   Thumb Code   130  stm32f1xx_hal_spi_ex.o(i.HAL_SPI_Init)
    HAL_SPI_MspInit                          0x080033cd   Thumb Code   122  stm32f1xx_hal_msp.o(i.HAL_SPI_MspInit)
    HAL_SYSTICK_CLKSourceConfig              0x0800345d   Thumb Code    24  stm32f1xx_hal_cortex.o(i.HAL_SYSTICK_CLKSourceConfig)
    HAL_SYSTICK_Callback                     0x08003475   Thumb Code     2  stm32f1xx_hal_cortex.o(i.HAL_SYSTICK_Callback)
    HAL_SYSTICK_Config                       0x08003477   Thumb Code    40  stm32f1xx_hal_cortex.o(i.HAL_SYSTICK_Config)
    HAL_SYSTICK_IRQHandler                   0x0800349f   Thumb Code     8  stm32f1xx_hal_cortex.o(i.HAL_SYSTICK_IRQHandler)
    HAL_TIMEx_ConfigBreakDeadTime            0x080034a7   Thumb Code    90  stm32f1xx_hal_tim_ex.o(i.HAL_TIMEx_ConfigBreakDeadTime)
    HAL_TIMEx_MasterConfigSynchronization    0x08003501   Thumb Code    80  stm32f1xx_hal_tim_ex.o(i.HAL_TIMEx_MasterConfigSynchronization)
    HAL_TIM_Base_Init                        0x08003551   Thumb Code    54  stm32f1xx_hal_tim.o(i.HAL_TIM_Base_Init)
    HAL_TIM_Base_MspInit                     0x08003589   Thumb Code    52  stm32f1xx_hal_msp.o(i.HAL_TIM_Base_MspInit)
    HAL_TIM_ConfigClockSource                0x080035c5   Thumb Code   242  stm32f1xx_hal_tim.o(i.HAL_TIM_ConfigClockSource)
    HAL_TIM_Encoder_Init                     0x080036b7   Thumb Code   150  stm32f1xx_hal_tim.o(i.HAL_TIM_Encoder_Init)
    HAL_TIM_Encoder_MspInit                  0x0800374d   Thumb Code   110  stm32f1xx_hal_msp.o(i.HAL_TIM_Encoder_MspInit)
    HAL_TIM_Encoder_Start_IT                 0x080037d5   Thumb Code    92  stm32f1xx_hal_tim.o(i.HAL_TIM_Encoder_Start_IT)
    HAL_TIM_MspPostInit                      0x08003831   Thumb Code    74  stm32f1xx_hal_msp.o(i.HAL_TIM_MspPostInit)
    HAL_TIM_OC_ConfigChannel                 0x0800388d   Thumb Code    86  stm32f1xx_hal_tim.o(i.HAL_TIM_OC_ConfigChannel)
    HAL_TIM_PWM_ConfigChannel                0x080038e3   Thumb Code   208  stm32f1xx_hal_tim.o(i.HAL_TIM_PWM_ConfigChannel)
    HAL_TIM_PWM_Init                         0x080039b3   Thumb Code    54  stm32f1xx_hal_tim.o(i.HAL_TIM_PWM_Init)
    HAL_TIM_PWM_MspInit                      0x080039e9   Thumb Code     2  stm32f1xx_hal_tim.o(i.HAL_TIM_PWM_MspInit)
    HAL_TIM_PWM_Start                        0x080039ed   Thumb Code    42  stm32f1xx_hal_tim.o(i.HAL_TIM_PWM_Start)
    HAL_UART_Init                            0x08003a1d   Thumb Code    98  stm32f1xx_hal_uart.o(i.HAL_UART_Init)
    HAL_UART_MspInit                         0x08003a81   Thumb Code   112  stm32f1xx_hal_msp.o(i.HAL_UART_MspInit)
    HardFault_Handler                        0x08003b01   Thumb Code     2  stm32f1xx_it.o(i.HardFault_Handler)
    MCF_decode_GeneralReport_s               0x08003b03   Thumb Code   166  can_ecub.o(i.MCF_decode_GeneralReport_s)
    MCF_decode_ThermalMeasuresA_s            0x08003ba9   Thumb Code    40  can_ecub.o(i.MCF_decode_ThermalMeasuresA_s)
    MCF_decode_ThermalMeasuresB_s            0x08003bd1   Thumb Code    40  can_ecub.o(i.MCF_decode_ThermalMeasuresB_s)
    MCF_get_GeneralReport                    0x08003bf9   Thumb Code    36  can_ecub.o(i.MCF_get_GeneralReport)
    MCF_get_ThermalMeasuresA                 0x08003c21   Thumb Code    40  can_ecub.o(i.MCF_get_ThermalMeasuresA)
    MCF_get_ThermalMeasuresB                 0x08003c51   Thumb Code    40  can_ecub.o(i.MCF_get_ThermalMeasuresB)
    MCR_decode_GeneralReport_s               0x08003c81   Thumb Code   166  can_ecub.o(i.MCR_decode_GeneralReport_s)
    MCR_decode_ThermalMeasuresA_s            0x08003d27   Thumb Code    40  can_ecub.o(i.MCR_decode_ThermalMeasuresA_s)
    MCR_decode_ThermalMeasuresB_s            0x08003d4f   Thumb Code    40  can_ecub.o(i.MCR_decode_ThermalMeasuresB_s)
    MCR_get_GeneralReport                    0x08003d79   Thumb Code    36  can_ecub.o(i.MCR_get_GeneralReport)
    MCR_get_ThermalMeasuresA                 0x08003da1   Thumb Code    40  can_ecub.o(i.MCR_get_ThermalMeasuresA)
    MCR_get_ThermalMeasuresB                 0x08003dd1   Thumb Code    40  can_ecub.o(i.MCR_get_ThermalMeasuresB)
    MemManage_Handler                        0x08004311   Thumb Code     2  stm32f1xx_it.o(i.MemManage_Handler)
    NMI_Handler                              0x08004313   Thumb Code     2  stm32f1xx_it.o(i.NMI_Handler)
    PendSV_Handler                           0x08004335   Thumb Code     2  stm32f1xx_it.o(i.PendSV_Handler)
    SVC_Handler                              0x08004337   Thumb Code     2  stm32f1xx_it.o(i.SVC_Handler)
    SysTick_Handler                          0x08004339   Thumb Code    14  stm32f1xx_it.o(i.SysTick_Handler)
    SystemClock_Config                       0x08004349   Thumb Code   128  main.o(i.SystemClock_Config)
    SystemInit                               0x080043cd   Thumb Code    68  system_stm32f1xx.o(i.SystemInit)
    TIM_Base_SetConfig                       0x08004421   Thumb Code   106  stm32f1xx_hal_tim.o(i.TIM_Base_SetConfig)
    TIM_CCxChannelCmd                        0x0800449d   Thumb Code    22  stm32f1xx_hal_tim.o(i.TIM_CCxChannelCmd)
    TIM_OC2_SetConfig                        0x08004529   Thumb Code    84  stm32f1xx_hal_tim.o(i.TIM_OC2_SetConfig)
    UsageFault_Handler                       0x080047d5   Thumb Code     2  stm32f1xx_it.o(i.UsageFault_Handler)
    VDCU_decode_Status_s                     0x080047d7   Thumb Code   106  can_ecub.o(i.VDCU_decode_Status_s)
    VDCU_get_Status                          0x08004841   Thumb Code    56  can_ecub.o(i.VDCU_get_Status)
    _Error_Handler                           0x0800487d   Thumb Code     2  main.o(i._Error_Handler)
    __scatterload_copy                       0x0800487f   Thumb Code    14  handlers.o(i.__scatterload_copy)
    __scatterload_null                       0x0800488d   Thumb Code     2  handlers.o(i.__scatterload_null)
    __scatterload_zeroinit                   0x0800488f   Thumb Code    14  handlers.o(i.__scatterload_zeroinit)
    aux_set                                  0x0800489d   Thumb Code   198  periphery_set.o(i.aux_set)
    blink_led                                0x0800496d   Thumb Code    60  carstate.o(i.blink_led)
    brake_set                                0x080049b1   Thumb Code    34  brakelight.o(i.brake_set)
    brakelightprocess                        0x080049d9   Thumb Code    48  brakelight.o(i.brakelightprocess)
    canInitMsgStatus                         0x08004a09   Thumb Code    14  tx2_can.o(i.canInitMsgStatus)
    canUpdateMsgStatusOnReceive              0x08004a17   Thumb Code    22  tx2_can.o(i.canUpdateMsgStatusOnReceive)
    candbHandleMessage                       0x08004a2d   Thumb Code   514  can_ecub.o(i.candbHandleMessage)
    candbInit                                0x08004c3d   Thumb Code   136  can_ecub.o(i.candbInit)
    carstate_init                            0x08004cd1   Thumb Code    16  carstate.o(i.carstate_init)
    carstate_process                         0x08004ce5   Thumb Code   588  carstate.o(i.carstate_process)
    change_to_NOT_READY                      0x08004f41   Thumb Code    92  carstate.o(i.change_to_NOT_READY)
    check_mess                               0x08004fad   Thumb Code   110  carstate.o(i.check_mess)
    compute_average                          0x08005025   Thumb Code   236  wheel_speed.o(i.compute_average)
    cooling_poccess                          0x08005119   Thumb Code    68  adc.o(i.cooling_poccess)
    fan_pwm_process                          0x08005161   Thumb Code    56  cooling_circuit.o(i.fan_pwm_process)
    get_can_state                            0x0800519d   Thumb Code     4  carstate.o(i.get_can_state)
    main                                     0x080051a5   Thumb Code   480  main.o(i.main)
    play_RTDS                                0x080053b5   Thumb Code    66  periphery_set.o(i.play_RTDS)
    pump_pwm_process                         0x08005401   Thumb Code    54  cooling_circuit.o(i.pump_pwm_process)
    pwm_check                                0x0800543d   Thumb Code   114  cooling_circuit.o(i.pwm_check)
    ringbufCanWrite                          0x080054c1   Thumb Code    34  tx2_ringbuf.o(i.ringbufCanWrite)
    ringbufTryRead                           0x080054e3   Thumb Code    42  tx2_ringbuf.o(i.ringbufTryRead)
    ringbufWriteUnchecked                    0x0800550d   Thumb Code    32  tx2_ringbuf.o(i.ringbufWriteUnchecked)
    set_SDB_led                              0x0800552d   Thumb Code    68  periphery_set.o(i.set_SDB_led)
    set_latch_countdown                      0x08005575   Thumb Code    26  carstate.o(i.set_latch_countdown)
    sortInsertion                            0x08005595   Thumb Code    64  wheel_speed.o(i.sortInsertion)
    start_ADC                                0x080055d9   Thumb Code     8  adc.o(i.start_ADC)
    start_PWM                                0x080055e5   Thumb Code   108  cooling_circuit.o(i.start_PWM)
    start_WS_measure                         0x08005655   Thumb Code    68  wheel_speed.o(i.start_WS_measure)
    txGetTimeMillis                          0x080056ad   Thumb Code     4  can_callback.o(i.txGetTimeMillis)
    txHandleCANMessage                       0x080056b1   Thumb Code     4  can_callback.o(i.txHandleCANMessage)
    txInit                                   0x080056b5   Thumb Code    26  tx2_can.o(i.txInit)
    txProcess                                0x080056d9   Thumb Code   100  tx2_can.o(i.txProcess)
    txReceiveCANMessage                      0x08005741   Thumb Code    84  tx2_can.o(i.txReceiveCANMessage)
    txSendCANMessage                         0x0800579d   Thumb Code    58  can_callback.o(i.txSendCANMessage)
    units_set                                0x080057e5   Thumb Code   320  periphery_set.o(i.units_set)
    AHBPrescTable                            0x08005938   Data          16  system_stm32f1xx.o(.constdata)
    APBPrescTable                            0x08005948   Data           8  system_stm32f1xx.o(.constdata)
    Region$$Table$$Base                      0x08005950   Number         0  anon$$obj.o(Region$$Table)
    Region$$Table$$Limit                     0x08005970   Number         0  anon$$obj.o(Region$$Table)
    ECUB_POW                                 0x20000000   Data           6  main.o(.data)
    ECUB_TEMP                                0x20000006   Data           8  main.o(.data)
    ECUB_TEMP_AUX                            0x20000014   Data           4  adc.o(.data)
    ntc0_value                               0x20000018   Data           4  adc.o(.data)
    ntc1_value                               0x2000001c   Data           4  adc.o(.data)
    ntc2_value                               0x20000020   Data           4  adc.o(.data)
    ntc3_value                               0x20000024   Data           4  adc.o(.data)
    ecua_u_value                             0x20000028   Data           4  adc.o(.data)
    lv_bat_u_value                           0x2000002c   Data           4  adc.o(.data)
    service_box_u_value                      0x20000030   Data           4  adc.o(.data)
    max_engine_temperature                   0x20000064   Data           4  cooling_circuit.o(.data)
    max_sensors_after_engine_temperature     0x20000068   Data           4  cooling_circuit.o(.data)
    min_sensors_before_engine_temperature    0x2000006c   Data           4  cooling_circuit.o(.data)
    new_pwm_value                            0x20000070   Data           4  cooling_circuit.o(.data)
    additional_pwm_value                     0x20000074   Data           4  cooling_circuit.o(.data)
    last_temp_check_SensorsSensors_diff      0x20000078   Data           4  cooling_circuit.o(.data)
    last_temp_check_EngineSensors_diff       0x2000007c   Data           4  cooling_circuit.o(.data)
    MCR_Engine_A                             0x20000080   Data           7  cooling_circuit.o(.data)
    MCR_Engine_B                             0x20000087   Data           7  cooling_circuit.o(.data)
    MCF_Engine_A                             0x2000008e   Data           7  cooling_circuit.o(.data)
    MCF_Engine_B                             0x20000095   Data           7  cooling_circuit.o(.data)
    last_temp_check_time                     0x200000a0   Data           8  cooling_circuit.o(.data)
    posicion_for_arrays                      0x200000ba   Data           1  wheel_speed.o(.data)
    total_spins                              0x200000d4   Data           4  wheel_speed.o(.data)
    i                                        0x200000d8   Data           4  wheel_speed.o(.data)
    key                                      0x200000dc   Data           4  wheel_speed.o(.data)
    j                                        0x200000e0   Data           4  wheel_speed.o(.data)
    temp                                     0x200000e4   Data           4  wheel_speed.o(.data)
    average                                  0x200000e8   Data           8  wheel_speed.o(.data)
    circuit                                  0x200000f0   Data           8  wheel_speed.o(.data)
    ECUB_Status_last_sent                    0x200000f8   Data           4  can_ecub.o(.data)
    ECUB_Wheelspeed_last_sent                0x200000fc   Data           4  can_ecub.o(.data)
    ECUB_GLV_AMS_last_sent                   0x20000100   Data           4  can_ecub.o(.data)
    ECUB_Cooling_last_sent                   0x20000104   Data           4  can_ecub.o(.data)
    ECUB_Power_dist_last_sent                0x20000108   Data           4  can_ecub.o(.data)
    ECUB_TEMPSuspR_last_sent                 0x2000010c   Data           4  can_ecub.o(.data)
    ECUB_TEMPAux_last_sent                   0x20000110   Data           4  can_ecub.o(.data)
    ECUP_Status_data                         0x20000114   Data           6  can_ecub.o(.data)
    ECUF_Dashboard_data                      0x2000011a   Data           7  can_ecub.o(.data)
    MCF_ThermalMeasuresA_data                0x20000121   Data           7  can_ecub.o(.data)
    MCF_ThermalMeasuresB_data                0x20000128   Data           7  can_ecub.o(.data)
    MCR_ThermalMeasuresA_data                0x2000012f   Data           7  can_ecub.o(.data)
    MCR_ThermalMeasuresB_data                0x20000136   Data           7  can_ecub.o(.data)
    uwTickFreq                               0x20000144   Data           1  stm32f1xx_hal.o(.data)
    uwTickPrio                               0x20000148   Data           4  stm32f1xx_hal.o(.data)
    uwTick                                   0x2000014c   Data           4  stm32f1xx_hal.o(.data)
    SystemCoreClock                          0x20000150   Data           4  system_stm32f1xx.o(.data)
    hadc1                                    0x20000154   Data          48  main.o(.bss)
    hcan1                                    0x20000184   Data          68  main.o(.bss)
    hcan2                                    0x200001c8   Data          68  main.o(.bss)
    hspi1                                    0x2000020c   Data          88  main.o(.bss)
    hspi2                                    0x20000264   Data          88  main.o(.bss)
    htim1                                    0x200002bc   Data          64  main.o(.bss)
    htim2                                    0x200002fc   Data          64  main.o(.bss)
    htim3                                    0x2000033c   Data          64  main.o(.bss)
    htim5                                    0x2000037c   Data          64  main.o(.bss)
    huart4                                   0x200003bc   Data          64  main.o(.bss)
    huart5                                   0x200003fc   Data          64  main.o(.bss)
    canRxMsg1                                0x2000043c   Data          36  main.o(.bss)
    canRxMsg2                                0x20000460   Data          36  main.o(.bss)
    hdma_adc1                                0x20000484   Data          68  main.o(.bss)
    adc_measurement                          0x200004c8   Data          16  adc.o(.bss)
    txMsg                                    0x200004d8   Data          28  can_callback.o(.bss)
    ECUB_COOL                                0x2000055c   Data          21  cooling_circuit.o(.bss)
    spins_array                              0x200005fc   Data        1020  wheel_speed.o(.bss)
    times_array                              0x200009f8   Data        1020  wheel_speed.o(.bss)
    speeds_array                             0x20000df8   Data        2040  wheel_speed.o(.bss)
    ECUA_Status_status                       0x200015f0   Data          16  can_ecub.o(.bss)
    ECUA_Status_data                         0x20001600   Data          28  can_ecub.o(.bss)
    ECUF_Status_status                       0x2000161c   Data          16  can_ecub.o(.bss)
    ECUF_Status_data                         0x2000162c   Data          26  can_ecub.o(.bss)
    ECUF_Dashboard_status                    0x20001648   Data          16  can_ecub.o(.bss)
    ECUP_Status_status                       0x20001658   Data          16  can_ecub.o(.bss)
    MCF_GeneralReport_status                 0x20001668   Data          16  can_ecub.o(.bss)
    MCF_GeneralReport_data                   0x20001678   Data          20  can_ecub.o(.bss)
    MCF_ThermalMeasuresA_status              0x2000168c   Data          16  can_ecub.o(.bss)
    MCF_ThermalMeasuresB_status              0x2000169c   Data          16  can_ecub.o(.bss)
    MCR_GeneralReport_status                 0x200016ac   Data          16  can_ecub.o(.bss)
    MCR_GeneralReport_data                   0x200016bc   Data          20  can_ecub.o(.bss)
    MCR_ThermalMeasuresA_status              0x200016d0   Data          16  can_ecub.o(.bss)
    MCR_ThermalMeasuresB_status              0x200016e0   Data          16  can_ecub.o(.bss)
    VDCU_Status_status                       0x200016f0   Data          16  can_ecub.o(.bss)
    VDCU_Status_data                         0x20001700   Data          12  can_ecub.o(.bss)
    __initial_sp                             0x20001c20   Data           0  startup_stm32f105xc.o(STACK)



==============================================================================

Memory Map of the image

  Image Entry point : 0x08000151

  Load Region LR_IROM1 (Base: 0x08000000, Size: 0x00005ac4, Max: 0x00040000, ABSOLUTE, COMPRESSED[0x0000597c])

    Execution Region ER_IROM1 (Exec base: 0x08000000, Load base: 0x08000000, Size: 0x00005970, Max: 0x00040000, ABSOLUTE)

    Exec Addr    Load Addr    Size         Type   Attr      Idx    E Section Name        Object

    0x08000000   0x08000000   0x00000150   Data   RO            3    RESET               startup_stm32f105xc.o
    0x08000150   0x08000150   0x00000000   Code   RO         4612  * .ARM.Collect$$$$00000000  mc_w.l(entry.o)
    0x08000150   0x08000150   0x00000004   Code   RO         4637    .ARM.Collect$$$$00000001  mc_w.l(entry2.o)
    0x08000154   0x08000154   0x00000004   Code   RO         4640    .ARM.Collect$$$$00000004  mc_w.l(entry5.o)
    0x08000158   0x08000158   0x00000000   Code   RO         4642    .ARM.Collect$$$$00000008  mc_w.l(entry7b.o)
    0x08000158   0x08000158   0x00000000   Code   RO         4644    .ARM.Collect$$$$0000000A  mc_w.l(entry8b.o)
    0x08000158   0x08000158   0x00000008   Code   RO         4645    .ARM.Collect$$$$0000000B  mc_w.l(entry9a.o)
    0x08000160   0x08000160   0x00000000   Code   RO         4647    .ARM.Collect$$$$0000000D  mc_w.l(entry10a.o)
    0x08000160   0x08000160   0x00000000   Code   RO         4649    .ARM.Collect$$$$0000000F  mc_w.l(entry11a.o)
    0x08000160   0x08000160   0x00000004   Code   RO         4638    .ARM.Collect$$$$00002712  mc_w.l(entry2.o)
    0x08000164   0x08000164   0x00000024   Code   RO            4    .text               startup_stm32f105xc.o
    0x08000188   0x08000188   0x00000062   Code   RO         4615    .text               mc_w.l(uldiv.o)
    0x080001ea   0x080001ea   0x00000020   Code   RO         4617    .text               mc_w.l(llushr.o)
    0x0800020a   0x0800020a   0x00000024   Code   RO         4619    .text               mc_w.l(memcpya.o)
    0x0800022e   0x0800022e   0x00000024   Code   RO         4621    .text               mc_w.l(memseta.o)
    0x08000252   0x08000252   0x0000001a   Code   RO         4623    .text               mc_w.l(memcmp.o)
    0x0800026c   0x0800026c   0x0000014e   Code   RO         4627    .text               mf_w.l(dadd.o)
    0x080003ba   0x080003ba   0x000000e4   Code   RO         4629    .text               mf_w.l(dmul.o)
    0x0800049e   0x0800049e   0x0000002e   Code   RO         4631    .text               mf_w.l(dscalb.o)
    0x080004cc   0x080004cc   0x0000001a   Code   RO         4633    .text               mf_w.l(dfltui.o)
    0x080004e6   0x080004e6   0x00000032   Code   RO         4635    .text               mf_w.l(dfixui.o)
    0x08000518   0x08000518   0x0000001e   Code   RO         4651    .text               mc_w.l(llshl.o)
    0x08000536   0x08000536   0x00000024   Code   RO         4653    .text               mc_w.l(llsshr.o)
    0x0800055a   0x0800055a   0x00000000   Code   RO         4655    .text               mc_w.l(iusefp.o)
    0x0800055a   0x0800055a   0x000000ba   Code   RO         4656    .text               mf_w.l(depilogue.o)
    0x08000614   0x08000614   0x00000024   Code   RO         4658    .text               mc_w.l(init.o)
    0x08000638   0x08000638   0x0000003a   Code   RO         4668    .text               mc_w.l(__dczerorl.o)
    0x08000672   0x08000672   0x00000002   PAD
    0x08000674   0x08000674   0x0000004c   Code   RO         3192    i.ADC_ConversionStop_Disable  stm32f1xx_hal_adc.o
    0x080006c0   0x080006c0   0x0000004e   Code   RO         3193    i.ADC_DMAConvCplt   stm32f1xx_hal_adc.o
    0x0800070e   0x0800070e   0x0000001a   Code   RO         3194    i.ADC_DMAError      stm32f1xx_hal_adc.o
    0x08000728   0x08000728   0x0000000a   Code   RO         3195    i.ADC_DMAHalfConvCplt  stm32f1xx_hal_adc.o
    0x08000732   0x08000732   0x00000002   PAD
    0x08000734   0x08000734   0x00000070   Code   RO         3196    i.ADC_Enable        stm32f1xx_hal_adc.o
    0x080007a4   0x080007a4   0x00000002   Code   RO          243    i.BusFault_Handler  stm32f1xx_it.o
    0x080007a6   0x080007a6   0x00000002   PAD
    0x080007a8   0x080007a8   0x0000000c   Code   RO          244    i.CAN1_RX0_IRQHandler  stm32f1xx_it.o
    0x080007b4   0x080007b4   0x0000000c   Code   RO          245    i.CAN1_RX1_IRQHandler  stm32f1xx_it.o
    0x080007c0   0x080007c0   0x0000000c   Code   RO          246    i.CAN1_SCE_IRQHandler  stm32f1xx_it.o
    0x080007cc   0x080007cc   0x0000000c   Code   RO          247    i.CAN1_TX_IRQHandler  stm32f1xx_it.o
    0x080007d8   0x080007d8   0x0000000c   Code   RO          248    i.CAN2_RX0_IRQHandler  stm32f1xx_it.o
    0x080007e4   0x080007e4   0x0000000c   Code   RO          249    i.CAN2_RX1_IRQHandler  stm32f1xx_it.o
    0x080007f0   0x080007f0   0x0000000c   Code   RO          250    i.CAN2_SCE_IRQHandler  stm32f1xx_it.o
    0x080007fc   0x080007fc   0x0000000c   Code   RO          251    i.CAN2_TX_IRQHandler  stm32f1xx_it.o
    0x08000808   0x08000808   0x00000126   Code   RO         1691    i.CAN_Receive_IT    stm32f1xx_hal_can.o
    0x0800092e   0x0800092e   0x000000f2   Code   RO          607    i.CAN_eforce        can_eforce_init.o
    0x08000a20   0x08000a20   0x000000d4   Code   RO          824    i.Can_WheelSpeed    wheel_speed.o
    0x08000af4   0x08000af4   0x000001e0   Code   RO          716    i.Cooling_process_intern  cooling_circuit.o
    0x08000cd4   0x08000cd4   0x0000000c   Code   RO          252    i.DMA1_Channel1_IRQHandler  stm32f1xx_it.o
    0x08000ce0   0x08000ce0   0x0000002a   Code   RO         3372    i.DMA_SetConfig     stm32f1xx_hal_dma.o
    0x08000d0a   0x08000d0a   0x00000002   Code   RO          253    i.DebugMon_Handler  stm32f1xx_it.o
    0x08000d0c   0x08000d0c   0x000000de   Code   RO          882    i.ECUA_decode_Status_s  can_ecub.o
    0x08000dea   0x08000dea   0x00000002   PAD
    0x08000dec   0x08000dec   0x0000003c   Code   RO          883    i.ECUA_get_Status   can_ecub.o
    0x08000e28   0x08000e28   0x00000024   Code   RO          884    i.ECUB_Cooling_need_to_send  can_ecub.o
    0x08000e4c   0x08000e4c   0x00000024   Code   RO          886    i.ECUB_Power_dist_need_to_send  can_ecub.o
    0x08000e70   0x08000e70   0x00000024   Code   RO          887    i.ECUB_Status_need_to_send  can_ecub.o
    0x08000e94   0x08000e94   0x00000024   Code   RO          888    i.ECUB_TEMPAux_need_to_send  can_ecub.o
    0x08000eb8   0x08000eb8   0x00000024   Code   RO          889    i.ECUB_TEMPSuspR_need_to_send  can_ecub.o
    0x08000edc   0x08000edc   0x00000024   Code   RO          890    i.ECUB_Wheelspeed_need_to_send  can_ecub.o
    0x08000f00   0x08000f00   0x000000cc   Code   RO          892    i.ECUB_send_Cooling_s  can_ecub.o
    0x08000fcc   0x08000fcc   0x00000044   Code   RO          896    i.ECUB_send_Power_dist_s  can_ecub.o
    0x08001010   0x08001010   0x000001d4   Code   RO          898    i.ECUB_send_Status_s  can_ecub.o
    0x080011e4   0x080011e4   0x00000038   Code   RO          900    i.ECUB_send_TEMPAux_s  can_ecub.o
    0x0800121c   0x0800121c   0x00000050   Code   RO          902    i.ECUB_send_TEMPSuspR_s  can_ecub.o
    0x0800126c   0x0800126c   0x00000060   Code   RO          904    i.ECUB_send_Wheelspeed_s  can_ecub.o
    0x080012cc   0x080012cc   0x0000003c   Code   RO          908    i.ECUF_decode_Dashboard_s  can_ecub.o
    0x08001308   0x08001308   0x000000d4   Code   RO          910    i.ECUF_decode_Status_s  can_ecub.o
    0x080013dc   0x080013dc   0x00000030   Code   RO          911    i.ECUF_get_Dashboard  can_ecub.o
    0x0800140c   0x0800140c   0x0000003c   Code   RO          912    i.ECUF_get_Status   can_ecub.o
    0x08001448   0x08001448   0x0000003c   Code   RO          915    i.ECUP_decode_Status_s  can_ecub.o
    0x08001484   0x08001484   0x0000003c   Code   RO          916    i.ECUP_get_Status   can_ecub.o
    0x080014c0   0x080014c0   0x000000fc   Code   RO         3198    i.HAL_ADC_ConfigChannel  stm32f1xx_hal_adc.o
    0x080015bc   0x080015bc   0x00000068   Code   RO          478    i.HAL_ADC_ConvCpltCallback  adc.o
    0x08001624   0x08001624   0x00000002   Code   RO         3200    i.HAL_ADC_ConvHalfCpltCallback  stm32f1xx_hal_adc.o
    0x08001626   0x08001626   0x00000002   Code   RO         3202    i.HAL_ADC_ErrorCallback  stm32f1xx_hal_adc.o
    0x08001628   0x08001628   0x0000011c   Code   RO         3207    i.HAL_ADC_Init      stm32f1xx_hal_adc.o
    0x08001744   0x08001744   0x000000bc   Code   RO          374    i.HAL_ADC_MspInit   stm32f1xx_hal_msp.o
    0x08001800   0x08001800   0x0000010c   Code   RO         3214    i.HAL_ADC_Start_DMA  stm32f1xx_hal_adc.o
    0x0800190c   0x0800190c   0x000000f2   Code   RO         1692    i.HAL_CAN_ConfigFilter  stm32f1xx_hal_can.o
    0x080019fe   0x080019fe   0x00000002   Code   RO         1694    i.HAL_CAN_ErrorCallback  stm32f1xx_hal_can.o
    0x08001a00   0x08001a00   0x00000234   Code   RO         1697    i.HAL_CAN_IRQHandler  stm32f1xx_hal_can.o
    0x08001c34   0x08001c34   0x0000012c   Code   RO         1698    i.HAL_CAN_Init      stm32f1xx_hal_can.o
    0x08001d60   0x08001d60   0x0000015c   Code   RO          376    i.HAL_CAN_MspInit   stm32f1xx_hal_msp.o
    0x08001ebc   0x08001ebc   0x000001d6   Code   RO         1701    i.HAL_CAN_Receive   stm32f1xx_hal_can.o
    0x08002092   0x08002092   0x00000002   PAD
    0x08002094   0x08002094   0x000000b4   Code   RO         1702    i.HAL_CAN_Receive_IT  stm32f1xx_hal_can.o
    0x08002148   0x08002148   0x0000005c   Code   RO           13    i.HAL_CAN_RxCpltCallback  main.o
    0x080021a4   0x080021a4   0x000001cc   Code   RO         1705    i.HAL_CAN_Transmit  stm32f1xx_hal_can.o
    0x08002370   0x08002370   0x00000124   Code   RO         1706    i.HAL_CAN_Transmit_IT  stm32f1xx_hal_can.o
    0x08002494   0x08002494   0x00000002   Code   RO         1707    i.HAL_CAN_TxCpltCallback  stm32f1xx_hal_can.o
    0x08002496   0x08002496   0x00000002   PAD
    0x08002498   0x08002498   0x00000248   Code   RO         3378    i.HAL_DMA_IRQHandler  stm32f1xx_hal_dma.o
    0x080026e0   0x080026e0   0x00000084   Code   RO         3379    i.HAL_DMA_Init      stm32f1xx_hal_dma.o
    0x08002764   0x08002764   0x00000070   Code   RO         3383    i.HAL_DMA_Start_IT  stm32f1xx_hal_dma.o
    0x080027d4   0x080027d4   0x000001bc   Code   RO         1819    i.HAL_GPIO_Init     stm32f1xx_hal_gpio.o
    0x08002990   0x08002990   0x0000000a   Code   RO         1821    i.HAL_GPIO_ReadPin  stm32f1xx_hal_gpio.o
    0x0800299a   0x0800299a   0x00000008   Code   RO         1822    i.HAL_GPIO_TogglePin  stm32f1xx_hal_gpio.o
    0x080029a2   0x080029a2   0x0000000a   Code   RO         1823    i.HAL_GPIO_WritePin  stm32f1xx_hal_gpio.o
    0x080029ac   0x080029ac   0x0000000c   Code   RO         2533    i.HAL_GetTick       stm32f1xx_hal.o
    0x080029b8   0x080029b8   0x0000006c   Code   RO         4136    i.HAL_HalfDuplex_Init  stm32f1xx_hal_uart.o
    0x08002a24   0x08002a24   0x00000010   Code   RO         2537    i.HAL_IncTick       stm32f1xx_hal.o
    0x08002a34   0x08002a34   0x00000024   Code   RO         2538    i.HAL_Init          stm32f1xx_hal.o
    0x08002a58   0x08002a58   0x00000040   Code   RO         2539    i.HAL_InitTick      stm32f1xx_hal.o
    0x08002a98   0x08002a98   0x00000080   Code   RO          377    i.HAL_MspInit       stm32f1xx_hal_msp.o
    0x08002b18   0x08002b18   0x00000016   Code   RO         4462    i.HAL_NVIC_EnableIRQ  stm32f1xx_hal_cortex.o
    0x08002b2e   0x08002b2e   0x00000002   PAD
    0x08002b30   0x08002b30   0x00000040   Code   RO         4468    i.HAL_NVIC_SetPriority  stm32f1xx_hal_cortex.o
    0x08002b70   0x08002b70   0x00000024   Code   RO         4469    i.HAL_NVIC_SetPriorityGrouping  stm32f1xx_hal_cortex.o
    0x08002b94   0x08002b94   0x00000188   Code   RO         1888    i.HAL_RCCEx_PeriphCLKConfig  stm32f1xx_hal_rcc_ex.o
    0x08002d1c   0x08002d1c   0x00000154   Code   RO         2421    i.HAL_RCC_ClockConfig  stm32f1xx_hal_rcc.o
    0x08002e70   0x08002e70   0x0000000c   Code   RO         2426    i.HAL_RCC_GetHCLKFreq  stm32f1xx_hal_rcc.o
    0x08002e7c   0x08002e7c   0x00000020   Code   RO         2428    i.HAL_RCC_GetPCLK1Freq  stm32f1xx_hal_rcc.o
    0x08002e9c   0x08002e9c   0x00000020   Code   RO         2429    i.HAL_RCC_GetPCLK2Freq  stm32f1xx_hal_rcc.o
    0x08002ebc   0x08002ebc   0x000000c4   Code   RO         2430    i.HAL_RCC_GetSysClockFreq  stm32f1xx_hal_rcc.o
    0x08002f80   0x08002f80   0x000003c8   Code   RO         2433    i.HAL_RCC_OscConfig  stm32f1xx_hal_rcc.o
    0x08003348   0x08003348   0x00000082   Code   RO         2038    i.HAL_SPI_Init      stm32f1xx_hal_spi_ex.o
    0x080033ca   0x080033ca   0x00000002   PAD
    0x080033cc   0x080033cc   0x00000090   Code   RO          379    i.HAL_SPI_MspInit   stm32f1xx_hal_msp.o
    0x0800345c   0x0800345c   0x00000018   Code   RO         4471    i.HAL_SYSTICK_CLKSourceConfig  stm32f1xx_hal_cortex.o
    0x08003474   0x08003474   0x00000002   Code   RO         4472    i.HAL_SYSTICK_Callback  stm32f1xx_hal_cortex.o
    0x08003476   0x08003476   0x00000028   Code   RO         4473    i.HAL_SYSTICK_Config  stm32f1xx_hal_cortex.o
    0x0800349e   0x0800349e   0x00000008   Code   RO         4474    i.HAL_SYSTICK_IRQHandler  stm32f1xx_hal_cortex.o
    0x080034a6   0x080034a6   0x0000005a   Code   RO         2064    i.HAL_TIMEx_ConfigBreakDeadTime  stm32f1xx_hal_tim_ex.o
    0x08003500   0x08003500   0x00000050   Code   RO         2079    i.HAL_TIMEx_MasterConfigSynchronization  stm32f1xx_hal_tim_ex.o
    0x08003550   0x08003550   0x00000036   Code   RO         3505    i.HAL_TIM_Base_Init  stm32f1xx_hal_tim.o
    0x08003586   0x08003586   0x00000002   PAD
    0x08003588   0x08003588   0x0000003c   Code   RO          381    i.HAL_TIM_Base_MspInit  stm32f1xx_hal_msp.o
    0x080035c4   0x080035c4   0x000000f2   Code   RO         3514    i.HAL_TIM_ConfigClockSource  stm32f1xx_hal_tim.o
    0x080036b6   0x080036b6   0x00000096   Code   RO         3523    i.HAL_TIM_Encoder_Init  stm32f1xx_hal_tim.o
    0x0800374c   0x0800374c   0x00000088   Code   RO          383    i.HAL_TIM_Encoder_MspInit  stm32f1xx_hal_msp.o
    0x080037d4   0x080037d4   0x0000005c   Code   RO         3528    i.HAL_TIM_Encoder_Start_IT  stm32f1xx_hal_tim.o
    0x08003830   0x08003830   0x0000005c   Code   RO          384    i.HAL_TIM_MspPostInit  stm32f1xx_hal_msp.o
    0x0800388c   0x0800388c   0x00000056   Code   RO         3548    i.HAL_TIM_OC_ConfigChannel  stm32f1xx_hal_tim.o
    0x080038e2   0x080038e2   0x000000d0   Code   RO         3571    i.HAL_TIM_PWM_ConfigChannel  stm32f1xx_hal_tim.o
    0x080039b2   0x080039b2   0x00000036   Code   RO         3574    i.HAL_TIM_PWM_Init  stm32f1xx_hal_tim.o
    0x080039e8   0x080039e8   0x00000002   Code   RO         3576    i.HAL_TIM_PWM_MspInit  stm32f1xx_hal_tim.o
    0x080039ea   0x080039ea   0x00000002   PAD
    0x080039ec   0x080039ec   0x00000030   Code   RO         3578    i.HAL_TIM_PWM_Start  stm32f1xx_hal_tim.o
    0x08003a1c   0x08003a1c   0x00000062   Code   RO         4159    i.HAL_UART_Init     stm32f1xx_hal_uart.o
    0x08003a7e   0x08003a7e   0x00000002   PAD
    0x08003a80   0x08003a80   0x00000080   Code   RO          386    i.HAL_UART_MspInit  stm32f1xx_hal_msp.o
    0x08003b00   0x08003b00   0x00000002   Code   RO          254    i.HardFault_Handler  stm32f1xx_it.o
    0x08003b02   0x08003b02   0x000000a6   Code   RO          921    i.MCF_decode_GeneralReport_s  can_ecub.o
    0x08003ba8   0x08003ba8   0x00000028   Code   RO          923    i.MCF_decode_ThermalMeasuresA_s  can_ecub.o
    0x08003bd0   0x08003bd0   0x00000028   Code   RO          925    i.MCF_decode_ThermalMeasuresB_s  can_ecub.o
    0x08003bf8   0x08003bf8   0x00000028   Code   RO          926    i.MCF_get_GeneralReport  can_ecub.o
    0x08003c20   0x08003c20   0x00000030   Code   RO          927    i.MCF_get_ThermalMeasuresA  can_ecub.o
    0x08003c50   0x08003c50   0x00000030   Code   RO          928    i.MCF_get_ThermalMeasuresB  can_ecub.o
    0x08003c80   0x08003c80   0x000000a6   Code   RO          933    i.MCR_decode_GeneralReport_s  can_ecub.o
    0x08003d26   0x08003d26   0x00000028   Code   RO          935    i.MCR_decode_ThermalMeasuresA_s  can_ecub.o
    0x08003d4e   0x08003d4e   0x00000028   Code   RO          937    i.MCR_decode_ThermalMeasuresB_s  can_ecub.o
    0x08003d76   0x08003d76   0x00000002   PAD
    0x08003d78   0x08003d78   0x00000028   Code   RO          938    i.MCR_get_GeneralReport  can_ecub.o
    0x08003da0   0x08003da0   0x00000030   Code   RO          939    i.MCR_get_ThermalMeasuresA  can_ecub.o
    0x08003dd0   0x08003dd0   0x00000030   Code   RO          940    i.MCR_get_ThermalMeasuresB  can_ecub.o
    0x08003e00   0x08003e00   0x000000d0   Code   RO           14    i.MX_ADC1_Init      main.o
    0x08003ed0   0x08003ed0   0x0000003c   Code   RO           15    i.MX_CAN1_Init      main.o
    0x08003f0c   0x08003f0c   0x0000003c   Code   RO           16    i.MX_CAN2_Init      main.o
    0x08003f48   0x08003f48   0x00000148   Code   RO           17    i.MX_GPIO_Init      main.o
    0x08004090   0x08004090   0x00000040   Code   RO           18    i.MX_SPI1_Init      main.o
    0x080040d0   0x080040d0   0x00000040   Code   RO           19    i.MX_SPI2_Init      main.o
    0x08004110   0x08004110   0x000000c0   Code   RO           20    i.MX_TIM1_Init      main.o
    0x080041d0   0x080041d0   0x00000088   Code   RO           21    i.MX_TIM2_Init      main.o
    0x08004258   0x08004258   0x0000005c   Code   RO           22    i.MX_TIM3_Init      main.o
    0x080042b4   0x080042b4   0x0000005c   Code   RO           23    i.MX_TIM5_Init      main.o
    0x08004310   0x08004310   0x00000002   Code   RO          255    i.MemManage_Handler  stm32f1xx_it.o
    0x08004312   0x08004312   0x00000002   Code   RO          256    i.NMI_Handler       stm32f1xx_it.o
    0x08004314   0x08004314   0x00000020   Code   RO         4475    i.NVIC_SetPriority  stm32f1xx_hal_cortex.o
    0x08004334   0x08004334   0x00000002   Code   RO          257    i.PendSV_Handler    stm32f1xx_it.o
    0x08004336   0x08004336   0x00000002   Code   RO          258    i.SVC_Handler       stm32f1xx_it.o
    0x08004338   0x08004338   0x0000000e   Code   RO          259    i.SysTick_Handler   stm32f1xx_it.o
    0x08004346   0x08004346   0x00000002   PAD
    0x08004348   0x08004348   0x00000084   Code   RO           24    i.SystemClock_Config  main.o
    0x080043cc   0x080043cc   0x00000054   Code   RO         4578    i.SystemInit        system_stm32f1xx.o
    0x08004420   0x08004420   0x0000007c   Code   RO         3589    i.TIM_Base_SetConfig  stm32f1xx_hal_tim.o
    0x0800449c   0x0800449c   0x00000016   Code   RO         3590    i.TIM_CCxChannelCmd  stm32f1xx_hal_tim.o
    0x080044b2   0x080044b2   0x00000014   Code   RO         3596    i.TIM_ETR_SetConfig  stm32f1xx_hal_tim.o
    0x080044c6   0x080044c6   0x00000010   Code   RO         3597    i.TIM_ITRx_SetConfig  stm32f1xx_hal_tim.o
    0x080044d6   0x080044d6   0x00000002   PAD
    0x080044d8   0x080044d8   0x00000050   Code   RO         3598    i.TIM_OC1_SetConfig  stm32f1xx_hal_tim.o
    0x08004528   0x08004528   0x00000058   Code   RO         3599    i.TIM_OC2_SetConfig  stm32f1xx_hal_tim.o
    0x08004580   0x08004580   0x00000058   Code   RO         3600    i.TIM_OC3_SetConfig  stm32f1xx_hal_tim.o
    0x080045d8   0x080045d8   0x00000044   Code   RO         3601    i.TIM_OC4_SetConfig  stm32f1xx_hal_tim.o
    0x0800461c   0x0800461c   0x00000022   Code   RO         3603    i.TIM_TI1_ConfigInputStage  stm32f1xx_hal_tim.o
    0x0800463e   0x0800463e   0x00000024   Code   RO         3605    i.TIM_TI2_ConfigInputStage  stm32f1xx_hal_tim.o
    0x08004662   0x08004662   0x00000002   PAD
    0x08004664   0x08004664   0x00000170   Code   RO         4185    i.UART_SetConfig    stm32f1xx_hal_uart.o
    0x080047d4   0x080047d4   0x00000002   Code   RO          260    i.UsageFault_Handler  stm32f1xx_it.o
    0x080047d6   0x080047d6   0x0000006a   Code   RO          943    i.VDCU_decode_Status_s  can_ecub.o
    0x08004840   0x08004840   0x0000003c   Code   RO          944    i.VDCU_get_Status   can_ecub.o
    0x0800487c   0x0800487c   0x00000002   Code   RO           25    i._Error_Handler    main.o
    0x0800487e   0x0800487e   0x0000000e   Code   RO         4662    i.__scatterload_copy  mc_w.l(handlers.o)
    0x0800488c   0x0800488c   0x00000002   Code   RO         4663    i.__scatterload_null  mc_w.l(handlers.o)
    0x0800488e   0x0800488e   0x0000000e   Code   RO         4664    i.__scatterload_zeroinit  mc_w.l(handlers.o)
    0x0800489c   0x0800489c   0x000000d0   Code   RO          774    i.aux_set           periphery_set.o
    0x0800496c   0x0800496c   0x00000044   Code   RO          638    i.blink_led         carstate.o
    0x080049b0   0x080049b0   0x00000028   Code   RO          524    i.brake_set         brakelight.o
    0x080049d8   0x080049d8   0x00000030   Code   RO          525    i.brakelightprocess  brakelight.o
    0x08004a08   0x08004a08   0x0000000e   Code   RO         1289    i.canInitMsgStatus  tx2_can.o
    0x08004a16   0x08004a16   0x00000016   Code   RO         1290    i.canUpdateMsgStatusOnReceive  tx2_can.o
    0x08004a2c   0x08004a2c   0x00000210   Code   RO          945    i.candbHandleMessage  can_ecub.o
    0x08004c3c   0x08004c3c   0x00000094   Code   RO          946    i.candbInit         can_ecub.o
    0x08004cd0   0x08004cd0   0x00000014   Code   RO          639    i.carstate_init     carstate.o
    0x08004ce4   0x08004ce4   0x0000025c   Code   RO          640    i.carstate_process  carstate.o
    0x08004f40   0x08004f40   0x0000006c   Code   RO          641    i.change_to_NOT_READY  carstate.o
    0x08004fac   0x08004fac   0x00000078   Code   RO          642    i.check_mess        carstate.o
    0x08005024   0x08005024   0x000000f4   Code   RO          826    i.compute_average   wheel_speed.o
    0x08005118   0x08005118   0x00000048   Code   RO          479    i.cooling_poccess   adc.o
    0x08005160   0x08005160   0x0000003c   Code   RO          717    i.fan_pwm_process   cooling_circuit.o
    0x0800519c   0x0800519c   0x00000008   Code   RO          643    i.get_can_state     carstate.o
    0x080051a4   0x080051a4   0x00000210   Code   RO           26    i.main              main.o
    0x080053b4   0x080053b4   0x0000004c   Code   RO          776    i.play_RTDS         periphery_set.o
    0x08005400   0x08005400   0x0000003c   Code   RO          718    i.pump_pwm_process  cooling_circuit.o
    0x0800543c   0x0800543c   0x00000084   Code   RO          719    i.pwm_check         cooling_circuit.o
    0x080054c0   0x080054c0   0x00000022   Code   RO         1335    i.ringbufCanWrite   tx2_ringbuf.o
    0x080054e2   0x080054e2   0x0000002a   Code   RO         1336    i.ringbufTryRead    tx2_ringbuf.o
    0x0800550c   0x0800550c   0x00000020   Code   RO         1338    i.ringbufWriteUnchecked  tx2_ringbuf.o
    0x0800552c   0x0800552c   0x00000048   Code   RO          777    i.set_SDB_led       periphery_set.o
    0x08005574   0x08005574   0x00000020   Code   RO          646    i.set_latch_countdown  carstate.o
    0x08005594   0x08005594   0x00000044   Code   RO          827    i.sortInsertion     wheel_speed.o
    0x080055d8   0x080055d8   0x0000000c   Code   RO          480    i.start_ADC         adc.o
    0x080055e4   0x080055e4   0x00000070   Code   RO          720    i.start_PWM         cooling_circuit.o
    0x08005654   0x08005654   0x00000058   Code   RO          828    i.start_WS_measure  wheel_speed.o
    0x080056ac   0x080056ac   0x00000004   Code   RO          554    i.txGetTimeMillis   can_callback.o
    0x080056b0   0x080056b0   0x00000004   Code   RO          555    i.txHandleCANMessage  can_callback.o
    0x080056b4   0x080056b4   0x00000024   Code   RO         1291    i.txInit            tx2_can.o
    0x080056d8   0x080056d8   0x00000068   Code   RO         1292    i.txProcess         tx2_can.o
    0x08005740   0x08005740   0x0000005c   Code   RO         1293    i.txReceiveCANMessage  tx2_can.o
    0x0800579c   0x0800579c   0x00000048   Code   RO          556    i.txSendCANMessage  can_callback.o
    0x080057e4   0x080057e4   0x00000154   Code   RO          778    i.units_set         periphery_set.o
    0x08005938   0x08005938   0x00000010   Data   RO         4579    .constdata          system_stm32f1xx.o
    0x08005948   0x08005948   0x00000008   Data   RO         4580    .constdata          system_stm32f1xx.o
    0x08005950   0x08005950   0x00000020   Data   RO         4660    Region$$Table       anon$$obj.o


    Execution Region RW_IRAM1 (Exec base: 0x20000000, Load base: 0x08005970, Size: 0x00001c20, Max: 0x00010000, ABSOLUTE, COMPRESSED[0x0000000c])

    Exec Addr    Load Addr    Size         Type   Attr      Idx    E Section Name        Object

    0x20000000   COMPRESSED   0x0000000e   Data   RW           29    .data               main.o
    0x2000000e   COMPRESSED   0x00000002   PAD
    0x20000010   COMPRESSED   0x00000004   Data   RW          387    .data               stm32f1xx_hal_msp.o
    0x20000014   COMPRESSED   0x00000020   Data   RW          483    .data               adc.o
    0x20000034   COMPRESSED   0x00000025   Data   RW          648    .data               carstate.o
    0x20000059   COMPRESSED   0x00000007   PAD
    0x20000060   COMPRESSED   0x00000048   Data   RW          723    .data               cooling_circuit.o
    0x200000a8   COMPRESSED   0x00000010   Data   RW          779    .data               periphery_set.o
    0x200000b8   COMPRESSED   0x00000040   Data   RW          831    .data               wheel_speed.o
    0x200000f8   COMPRESSED   0x00000045   Data   RW          948    .data               can_ecub.o
    0x2000013d   COMPRESSED   0x00000003   PAD
    0x20000140   COMPRESSED   0x00000004   Data   RW         1295    .data               tx2_can.o
    0x20000144   COMPRESSED   0x0000000c   Data   RW         2545    .data               stm32f1xx_hal.o
    0x20000150   COMPRESSED   0x00000004   Data   RW         4581    .data               system_stm32f1xx.o
    0x20000154        -       0x00000330   Zero   RW           27    .bss                main.o
    0x20000484        -       0x00000044   Zero   RW           28    .bss                main.o
    0x200004c8        -       0x00000010   Zero   RW          482    .bss                adc.o
    0x200004d8        -       0x0000001c   Zero   RW          557    .bss                can_callback.o
    0x200004f4        -       0x00000067   Zero   RW          647    .bss                carstate.o
    0x2000055b   COMPRESSED   0x00000001   PAD
    0x2000055c        -       0x00000050   Zero   RW          722    .bss                cooling_circuit.o
    0x200005ac   COMPRESSED   0x00000004   PAD
    0x200005b0        -       0x00001040   Zero   RW          830    .bss                wheel_speed.o
    0x200015f0        -       0x0000011c   Zero   RW          947    .bss                can_ecub.o
    0x2000170c        -       0x00000110   Zero   RW         1294    .bss                tx2_can.o
    0x2000181c   COMPRESSED   0x00000004   PAD
    0x20001820        -       0x00000400   Zero   RW            1    STACK               startup_stm32f105xc.o


==============================================================================

Image component sizes


      Code (inc. data)   RO Data    RW Data    ZI Data      Debug   Object Name

       188         18          0         32         16       2385   adc.o
        88          6          0          0          0       1336   brakelight.o
        80         14          0          0         28       3334   can_callback.o
      3576        166          0         69        284      25850   can_ecub.o
       242          0          0          0          0       1157   can_eforce_init.o
       960         72          0         37        103       5036   carstate.o
       844         42          0         72         80       5107   cooling_circuit.o
      2050        174          0         14        884     661221   main.o
       696         44          0         16          0       3440   periphery_set.o
        36          8        336          0       1024        788   startup_stm32f105xc.o
       128         24          0         12          0       3157   stm32f1xx_hal.o
      1110         54          0          0          0       7843   stm32f1xx_hal_adc.o
      2806         30          0          0          0       9572   stm32f1xx_hal_can.o
       228         14          0          0          0      27277   stm32f1xx_hal_cortex.o
       870         44          0          0          0       3603   stm32f1xx_hal_dma.o
       472         36          0          0          0       4020   stm32f1xx_hal_gpio.o
      1224        188          0          4          0       6098   stm32f1xx_hal_msp.o
      1580        118          0          0          0       5836   stm32f1xx_hal_rcc.o
       392         18          0          0          0       1532   stm32f1xx_hal_rcc_ex.o
       130          0          0          0          0       1039   stm32f1xx_hal_spi_ex.o
      1512         44          0          0          0      13999   stm32f1xx_hal_tim.o
       170          0          0          0          0       2028   stm32f1xx_hal_tim_ex.o
       574          4          0          0          0       2550   stm32f1xx_hal_uart.o
       138         54          0          0          0       7475   stm32f1xx_it.o
        84         16         24          4          0       1119   system_stm32f1xx.o
       268         22          0          4        272       4584   tx2_can.o
       108          0          0          0          0       2875   tx2_ringbuf.o
       612         42          0         64       4160       3700   wheel_speed.o

    ----------------------------------------------------------------------
     21194       1252        392        340       6860     817961   Object Totals
         0          0         32          0          0          0   (incl. Generated)
        28          0          0         12          9          0   (incl. Padding)

    ----------------------------------------------------------------------

      Code (inc. data)   RO Data    RW Data    ZI Data      Debug   Library Member Name

        58          0          0          0          0          0   __dczerorl.o
         0          0          0          0          0          0   entry.o
         0          0          0          0          0          0   entry10a.o
         0          0          0          0          0          0   entry11a.o
         8          4          0          0          0          0   entry2.o
         4          0          0          0          0          0   entry5.o
         0          0          0          0          0          0   entry7b.o
         0          0          0          0          0          0   entry8b.o
         8          4          0          0          0          0   entry9a.o
        30          0          0          0          0          0   handlers.o
        36          8          0          0          0         68   init.o
         0          0          0          0          0          0   iusefp.o
        30          0          0          0          0         68   llshl.o
        36          0          0          0          0         68   llsshr.o
        32          0          0          0          0         68   llushr.o
        26          0          0          0          0         80   memcmp.o
        36          0          0          0          0         68   memcpya.o
        36          0          0          0          0        108   memseta.o
        98          0          0          0          0         92   uldiv.o
       334          0          0          0          0        148   dadd.o
       186          0          0          0          0        176   depilogue.o
        50          0          0          0          0         76   dfixui.o
        26          0          0          0          0         76   dfltui.o
       228          0          0          0          0         96   dmul.o
        46          0          0          0          0         80   dscalb.o

    ----------------------------------------------------------------------
      1310         16          0          0          0       1272   Library Totals
         2          0          0          0          0          0   (incl. Padding)

    ----------------------------------------------------------------------

      Code (inc. data)   RO Data    RW Data    ZI Data      Debug   Library Name

       438         16          0          0          0        620   mc_w.l
       870          0          0          0          0        652   mf_w.l

    ----------------------------------------------------------------------
      1310         16          0          0          0       1272   Library Totals

    ----------------------------------------------------------------------

==============================================================================


      Code (inc. data)   RO Data    RW Data    ZI Data      Debug   

     22504       1268        392        340       6860     809377   Grand Totals
     22504       1268        392         12       6860     809377   ELF Image Totals (compressed)
     22504       1268        392         12          0          0   ROM Totals

==============================================================================

    Total RO  Size (Code + RO Data)                22896 (  22.36kB)
    Total RW  Size (RW Data + ZI Data)              7200 (   7.03kB)
    Total ROM Size (Code + RO Data + RW Data)      22908 (  22.37kB)

==============================================================================

