Component: ARM Compiler 5.06 update 5 (build 528) Tool: armlink [4d35e2]

==============================================================================

Section Cross References

    startup_stm32f105xc.o(RESET) refers to startup_stm32f105xc.o(STACK) for __initial_sp
    startup_stm32f105xc.o(RESET) refers to startup_stm32f105xc.o(.text) for Reset_Handler
    startup_stm32f105xc.o(RESET) refers to stm32f1xx_it.o(i.NMI_Handler) for NMI_Handler
    startup_stm32f105xc.o(RESET) refers to stm32f1xx_it.o(i.HardFault_Handler) for HardFault_Handler
    startup_stm32f105xc.o(RESET) refers to stm32f1xx_it.o(i.MemManage_Handler) for MemManage_Handler
    startup_stm32f105xc.o(RESET) refers to stm32f1xx_it.o(i.BusFault_Handler) for BusFault_Handler
    startup_stm32f105xc.o(RESET) refers to stm32f1xx_it.o(i.UsageFault_Handler) for UsageFault_Handler
    startup_stm32f105xc.o(RESET) refers to stm32f1xx_it.o(i.SVC_Handler) for SVC_Handler
    startup_stm32f105xc.o(RESET) refers to stm32f1xx_it.o(i.DebugMon_Handler) for DebugMon_Handler
    startup_stm32f105xc.o(RESET) refers to stm32f1xx_it.o(i.PendSV_Handler) for PendSV_Handler
    startup_stm32f105xc.o(RESET) refers to stm32f1xx_it.o(i.SysTick_Handler) for SysTick_Handler
    startup_stm32f105xc.o(RESET) refers to stm32f1xx_it.o(i.DMA1_Channel1_IRQHandler) for DMA1_Channel1_IRQHandler
    startup_stm32f105xc.o(RESET) refers to stm32f1xx_it.o(i.CAN1_TX_IRQHandler) for CAN1_TX_IRQHandler
    startup_stm32f105xc.o(RESET) refers to stm32f1xx_it.o(i.CAN1_RX0_IRQHandler) for CAN1_RX0_IRQHandler
    startup_stm32f105xc.o(RESET) refers to stm32f1xx_it.o(i.CAN1_RX1_IRQHandler) for CAN1_RX1_IRQHandler
    startup_stm32f105xc.o(RESET) refers to stm32f1xx_it.o(i.CAN1_SCE_IRQHandler) for CAN1_SCE_IRQHandler
    startup_stm32f105xc.o(RESET) refers to stm32f1xx_it.o(i.TIM1_BRK_IRQHandler) for TIM1_BRK_IRQHandler
    startup_stm32f105xc.o(RESET) refers to stm32f1xx_it.o(i.TIM1_UP_IRQHandler) for TIM1_UP_IRQHandler
    startup_stm32f105xc.o(RESET) refers to stm32f1xx_it.o(i.TIM1_TRG_COM_IRQHandler) for TIM1_TRG_COM_IRQHandler
    startup_stm32f105xc.o(RESET) refers to stm32f1xx_it.o(i.TIM1_CC_IRQHandler) for TIM1_CC_IRQHandler
    startup_stm32f105xc.o(RESET) refers to stm32f1xx_it.o(i.TIM3_IRQHandler) for TIM3_IRQHandler
    startup_stm32f105xc.o(RESET) refers to stm32f1xx_it.o(i.TIM5_IRQHandler) for TIM5_IRQHandler
    startup_stm32f105xc.o(RESET) refers to stm32f1xx_it.o(i.CAN2_TX_IRQHandler) for CAN2_TX_IRQHandler
    startup_stm32f105xc.o(RESET) refers to stm32f1xx_it.o(i.CAN2_RX0_IRQHandler) for CAN2_RX0_IRQHandler
    startup_stm32f105xc.o(RESET) refers to stm32f1xx_it.o(i.CAN2_RX1_IRQHandler) for CAN2_RX1_IRQHandler
    startup_stm32f105xc.o(RESET) refers to stm32f1xx_it.o(i.CAN2_SCE_IRQHandler) for CAN2_SCE_IRQHandler
    startup_stm32f105xc.o(.text) refers to system_stm32f1xx.o(i.SystemInit) for SystemInit
    startup_stm32f105xc.o(.text) refers to entry.o(.ARM.Collect$$$$00000000) for __main
    adc.o(i.HAL_ADC_ConvCpltCallback) refers to adc.o(.bss) for .bss
    adc.o(i.HAL_ADC_ConvCpltCallback) refers to adc.o(.data) for .data
    adc.o(i.LV_voltage_recive) refers to adc.o(.data) for .data
    adc.o(i.cooling_poccess) refers to carstate.o(i.get_state) for get_state
    adc.o(i.cooling_poccess) refers to cooling_circuit.o(i.Cooling_process_intern) for Cooling_process_intern
    adc.o(i.cooling_poccess) refers to can_ecub.o(i.ECUB_TEMPAux_need_to_send) for ECUB_TEMPAux_need_to_send
    adc.o(i.cooling_poccess) refers to can_ecub.o(i.ECUB_send_TEMPAux_s) for ECUB_send_TEMPAux_s
    adc.o(i.cooling_poccess) refers to stm32f1xx_hal_can.o(i.HAL_CAN_Receive_IT) for HAL_CAN_Receive_IT
    adc.o(i.cooling_poccess) refers to adc.o(.data) for .data
    adc.o(i.start_ADC) refers to stm32f1xx_hal_adc.o(i.HAL_ADC_Start_DMA) for HAL_ADC_Start_DMA
    adc.o(i.start_ADC) refers to adc.o(.bss) for .bss
    adc.o(i.stop_newADC) refers to stm32f1xx_hal_adc.o(i.HAL_ADC_Stop_DMA) for HAL_ADC_Stop_DMA
    brakelight.o(i.brake_set) refers to stm32f1xx_hal_gpio.o(i.HAL_GPIO_ReadPin) for HAL_GPIO_ReadPin
    brakelight.o(i.brake_set) refers to stm32f1xx_hal_gpio.o(i.HAL_GPIO_WritePin) for HAL_GPIO_WritePin
    brakelight.o(i.brakelightprocess) refers to can_ecub.o(i.ECUP_get_Status) for ECUP_get_Status
    brakelight.o(i.brakelightprocess) refers to carstate.o(i.change_to_NOT_READY) for change_to_NOT_READY
    brakelight.o(i.brakelightprocess) refers to brakelight.o(i.brake_set) for brake_set
    can_callback.o(i.SendCANMessage) refers to memseta.o(.text) for __aeabi_memclr4
    can_callback.o(i.SendCANMessage) refers to memcpya.o(.text) for __aeabi_memcpy
    can_callback.o(i.SendCANMessage) refers to stm32f1xx_hal_can.o(i.HAL_CAN_Transmit) for HAL_CAN_Transmit
    can_callback.o(i.SendCANMessage) refers to can_callback.o(.bss) for .bss
    can_callback.o(i.txGetTimeMillis) refers to stm32f1xx_hal.o(i.HAL_GetTick) for HAL_GetTick
[...]
    .data                                    0x20000020   Section       49  carstate.o(.data)
    state                                    0x20000020   Data           1  carstate.o(.data)
    state_notready                           0x20000021   Data           1  carstate.o(.data)
    SDC_error                                0x20000022   Data           1  carstate.o(.data)
    SDC_measure                              0x20000026   Data           2  carstate.o(.data)
    cs_not_ready_lock                        0x20000028   Data           4  carstate.o(.data)
    cs_latch_write_delay                     0x2000002c   Data           4  carstate.o(.data)
    RTDS_countdowm                           0x20000030   Data           4  carstate.o(.data)
    LED_blink_time                           0x20000034   Data           4  carstate.o(.data)
    number_of_bliks                          0x20000038   Data           4  carstate.o(.data)
    time_SDC_blink_L                         0x2000003c   Data           4  carstate.o(.data)
    time_SDC_blink_R                         0x20000040   Data           4  carstate.o(.data)
    ECUP_data                                0x20000044   Data           6  carstate.o(.data)
    ECUF_Dash_data                           0x2000004a   Data           7  carstate.o(.data)
    .data                                    0x20000058   Section       72  cooling_circuit.o(.data)
    pwm_check_bool                           0x20000058   Data           4  cooling_circuit.o(.data)
    .data                                    0x200000a0   Section       12  periphery_set.o(.data)
    pinstate                                 0x200000a0   Data           1  periphery_set.o(.data)
    last_bat_check                           0x200000a4   Data           4  periphery_set.o(.data)
    wait_for_next                            0x200000a8   Data           4  periphery_set.o(.data)
    .data                                    0x200000b0   Section       32  wheel_speed.o(.data)
    .data                                    0x200000d0   Section       69  can_ecub.o(.data)
    .data                                    0x20000118   Section        8  tx2_can.o(.data)
    checktime                                0x20000118   Data           4  tx2_can.o(.data)
    flags                                    0x2000011c   Data           4  tx2_can.o(.data)
    .data                                    0x20000120   Section       10  ltc6804.o(.data)
    .data                                    0x2000012c   Section       16  lvbattery.o(.data)
    state                                    0x2000012c   Data           1  lvbattery.o(.data)
    recive_data                              0x2000012d   Data           1  lvbattery.o(.data)
    errorcount                               0x20000130   Data           4  lvbattery.o(.data)
    array_possicion                          0x20000134   Data           4  lvbattery.o(.data)
    start_time                               0x20000138   Data           4  lvbattery.o(.data)
    .data                                    0x2000013c   Section       28  brake_sensors.o(.data)
    .data                                    0x20000158   Section        6  main.o(.data)
    .data                                    0x20000160   Section        4  stm32f1xx_hal_msp.o(.data)
    HAL_RCC_CAN1_CLK_ENABLED                 0x20000160   Data           4  stm32f1xx_hal_msp.o(.data)
    .data                                    0x20000164   Section       12  stm32f1xx_hal.o(.data)
    .data                                    0x20000170   Section        4  system_stm32f1xx.o(.data)
    .data                                    0x20000174   Section        4  errno.o(.data)
    _errno                                   0x20000174   Data           4  errno.o(.data)
    .bss                                     0x20000178   Section       18  adc.o(.bss)
    .bss                                     0x2000018c   Section       28  can_callback.o(.bss)
    .bss                                     0x200001a8   Section      103  carstate.o(.bss)
    ECUB_Status                              0x200001a8   Data          49  carstate.o(.bss)
    ECUF_Status_data                         0x200001d9   Data          26  carstate.o(.bss)
    ECUA_data                                0x200001f3   Data          28  carstate.o(.bss)
    .bss                                     0x2000020f   Section       21  cooling_circuit.o(.bss)
    .bss                                     0x20000224   Section      284  can_ecub.o(.bss)
    .bss                                     0x20000340   Section      528  tx2_can.o(.bss)
    recv_buf                                 0x20000340   Data         512  tx2_can.o(.bss)
    recv_rb                                  0x20000540   Data          16  tx2_can.o(.bss)
    .bss                                     0x20000550   Section      524  ltc6804.o(.bss)
    .bss                                     0x2000075c   Section       69  lvbattery.o(.bss)
    ECUB_GLV                                 0x2000075c   Data          12  lvbattery.o(.bss)
    LV_Config_struct                         0x20000768   Data          12  lvbattery.o(.bss)
    VoltageList                              0x20000774   Data          24  lvbattery.o(.bss)
    AuxiliaryGroup                           0x2000078c   Data          12  lvbattery.o(.bss)
    LV_Config_com                            0x20000798   Data           9  lvbattery.o(.bss)
    .bss                                     0x200007a4   Section      816  main.o(.bss)
    .bss                                     0x20000ad4   Section       68  main.o(.bss)
    STACK                                    0x20000b18   Section     1024  startup_stm32f105xc.o(STACK)

    Global Symbols

    Symbol Name                              Value     Ov Type        Size  Object(Section)

    BuildAttributes$$THM_ISAv4$P$D$K$B$S$PE$A:L22UL41UL21$X:L11$S22US41US21$IEEE1$IW$USESV6$~STKCKD$USESV7$~SHL$OTIME$ROPI$IEEEX$EBA8$MICROLIB$REQ8$PRES8$EABIv2 0x00000000   Number         0  anon$$obj.o ABSOLUTE
    __ARM_use_no_argv                        0x00000000   Number         0  main.o ABSOLUTE
    __cpp_initialize__aeabi_                  - Undefined Weak Reference
    __cxa_finalize                            - Undefined Weak Reference
    _clock_init                               - Undefined Weak Reference
    _microlib_exit                            - Undefined Weak Reference
    __Vectors_Size                           0x00000150   Number         0  startup_stm32f105xc.o ABSOLUTE
    __Vectors                                0x08000000   Data           4  startup_stm32f105xc.o(RESET)
    __Vectors_End                            0x08000150   Data           0  startup_stm32f105xc.o(RESET)
    __main                                   0x08000151   Thumb Code     0  entry.o(.ARM.Collect$$$$00000000)
    _main_stk                                0x08000151   Thumb Code     0  entry2.o(.ARM.Collect$$$$00000001)
    _main_scatterload                        0x08000155   Thumb Code     0  entry5.o(.ARM.Collect$$$$00000004)
    __main_after_scatterload                 0x08000159   Thumb Code     0  entry5.o(.ARM.Collect$$$$00000004)
    _main_clock                              0x08000159   Thumb Code     0  entry7b.o(.ARM.Collect$$$$00000008)
    _main_cpp_init                           0x08000159   Thumb Code     0  entry8b.o(.ARM.Collect$$$$0000000A)
    _main_init                               0x08000159   Thumb Code     0  entry9a.o(.ARM.Collect$$$$0000000B)
    __rt_final_cpp                           0x08000161   Thumb Code     0  entry10a.o(.ARM.Collect$$$$0000000D)
    __rt_final_exit                          0x08000161   Thumb Code     0  entry11a.o(.ARM.Collect$$$$0000000F)
    ltc_tickdelay                            0x08000165   Thumb Code     6  ltc6804.o(.emb_text)
    Reset_Handler                            0x0800016d   Thumb Code     8  startup_stm32f105xc.o(.text)
    ADC1_2_IRQHandler                        0x08000187   Thumb Code     0  startup_stm32f105xc.o(.text)
    DMA1_Channel2_IRQHandler                 0x08000187   Thumb Code     0  startup_stm32f105xc.o(.text)
    DMA1_Channel3_IRQHandler                 0x08000187   Thumb Code     0  startup_stm32f105xc.o(.text)
    DMA1_Channel4_IRQHandler                 0x08000187   Thumb Code     0  startup_stm32f105xc.o(.text)
    DMA1_Channel5_IRQHandler                 0x08000187   Thumb Code     0  startup_stm32f105xc.o(.text)
    DMA1_Channel6_IRQHandler                 0x08000187   Thumb Code     0  startup_stm32f105xc.o(.text)
    DMA1_Channel7_IRQHandler                 0x08000187   Thumb Code     0  startup_stm32f105xc.o(.text)
    DMA2_Channel1_IRQHandler                 0x08000187   Thumb Code     0  startup_stm32f105xc.o(.text)
    DMA2_Channel2_IRQHandler                 0x08000187   Thumb Code     0  startup_stm32f105xc.o(.text)
    DMA2_Channel3_IRQHandler                 0x08000187   Thumb Code     0  startup_stm32f105xc.o(.text)
    DMA2_Channel4_IRQHandler                 0x08000187   Thumb Code     0  startup_stm32f105xc.o(.text)
    DMA2_Channel5_IRQHandler                 0x08000187   Thumb Code     0  startup_stm32f105xc.o(.text)
    EXTI0_IRQHandler                         0x08000187   Thumb Code     0  startup_stm32f105xc.o(.text)
    EXTI15_10_IRQHandler                     0x08000187   Thumb Code     0  startup_stm32f105xc.o(.text)
    EXTI1_IRQHandler                         0x08000187   Thumb Code     0  startup_stm32f105xc.o(.text)
    EXTI2_IRQHandler                         0x08000187   Thumb Code     0  startup_stm32f105xc.o(.text)
    EXTI3_IRQHandler                         0x08000187   Thumb Code     0  startup_stm32f105xc.o(.text)
    EXTI4_IRQHandler                         0x08000187   Thumb Code     0  startup_stm32f105xc.o(.text)
    EXTI9_5_IRQHandler                       0x08000187   Thumb Code     0  startup_stm32f105xc.o(.text)
    FLASH_IRQHandler                         0x08000187   Thumb Code     0  startup_stm32f105xc.o(.text)
    I2C1_ER_IRQHandler                       0x08000187   Thumb Code     0  startup_stm32f105xc.o(.text)
    I2C1_EV_IRQHandler                       0x08000187   Thumb Code     0  startup_stm32f105xc.o(.text)
    I2C2_ER_IRQHandler                       0x08000187   Thumb Code     0  startup_stm32f105xc.o(.text)
    I2C2_EV_IRQHandler                       0x08000187   Thumb Code     0  startup_stm32f105xc.o(.text)
    OTG_FS_IRQHandler                        0x08000187   Thumb Code     0  startup_stm32f105xc.o(.text)
    OTG_FS_WKUP_IRQHandler                   0x08000187   Thumb Code     0  startup_stm32f105xc.o(.text)
    PVD_IRQHandler                           0x08000187   Thumb Code     0  startup_stm32f105xc.o(.text)
    RCC_IRQHandler                           0x08000187   Thumb Code     0  startup_stm32f105xc.o(.text)
    RTC_Alarm_IRQHandler                     0x08000187   Thumb Code     0  startup_stm32f105xc.o(.text)
    RTC_IRQHandler                           0x08000187   Thumb Code     0  startup_stm32f105xc.o(.text)
    SPI1_IRQHandler                          0x08000187   Thumb Code     0  startup_stm32f105xc.o(.text)
    SPI2_IRQHandler                          0x08000187   Thumb Code     0  startup_stm32f105xc.o(.text)
    SPI3_IRQHandler                          0x08000187   Thumb Code     0  startup_stm32f105xc.o(.text)
    TAMPER_IRQHandler                        0x08000187   Thumb Code     0  startup_stm32f105xc.o(.text)
    TIM2_IRQHandler                          0x08000187   Thumb Code     0  startup_stm32f105xc.o(.text)
    TIM4_IRQHandler                          0x08000187   Thumb Code     0  startup_stm32f105xc.o(.text)
    TIM6_IRQHandler                          0x08000187   Thumb Code     0  startup_stm32f105xc.o(.text)
    TIM7_IRQHandler                          0x08000187   Thumb Code     0  startup_stm32f105xc.o(.text)
    UART4_IRQHandler                         0x08000187   Thumb Code     0  startup_stm32f105xc.o(.text)
    UART5_IRQHandler                         0x08000187   Thumb Code     0  startup_stm32f105xc.o(.text)
    USART1_IRQHandler                        0x08000187   Thumb Code     0  startup_stm32f105xc.o(.text)
    USART2_IRQHandler                        0x08000187   Thumb Code     0  startup_stm32f105xc.o(.text)
    USART3_IRQHandler                        0x08000187   Thumb Code     0  startup_stm32f105xc.o(.text)
    WWDG_IRQHandler                          0x08000187   Thumb Code     0  startup_stm32f105xc.o(.text)
    __aeabi_uldivmod                         0x08000191   Thumb Code    98  uldiv.o(.text)
    __aeabi_llsr                             0x080001f3   Thumb Code    32  llushr.o(.text)
    _ll_ushift_r                             0x080001f3   Thumb Code     0  llushr.o(.text)
    __aeabi_memcpy                           0x08000213   Thumb Code    36  memcpya.o(.text)
    __aeabi_memcpy4                          0x08000213   Thumb Code     0  memcpya.o(.text)
    __aeabi_memcpy8                          0x08000213   Thumb Code     0  memcpya.o(.text)
    __aeabi_memset                           0x08000237   Thumb Code    14  memseta.o(.text)
    __aeabi_memset4                          0x08000237   Thumb Code     0  memseta.o(.text)
    __aeabi_memset8                          0x08000237   Thumb Code     0  memseta.o(.text)
    __aeabi_memclr                           0x08000245   Thumb Code     4  memseta.o(.text)
    __aeabi_memclr4                          0x08000245   Thumb Code     0  memseta.o(.text)
    __aeabi_memclr8                          0x08000245   Thumb Code     0  memseta.o(.text)
    _memset$wrapper                          0x08000249   Thumb Code    18  memseta.o(.text)
    memcmp                                   0x0800025b   Thumb Code    26  memcmp.o(.text)
    __aeabi_fadd                             0x08000275   Thumb Code   164  fadd.o(.text)
    __aeabi_fsub                             0x08000319   Thumb Code     6  fadd.o(.text)
    __aeabi_frsub                            0x0800031f   Thumb Code     6  fadd.o(.text)
    __aeabi_dadd                             0x08000325   Thumb Code   322  dadd.o(.text)
    __aeabi_dsub                             0x08000467   Thumb Code     6  dadd.o(.text)
    __aeabi_drsub                            0x0800046d   Thumb Code     6  dadd.o(.text)
    __aeabi_dmul                             0x08000473   Thumb Code   228  dmul.o(.text)
    __aeabi_ddiv                             0x08000557   Thumb Code   222  ddiv.o(.text)
    __aeabi_i2d                              0x08000635   Thumb Code    34  dflti.o(.text)
    __aeabi_f2iz                             0x08000657   Thumb Code    50  ffixi.o(.text)
    __aeabi_d2f                              0x08000689   Thumb Code    56  d2f.o(.text)
    __aeabi_llsl                             0x080006c1   Thumb Code    30  llshl.o(.text)
    _ll_shift_l                              0x080006c1   Thumb Code     0  llshl.o(.text)
    __aeabi_lasr                             0x080006df   Thumb Code    36  llsshr.o(.text)
    _ll_sshift_r                             0x080006df   Thumb Code     0  llsshr.o(.text)
    __I$use$fp                               0x08000703   Thumb Code     0  iusefp.o(.text)
    _float_round                             0x08000703   Thumb Code    18  fepilogue.o(.text)
    _float_epilogue                          0x08000715   Thumb Code    92  fepilogue.o(.text)
    _double_round                            0x08000771   Thumb Code    30  depilogue.o(.text)
    _double_epilogue                         0x0800078f   Thumb Code   156  depilogue.o(.text)
    __ARM_scalbn                             0x0800082b   Thumb Code    46  dscalb.o(.text)
    scalbn                                   0x0800082b   Thumb Code     0  dscalb.o(.text)
    __aeabi_cdcmpeq                          0x08000859   Thumb Code     0  cdcmple.o(.text)
    __aeabi_cdcmple                          0x08000859   Thumb Code    48  cdcmple.o(.text)
    __scatterload                            0x08000889   Thumb Code    28  init.o(.text)
    __scatterload_rt2                        0x08000889   Thumb Code     0  init.o(.text)
    __decompress                             0x080008ad   Thumb Code     0  __dczerorl.o(.text)
    __decompress0                            0x080008ad   Thumb Code    58  __dczerorl.o(.text)
    ADC_ConversionStop_Disable               0x080008e7   Thumb Code    74  stm32f1xx_hal_adc.o(i.ADC_ConversionStop_Disable)
    ADC_DMAConvCplt                          0x08000931   Thumb Code    78  stm32f1xx_hal_adc.o(i.ADC_DMAConvCplt)
    ADC_DMAError                             0x0800097f   Thumb Code    26  stm32f1xx_hal_adc.o(i.ADC_DMAError)
    ADC_DMAHalfConvCplt                      0x08000999   Thumb Code    10  stm32f1xx_hal_adc.o(i.ADC_DMAHalfConvCplt)
    ADC_Enable                               0x080009a5   Thumb Code   108  stm32f1xx_hal_adc.o(i.ADC_Enable)
    BusFault_Handler                         0x08000ad5   Thumb Code     2  stm32f1xx_it.o(i.BusFault_Handler)
    CAN1_RX0_IRQHandler                      0x08000ad9   Thumb Code     8  stm32f1xx_it.o(i.CAN1_RX0_IRQHandler)
    CAN1_RX1_IRQHandler                      0x08000ae5   Thumb Code     6  stm32f1xx_it.o(i.CAN1_RX1_IRQHandler)
    CAN1_SCE_IRQHandler                      0x08000af1   Thumb Code     6  stm32f1xx_it.o(i.CAN1_SCE_IRQHandler)
    CAN1_TX_IRQHandler                       0x08000afd   Thumb Code     6  stm32f1xx_it.o(i.CAN1_TX_IRQHandler)
    CAN2_RX0_IRQHandler                      0x08000b09   Thumb Code     8  stm32f1xx_it.o(i.CAN2_RX0_IRQHandler)
    CAN2_RX1_IRQHandler                      0x08000b15   Thumb Code     6  stm32f1xx_it.o(i.CAN2_RX1_IRQHandler)
    CAN2_SCE_IRQHandler                      0x08000b21   Thumb Code     6  stm32f1xx_it.o(i.CAN2_SCE_IRQHandler)
    CAN2_TX_IRQHandler                       0x08000b2d   Thumb Code     6  stm32f1xx_it.o(i.CAN2_TX_IRQHandler)
    CAN_eforce                               0x08000d49   Thumb Code   288  can_eforce_init.o(i.CAN_eforce)
    Can_WheelSpeed                           0x08000e69   Thumb Code     2  wheel_speed.o(i.Can_WheelSpeed)
    Cooling_process_intern                   0x08000e6d   Thumb Code   550  cooling_circuit.o(i.Cooling_process_intern)
    DMA1_Channel1_IRQHandler                 0x0800109d   Thumb Code     6  stm32f1xx_it.o(i.DMA1_Channel1_IRQHandler)
    DebugMon_Handler                         0x080010d5   Thumb Code     2  stm32f1xx_it.o(i.DebugMon_Handler)
    ECUA_decode_Status_s                     0x080010d7   Thumb Code   222  can_ecub.o(i.ECUA_decode_Status_s)
    ECUA_get_Status                          0x080011b5   Thumb Code    58  can_ecub.o(i.ECUA_get_Status)
    ECUB_Cooling_need_to_send                0x080011f5   Thumb Code    30  can_ecub.o(i.ECUB_Cooling_need_to_send)
    ECUB_GLV_AMS_need_to_send                0x08001219   Thumb Code    30  can_ecub.o(i.ECUB_GLV_AMS_need_to_send)
    ECUB_Power_dist_need_to_send             0x0800123d   Thumb Code    30  can_ecub.o(i.ECUB_Power_dist_need_to_send)
    ECUB_Status_need_to_send                 0x08001261   Thumb Code    30  can_ecub.o(i.ECUB_Status_need_to_send)
    ECUB_TEMPAux_need_to_send                0x08001285   Thumb Code    30  can_ecub.o(i.ECUB_TEMPAux_need_to_send)
    ECUB_TEMPSuspR_need_to_send              0x080012a9   Thumb Code    30  can_ecub.o(i.ECUB_TEMPSuspR_need_to_send)
    ECUB_send_Cooling_s                      0x080012cd   Thumb Code   266  can_ecub.o(i.ECUB_send_Cooling_s)
    ECUB_send_GLV_AMS_s                      0x080013dd   Thumb Code   124  can_ecub.o(i.ECUB_send_GLV_AMS_s)
    ECUB_send_Power_dist_s                   0x0800145d   Thumb Code    62  can_ecub.o(i.ECUB_send_Power_dist_s)
    ECUB_send_Status_s                       0x080014a1   Thumb Code   644  can_ecub.o(i.ECUB_send_Status_s)
    ECUB_send_TEMPAux_s                      0x08001729   Thumb Code    50  can_ecub.o(i.ECUB_send_TEMPAux_s)
    ECUB_send_TEMPSuspR_s                    0x08001761   Thumb Code    74  can_ecub.o(i.ECUB_send_TEMPSuspR_s)
    ECUF_decode_Dashboard_s                  0x080017b1   Thumb Code    60  can_ecub.o(i.ECUF_decode_Dashboard_s)
    ECUF_decode_Status_s                     0x080017ed   Thumb Code   212  can_ecub.o(i.ECUF_decode_Status_s)
    ECUF_get_Dashboard                       0x080018c1   Thumb Code    38  can_ecub.o(i.ECUF_get_Dashboard)
    ECUF_get_Status                          0x080018f1   Thumb Code    58  can_ecub.o(i.ECUF_get_Status)
    ECUP_decode_Status_s                     0x08001931   Thumb Code    60  can_ecub.o(i.ECUP_decode_Status_s)
    ECUP_get_Status                          0x0800196d   Thumb Code    56  can_ecub.o(i.ECUP_get_Status)
    GetTemperature                           0x080019ad   Thumb Code    92  lvbattery.o(i.GetTemperature)
    HAL_ADC_ConfigChannel                    0x08001a1d   Thumb Code   250  stm32f1xx_hal_adc.o(i.HAL_ADC_ConfigChannel)
    HAL_ADC_ConvCpltCallback                 0x08001b25   Thumb Code    96  adc.o(i.HAL_ADC_ConvCpltCallback)
    HAL_ADC_ConvHalfCpltCallback             0x08001b8d   Thumb Code     2  stm32f1xx_hal_adc.o(i.HAL_ADC_ConvHalfCpltCallback)
    HAL_ADC_ErrorCallback                    0x08001b8f   Thumb Code     2  stm32f1xx_hal_adc.o(i.HAL_ADC_ErrorCallback)
    HAL_ADC_Init                             0x08001b91   Thumb Code   272  stm32f1xx_hal_adc.o(i.HAL_ADC_Init)
    HAL_ADC_MspInit                          0x08001ca9   Thumb Code   130  stm32f1xx_hal_msp.o(i.HAL_ADC_MspInit)
    HAL_ADC_Start_DMA                        0x08001d65   Thumb Code   268  stm32f1xx_hal_adc.o(i.HAL_ADC_Start_DMA)
    HAL_CAN_ConfigFilter                     0x08001e85   Thumb Code   256  stm32f1xx_hal_can.o(i.HAL_CAN_ConfigFilter)
    HAL_CAN_ErrorCallback                    0x08001f85   Thumb Code     2  stm32f1xx_hal_can.o(i.HAL_CAN_ErrorCallback)
    HAL_CAN_IRQHandler                       0x08001f89   Thumb Code   490  stm32f1xx_hal_can.o(i.HAL_CAN_IRQHandler)
    HAL_CAN_Init                             0x08002185   Thumb Code   328  stm32f1xx_hal_can.o(i.HAL_CAN_Init)
    HAL_CAN_MspInit                          0x080022cd   Thumb Code   294  stm32f1xx_hal_msp.o(i.HAL_CAN_MspInit)
    HAL_CAN_Receive                          0x08002411   Thumb Code   554  stm32f1xx_hal_can.o(i.HAL_CAN_Receive)
    HAL_CAN_Receive_IT                       0x0800263b   Thumb Code   242  stm32f1xx_hal_can.o(i.HAL_CAN_Receive_IT)
    HAL_CAN_RxCpltCallback                   0x0800272d   Thumb Code     2  stm32f1xx_hal_can.o(i.HAL_CAN_RxCpltCallback)
    HAL_CAN_Transmit                         0x08002731   Thumb Code   502  stm32f1xx_hal_can.o(i.HAL_CAN_Transmit)
    HAL_CAN_TxCpltCallback                   0x08002935   Thumb Code     2  stm32f1xx_hal_can.o(i.HAL_CAN_TxCpltCallback)
    HAL_DMA_IRQHandler                       0x08002939   Thumb Code   640  stm32f1xx_hal_dma.o(i.HAL_DMA_IRQHandler)
    HAL_DMA_Init                             0x08002bd9   Thumb Code   124  stm32f1xx_hal_dma.o(i.HAL_DMA_Init)
    HAL_DMA_Start_IT                         0x08002c61   Thumb Code   116  stm32f1xx_hal_dma.o(i.HAL_DMA_Start_IT)
    HAL_Delay                                0x08002cd5   Thumb Code    32  stm32f1xx_hal.o(i.HAL_Delay)
    HAL_GPIO_Init                            0x08002cf9   Thumb Code   460  stm32f1xx_hal_gpio.o(i.HAL_GPIO_Init)
    HAL_GPIO_ReadPin                         0x08002ee5   Thumb Code    14  stm32f1xx_hal_gpio.o(i.HAL_GPIO_ReadPin)
    HAL_GPIO_TogglePin                       0x08002ef3   Thumb Code     8  stm32f1xx_hal_gpio.o(i.HAL_GPIO_TogglePin)
    HAL_GPIO_WritePin                        0x08002efb   Thumb Code    14  stm32f1xx_hal_gpio.o(i.HAL_GPIO_WritePin)
    HAL_GetTick                              0x08002f09   Thumb Code     6  stm32f1xx_hal.o(i.HAL_GetTick)
    HAL_HalfDuplex_Init                      0x08002f15   Thumb Code   110  stm32f1xx_hal_uart.o(i.HAL_HalfDuplex_Init)
    HAL_IncTick                              0x08002f85   Thumb Code    12  stm32f1xx_hal.o(i.HAL_IncTick)
    HAL_Init                                 0x08002f95   Thumb Code    32  stm32f1xx_hal.o(i.HAL_Init)
    HAL_InitTick                             0x08002fb9   Thumb Code    58  stm32f1xx_hal.o(i.HAL_InitTick)
    HAL_MspInit                              0x08002ffd   Thumb Code   118  stm32f1xx_hal_msp.o(i.HAL_MspInit)
    HAL_NVIC_EnableIRQ                       0x0800307d   Thumb Code    22  stm32f1xx_hal_cortex.o(i.HAL_NVIC_EnableIRQ)
    HAL_NVIC_SetPriority                     0x08003095   Thumb Code    60  stm32f1xx_hal_cortex.o(i.HAL_NVIC_SetPriority)
    HAL_NVIC_SetPriorityGrouping             0x080030d5   Thumb Code    26  stm32f1xx_hal_cortex.o(i.HAL_NVIC_SetPriorityGrouping)
    HAL_RCCEx_PeriphCLKConfig                0x080030f9   Thumb Code   400  stm32f1xx_hal_rcc_ex.o(i.HAL_RCCEx_PeriphCLKConfig)
    HAL_RCC_ClockConfig                      0x08003299   Thumb Code   338  stm32f1xx_hal_rcc.o(i.HAL_RCC_ClockConfig)
    HAL_RCC_GetHCLKFreq                      0x080033fd   Thumb Code     6  stm32f1xx_hal_rcc.o(i.HAL_RCC_GetHCLKFreq)
    HAL_RCC_GetPCLK1Freq                     0x08003409   Thumb Code    22  stm32f1xx_hal_rcc.o(i.HAL_RCC_GetPCLK1Freq)
    HAL_RCC_GetPCLK2Freq                     0x08003429   Thumb Code    22  stm32f1xx_hal_rcc.o(i.HAL_RCC_GetPCLK2Freq)
    HAL_RCC_GetSysClockFreq                  0x08003449   Thumb Code   162  stm32f1xx_hal_rcc.o(i.HAL_RCC_GetSysClockFreq)
    HAL_RCC_OscConfig                        0x0800351d   Thumb Code  1066  stm32f1xx_hal_rcc.o(i.HAL_RCC_OscConfig)
    HAL_SPI_Init                             0x08003947   Thumb Code   132  stm32f1xx_hal_spi_ex.o(i.HAL_SPI_Init)
    HAL_SPI_MspInit                          0x080039cd   Thumb Code   136  stm32f1xx_hal_msp.o(i.HAL_SPI_MspInit)
    HAL_SPI_Receive                          0x08003a69   Thumb Code   336  stm32f1xx_hal_spi.o(i.HAL_SPI_Receive)
    HAL_SPI_Transmit                         0x08003bb9   Thumb Code   380  stm32f1xx_hal_spi.o(i.HAL_SPI_Transmit)
    HAL_SPI_TransmitReceive                  0x08003d35   Thumb Code   474  stm32f1xx_hal_spi.o(i.HAL_SPI_TransmitReceive)
    HAL_SYSTICK_CLKSourceConfig              0x08003f0f   Thumb Code    28  stm32f1xx_hal_cortex.o(i.HAL_SYSTICK_CLKSourceConfig)
    HAL_SYSTICK_Callback                     0x08003f2b   Thumb Code     2  stm32f1xx_hal_cortex.o(i.HAL_SYSTICK_Callback)
    HAL_SYSTICK_Config                       0x08003f2d   Thumb Code    40  stm32f1xx_hal_cortex.o(i.HAL_SYSTICK_Config)
    HAL_SYSTICK_IRQHandler                   0x08003f55   Thumb Code     8  stm32f1xx_hal_cortex.o(i.HAL_SYSTICK_IRQHandler)
    HAL_TIMEx_BreakCallback                  0x08003f5d   Thumb Code     2  stm32f1xx_hal_tim_ex.o(i.HAL_TIMEx_BreakCallback)
    HAL_TIMEx_CommutationCallback            0x08003f5f   Thumb Code     2  stm32f1xx_hal_tim_ex.o(i.HAL_TIMEx_CommutationCallback)
    HAL_TIMEx_ConfigBreakDeadTime            0x08003f61   Thumb Code    90  stm32f1xx_hal_tim_ex.o(i.HAL_TIMEx_ConfigBreakDeadTime)
    HAL_TIMEx_MasterConfigSynchronization    0x08003fbb   Thumb Code    80  stm32f1xx_hal_tim_ex.o(i.HAL_TIMEx_MasterConfigSynchronization)
    HAL_TIM_Base_Init                        0x0800400b   Thumb Code    56  stm32f1xx_hal_tim.o(i.HAL_TIM_Base_Init)
    HAL_TIM_Base_MspInit                     0x08004045   Thumb Code   254  stm32f1xx_hal_msp.o(i.HAL_TIM_Base_MspInit)
    HAL_TIM_ConfigClockSource                0x08004161   Thumb Code   270  stm32f1xx_hal_tim.o(i.HAL_TIM_ConfigClockSource)
    HAL_TIM_IC_CaptureCallback               0x08004271   Thumb Code    32  wheel_speed.o(i.HAL_TIM_IC_CaptureCallback)
    HAL_TIM_IC_ConfigChannel                 0x08004299   Thumb Code   188  stm32f1xx_hal_tim.o(i.HAL_TIM_IC_ConfigChannel)
    HAL_TIM_IC_Init                          0x08004355   Thumb Code    56  stm32f1xx_hal_tim.o(i.HAL_TIM_IC_Init)
    HAL_TIM_IC_MspInit                       0x0800438d   Thumb Code     2  stm32f1xx_hal_tim.o(i.HAL_TIM_IC_MspInit)
    HAL_TIM_IC_Start_IT                      0x0800438f   Thumb Code    84  stm32f1xx_hal_tim.o(i.HAL_TIM_IC_Start_IT)
    HAL_TIM_IRQHandler                       0x080043e3   Thumb Code   366  stm32f1xx_hal_tim.o(i.HAL_TIM_IRQHandler)
    HAL_TIM_MspPostInit                      0x08004551   Thumb Code    74  stm32f1xx_hal_msp.o(i.HAL_TIM_MspPostInit)
    HAL_TIM_OC_DelayElapsedCallback          0x080045ad   Thumb Code     2  stm32f1xx_hal_tim.o(i.HAL_TIM_OC_DelayElapsedCallback)
    HAL_TIM_PWM_ConfigChannel                0x080045af   Thumb Code   218  stm32f1xx_hal_tim.o(i.HAL_TIM_PWM_ConfigChannel)
    HAL_TIM_PWM_Init                         0x08004689   Thumb Code    56  stm32f1xx_hal_tim.o(i.HAL_TIM_PWM_Init)
    HAL_TIM_PWM_MspInit                      0x080046c1   Thumb Code     2  stm32f1xx_hal_tim.o(i.HAL_TIM_PWM_MspInit)
    HAL_TIM_PWM_PulseFinishedCallback        0x080046c3   Thumb Code     2  stm32f1xx_hal_tim.o(i.HAL_TIM_PWM_PulseFinishedCallback)
    HAL_TIM_PWM_Start                        0x080046c5   Thumb Code    42  stm32f1xx_hal_tim.o(i.HAL_TIM_PWM_Start)
    HAL_TIM_PeriodElapsedCallback            0x080046f5   Thumb Code     2  wheel_speed.o(i.HAL_TIM_PeriodElapsedCallback)
    HAL_TIM_TriggerCallback                  0x080046f7   Thumb Code     2  stm32f1xx_hal_tim.o(i.HAL_TIM_TriggerCallback)
    HAL_UART_Init                            0x080046f9   Thumb Code   100  stm32f1xx_hal_uart.o(i.HAL_UART_Init)
    HAL_UART_MspInit                         0x0800475d   Thumb Code   116  stm32f1xx_hal_msp.o(i.HAL_UART_MspInit)
    HardFault_Handler                        0x080047e1   Thumb Code     2  stm32f1xx_it.o(i.HardFault_Handler)
    LTC_DRV_SPI_CSHigh                       0x080047e5   Thumb Code    10  lvbattery.o(i.LTC_DRV_SPI_CSHigh)
    LTC_DRV_SPI_CSLow                        0x080047f5   Thumb Code    12  lvbattery.o(i.LTC_DRV_SPI_CSLow)
    LTC_DRV_SPI_Read                         0x08004805   Thumb Code    22  lvbattery.o(i.LTC_DRV_SPI_Read)
    LTC_DRV_SPI_Write                        0x08004825   Thumb Code    16  lvbattery.o(i.LTC_DRV_SPI_Write)
    LTC_Init                                 0x08004839   Thumb Code     4  ltc6804.o(i.LTC_Init)
    LTC_ReadAuxiliaryGroups                  0x0800483d   Thumb Code   204  ltc6804.o(i.LTC_ReadAuxiliaryGroups)
    LTC_ReadCellVoltageGroups                0x0800490d   Thumb Code   402  ltc6804.o(i.LTC_ReadCellVoltageGroups)
    LTC_ReadConfigGroup                      0x08004aa5   Thumb Code   154  ltc6804.o(i.LTC_ReadConfigGroup)
    LTC_SetCommandAddress                    0x08004b45   Thumb Code     8  ltc6804.o(i.LTC_SetCommandAddress)
    LTC_StartCombinedConversion              0x08004b51   Thumb Code    38  ltc6804.o(i.LTC_StartCombinedConversion)
    LTC_StartCommunication                   0x08004b7d   Thumb Code    58  ltc6804.o(i.LTC_StartCommunication)
    LTC_WakeUp                               0x08004bbd   Thumb Code    28  ltc6804.o(i.LTC_WakeUp)
    LTC_WriteCommGroup                       0x08004bd9   Thumb Code   112  ltc6804.o(i.LTC_WriteCommGroup)
    LTC_WriteConfigGroup                     0x08004c51   Thumb Code   120  ltc6804.o(i.LTC_WriteConfigGroup)
    LV_init                                  0x08004cd1   Thumb Code   178  lvbattery.o(i.LV_init)
    LV_process                               0x08004d95   Thumb Code   220  lvbattery.o(i.LV_process)
    LV_voltage_recive                        0x08004e81   Thumb Code     6  adc.o(i.LV_voltage_recive)
    MCF_decode_GeneralReport_s               0x08004e8d   Thumb Code   166  can_ecub.o(i.MCF_decode_GeneralReport_s)
    MCF_decode_ThermalMeasuresA_s            0x08004f33   Thumb Code    40  can_ecub.o(i.MCF_decode_ThermalMeasuresA_s)
    MCF_decode_ThermalMeasuresB_s            0x08004f5b   Thumb Code    40  can_ecub.o(i.MCF_decode_ThermalMeasuresB_s)
    MCF_get_GeneralReport                    0x08004f85   Thumb Code    36  can_ecub.o(i.MCF_get_GeneralReport)
    MCF_get_ThermalMeasuresA                 0x08004fad   Thumb Code    38  can_ecub.o(i.MCF_get_ThermalMeasuresA)
    MCF_get_ThermalMeasuresB                 0x08004fdd   Thumb Code    40  can_ecub.o(i.MCF_get_ThermalMeasuresB)
    MCR_decode_GeneralReport_s               0x0800500d   Thumb Code   166  can_ecub.o(i.MCR_decode_GeneralReport_s)
    MCR_decode_ThermalMeasuresA_s            0x080050b3   Thumb Code    40  can_ecub.o(i.MCR_decode_ThermalMeasuresA_s)
    MCR_decode_ThermalMeasuresB_s            0x080050db   Thumb Code    40  can_ecub.o(i.MCR_decode_ThermalMeasuresB_s)
    MCR_get_GeneralReport                    0x08005105   Thumb Code    36  can_ecub.o(i.MCR_get_GeneralReport)
    MCR_get_ThermalMeasuresA                 0x0800512d   Thumb Code    38  can_ecub.o(i.MCR_get_ThermalMeasuresA)
    MCR_get_ThermalMeasuresB                 0x0800515d   Thumb Code    38  can_ecub.o(i.MCR_get_ThermalMeasuresB)
    MemManage_Handler                        0x08005971   Thumb Code     2  stm32f1xx_it.o(i.MemManage_Handler)
    NMI_Handler                              0x08005973   Thumb Code     2  stm32f1xx_it.o(i.NMI_Handler)
    PendSV_Handler                           0x08005995   Thumb Code     2  stm32f1xx_it.o(i.PendSV_Handler)
    SVC_Handler                              0x08005a75   Thumb Code     2  stm32f1xx_it.o(i.SVC_Handler)
    SysTick_Handler                          0x08005ac1   Thumb Code    14  stm32f1xx_it.o(i.SysTick_Handler)
    SystemClock_Config                       0x08005ad1   Thumb Code   146  main.o(i.SystemClock_Config)
    SystemInit                               0x08005b79   Thumb Code    68  system_stm32f1xx.o(i.SystemInit)
    TIM1_BRK_IRQHandler                      0x08005bcd   Thumb Code     6  stm32f1xx_it.o(i.TIM1_BRK_IRQHandler)
    TIM1_CC_IRQHandler                       0x08005bd9   Thumb Code     6  stm32f1xx_it.o(i.TIM1_CC_IRQHandler)
    TIM1_TRG_COM_IRQHandler                  0x08005be5   Thumb Code     6  stm32f1xx_it.o(i.TIM1_TRG_COM_IRQHandler)
    TIM1_UP_IRQHandler                       0x08005bf1   Thumb Code     6  stm32f1xx_it.o(i.TIM1_UP_IRQHandler)
    TIM3_IRQHandler                          0x08005bfd   Thumb Code     6  stm32f1xx_it.o(i.TIM3_IRQHandler)
    TIM5_IRQHandler                          0x08005c09   Thumb Code     6  stm32f1xx_it.o(i.TIM5_IRQHandler)
    TIM_Base_SetConfig                       0x08005c15   Thumb Code   104  stm32f1xx_hal_tim.o(i.TIM_Base_SetConfig)
    TIM_CCxChannelCmd                        0x08005c8d   Thumb Code    22  stm32f1xx_hal_tim.o(i.TIM_CCxChannelCmd)
    TIM_OC2_SetConfig                        0x08005d29   Thumb Code    94  stm32f1xx_hal_tim.o(i.TIM_OC2_SetConfig)
    TIM_TI1_SetConfig                        0x08005e59   Thumb Code    82  stm32f1xx_hal_tim.o(i.TIM_TI1_SetConfig)
    UsageFault_Handler                       0x0800611d   Thumb Code     2  stm32f1xx_it.o(i.UsageFault_Handler)
    VDCU_decode_Status_s                     0x0800611f   Thumb Code   106  can_ecub.o(i.VDCU_decode_Status_s)
    VDCU_get_Status                          0x08006189   Thumb Code    60  can_ecub.o(i.VDCU_get_Status)
    _Error_Handler                           0x080061c9   Thumb Code     2  main.o(i._Error_Handler)
    __kernel_poly                            0x080061cb   Thumb Code   170  poly.o(i.__kernel_poly)
    __mathlib_dbl_divzero                    0x08006275   Thumb Code    12  dunder.o(i.__mathlib_dbl_divzero)
    __mathlib_dbl_infnan                     0x08006285   Thumb Code     6  dunder.o(i.__mathlib_dbl_infnan)
    __mathlib_dbl_invalid                    0x0800628b   Thumb Code    12  dunder.o(i.__mathlib_dbl_invalid)
    __scatterload_copy                       0x08006297   Thumb Code    14  handlers.o(i.__scatterload_copy)
    __scatterload_null                       0x080062a5   Thumb Code     2  handlers.o(i.__scatterload_null)
    __scatterload_zeroinit                   0x080062a7   Thumb Code    14  handlers.o(i.__scatterload_zeroinit)
    __set_errno                              0x080062b5   Thumb Code     6  errno.o(i.__set_errno)
    aux_set                                  0x080062c1   Thumb Code   210  periphery_set.o(i.aux_set)
    blink_SDB                                0x0800639d   Thumb Code   176  carstate.o(i.blink_SDB)
    blink_led                                0x08006455   Thumb Code    62  carstate.o(i.blink_led)
    brake_sens_init                          0x0800649d   Thumb Code   126  brake_sensors.o(i.brake_sens_init)
    brake_sens_process                       0x08006525   Thumb Code   278  brake_sensors.o(i.brake_sens_process)
    brake_set                                0x08006645   Thumb Code    34  brakelight.o(i.brake_set)
    brakelightprocess                        0x0800666d   Thumb Code    52  brakelight.o(i.brakelightprocess)
    canInitMsgStatus                         0x080066a1   Thumb Code    14  tx2_can.o(i.canInitMsgStatus)
    canUpdateMsgStatusOnReceive              0x080066af   Thumb Code    24  tx2_can.o(i.canUpdateMsgStatusOnReceive)
    candbHandleMessage                       0x080066c9   Thumb Code   538  can_ecub.o(i.candbHandleMessage)
    candbInit                                0x080068f1   Thumb Code   136  can_ecub.o(i.candbInit)
    carstate_init                            0x08006985   Thumb Code    16  carstate.o(i.carstate_init)
    carstate_process                         0x08006999   Thumb Code   728  carstate.o(i.carstate_process)
    change_to_NOT_READY                      0x08006c89   Thumb Code   112  carstate.o(i.change_to_NOT_READY)
    check_mess                               0x08006d0d   Thumb Code    74  carstate.o(i.check_mess)
    config_SDC_spi                           0x08006d61   Thumb Code    66  carstate.o(i.config_SDC_spi)
    config_spi                               0x08006dbd   Thumb Code    82  brake_sensors.o(i.config_spi)
    config_spi_LV                            0x08006e2d   Thumb Code    84  lvbattery.o(i.config_spi_LV)
    cooling_poccess                          0x08006e99   Thumb Code   132  adc.o(i.cooling_poccess)
    fan_pwm_process                          0x08006f21   Thumb Code    58  cooling_circuit.o(i.fan_pwm_process)
    get_can_state                            0x08006f65   Thumb Code     4  carstate.o(i.get_can_state)
    get_state                                0x08006f6d   Thumb Code     4  carstate.o(i.get_state)
    init_PEC15_Table                         0x08006f75   Thumb Code    48  ltc6804.o(i.init_PEC15_Table)
    log                                      0x08006fa9   Thumb Code   808  log.o(i.log)
    main                                     0x08007305   Thumb Code   466  main.o(i.main)
    measure_SDC                              0x080074fd   Thumb Code   282  carstate.o(i.measure_SDC)
    paritycheck                              0x08007629   Thumb Code   240  carstate.o(i.paritycheck)
    pec15                                    0x0800771d   Thumb Code    44  ltc6804.o(i.pec15)
    pec_is_ok                                0x0800774d   Thumb Code    32  ltc6804.o(i.pec_is_ok)
    play_RTDS                                0x08007771   Thumb Code    72  carstate.o(i.play_RTDS)
    pump_pwm_process                         0x080077c1   Thumb Code    62  cooling_circuit.o(i.pump_pwm_process)
    pwm_check                                0x08007809   Thumb Code   116  cooling_circuit.o(i.pwm_check)
    receive_packet                           0x0800788d   Thumb Code    26  ltc6804.o(i.receive_packet)
    ringbufCanWrite                          0x080078ad   Thumb Code    40  tx2_ringbuf.o(i.ringbufCanWrite)
    ringbufTryRead                           0x080078d5   Thumb Code    42  tx2_ringbuf.o(i.ringbufTryRead)
    ringbufWriteUnchecked                    0x080078ff   Thumb Code    32  tx2_ringbuf.o(i.ringbufWriteUnchecked)
    set_SDB_led                              0x08007921   Thumb Code   166  periphery_set.o(i.set_SDB_led)
    start_ADC                                0x080079dd   Thumb Code     8  adc.o(i.start_ADC)
    start_PWM                                0x080079e9   Thumb Code    82  cooling_circuit.o(i.start_PWM)
    start_WS_measure                         0x08007a3d   Thumb Code    30  wheel_speed.o(i.start_WS_measure)
    store_command_with_pec                   0x08007a69   Thumb Code    26  ltc6804.o(i.store_command_with_pec)
    transmit_packet                          0x08007a89   Thumb Code    26  ltc6804.o(i.transmit_packet)
    txGetTimeMillis                          0x08007aa9   Thumb Code     4  can_callback.o(i.txGetTimeMillis)
    txHandleCANMessage                       0x08007aad   Thumb Code     4  can_callback.o(i.txHandleCANMessage)
    txInit                                   0x08007ab1   Thumb Code    28  tx2_can.o(i.txInit)
    txProcess                                0x08007ad5   Thumb Code   120  tx2_can.o(i.txProcess)
    txReceiveCANMessage                      0x08007b55   Thumb Code    82  tx2_can.o(i.txReceiveCANMessage)
    txSendCANMessage                         0x08007bad   Thumb Code    24  can_callback.o(i.txSendCANMessage)
    units_set                                0x08007bcd   Thumb Code   354  periphery_set.o(i.units_set)
    AHBPrescTable                            0x08007d44   Data          16  system_stm32f1xx.o(.constdata)
    APBPrescTable                            0x08007d54   Data           8  system_stm32f1xx.o(.constdata)
    __mathlib_zero                           0x08007d98   Data           8  qnan.o(.constdata)
    Region$$Table$$Base                      0x08007da0   Number         0  anon$$obj.o(Region$$Table)
    Region$$Table$$Limit                     0x08007dc0   Number         0  anon$$obj.o(Region$$Table)
    ECUB_TEMP_AUX                            0x20000000   Data           4  adc.o(.data)
    ntc0_value                               0x20000004   Data           4  adc.o(.data)
    ntc1_value                               0x20000008   Data           4  adc.o(.data)
    ntc2_value                               0x2000000c   Data           4  adc.o(.data)
    ntc3_value                               0x20000010   Data           4  adc.o(.data)
    ecua_u_value                             0x20000014   Data           4  adc.o(.data)
    lv_bat_u_value                           0x20000018   Data           4  adc.o(.data)
    service_box_u_value                      0x2000001c   Data           4  adc.o(.data)
    parity_check_summ                        0x20000023   Data           1  carstate.o(.data)
    parity_for                               0x20000024   Data           1  carstate.o(.data)
    SDC_parity_control                       0x20000025   Data           1  carstate.o(.data)
    max_engine_temperature                   0x2000005c   Data           4  cooling_circuit.o(.data)
    max_sensors_after_engine_temperature     0x20000060   Data           4  cooling_circuit.o(.data)
    min_sensors_before_engine_temperature    0x20000064   Data           4  cooling_circuit.o(.data)
    new_pwm_value                            0x20000068   Data           4  cooling_circuit.o(.data)
    additional_pwm_value                     0x2000006c   Data           4  cooling_circuit.o(.data)
    last_temp_check_SensorsSensors_diff      0x20000070   Data           4  cooling_circuit.o(.data)
    last_temp_check_EngineSensors_diff       0x20000074   Data           4  cooling_circuit.o(.data)
    MCR_Engine_A                             0x20000078   Data           7  cooling_circuit.o(.data)
    MCR_Engine_B                             0x2000007f   Data           7  cooling_circuit.o(.data)
    MCF_Engine_A                             0x20000086   Data           7  cooling_circuit.o(.data)
    MCF_Engine_B                             0x2000008d   Data           7  cooling_circuit.o(.data)
    last_temp_check_time                     0x20000098   Data           8  cooling_circuit.o(.data)
    i                                        0x200000b0   Data           4  wheel_speed.o(.data)
    key                                      0x200000b4   Data           4  wheel_speed.o(.data)
    j                                        0x200000b8   Data           4  wheel_speed.o(.data)
    temp                                     0x200000bc   Data           4  wheel_speed.o(.data)
    average                                  0x200000c0   Data           8  wheel_speed.o(.data)
    perimeter                                0x200000c8   Data           8  wheel_speed.o(.data)
    ECUB_Status_last_sent                    0x200000d0   Data           4  can_ecub.o(.data)
    ECUB_Wheelspeed_last_sent                0x200000d4   Data           4  can_ecub.o(.data)
    ECUB_GLV_AMS_last_sent                   0x200000d8   Data           4  can_ecub.o(.data)
    ECUB_Cooling_last_sent                   0x200000dc   Data           4  can_ecub.o(.data)
    ECUB_Power_dist_last_sent                0x200000e0   Data           4  can_ecub.o(.data)
    ECUB_TEMPSuspR_last_sent                 0x200000e4   Data           4  can_ecub.o(.data)
    ECUB_TEMPAux_last_sent                   0x200000e8   Data           4  can_ecub.o(.data)
    ECUP_Status_data                         0x200000ec   Data           6  can_ecub.o(.data)
    ECUF_Dashboard_data                      0x200000f2   Data           7  can_ecub.o(.data)
    MCF_ThermalMeasuresA_data                0x200000f9   Data           7  can_ecub.o(.data)
    MCF_ThermalMeasuresB_data                0x20000100   Data           7  can_ecub.o(.data)
    MCR_ThermalMeasuresA_data                0x20000107   Data           7  can_ecub.o(.data)
    MCR_ThermalMeasuresB_data                0x2000010e   Data           7  can_ecub.o(.data)
    CmdAddress                               0x20000120   Data           2  ltc6804.o(.data)
    rxbuffer                                 0x20000122   Data           8  ltc6804.o(.data)
    config_register_write                    0x2000013c   Data           2  brake_sensors.o(.data)
    temperatureleft                          0x20000140   Data           4  brake_sensors.o(.data)
    temperatureright                         0x20000144   Data           4  brake_sensors.o(.data)
    recived_data                             0x20000148   Data           8  brake_sensors.o(.data)
    ECUB_TEMP                                0x20000150   Data           8  brake_sensors.o(.data)
    ECUB_POW                                 0x20000158   Data           6  main.o(.data)
    uwTickFreq                               0x20000164   Data           1  stm32f1xx_hal.o(.data)
    uwTickPrio                               0x20000168   Data           4  stm32f1xx_hal.o(.data)
    uwTick                                   0x2000016c   Data           4  stm32f1xx_hal.o(.data)
    SystemCoreClock                          0x20000170   Data           4  system_stm32f1xx.o(.data)
    adc_measurement                          0x20000178   Data          18  adc.o(.bss)
    txMsg                                    0x2000018c   Data          28  can_callback.o(.bss)
    ECUB_COOL                                0x2000020f   Data          21  cooling_circuit.o(.bss)
    ECUA_Status_status                       0x20000224   Data          16  can_ecub.o(.bss)
    ECUA_Status_data                         0x20000234   Data          28  can_ecub.o(.bss)
    ECUF_Status_status                       0x20000250   Data          16  can_ecub.o(.bss)
    ECUF_Status_data                         0x20000260   Data          26  can_ecub.o(.bss)
    ECUF_Dashboard_status                    0x2000027c   Data          16  can_ecub.o(.bss)
    ECUP_Status_status                       0x2000028c   Data          16  can_ecub.o(.bss)
    MCF_GeneralReport_status                 0x2000029c   Data          16  can_ecub.o(.bss)
    MCF_GeneralReport_data                   0x200002ac   Data          20  can_ecub.o(.bss)
    MCF_ThermalMeasuresA_status              0x200002c0   Data          16  can_ecub.o(.bss)
    MCF_ThermalMeasuresB_status              0x200002d0   Data          16  can_ecub.o(.bss)
    MCR_GeneralReport_status                 0x200002e0   Data          16  can_ecub.o(.bss)
    MCR_GeneralReport_data                   0x200002f0   Data          20  can_ecub.o(.bss)
    MCR_ThermalMeasuresA_status              0x20000304   Data          16  can_ecub.o(.bss)
    MCR_ThermalMeasuresB_status              0x20000314   Data          16  can_ecub.o(.bss)
    VDCU_Status_status                       0x20000324   Data          16  can_ecub.o(.bss)
    VDCU_Status_data                         0x20000334   Data          12  can_ecub.o(.bss)
    pec15Table                               0x20000550   Data         512  ltc6804.o(.bss)
    txbuffer                                 0x20000750   Data          12  ltc6804.o(.bss)
    hadc1                                    0x200007a4   Data          48  main.o(.bss)
    hcan1                                    0x200007d4   Data          68  main.o(.bss)
    hcan2                                    0x20000818   Data          68  main.o(.bss)
    hspi1                                    0x2000085c   Data          88  main.o(.bss)
    hspi2                                    0x200008b4   Data          88  main.o(.bss)
    htim1                                    0x2000090c   Data          64  main.o(.bss)
    htim2                                    0x2000094c   Data          64  main.o(.bss)
    htim3                                    0x2000098c   Data          64  main.o(.bss)
    htim5                                    0x200009cc   Data          64  main.o(.bss)
    huart4                                   0x20000a0c   Data          64  main.o(.bss)
    huart5                                   0x20000a4c   Data          64  main.o(.bss)
    canRxMsg1                                0x20000a8c   Data          36  main.o(.bss)
    canRxMsg2                                0x20000ab0   Data          36  main.o(.bss)
    hdma_adc1                                0x20000ad4   Data          68  main.o(.bss)
    __initial_sp                             0x20000f18   Data           0  startup_stm32f105xc.o(STACK)



==============================================================================

Memory Map of the image

  Image Entry point : 0x08000151

  Load Region LR_IROM1 (Base: 0x08000000, Size: 0x00007f38, Max: 0x00040000, ABSOLUTE, COMPRESSED[0x00007dcc])

    Execution Region ER_IROM1 (Exec base: 0x08000000, Load base: 0x08000000, Size: 0x00007dc0, Max: 0x00040000, ABSOLUTE)

    Exec Addr    Load Addr    Size         Type   Attr      Idx    E Section Name        Object

    0x08000000   0x08000000   0x00000150   Data   RO            3    RESET               startup_stm32f105xc.o
    0x08000150   0x08000150   0x00000000   Code   RO         4896  * .ARM.Collect$$$$00000000  mc_w.l(entry.o)
    0x08000150   0x08000150   0x00000004   Code   RO         4946    .ARM.Collect$$$$00000001  mc_w.l(entry2.o)
    0x08000154   0x08000154   0x00000004   Code   RO         4949    .ARM.Collect$$$$00000004  mc_w.l(entry5.o)
    0x08000158   0x08000158   0x00000000   Code   RO         4951    .ARM.Collect$$$$00000008  mc_w.l(entry7b.o)
    0x08000158   0x08000158   0x00000000   Code   RO         4953    .ARM.Collect$$$$0000000A  mc_w.l(entry8b.o)
    0x08000158   0x08000158   0x00000008   Code   RO         4954    .ARM.Collect$$$$0000000B  mc_w.l(entry9a.o)
    0x08000160   0x08000160   0x00000000   Code   RO         4956    .ARM.Collect$$$$0000000D  mc_w.l(entry10a.o)
    0x08000160   0x08000160   0x00000000   Code   RO         4958    .ARM.Collect$$$$0000000F  mc_w.l(entry11a.o)
    0x08000160   0x08000160   0x00000004   Code   RO         4947    .ARM.Collect$$$$00002712  mc_w.l(entry2.o)
    0x08000164   0x08000164   0x00000006   Code   RO         1104    .emb_text           ltc6804.o
    0x0800016a   0x0800016a   0x00000002   PAD
    0x0800016c   0x0800016c   0x00000024   Code   RO            4    .text               startup_stm32f105xc.o
    0x08000190   0x08000190   0x00000062   Code   RO         4899    .text               mc_w.l(uldiv.o)
    0x080001f2   0x080001f2   0x00000020   Code   RO         4901    .text               mc_w.l(llushr.o)
    0x08000212   0x08000212   0x00000024   Code   RO         4903    .text               mc_w.l(memcpya.o)
    0x08000236   0x08000236   0x00000024   Code   RO         4905    .text               mc_w.l(memseta.o)
    0x0800025a   0x0800025a   0x0000001a   Code   RO         4907    .text               mc_w.l(memcmp.o)
    0x08000274   0x08000274   0x000000b0   Code   RO         4911    .text               mf_w.l(fadd.o)
    0x08000324   0x08000324   0x0000014e   Code   RO         4913    .text               mf_w.l(dadd.o)
    0x08000472   0x08000472   0x000000e4   Code   RO         4915    .text               mf_w.l(dmul.o)
    0x08000556   0x08000556   0x000000de   Code   RO         4917    .text               mf_w.l(ddiv.o)
    0x08000634   0x08000634   0x00000022   Code   RO         4919    .text               mf_w.l(dflti.o)
    0x08000656   0x08000656   0x00000032   Code   RO         4923    .text               mf_w.l(ffixi.o)
    0x08000688   0x08000688   0x00000038   Code   RO         4927    .text               mf_w.l(d2f.o)
    0x080006c0   0x080006c0   0x0000001e   Code   RO         4960    .text               mc_w.l(llshl.o)
    0x080006de   0x080006de   0x00000024   Code   RO         4962    .text               mc_w.l(llsshr.o)
    0x08000702   0x08000702   0x00000000   Code   RO         4971    .text               mc_w.l(iusefp.o)
    0x08000702   0x08000702   0x0000006e   Code   RO         4972    .text               mf_w.l(fepilogue.o)
    0x08000770   0x08000770   0x000000ba   Code   RO         4974    .text               mf_w.l(depilogue.o)
    0x0800082a   0x0800082a   0x0000002e   Code   RO         4976    .text               mf_w.l(dscalb.o)
    0x08000858   0x08000858   0x00000030   Code   RO         4978    .text               mf_w.l(cdcmple.o)
    0x08000888   0x08000888   0x00000024   Code   RO         4980    .text               mc_w.l(init.o)
    0x080008ac   0x080008ac   0x0000003a   Code   RO         4990    .text               mc_w.l(__dczerorl.o)
    0x080008e6   0x080008e6   0x0000004a   Code   RO         1955    i.ADC_ConversionStop_Disable  stm32f1xx_hal_adc.o
    0x08000930   0x08000930   0x0000004e   Code   RO         1956    i.ADC_DMAConvCplt   stm32f1xx_hal_adc.o
    0x0800097e   0x0800097e   0x0000001a   Code   RO         1957    i.ADC_DMAError      stm32f1xx_hal_adc.o
    0x08000998   0x08000998   0x0000000a   Code   RO         1958    i.ADC_DMAHalfConvCplt  stm32f1xx_hal_adc.o
    0x080009a2   0x080009a2   0x00000002   PAD
    0x080009a4   0x080009a4   0x00000074   Code   RO         1959    i.ADC_Enable        stm32f1xx_hal_adc.o
    0x08000a18   0x08000a18   0x000000bc   Code   RO         1364    i.BMS_Process       lvbattery.o
    0x08000ad4   0x08000ad4   0x00000002   Code   RO         1594    i.BusFault_Handler  stm32f1xx_it.o
    0x08000ad6   0x08000ad6   0x00000002   PAD
    0x08000ad8   0x08000ad8   0x0000000c   Code   RO         1595    i.CAN1_RX0_IRQHandler  stm32f1xx_it.o
    0x08000ae4   0x08000ae4   0x0000000c   Code   RO         1596    i.CAN1_RX1_IRQHandler  stm32f1xx_it.o
    0x08000af0   0x08000af0   0x0000000c   Code   RO         1597    i.CAN1_SCE_IRQHandler  stm32f1xx_it.o
    0x08000afc   0x08000afc   0x0000000c   Code   RO         1598    i.CAN1_TX_IRQHandler  stm32f1xx_it.o
    0x08000b08   0x08000b08   0x0000000c   Code   RO         1599    i.CAN2_RX0_IRQHandler  stm32f1xx_it.o
    0x08000b14   0x08000b14   0x0000000c   Code   RO         1600    i.CAN2_RX1_IRQHandler  stm32f1xx_it.o
    0x08000b20   0x08000b20   0x0000000c   Code   RO         1601    i.CAN2_SCE_IRQHandler  stm32f1xx_it.o
    0x08000b2c   0x08000b2c   0x0000000c   Code   RO         1602    i.CAN2_TX_IRQHandler  stm32f1xx_it.o
    0x08000b38   0x08000b38   0x0000004c   Code   RO         1603    i.CAN_HandleRX0IRQ  stm32f1xx_it.o
    0x08000b84   0x08000b84   0x0000000a   Code   RO         1604    i.CAN_HandleSCEIRQ  stm32f1xx_it.o
    0x08000b8e   0x08000b8e   0x00000020   Code   RO         1605    i.CAN_HandleTXIRQ   stm32f1xx_it.o
    0x08000bae   0x08000bae   0x00000146   Code   RO         2231    i.CAN_Receive_IT    stm32f1xx_hal_can.o
    0x08000cf4   0x08000cf4   0x00000054   Code   RO         2232    i.CAN_Transmit_IT   stm32f1xx_hal_can.o
    0x08000d48   0x08000d48   0x00000120   Code   RO          286    i.CAN_eforce        can_eforce_init.o
    0x08000e68   0x08000e68   0x00000002   Code   RO          525    i.Can_WheelSpeed    wheel_speed.o
    0x08000e6a   0x08000e6a   0x00000002   PAD
    0x08000e6c   0x08000e6c   0x00000230   Code   RO          423    i.Cooling_process_intern  cooling_circuit.o
    0x0800109c   0x0800109c   0x0000000c   Code   RO         1606    i.DMA1_Channel1_IRQHandler  stm32f1xx_it.o
    0x080010a8   0x080010a8   0x0000002c   Code   RO         4305    i.DMA_SetConfig     stm32f1xx_hal_dma.o
    0x080010d4   0x080010d4   0x00000002   Code   RO         1607    i.DebugMon_Handler  stm32f1xx_it.o
    0x080010d6   0x080010d6   0x000000de   Code   RO          590    i.ECUA_decode_Status_s  can_ecub.o
    0x080011b4   0x080011b4   0x00000040   Code   RO          591    i.ECUA_get_Status   can_ecub.o
    0x080011f4   0x080011f4   0x00000024   Code   RO          592    i.ECUB_Cooling_need_to_send  can_ecub.o
    0x08001218   0x08001218   0x00000024   Code   RO          593    i.ECUB_GLV_AMS_need_to_send  can_ecub.o
    0x0800123c   0x0800123c   0x00000024   Code   RO          594    i.ECUB_Power_dist_need_to_send  can_ecub.o
    0x08001260   0x08001260   0x00000024   Code   RO          595    i.ECUB_Status_need_to_send  can_ecub.o
    0x08001284   0x08001284   0x00000024   Code   RO          596    i.ECUB_TEMPAux_need_to_send  can_ecub.o
    0x080012a8   0x080012a8   0x00000024   Code   RO          597    i.ECUB_TEMPSuspR_need_to_send  can_ecub.o
    0x080012cc   0x080012cc   0x00000110   Code   RO          600    i.ECUB_send_Cooling_s  can_ecub.o
    0x080013dc   0x080013dc   0x00000080   Code   RO          602    i.ECUB_send_GLV_AMS_s  can_ecub.o
    0x0800145c   0x0800145c   0x00000044   Code   RO          604    i.ECUB_send_Power_dist_s  can_ecub.o
    0x080014a0   0x080014a0   0x00000288   Code   RO          606    i.ECUB_send_Status_s  can_ecub.o
    0x08001728   0x08001728   0x00000038   Code   RO          608    i.ECUB_send_TEMPAux_s  can_ecub.o
    0x08001760   0x08001760   0x00000050   Code   RO          610    i.ECUB_send_TEMPSuspR_s  can_ecub.o
    0x080017b0   0x080017b0   0x0000003c   Code   RO          616    i.ECUF_decode_Dashboard_s  can_ecub.o
    0x080017ec   0x080017ec   0x000000d4   Code   RO          618    i.ECUF_decode_Status_s  can_ecub.o
    0x080018c0   0x080018c0   0x00000030   Code   RO          619    i.ECUF_get_Dashboard  can_ecub.o
    0x080018f0   0x080018f0   0x00000040   Code   RO          620    i.ECUF_get_Status   can_ecub.o
    0x08001930   0x08001930   0x0000003c   Code   RO          623    i.ECUP_decode_Status_s  can_ecub.o
    0x0800196c   0x0800196c   0x00000040   Code   RO          624    i.ECUP_get_Status   can_ecub.o
    0x080019ac   0x080019ac   0x00000070   Code   RO         1365    i.GetTemperature    lvbattery.o
    0x08001a1c   0x08001a1c   0x00000108   Code   RO         1961    i.HAL_ADC_ConfigChannel  stm32f1xx_hal_adc.o
    0x08001b24   0x08001b24   0x00000068   Code   RO           14    i.HAL_ADC_ConvCpltCallback  adc.o
    0x08001b8c   0x08001b8c   0x00000002   Code   RO         1963    i.HAL_ADC_ConvHalfCpltCallback  stm32f1xx_hal_adc.o
    0x08001b8e   0x08001b8e   0x00000002   Code   RO         1965    i.HAL_ADC_ErrorCallback  stm32f1xx_hal_adc.o
    0x08001b90   0x08001b90   0x00000118   Code   RO         1970    i.HAL_ADC_Init      stm32f1xx_hal_adc.o
    0x08001ca8   0x08001ca8   0x000000bc   Code   RO         1776    i.HAL_ADC_MspInit   stm32f1xx_hal_msp.o
    0x08001d64   0x08001d64   0x00000120   Code   RO         1977    i.HAL_ADC_Start_DMA  stm32f1xx_hal_adc.o
    0x08001e84   0x08001e84   0x00000100   Code   RO         2233    i.HAL_CAN_ConfigFilter  stm32f1xx_hal_can.o
    0x08001f84   0x08001f84   0x00000002   Code   RO         2235    i.HAL_CAN_ErrorCallback  stm32f1xx_hal_can.o
    0x08001f86   0x08001f86   0x00000002   PAD
    0x08001f88   0x08001f88   0x000001fc   Code   RO         2238    i.HAL_CAN_IRQHandler  stm32f1xx_hal_can.o
    0x08002184   0x08002184   0x00000148   Code   RO         2239    i.HAL_CAN_Init      stm32f1xx_hal_can.o
    0x080022cc   0x080022cc   0x00000144   Code   RO         1778    i.HAL_CAN_MspInit   stm32f1xx_hal_msp.o
    0x08002410   0x08002410   0x0000022a   Code   RO         2242    i.HAL_CAN_Receive   stm32f1xx_hal_can.o
    0x0800263a   0x0800263a   0x000000f2   Code   RO         2243    i.HAL_CAN_Receive_IT  stm32f1xx_hal_can.o
    0x0800272c   0x0800272c   0x00000002   Code   RO         2244    i.HAL_CAN_RxCpltCallback  stm32f1xx_hal_can.o
    0x0800272e   0x0800272e   0x00000002   PAD
    0x08002730   0x08002730   0x00000204   Code   RO         2246    i.HAL_CAN_Transmit  stm32f1xx_hal_can.o
    0x08002934   0x08002934   0x00000002   Code   RO         2248    i.HAL_CAN_TxCpltCallback  stm32f1xx_hal_can.o
    0x08002936   0x08002936   0x00000002   PAD
    0x08002938   0x08002938   0x000002a0   Code   RO         4311    i.HAL_DMA_IRQHandler  stm32f1xx_hal_dma.o
    0x08002bd8   0x08002bd8   0x00000088   Code   RO         4312    i.HAL_DMA_Init      stm32f1xx_hal_dma.o
    0x08002c60   0x08002c60   0x00000074   Code   RO         4316    i.HAL_DMA_Start_IT  stm32f1xx_hal_dma.o
    0x08002cd4   0x08002cd4   0x00000024   Code   RO         3920    i.HAL_Delay         stm32f1xx_hal.o
    0x08002cf8   0x08002cf8   0x000001ec   Code   RO         4242    i.HAL_GPIO_Init     stm32f1xx_hal_gpio.o
    0x08002ee4   0x08002ee4   0x0000000e   Code   RO         4244    i.HAL_GPIO_ReadPin  stm32f1xx_hal_gpio.o
    0x08002ef2   0x08002ef2   0x00000008   Code   RO         4245    i.HAL_GPIO_TogglePin  stm32f1xx_hal_gpio.o
    0x08002efa   0x08002efa   0x0000000e   Code   RO         4246    i.HAL_GPIO_WritePin  stm32f1xx_hal_gpio.o
    0x08002f08   0x08002f08   0x0000000c   Code   RO         3924    i.HAL_GetTick       stm32f1xx_hal.o
    0x08002f14   0x08002f14   0x0000006e   Code   RO         3584    i.HAL_HalfDuplex_Init  stm32f1xx_hal_uart.o
    0x08002f82   0x08002f82   0x00000002   PAD
    0x08002f84   0x08002f84   0x00000010   Code   RO         3928    i.HAL_IncTick       stm32f1xx_hal.o
    0x08002f94   0x08002f94   0x00000024   Code   RO         3929    i.HAL_Init          stm32f1xx_hal.o
    0x08002fb8   0x08002fb8   0x00000044   Code   RO         3930    i.HAL_InitTick      stm32f1xx_hal.o
    0x08002ffc   0x08002ffc   0x00000080   Code   RO         1779    i.HAL_MspInit       stm32f1xx_hal_msp.o
    0x0800307c   0x0800307c   0x00000016   Code   RO         4402    i.HAL_NVIC_EnableIRQ  stm32f1xx_hal_cortex.o
    0x08003092   0x08003092   0x00000002   PAD
    0x08003094   0x08003094   0x00000040   Code   RO         4408    i.HAL_NVIC_SetPriority  stm32f1xx_hal_cortex.o
    0x080030d4   0x080030d4   0x00000024   Code   RO         4409    i.HAL_NVIC_SetPriorityGrouping  stm32f1xx_hal_cortex.o
    0x080030f8   0x080030f8   0x000001a0   Code   RO         4185    i.HAL_RCCEx_PeriphCLKConfig  stm32f1xx_hal_rcc_ex.o
    0x08003298   0x08003298   0x00000164   Code   RO         4073    i.HAL_RCC_ClockConfig  stm32f1xx_hal_rcc.o
    0x080033fc   0x080033fc   0x0000000c   Code   RO         4078    i.HAL_RCC_GetHCLKFreq  stm32f1xx_hal_rcc.o
    0x08003408   0x08003408   0x00000020   Code   RO         4080    i.HAL_RCC_GetPCLK1Freq  stm32f1xx_hal_rcc.o
    0x08003428   0x08003428   0x00000020   Code   RO         4081    i.HAL_RCC_GetPCLK2Freq  stm32f1xx_hal_rcc.o
    0x08003448   0x08003448   0x000000d4   Code   RO         4082    i.HAL_RCC_GetSysClockFreq  stm32f1xx_hal_rcc.o
    0x0800351c   0x0800351c   0x0000042a   Code   RO         4085    i.HAL_RCC_OscConfig  stm32f1xx_hal_rcc.o
    0x08003946   0x08003946   0x00000084   Code   RO         2684    i.HAL_SPI_Init      stm32f1xx_hal_spi_ex.o
    0x080039ca   0x080039ca   0x00000002   PAD
    0x080039cc   0x080039cc   0x0000009c   Code   RO         1781    i.HAL_SPI_MspInit   stm32f1xx_hal_msp.o
    0x08003a68   0x08003a68   0x00000150   Code   RO         2375    i.HAL_SPI_Receive   stm32f1xx_hal_spi.o
    0x08003bb8   0x08003bb8   0x0000017c   Code   RO         2380    i.HAL_SPI_Transmit  stm32f1xx_hal_spi.o
    0x08003d34   0x08003d34   0x000001da   Code   RO         2381    i.HAL_SPI_TransmitReceive  stm32f1xx_hal_spi.o
    0x08003f0e   0x08003f0e   0x0000001c   Code   RO         4411    i.HAL_SYSTICK_CLKSourceConfig  stm32f1xx_hal_cortex.o
    0x08003f2a   0x08003f2a   0x00000002   Code   RO         4412    i.HAL_SYSTICK_Callback  stm32f1xx_hal_cortex.o
    0x08003f2c   0x08003f2c   0x00000028   Code   RO         4413    i.HAL_SYSTICK_Config  stm32f1xx_hal_cortex.o
    0x08003f54   0x08003f54   0x00000008   Code   RO         4414    i.HAL_SYSTICK_IRQHandler  stm32f1xx_hal_cortex.o
    0x08003f5c   0x08003f5c   0x00000002   Code   RO         3349    i.HAL_TIMEx_BreakCallback  stm32f1xx_hal_tim_ex.o
    0x08003f5e   0x08003f5e   0x00000002   Code   RO         3350    i.HAL_TIMEx_CommutationCallback  stm32f1xx_hal_tim_ex.o
    0x08003f60   0x08003f60   0x0000005a   Code   RO         3351    i.HAL_TIMEx_ConfigBreakDeadTime  stm32f1xx_hal_tim_ex.o
    0x08003fba   0x08003fba   0x00000050   Code   RO         3366    i.HAL_TIMEx_MasterConfigSynchronization  stm32f1xx_hal_tim_ex.o
    0x0800400a   0x0800400a   0x00000038   Code   RO         2710    i.HAL_TIM_Base_Init  stm32f1xx_hal_tim.o
    0x08004042   0x08004042   0x00000002   PAD
    0x08004044   0x08004044   0x0000011c   Code   RO         1783    i.HAL_TIM_Base_MspInit  stm32f1xx_hal_msp.o
    0x08004160   0x08004160   0x0000010e   Code   RO         2719    i.HAL_TIM_ConfigClockSource  stm32f1xx_hal_tim.o
    0x0800426e   0x0800426e   0x00000002   PAD
    0x08004270   0x08004270   0x00000028   Code   RO          526    i.HAL_TIM_IC_CaptureCallback  wheel_speed.o
    0x08004298   0x08004298   0x000000bc   Code   RO         2740    i.HAL_TIM_IC_ConfigChannel  stm32f1xx_hal_tim.o
    0x08004354   0x08004354   0x00000038   Code   RO         2743    i.HAL_TIM_IC_Init   stm32f1xx_hal_tim.o
    0x0800438c   0x0800438c   0x00000002   Code   RO         2745    i.HAL_TIM_IC_MspInit  stm32f1xx_hal_tim.o
    0x0800438e   0x0800438e   0x00000054   Code   RO         2748    i.HAL_TIM_IC_Start_IT  stm32f1xx_hal_tim.o
    0x080043e2   0x080043e2   0x0000016e   Code   RO         2752    i.HAL_TIM_IRQHandler  stm32f1xx_hal_tim.o
    0x08004550   0x08004550   0x0000005c   Code   RO         1784    i.HAL_TIM_MspPostInit  stm32f1xx_hal_msp.o
    0x080045ac   0x080045ac   0x00000002   Code   RO         2755    i.HAL_TIM_OC_DelayElapsedCallback  stm32f1xx_hal_tim.o
    0x080045ae   0x080045ae   0x000000da   Code   RO         2776    i.HAL_TIM_PWM_ConfigChannel  stm32f1xx_hal_tim.o
    0x08004688   0x08004688   0x00000038   Code   RO         2779    i.HAL_TIM_PWM_Init  stm32f1xx_hal_tim.o
    0x080046c0   0x080046c0   0x00000002   Code   RO         2781    i.HAL_TIM_PWM_MspInit  stm32f1xx_hal_tim.o
    0x080046c2   0x080046c2   0x00000002   Code   RO         2782    i.HAL_TIM_PWM_PulseFinishedCallback  stm32f1xx_hal_tim.o
    0x080046c4   0x080046c4   0x00000030   Code   RO         2783    i.HAL_TIM_PWM_Start  stm32f1xx_hal_tim.o
    0x080046f4   0x080046f4   0x00000002   Code   RO          527    i.HAL_TIM_PeriodElapsedCallback  wheel_speed.o
    0x080046f6   0x080046f6   0x00000002   Code   RO         2793    i.HAL_TIM_TriggerCallback  stm32f1xx_hal_tim.o
    0x080046f8   0x080046f8   0x00000064   Code   RO         3607    i.HAL_UART_Init     stm32f1xx_hal_uart.o
    0x0800475c   0x0800475c   0x00000084   Code   RO         1786    i.HAL_UART_MspInit  stm32f1xx_hal_msp.o
    0x080047e0   0x080047e0   0x00000002   Code   RO         1608    i.HardFault_Handler  stm32f1xx_it.o
    0x080047e2   0x080047e2   0x00000002   PAD
    0x080047e4   0x080047e4   0x00000010   Code   RO         1366    i.LTC_DRV_SPI_CSHigh  lvbattery.o
    0x080047f4   0x080047f4   0x00000010   Code   RO         1367    i.LTC_DRV_SPI_CSLow  lvbattery.o
    0x08004804   0x08004804   0x00000020   Code   RO         1368    i.LTC_DRV_SPI_Read  lvbattery.o
    0x08004824   0x08004824   0x00000014   Code   RO         1369    i.LTC_DRV_SPI_Write  lvbattery.o
    0x08004838   0x08004838   0x00000004   Code   RO         1112    i.LTC_Init          ltc6804.o
    0x0800483c   0x0800483c   0x000000d0   Code   RO         1116    i.LTC_ReadAuxiliaryGroups  ltc6804.o
    0x0800490c   0x0800490c   0x00000198   Code   RO         1117    i.LTC_ReadCellVoltageGroups  ltc6804.o
    0x08004aa4   0x08004aa4   0x000000a0   Code   RO         1119    i.LTC_ReadConfigGroup  ltc6804.o
    0x08004b44   0x08004b44   0x0000000c   Code   RO         1123    i.LTC_SetCommandAddress  ltc6804.o
    0x08004b50   0x08004b50   0x0000002c   Code   RO         1125    i.LTC_StartCombinedConversion  ltc6804.o
    0x08004b7c   0x08004b7c   0x00000040   Code   RO         1126    i.LTC_StartCommunication  ltc6804.o
    0x08004bbc   0x08004bbc   0x0000001c   Code   RO         1133    i.LTC_WakeUp        ltc6804.o
    0x08004bd8   0x08004bd8   0x00000078   Code   RO         1134    i.LTC_WriteCommGroup  ltc6804.o
    0x08004c50   0x08004c50   0x00000080   Code   RO         1135    i.LTC_WriteConfigGroup  ltc6804.o
    0x08004cd0   0x08004cd0   0x000000c4   Code   RO         1370    i.LV_init           lvbattery.o
    0x08004d94   0x08004d94   0x000000ec   Code   RO         1371    i.LV_process        lvbattery.o
    0x08004e80   0x08004e80   0x0000000c   Code   RO           15    i.LV_voltage_recive  adc.o
    0x08004e8c   0x08004e8c   0x000000a6   Code   RO          629    i.MCF_decode_GeneralReport_s  can_ecub.o
    0x08004f32   0x08004f32   0x00000028   Code   RO          631    i.MCF_decode_ThermalMeasuresA_s  can_ecub.o
    0x08004f5a   0x08004f5a   0x00000028   Code   RO          633    i.MCF_decode_ThermalMeasuresB_s  can_ecub.o
    0x08004f82   0x08004f82   0x00000002   PAD
    0x08004f84   0x08004f84   0x00000028   Code   RO          634    i.MCF_get_GeneralReport  can_ecub.o
    0x08004fac   0x08004fac   0x00000030   Code   RO          635    i.MCF_get_ThermalMeasuresA  can_ecub.o
    0x08004fdc   0x08004fdc   0x00000030   Code   RO          636    i.MCF_get_ThermalMeasuresB  can_ecub.o
    0x0800500c   0x0800500c   0x000000a6   Code   RO          641    i.MCR_decode_GeneralReport_s  can_ecub.o
    0x080050b2   0x080050b2   0x00000028   Code   RO          643    i.MCR_decode_ThermalMeasuresA_s  can_ecub.o
    0x080050da   0x080050da   0x00000028   Code   RO          645    i.MCR_decode_ThermalMeasuresB_s  can_ecub.o
    0x08005102   0x08005102   0x00000002   PAD
    0x08005104   0x08005104   0x00000028   Code   RO          646    i.MCR_get_GeneralReport  can_ecub.o
    0x0800512c   0x0800512c   0x00000030   Code   RO          647    i.MCR_get_ThermalMeasuresA  can_ecub.o
    0x0800515c   0x0800515c   0x00000030   Code   RO          648    i.MCR_get_ThermalMeasuresB  can_ecub.o
    0x0800518c   0x0800518c   0x00000140   Code   RO         1488    i.MX_ADC1_Init      main.o
    0x080052cc   0x080052cc   0x00000054   Code   RO         1489    i.MX_CAN1_Init      main.o
    0x08005320   0x08005320   0x00000054   Code   RO         1490    i.MX_CAN2_Init      main.o
    0x08005374   0x08005374   0x0000002c   Code   RO         1491    i.MX_DMA_Init       main.o
    0x080053a0   0x080053a0   0x0000014c   Code   RO         1492    i.MX_GPIO_Init      main.o
    0x080054ec   0x080054ec   0x00000058   Code   RO         1493    i.MX_SPI1_Init      main.o
    0x08005544   0x08005544   0x0000005c   Code   RO         1494    i.MX_SPI2_Init      main.o
    0x080055a0   0x080055a0   0x00000110   Code   RO         1495    i.MX_TIM1_Init      main.o
    0x080056b0   0x080056b0   0x000000c8   Code   RO         1496    i.MX_TIM2_Init      main.o
    0x08005778   0x08005778   0x000000b0   Code   RO         1497    i.MX_TIM3_Init      main.o
    0x08005828   0x08005828   0x000000b0   Code   RO         1498    i.MX_TIM5_Init      main.o
    0x080058d8   0x080058d8   0x0000004c   Code   RO         1499    i.MX_UART4_Init     main.o
    0x08005924   0x08005924   0x0000004c   Code   RO         1500    i.MX_UART5_Init     main.o
    0x08005970   0x08005970   0x00000002   Code   RO         1609    i.MemManage_Handler  stm32f1xx_it.o
    0x08005972   0x08005972   0x00000002   Code   RO         1610    i.NMI_Handler       stm32f1xx_it.o
    0x08005974   0x08005974   0x00000020   Code   RO         4415    i.NVIC_SetPriority  stm32f1xx_hal_cortex.o
    0x08005994   0x08005994   0x00000002   Code   RO         1611    i.PendSV_Handler    stm32f1xx_it.o
    0x08005996   0x08005996   0x00000002   PAD
    0x08005998   0x08005998   0x00000024   Code   RO         4086    i.RCC_Delay         stm32f1xx_hal_rcc.o
    0x080059bc   0x080059bc   0x00000024   Code   RO         2396    i.SPI_CheckFlag_BSY  stm32f1xx_hal_spi.o
    0x080059e0   0x080059e0   0x00000094   Code   RO         2415    i.SPI_WaitFlagStateUntilTimeout  stm32f1xx_hal_spi.o
    0x08005a74   0x08005a74   0x00000002   Code   RO         1612    i.SVC_Handler       stm32f1xx_it.o
    0x08005a76   0x08005a76   0x00000002   PAD
    0x08005a78   0x08005a78   0x00000048   Code   RO          228    i.SendCANMessage    can_callback.o
    0x08005ac0   0x08005ac0   0x0000000e   Code   RO         1613    i.SysTick_Handler   stm32f1xx_it.o
    0x08005ace   0x08005ace   0x00000002   PAD
    0x08005ad0   0x08005ad0   0x000000a8   Code   RO         1501    i.SystemClock_Config  main.o
    0x08005b78   0x08005b78   0x00000054   Code   RO         4852    i.SystemInit        system_stm32f1xx.o
    0x08005bcc   0x08005bcc   0x0000000c   Code   RO         1614    i.TIM1_BRK_IRQHandler  stm32f1xx_it.o
    0x08005bd8   0x08005bd8   0x0000000c   Code   RO         1615    i.TIM1_CC_IRQHandler  stm32f1xx_it.o
    0x08005be4   0x08005be4   0x0000000c   Code   RO         1616    i.TIM1_TRG_COM_IRQHandler  stm32f1xx_it.o
    0x08005bf0   0x08005bf0   0x0000000c   Code   RO         1617    i.TIM1_UP_IRQHandler  stm32f1xx_it.o
    0x08005bfc   0x08005bfc   0x0000000c   Code   RO         1618    i.TIM3_IRQHandler   stm32f1xx_it.o
    0x08005c08   0x08005c08   0x0000000c   Code   RO         1619    i.TIM5_IRQHandler   stm32f1xx_it.o
    0x08005c14   0x08005c14   0x00000078   Code   RO         2794    i.TIM_Base_SetConfig  stm32f1xx_hal_tim.o
    0x08005c8c   0x08005c8c   0x00000016   Code   RO         2795    i.TIM_CCxChannelCmd  stm32f1xx_hal_tim.o
    0x08005ca2   0x08005ca2   0x00000014   Code   RO         2801    i.TIM_ETR_SetConfig  stm32f1xx_hal_tim.o
    0x08005cb6   0x08005cb6   0x00000010   Code   RO         2802    i.TIM_ITRx_SetConfig  stm32f1xx_hal_tim.o
    0x08005cc6   0x08005cc6   0x00000002   PAD
    0x08005cc8   0x08005cc8   0x00000060   Code   RO         2803    i.TIM_OC1_SetConfig  stm32f1xx_hal_tim.o
    0x08005d28   0x08005d28   0x00000064   Code   RO         2804    i.TIM_OC2_SetConfig  stm32f1xx_hal_tim.o
    0x08005d8c   0x08005d8c   0x00000060   Code   RO         2805    i.TIM_OC3_SetConfig  stm32f1xx_hal_tim.o
    0x08005dec   0x08005dec   0x00000048   Code   RO         2806    i.TIM_OC4_SetConfig  stm32f1xx_hal_tim.o
    0x08005e34   0x08005e34   0x00000022   Code   RO         2808    i.TIM_TI1_ConfigInputStage  stm32f1xx_hal_tim.o
    0x08005e56   0x08005e56   0x00000002   PAD
    0x08005e58   0x08005e58   0x00000064   Code   RO         2809    i.TIM_TI1_SetConfig  stm32f1xx_hal_tim.o
    0x08005ebc   0x08005ebc   0x00000024   Code   RO         2810    i.TIM_TI2_ConfigInputStage  stm32f1xx_hal_tim.o
    0x08005ee0   0x08005ee0   0x00000036   Code   RO         2811    i.TIM_TI2_SetConfig  stm32f1xx_hal_tim.o
    0x08005f16   0x08005f16   0x00000032   Code   RO         2812    i.TIM_TI3_SetConfig  stm32f1xx_hal_tim.o
    0x08005f48   0x08005f48   0x00000038   Code   RO         2813    i.TIM_TI4_SetConfig  stm32f1xx_hal_tim.o
    0x08005f80   0x08005f80   0x0000019c   Code   RO         3634    i.UART_SetConfig    stm32f1xx_hal_uart.o
    0x0800611c   0x0800611c   0x00000002   Code   RO         1620    i.UsageFault_Handler  stm32f1xx_it.o
    0x0800611e   0x0800611e   0x0000006a   Code   RO          651    i.VDCU_decode_Status_s  can_ecub.o
    0x08006188   0x08006188   0x00000040   Code   RO          652    i.VDCU_get_Status   can_ecub.o
    0x080061c8   0x080061c8   0x00000002   Code   RO         1502    i._Error_Handler    main.o
    0x080061ca   0x080061ca   0x000000aa   Code   RO         4943    i.__kernel_poly     m_ws.l(poly.o)
    0x08006274   0x08006274   0x00000010   Code   RO         4929    i.__mathlib_dbl_divzero  m_ws.l(dunder.o)
    0x08006284   0x08006284   0x00000006   Code   RO         4930    i.__mathlib_dbl_infnan  m_ws.l(dunder.o)
    0x0800628a   0x0800628a   0x0000000c   Code   RO         4932    i.__mathlib_dbl_invalid  m_ws.l(dunder.o)
    0x08006296   0x08006296   0x0000000e   Code   RO         4984    i.__scatterload_copy  mc_w.l(handlers.o)
    0x080062a4   0x080062a4   0x00000002   Code   RO         4985    i.__scatterload_null  mc_w.l(handlers.o)
    0x080062a6   0x080062a6   0x0000000e   Code   RO         4986    i.__scatterload_zeroinit  mc_w.l(handlers.o)
    0x080062b4   0x080062b4   0x0000000c   Code   RO         4966    i.__set_errno       mc_w.l(errno.o)
    0x080062c0   0x080062c0   0x000000dc   Code   RO          481    i.aux_set           periphery_set.o
    0x0800639c   0x0800639c   0x000000b8   Code   RO          320    i.blink_SDB         carstate.o
    0x08006454   0x08006454   0x00000048   Code   RO          321    i.blink_led         carstate.o
    0x0800649c   0x0800649c   0x00000088   Code   RO         1446    i.brake_sens_init   brake_sensors.o
    0x08006524   0x08006524   0x00000120   Code   RO         1447    i.brake_sens_process  brake_sensors.o
    0x08006644   0x08006644   0x00000028   Code   RO          198    i.brake_set         brakelight.o
    0x0800666c   0x0800666c   0x00000034   Code   RO          199    i.brakelightprocess  brakelight.o
    0x080066a0   0x080066a0   0x0000000e   Code   RO         1003    i.canInitMsgStatus  tx2_can.o
    0x080066ae   0x080066ae   0x00000018   Code   RO         1004    i.canUpdateMsgStatusOnReceive  tx2_can.o
    0x080066c6   0x080066c6   0x00000002   PAD
    0x080066c8   0x080066c8   0x00000228   Code   RO          653    i.candbHandleMessage  can_ecub.o
    0x080068f0   0x080068f0   0x00000094   Code   RO          654    i.candbInit         can_ecub.o
    0x08006984   0x08006984   0x00000014   Code   RO          322    i.carstate_init     carstate.o
    0x08006998   0x08006998   0x000002f0   Code   RO          323    i.carstate_process  carstate.o
    0x08006c88   0x08006c88   0x00000084   Code   RO          324    i.change_to_NOT_READY  carstate.o
    0x08006d0c   0x08006d0c   0x00000054   Code   RO          325    i.check_mess        carstate.o
    0x08006d60   0x08006d60   0x0000005c   Code   RO          326    i.config_SDC_spi    carstate.o
    0x08006dbc   0x08006dbc   0x00000070   Code   RO         1448    i.config_spi        brake_sensors.o
    0x08006e2c   0x08006e2c   0x0000006c   Code   RO         1372    i.config_spi_LV     lvbattery.o
    0x08006e98   0x08006e98   0x00000088   Code   RO           16    i.cooling_poccess   adc.o
    0x08006f20   0x08006f20   0x00000044   Code   RO          424    i.fan_pwm_process   cooling_circuit.o
    0x08006f64   0x08006f64   0x00000008   Code   RO          327    i.get_can_state     carstate.o
    0x08006f6c   0x08006f6c   0x00000008   Code   RO          328    i.get_state         carstate.o
    0x08006f74   0x08006f74   0x00000034   Code   RO         1136    i.init_PEC15_Table  ltc6804.o
    0x08006fa8   0x08006fa8   0x0000035c   Code   RO         4887    i.log               m_ws.l(log.o)
    0x08007304   0x08007304   0x000001f8   Code   RO         1503    i.main              main.o
    0x080074fc   0x080074fc   0x0000012c   Code   RO          329    i.measure_SDC       carstate.o
    0x08007628   0x08007628   0x000000f4   Code   RO          330    i.paritycheck       carstate.o
    0x0800771c   0x0800771c   0x00000030   Code   RO         1137    i.pec15             ltc6804.o
    0x0800774c   0x0800774c   0x00000024   Code   RO         1138    i.pec_is_ok         ltc6804.o
    0x08007770   0x08007770   0x00000050   Code   RO          331    i.play_RTDS         carstate.o
    0x080077c0   0x080077c0   0x00000048   Code   RO          425    i.pump_pwm_process  cooling_circuit.o
    0x08007808   0x08007808   0x00000084   Code   RO          426    i.pwm_check         cooling_circuit.o
    0x0800788c   0x0800788c   0x00000020   Code   RO         1139    i.receive_packet    ltc6804.o
    0x080078ac   0x080078ac   0x00000028   Code   RO         1063    i.ringbufCanWrite   tx2_ringbuf.o
    0x080078d4   0x080078d4   0x0000002a   Code   RO         1064    i.ringbufTryRead    tx2_ringbuf.o
    0x080078fe   0x080078fe   0x00000020   Code   RO         1066    i.ringbufWriteUnchecked  tx2_ringbuf.o
    0x0800791e   0x0800791e   0x00000002   PAD
    0x08007920   0x08007920   0x000000ac   Code   RO          483    i.set_SDB_led       periphery_set.o
    0x080079cc   0x080079cc   0x00000010   Code   RO         1005    i.set_flag          tx2_can.o
    0x080079dc   0x080079dc   0x0000000c   Code   RO           17    i.start_ADC         adc.o
    0x080079e8   0x080079e8   0x00000052   Code   RO          427    i.start_PWM         cooling_circuit.o
    0x08007a3a   0x08007a3a   0x00000002   PAD
    0x08007a3c   0x08007a3c   0x0000002c   Code   RO          530    i.start_WS_measure  wheel_speed.o
    0x08007a68   0x08007a68   0x00000020   Code   RO         1140    i.store_command_with_pec  ltc6804.o
    0x08007a88   0x08007a88   0x00000020   Code   RO         1142    i.transmit_packet   ltc6804.o
    0x08007aa8   0x08007aa8   0x00000004   Code   RO          229    i.txGetTimeMillis   can_callback.o
    0x08007aac   0x08007aac   0x00000004   Code   RO          230    i.txHandleCANMessage  can_callback.o
    0x08007ab0   0x08007ab0   0x00000024   Code   RO         1006    i.txInit            tx2_can.o
    0x08007ad4   0x08007ad4   0x00000080   Code   RO         1007    i.txProcess         tx2_can.o
    0x08007b54   0x08007b54   0x00000058   Code   RO         1008    i.txReceiveCANMessage  tx2_can.o
    0x08007bac   0x08007bac   0x00000020   Code   RO          231    i.txSendCANMessage  can_callback.o
    0x08007bcc   0x08007bcc   0x00000178   Code   RO          484    i.units_set         periphery_set.o
    0x08007d44   0x08007d44   0x00000010   Data   RO         4853    .constdata          system_stm32f1xx.o
    0x08007d54   0x08007d54   0x00000008   Data   RO         4854    .constdata          system_stm32f1xx.o
    0x08007d5c   0x08007d5c   0x00000004   PAD
    0x08007d60   0x08007d60   0x00000038   Data   RO         4888    .constdata          m_ws.l(log.o)
    0x08007d98   0x08007d98   0x00000008   Data   RO         4945    .constdata          m_ws.l(qnan.o)
    0x08007da0   0x08007da0   0x00000020   Data   RO         4982    Region$$Table       anon$$obj.o


    Execution Region RW_IRAM1 (Exec base: 0x20000000, Load base: 0x08007dc0, Size: 0x00000f18, Max: 0x00010000, ABSOLUTE, COMPRESSED[0x0000000c])

    Exec Addr    Load Addr    Size         Type   Attr      Idx    E Section Name        Object

    0x20000000   COMPRESSED   0x00000020   Data   RW           20    .data               adc.o
    0x20000020   COMPRESSED   0x00000031   Data   RW          334    .data               carstate.o
    0x20000051   COMPRESSED   0x00000007   PAD
    0x20000058   COMPRESSED   0x00000048   Data   RW          430    .data               cooling_circuit.o
    0x200000a0   COMPRESSED   0x0000000c   Data   RW          485    .data               periphery_set.o
    0x200000ac   COMPRESSED   0x00000004   PAD
    0x200000b0   COMPRESSED   0x00000020   Data   RW          532    .data               wheel_speed.o
    0x200000d0   COMPRESSED   0x00000045   Data   RW          656    .data               can_ecub.o
    0x20000115   COMPRESSED   0x00000003   PAD
    0x20000118   COMPRESSED   0x00000008   Data   RW         1010    .data               tx2_can.o
    0x20000120   COMPRESSED   0x0000000a   Data   RW         1144    .data               ltc6804.o
    0x2000012a   COMPRESSED   0x00000002   PAD
    0x2000012c   COMPRESSED   0x00000010   Data   RW         1374    .data               lvbattery.o
    0x2000013c   COMPRESSED   0x0000001c   Data   RW         1449    .data               brake_sensors.o
    0x20000158   COMPRESSED   0x00000006   Data   RW         1506    .data               main.o
    0x2000015e   COMPRESSED   0x00000002   PAD
    0x20000160   COMPRESSED   0x00000004   Data   RW         1787    .data               stm32f1xx_hal_msp.o
    0x20000164   COMPRESSED   0x0000000c   Data   RW         3936    .data               stm32f1xx_hal.o
    0x20000170   COMPRESSED   0x00000004   Data   RW         4855    .data               system_stm32f1xx.o
    0x20000174   COMPRESSED   0x00000004   Data   RW         4967    .data               mc_w.l(errno.o)
    0x20000178        -       0x00000012   Zero   RW           19    .bss                adc.o
    0x2000018a   COMPRESSED   0x00000002   PAD
    0x2000018c        -       0x0000001c   Zero   RW          232    .bss                can_callback.o
    0x200001a8        -       0x00000067   Zero   RW          333    .bss                carstate.o
    0x2000020f        -       0x00000015   Zero   RW          429    .bss                cooling_circuit.o
    0x20000224        -       0x0000011c   Zero   RW          655    .bss                can_ecub.o
    0x20000340        -       0x00000210   Zero   RW         1009    .bss                tx2_can.o
    0x20000550        -       0x0000020c   Zero   RW         1143    .bss                ltc6804.o
    0x2000075c        -       0x00000045   Zero   RW         1373    .bss                lvbattery.o
    0x200007a1   COMPRESSED   0x00000003   PAD
    0x200007a4        -       0x00000330   Zero   RW         1504    .bss                main.o
    0x20000ad4        -       0x00000044   Zero   RW         1505    .bss                main.o
    0x20000b18        -       0x00000400   Zero   RW            1    STACK               startup_stm32f105xc.o


==============================================================================

Image component sizes


      Code (inc. data)   RO Data    RW Data    ZI Data      Debug   Object Name

       264         22          0         32         18     654205   adc.o
       536         50          0         28          0       2716   brake_sensors.o
        92          6          0          0          0       1352   brakelight.o
       112         14          0          0         28       4616   can_callback.o
      3896        174          0         69        284      26722   can_ecub.o
       288          0          0          0          0       1281   can_eforce_init.o
      1976        148          0         49        103       8993   carstate.o
       914         46          0         72         21       5103   cooling_circuit.o
      1414         78          0         10        524      17948   ltc6804.o
       924        116          0         16         69       6108   lvbattery.o
      2694        366          0          6        884       9890   main.o
       768         38          0         12          0       3232   periphery_set.o
        36          8        336          0       1024        800   startup_stm32f105xc.o
       168         28          0         12          0       3817   stm32f1xx_hal.o
      1140         50          0          0          0       7943   stm32f1xx_hal_adc.o
      2820         32          0          0          0      10307   stm32f1xx_hal_can.o
       232         14          0          0          0      27445   stm32f1xx_hal_cortex.o
       968         44          0          0          0       3907   stm32f1xx_hal_dma.o
       528         32          0          0          0       4028   stm32f1xx_hal_gpio.o
      1304        182          0          4          0       5872   stm32f1xx_hal_msp.o
      1746        116          0          0          0       7028   stm32f1xx_hal_rcc.o
       416         16          0          0          0       1688   stm32f1xx_hal_rcc_ex.o
      1374          0          0          0          0       5951   stm32f1xx_hal_spi.o
       132          0          0          0          0       1067   stm32f1xx_hal_spi_ex.o
      2224         60          0          0          0      20483   stm32f1xx_hal_tim.o
       174          0          0          0          0       3090   stm32f1xx_hal_tim_ex.o
       622          4          0          0          0       2442   stm32f1xx_hal_uart.o
       328         90          0          0          0      12475   stm32f1xx_it.o
        84         16         24          4          0       1159   system_stm32f1xx.o
       306         28          0          8        528       5148   tx2_can.o
       114          0          0          0          0       2863   tx2_ringbuf.o
        88         22          0         32          0       2806   wheel_speed.o

    ----------------------------------------------------------------------
     28728       1800        396        372       3488     872485   Object Totals
         0          0         32          0          0          0   (incl. Generated)
        46          0          4         18          5          0   (incl. Padding)

    ----------------------------------------------------------------------

      Code (inc. data)   RO Data    RW Data    ZI Data      Debug   Library Member Name

        34          4          0          0          0        204   dunder.o
       860         52         56          0          0        256   log.o
       170          0          0          0          0         96   poly.o
         0          0          8          0          0          0   qnan.o
        58          0          0          0          0          0   __dczerorl.o
         0          0          0          0          0          0   entry.o
         0          0          0          0          0          0   entry10a.o
         0          0          0          0          0          0   entry11a.o
         8          4          0          0          0          0   entry2.o
         4          0          0          0          0          0   entry5.o
         0          0          0          0          0          0   entry7b.o
         0          0          0          0          0          0   entry8b.o
         8          4          0          0          0          0   entry9a.o
        12          6          0          4          0         68   errno.o
        30          0          0          0          0          0   handlers.o
        36          8          0          0          0         68   init.o
         0          0          0          0          0          0   iusefp.o
        30          0          0          0          0         68   llshl.o
        36          0          0          0          0         68   llsshr.o
        32          0          0          0          0         68   llushr.o
        26          0          0          0          0         80   memcmp.o
        36          0          0          0          0         68   memcpya.o
        36          0          0          0          0        108   memseta.o
        98          0          0          0          0         92   uldiv.o
        48          0          0          0          0         68   cdcmple.o
        56          0          0          0          0         88   d2f.o
       334          0          0          0          0        148   dadd.o
       222          0          0          0          0        100   ddiv.o
       186          0          0          0          0        176   depilogue.o
        34          0          0          0          0         76   dflti.o
       228          0          0          0          0         96   dmul.o
        46          0          0          0          0         80   dscalb.o
       176          0          0          0          0        140   fadd.o
       110          0          0          0          0        168   fepilogue.o
        50          0          0          0          0         68   ffixi.o

    ----------------------------------------------------------------------
      3004         78         64          4          0       2452   Library Totals
         0          0          0          0          0          0   (incl. Padding)

    ----------------------------------------------------------------------

      Code (inc. data)   RO Data    RW Data    ZI Data      Debug   Library Name

      1064         56         64          0          0        556   m_ws.l
       450         22          0          4          0        688   mc_w.l
      1490          0          0          0          0       1208   mf_w.l

    ----------------------------------------------------------------------
      3004         78         64          4          0       2452   Library Totals

    ----------------------------------------------------------------------

==============================================================================


      Code (inc. data)   RO Data    RW Data    ZI Data      Debug   

     31732       1878        460        376       3488     861181   Grand Totals
     31732       1878        460         12       3488     861181   ELF Image Totals (compressed)
     31732       1878        460         12          0          0   ROM Totals

==============================================================================

    Total RO  Size (Code + RO Data)                32192 (  31.44kB)
    Total RW  Size (RW Data + ZI Data)              3864 (   3.77kB)
    Total ROM Size (Code + RO Data + RW Data)      32204 (  31.45kB)

==============================================================================

