Component: ARM Compiler 5.06 update 5 (build 528) Tool: armlink [4d35e2]

==============================================================================

Section Cross References

    startup_stm32f105xc.o(RESET) refers to startup_stm32f105xc.o(STACK) for __initial_sp
    startup_stm32f105xc.o(RESET) refers to startup_stm32f105xc.o(.text) for Reset_Handler
    startup_stm32f105xc.o(RESET) refers to stm32f1xx_it.o(i.NMI_Handler) for NMI_Handler
    startup_stm32f105xc.o(RESET) refers to stm32f1xx_it.o(i.HardFault_Handler) for HardFault_Handler
    startup_stm32f105xc.o(RESET) refers to stm32f1xx_it.o(i.MemManage_Handler) for MemManage_Handler
    startup_stm32f105xc.o(RESET) refers to stm32f1xx_it.o(i.BusFault_Handler) for BusFault_Handler
    startup_stm32f105xc.o(RESET) refers to stm32f1xx_it.o(i.UsageFault_Handler) for UsageFault_Handler
    startup_stm32f105xc.o(RESET) refers to stm32f1xx_it.o(i.SVC_Handler) for SVC_Handler
    startup_stm32f105xc.o(RESET) refers to stm32f1xx_it.o(i.DebugMon_Handler) for DebugMon_Handler
    startup_stm32f105xc.o(RESET) refers to stm32f1xx_it.o(i.PendSV_Handler) for PendSV_Handler
    startup_stm32f105xc.o(RESET) refers to stm32f1xx_it.o(i.SysTick_Handler) for SysTick_Handler
    startup_stm32f105xc.o(RESET) refers to stm32f1xx_it.o(i.DMA1_Channel1_IRQHandler) for DMA1_Channel1_IRQHandler
    startup_stm32f105xc.o(RESET) refers to stm32f1xx_it.o(i.CAN1_TX_IRQHandler) for CAN1_TX_IRQHandler
    startup_stm32f105xc.o(RESET) refers to stm32f1xx_it.o(i.CAN1_RX0_IRQHandler) for CAN1_RX0_IRQHandler
    startup_stm32f105xc.o(RESET) refers to stm32f1xx_it.o(i.CAN1_RX1_IRQHandler) for CAN1_RX1_IRQHandler
    startup_stm32f105xc.o(RESET) refers to stm32f1xx_it.o(i.CAN1_SCE_IRQHandler) for CAN1_SCE_IRQHandler
    startup_stm32f105xc.o(RESET) refers to stm32f1xx_it.o(i.TIM1_BRK_IRQHandler) for TIM1_BRK_IRQHandler
    startup_stm32f105xc.o(RESET) refers to stm32f1xx_it.o(i.TIM1_UP_IRQHandler) for TIM1_UP_IRQHandler
    startup_stm32f105xc.o(RESET) refers to stm32f1xx_it.o(i.TIM1_TRG_COM_IRQHandler) for TIM1_TRG_COM_IRQHandler
    startup_stm32f105xc.o(RESET) refers to stm32f1xx_it.o(i.TIM1_CC_IRQHandler) for TIM1_CC_IRQHandler
    startup_stm32f105xc.o(RESET) refers to stm32f1xx_it.o(i.TIM3_IRQHandler) for TIM3_IRQHandler
    startup_stm32f105xc.o(RESET) refers to stm32f1xx_it.o(i.TIM5_IRQHandler) for TIM5_IRQHandler
    startup_stm32f105xc.o(RESET) refers to stm32f1xx_it.o(i.CAN2_TX_IRQHandler) for CAN2_TX_IRQHandler
    startup_stm32f105xc.o(RESET) refers to stm32f1xx_it.o(i.CAN2_RX0_IRQHandler) for CAN2_RX0_IRQHandler
    startup_stm32f105xc.o(RESET) refers to stm32f1xx_it.o(i.CAN2_RX1_IRQHandler) for CAN2_RX1_IRQHandler
    startup_stm32f105xc.o(RESET) refers to stm32f1xx_it.o(i.CAN2_SCE_IRQHandler) for CAN2_SCE_IRQHandler
    startup_stm32f105xc.o(.text) refers to system_stm32f1xx.o(i.SystemInit) for SystemInit
    startup_stm32f105xc.o(.text) refers to entry.o(.ARM.Collect$$$$00000000) for __main
    adc.o(i.HAL_ADC_ConvCpltCallback) refers to adc.o(.bss) for .bss
    adc.o(i.HAL_ADC_ConvCpltCallback) refers to adc.o(.data) for .data
    adc.o(i.LV_voltage_recive) refers to adc.o(.data) for .data
    adc.o(i.cooling_poccess) refers to carstate.o(i.get_state) for get_state
    adc.o(i.cooling_poccess) refers to cooling_circuit.o(i.Cooling_process_intern) for Cooling_process_intern
    adc.o(i.cooling_poccess) refers to can_ecub.o(i.ECUB_TEMPAux_need_to_send) for ECUB_TEMPAux_need_to_send
    adc.o(i.cooling_poccess) refers to can_ecub.o(i.ECUB_send_TEMPAux_s) for ECUB_send_TEMPAux_s
    adc.o(i.cooling_poccess) refers to stm32f1xx_hal_can.o(i.HAL_CAN_Receive_IT) for HAL_CAN_Receive_IT
    adc.o(i.cooling_poccess) refers to adc.o(.data) for .data
    adc.o(i.start_ADC) refers to stm32f1xx_hal_adc.o(i.HAL_ADC_Start_DMA) for HAL_ADC_Start_DMA
    adc.o(i.start_ADC) refers to adc.o(.bss) for .bss
    adc.o(i.stop_newADC) refers to stm32f1xx_hal_adc.o(i.HAL_ADC_Stop_DMA) for HAL_ADC_Stop_DMA
    brakelight.o(i.brake_set) refers to stm32f1xx_hal_gpio.o(i.HAL_GPIO_ReadPin) for HAL_GPIO_ReadPin
    brakelight.o(i.brake_set) refers to stm32f1xx_hal_gpio.o(i.HAL_GPIO_WritePin) for HAL_GPIO_WritePin
    brakelight.o(i.brakelightprocess) refers to can_ecub.o(i.ECUP_get_Status) for ECUP_get_Status
    brakelight.o(i.brakelightprocess) refers to carstate.o(i.change_to_NOT_READY) for change_to_NOT_READY
    brakelight.o(i.brakelightprocess) refers to brakelight.o(i.brake_set) for brake_set
    can_callback.o(i.SendCANMessage) refers to memseta.o(.text) for __aeabi_memclr4
    can_callback.o(i.SendCANMessage) refers to memcpya.o(.text) for __aeabi_memcpy
    can_callback.o(i.SendCANMessage) refers to stm32f1xx_hal_can.o(i.HAL_CAN_Transmit) for HAL_CAN_Transmit
    can_callback.o(i.SendCANMessage) refers to can_callback.o(.bss) for txMsg
    can_callback.o(i.txGetTimeMillis) refers to stm32f1xx_hal.o(i.HAL_GetTick) for HAL_GetTick
[...]
    i.TIM_ITRx_SetConfig                     0x0800530e   Section        0  stm32f1xx_hal_tim.o(i.TIM_ITRx_SetConfig)
    TIM_ITRx_SetConfig                       0x0800530f   Thumb Code    16  stm32f1xx_hal_tim.o(i.TIM_ITRx_SetConfig)
    i.TIM_OC1_SetConfig                      0x08005320   Section        0  stm32f1xx_hal_tim.o(i.TIM_OC1_SetConfig)
    TIM_OC1_SetConfig                        0x08005321   Thumb Code    90  stm32f1xx_hal_tim.o(i.TIM_OC1_SetConfig)
    i.TIM_OC2_SetConfig                      0x08005380   Section        0  stm32f1xx_hal_tim.o(i.TIM_OC2_SetConfig)
    i.TIM_OC3_SetConfig                      0x080053e4   Section        0  stm32f1xx_hal_tim.o(i.TIM_OC3_SetConfig)
    TIM_OC3_SetConfig                        0x080053e5   Thumb Code    92  stm32f1xx_hal_tim.o(i.TIM_OC3_SetConfig)
    i.TIM_OC4_SetConfig                      0x08005444   Section        0  stm32f1xx_hal_tim.o(i.TIM_OC4_SetConfig)
    TIM_OC4_SetConfig                        0x08005445   Thumb Code    68  stm32f1xx_hal_tim.o(i.TIM_OC4_SetConfig)
    i.TIM_TI1_ConfigInputStage               0x0800548c   Section        0  stm32f1xx_hal_tim.o(i.TIM_TI1_ConfigInputStage)
    TIM_TI1_ConfigInputStage                 0x0800548d   Thumb Code    34  stm32f1xx_hal_tim.o(i.TIM_TI1_ConfigInputStage)
    i.TIM_TI1_SetConfig                      0x080054b0   Section        0  stm32f1xx_hal_tim.o(i.TIM_TI1_SetConfig)
    i.TIM_TI2_ConfigInputStage               0x08005514   Section        0  stm32f1xx_hal_tim.o(i.TIM_TI2_ConfigInputStage)
    TIM_TI2_ConfigInputStage                 0x08005515   Thumb Code    36  stm32f1xx_hal_tim.o(i.TIM_TI2_ConfigInputStage)
    i.TIM_TI2_SetConfig                      0x08005538   Section        0  stm32f1xx_hal_tim.o(i.TIM_TI2_SetConfig)
    TIM_TI2_SetConfig                        0x08005539   Thumb Code    54  stm32f1xx_hal_tim.o(i.TIM_TI2_SetConfig)
    i.TIM_TI3_SetConfig                      0x0800556e   Section        0  stm32f1xx_hal_tim.o(i.TIM_TI3_SetConfig)
    TIM_TI3_SetConfig                        0x0800556f   Thumb Code    50  stm32f1xx_hal_tim.o(i.TIM_TI3_SetConfig)
    i.TIM_TI4_SetConfig                      0x080055a0   Section        0  stm32f1xx_hal_tim.o(i.TIM_TI4_SetConfig)
    TIM_TI4_SetConfig                        0x080055a1   Thumb Code    56  stm32f1xx_hal_tim.o(i.TIM_TI4_SetConfig)
    i.UART_SetConfig                         0x080055d8   Section        0  stm32f1xx_hal_uart.o(i.UART_SetConfig)
    UART_SetConfig                           0x080055d9   Thumb Code   408  stm32f1xx_hal_uart.o(i.UART_SetConfig)
    i.UsageFault_Handler                     0x08005774   Section        0  stm32f1xx_it.o(i.UsageFault_Handler)
    i.VDCU_decode_Status_s                   0x08005778   Section        0  can_ecub.o(i.VDCU_decode_Status_s)
    i.VDCU_get_Status                        0x080057e4   Section        0  can_ecub.o(i.VDCU_get_Status)
    i._Error_Handler                         0x08005820   Section        0  main.o(i._Error_Handler)
    i.__scatterload_copy                     0x08005824   Section       14  handlers.o(i.__scatterload_copy)
    i.__scatterload_null                     0x08005832   Section        2  handlers.o(i.__scatterload_null)
    i.__scatterload_zeroinit                 0x08005834   Section       14  handlers.o(i.__scatterload_zeroinit)
    i.aux_set                                0x08005844   Section        0  periphery_set.o(i.aux_set)
    i.blink_SDB                              0x08005920   Section        0  carstate.o(i.blink_SDB)
    i.blink_led                              0x080059e8   Section        0  carstate.o(i.blink_led)
    i.brake_sens_init                        0x08005a40   Section        0  brake_sensors.o(i.brake_sens_init)
    i.brake_sens_process                     0x08005ac8   Section        0  brake_sensors.o(i.brake_sens_process)
    i.brake_set                              0x08005be8   Section        0  brakelight.o(i.brake_set)
    i.brakelightprocess                      0x08005c10   Section        0  brakelight.o(i.brakelightprocess)
    i.canInitMsgStatus                       0x08005c44   Section        0  tx2_can.o(i.canInitMsgStatus)
    i.canUpdateMsgStatusOnReceive            0x08005c52   Section        0  tx2_can.o(i.canUpdateMsgStatusOnReceive)
    i.candbHandleMessage                     0x08005c6c   Section        0  can_ecub.o(i.candbHandleMessage)
    i.candbInit                              0x08005e7c   Section        0  can_ecub.o(i.candbInit)
    i.carstate_init                          0x08005f10   Section        0  carstate.o(i.carstate_init)
    i.carstate_process                       0x08005f38   Section        0  carstate.o(i.carstate_process)
    i.change_to_NOT_READY                    0x0800627c   Section        0  carstate.o(i.change_to_NOT_READY)
    i.check_mess                             0x08006314   Section        0  carstate.o(i.check_mess)
    i.config_spi                             0x08006368   Section        0  brake_sensors.o(i.config_spi)
    i.config_spi_LV                          0x080063d8   Section        0  lvbattery.o(i.config_spi_LV)
    i.cooling_poccess                        0x08006448   Section        0  adc.o(i.cooling_poccess)
    i.fan_pwm_process                        0x080064d0   Section        0  cooling_circuit.o(i.fan_pwm_process)
    i.get_can_state                          0x08006514   Section        0  carstate.o(i.get_can_state)
    i.get_state                              0x0800651c   Section        0  carstate.o(i.get_state)
    i.init_PEC15_Table                       0x08006524   Section        0  ltc6804.o(i.init_PEC15_Table)
    i.main                                   0x08006558   Section        0  main.o(i.main)
    i.measure_SDC                            0x08006740   Section        0  carstate.o(i.measure_SDC)
    i.paritycheck                            0x080068fc   Section        0  carstate.o(i.paritycheck)
    i.pec15                                  0x08006a94   Section        0  ltc6804.o(i.pec15)
    i.pec_is_ok                              0x08006ac4   Section        0  ltc6804.o(i.pec_is_ok)
    i.play_RTDS                              0x08006ae8   Section        0  carstate.o(i.play_RTDS)
    i.pump_pwm_process                       0x08006b38   Section        0  cooling_circuit.o(i.pump_pwm_process)
    i.pwm_check                              0x08006b80   Section        0  cooling_circuit.o(i.pwm_check)
    i.receive_packet                         0x08006c04   Section        0  ltc6804.o(i.receive_packet)
    i.ringbufCanWrite                        0x08006c24   Section        0  tx2_ringbuf.o(i.ringbufCanWrite)
    i.ringbufTryRead                         0x08006c4c   Section        0  tx2_ringbuf.o(i.ringbufTryRead)
    i.ringbufWriteUnchecked                  0x08006c76   Section        0  tx2_ringbuf.o(i.ringbufWriteUnchecked)
    i.set_SDB_led                            0x08006c98   Section        0  periphery_set.o(i.set_SDB_led)
    i.set_flag                               0x08006d44   Section        0  tx2_can.o(i.set_flag)
    set_flag                                 0x08006d45   Thumb Code    10  tx2_can.o(i.set_flag)
    i.start_ADC                              0x08006d54   Section        0  adc.o(i.start_ADC)
    i.start_PWM                              0x08006d60   Section        0  cooling_circuit.o(i.start_PWM)
    i.start_WS_measure                       0x08006db4   Section        0  wheel_speed.o(i.start_WS_measure)
    i.store_command_with_pec                 0x08006de0   Section        0  ltc6804.o(i.store_command_with_pec)
    i.transmit_packet                        0x08006e00   Section        0  ltc6804.o(i.transmit_packet)
    i.txGetTimeMillis                        0x08006e20   Section        0  can_callback.o(i.txGetTimeMillis)
    i.txHandleCANMessage                     0x08006e28   Section        0  can_callback.o(i.txHandleCANMessage)
    i.txInit                                 0x08006e34   Section        0  tx2_can.o(i.txInit)
    i.txProcess                              0x08006e58   Section        0  tx2_can.o(i.txProcess)
    i.txReceiveCANMessage                    0x08006ed8   Section        0  tx2_can.o(i.txReceiveCANMessage)
    i.txSendCANMessage                       0x08006f30   Section        0  can_callback.o(i.txSendCANMessage)
    i.units_set                              0x08006f6c   Section        0  periphery_set.o(i.units_set)
    .constdata                               0x080070e4   Section       16  system_stm32f1xx.o(.constdata)
    .constdata                               0x080070f4   Section        8  system_stm32f1xx.o(.constdata)
    .data                                    0x20000000   Section       32  adc.o(.data)
    .data                                    0x20000020   Section       56  carstate.o(.data)
    ECUB_Power                               0x20000020   Data           6  carstate.o(.data)
    state                                    0x20000026   Data           1  carstate.o(.data)
    state_notready                           0x20000027   Data           1  carstate.o(.data)
    cs_not_ready_lock                        0x20000028   Data           4  carstate.o(.data)
    cs_latch_write_delay                     0x2000002c   Data           4  carstate.o(.data)
    SDC_measure                              0x20000030   Data           2  carstate.o(.data)
    SDC_error                                0x20000032   Data           1  carstate.o(.data)
    LED_blink_time                           0x20000034   Data           4  carstate.o(.data)
    number_of_bliks                          0x20000038   Data           4  carstate.o(.data)
    ECUP_data                                0x2000003f   Data           6  carstate.o(.data)
    ECUF_Dash_data                           0x20000045   Data           7  carstate.o(.data)
    time_SDC_blink_L                         0x2000004c   Data           4  carstate.o(.data)
    time_SDC_blink_R                         0x20000050   Data           4  carstate.o(.data)
    RTDS_countdowm                           0x20000054   Data           4  carstate.o(.data)
    .data                                    0x20000058   Section       72  cooling_circuit.o(.data)
    pwm_check_bool                           0x20000058   Data           4  cooling_circuit.o(.data)
    .data                                    0x200000a0   Section       12  periphery_set.o(.data)
    pinstate                                 0x200000a0   Data           1  periphery_set.o(.data)
    last_bat_check                           0x200000a4   Data           4  periphery_set.o(.data)
    wait_for_next                            0x200000a8   Data           4  periphery_set.o(.data)
    .data                                    0x200000b0   Section       32  wheel_speed.o(.data)
    .data                                    0x200000d0   Section       69  can_ecub.o(.data)
    .data                                    0x20000118   Section        8  tx2_can.o(.data)
    checktime                                0x20000118   Data           4  tx2_can.o(.data)
    flags                                    0x2000011c   Data           4  tx2_can.o(.data)
    .data                                    0x20000120   Section       10  ltc6804.o(.data)
    .data                                    0x2000012c   Section      408  lvbattery.o(.data)
    .data                                    0x200002c4   Section       28  brake_sensors.o(.data)
    .data                                    0x200002e0   Section        6  main.o(.data)
    .data                                    0x200002e8   Section        4  stm32f1xx_hal_msp.o(.data)
    HAL_RCC_CAN1_CLK_ENABLED                 0x200002e8   Data           4  stm32f1xx_hal_msp.o(.data)
    .data                                    0x200002ec   Section       12  stm32f1xx_hal.o(.data)
    .data                                    0x200002f8   Section        4  system_stm32f1xx.o(.data)
    .bss                                     0x200002fc   Section       18  adc.o(.bss)
    .bss                                     0x20000310   Section       28  can_callback.o(.bss)
    .bss                                     0x2000032c   Section      103  carstate.o(.bss)
    ECUB_Status                              0x2000032c   Data          49  carstate.o(.bss)
    ECUF_Status_data                         0x2000035d   Data          26  carstate.o(.bss)
    ECUA_data                                0x20000377   Data          28  carstate.o(.bss)
    .bss                                     0x20000393   Section       21  cooling_circuit.o(.bss)
    .bss                                     0x200003a8   Section      284  can_ecub.o(.bss)
    .bss                                     0x200004c4   Section      528  tx2_can.o(.bss)
    recv_buf                                 0x200004c4   Data         512  tx2_can.o(.bss)
    recv_rb                                  0x200006c4   Data          16  tx2_can.o(.bss)
    .bss                                     0x200006d4   Section      524  ltc6804.o(.bss)
    .bss                                     0x200008e0   Section       48  lvbattery.o(.bss)
    .bss                                     0x20000910   Section      884  main.o(.bss)
    STACK                                    0x20000c88   Section     1024  startup_stm32f105xc.o(STACK)

    Global Symbols

    Symbol Name                              Value     Ov Type        Size  Object(Section)

    BuildAttributes$$THM_ISAv4$P$D$K$B$S$PE$A:L22UL41UL21$X:L11$S22US41US21$IEEE1$IW$USESV6$~STKCKD$USESV7$~SHL$OSPACE$ROPI$EBA8$MICROLIB$REQ8$PRES8$EABIv2 0x00000000   Number         0  anon$$obj.o ABSOLUTE
    __ARM_use_no_argv                        0x00000000   Number         0  main.o ABSOLUTE
    __cpp_initialize__aeabi_                  - Undefined Weak Reference
    __cxa_finalize                            - Undefined Weak Reference
    _clock_init                               - Undefined Weak Reference
    _microlib_exit                            - Undefined Weak Reference
    __Vectors_Size                           0x00000150   Number         0  startup_stm32f105xc.o ABSOLUTE
    __Vectors                                0x08000000   Data           4  startup_stm32f105xc.o(RESET)
    __Vectors_End                            0x08000150   Data           0  startup_stm32f105xc.o(RESET)
    __main                                   0x08000151   Thumb Code     0  entry.o(.ARM.Collect$$$$00000000)
    _main_stk                                0x08000151   Thumb Code     0  entry2.o(.ARM.Collect$$$$00000001)
    _main_scatterload                        0x08000155   Thumb Code     0  entry5.o(.ARM.Collect$$$$00000004)
    __main_after_scatterload                 0x08000159   Thumb Code     0  entry5.o(.ARM.Collect$$$$00000004)
    _main_clock                              0x08000159   Thumb Code     0  entry7b.o(.ARM.Collect$$$$00000008)
    _main_cpp_init                           0x08000159   Thumb Code     0  entry8b.o(.ARM.Collect$$$$0000000A)
    _main_init                               0x08000159   Thumb Code     0  entry9a.o(.ARM.Collect$$$$0000000B)
    __rt_final_cpp                           0x08000161   Thumb Code     0  entry10a.o(.ARM.Collect$$$$0000000D)
    __rt_final_exit                          0x08000161   Thumb Code     0  entry11a.o(.ARM.Collect$$$$0000000F)
    ltc_tickdelay                            0x08000165   Thumb Code     6  ltc6804.o(.emb_text)
    Reset_Handler                            0x0800016d   Thumb Code     8  startup_stm32f105xc.o(.text)
    ADC1_2_IRQHandler                        0x08000187   Thumb Code     0  startup_stm32f105xc.o(.text)
    DMA1_Channel2_IRQHandler                 0x08000187   Thumb Code     0  startup_stm32f105xc.o(.text)
    DMA1_Channel3_IRQHandler                 0x08000187   Thumb Code     0  startup_stm32f105xc.o(.text)
    DMA1_Channel4_IRQHandler                 0x08000187   Thumb Code     0  startup_stm32f105xc.o(.text)
    DMA1_Channel5_IRQHandler                 0x08000187   Thumb Code     0  startup_stm32f105xc.o(.text)
    DMA1_Channel6_IRQHandler                 0x08000187   Thumb Code     0  startup_stm32f105xc.o(.text)
    DMA1_Channel7_IRQHandler                 0x08000187   Thumb Code     0  startup_stm32f105xc.o(.text)
    DMA2_Channel1_IRQHandler                 0x08000187   Thumb Code     0  startup_stm32f105xc.o(.text)
    DMA2_Channel2_IRQHandler                 0x08000187   Thumb Code     0  startup_stm32f105xc.o(.text)
    DMA2_Channel3_IRQHandler                 0x08000187   Thumb Code     0  startup_stm32f105xc.o(.text)
    DMA2_Channel4_IRQHandler                 0x08000187   Thumb Code     0  startup_stm32f105xc.o(.text)
    DMA2_Channel5_IRQHandler                 0x08000187   Thumb Code     0  startup_stm32f105xc.o(.text)
    EXTI0_IRQHandler                         0x08000187   Thumb Code     0  startup_stm32f105xc.o(.text)
    EXTI15_10_IRQHandler                     0x08000187   Thumb Code     0  startup_stm32f105xc.o(.text)
    EXTI1_IRQHandler                         0x08000187   Thumb Code     0  startup_stm32f105xc.o(.text)
    EXTI2_IRQHandler                         0x08000187   Thumb Code     0  startup_stm32f105xc.o(.text)
    EXTI3_IRQHandler                         0x08000187   Thumb Code     0  startup_stm32f105xc.o(.text)
    EXTI4_IRQHandler                         0x08000187   Thumb Code     0  startup_stm32f105xc.o(.text)
    EXTI9_5_IRQHandler                       0x08000187   Thumb Code     0  startup_stm32f105xc.o(.text)
    FLASH_IRQHandler                         0x08000187   Thumb Code     0  startup_stm32f105xc.o(.text)
    I2C1_ER_IRQHandler                       0x08000187   Thumb Code     0  startup_stm32f105xc.o(.text)
    I2C1_EV_IRQHandler                       0x08000187   Thumb Code     0  startup_stm32f105xc.o(.text)
    I2C2_ER_IRQHandler                       0x08000187   Thumb Code     0  startup_stm32f105xc.o(.text)
    I2C2_EV_IRQHandler                       0x08000187   Thumb Code     0  startup_stm32f105xc.o(.text)
    OTG_FS_IRQHandler                        0x08000187   Thumb Code     0  startup_stm32f105xc.o(.text)
    OTG_FS_WKUP_IRQHandler                   0x08000187   Thumb Code     0  startup_stm32f105xc.o(.text)
    PVD_IRQHandler                           0x08000187   Thumb Code     0  startup_stm32f105xc.o(.text)
    RCC_IRQHandler                           0x08000187   Thumb Code     0  startup_stm32f105xc.o(.text)
    RTC_Alarm_IRQHandler                     0x08000187   Thumb Code     0  startup_stm32f105xc.o(.text)
    RTC_IRQHandler                           0x08000187   Thumb Code     0  startup_stm32f105xc.o(.text)
    SPI1_IRQHandler                          0x08000187   Thumb Code     0  startup_stm32f105xc.o(.text)
    SPI2_IRQHandler                          0x08000187   Thumb Code     0  startup_stm32f105xc.o(.text)
    SPI3_IRQHandler                          0x08000187   Thumb Code     0  startup_stm32f105xc.o(.text)
    TAMPER_IRQHandler                        0x08000187   Thumb Code     0  startup_stm32f105xc.o(.text)
    TIM2_IRQHandler                          0x08000187   Thumb Code     0  startup_stm32f105xc.o(.text)
    TIM4_IRQHandler                          0x08000187   Thumb Code     0  startup_stm32f105xc.o(.text)
    TIM6_IRQHandler                          0x08000187   Thumb Code     0  startup_stm32f105xc.o(.text)
    TIM7_IRQHandler                          0x08000187   Thumb Code     0  startup_stm32f105xc.o(.text)
    UART4_IRQHandler                         0x08000187   Thumb Code     0  startup_stm32f105xc.o(.text)
    UART5_IRQHandler                         0x08000187   Thumb Code     0  startup_stm32f105xc.o(.text)
    USART1_IRQHandler                        0x08000187   Thumb Code     0  startup_stm32f105xc.o(.text)
    USART2_IRQHandler                        0x08000187   Thumb Code     0  startup_stm32f105xc.o(.text)
    USART3_IRQHandler                        0x08000187   Thumb Code     0  startup_stm32f105xc.o(.text)
    WWDG_IRQHandler                          0x08000187   Thumb Code     0  startup_stm32f105xc.o(.text)
    __aeabi_uldivmod                         0x08000191   Thumb Code    98  uldiv.o(.text)
    __aeabi_llsr                             0x080001f3   Thumb Code    32  llushr.o(.text)
    _ll_ushift_r                             0x080001f3   Thumb Code     0  llushr.o(.text)
    __aeabi_memcpy                           0x08000213   Thumb Code    36  memcpya.o(.text)
    __aeabi_memcpy4                          0x08000213   Thumb Code     0  memcpya.o(.text)
    __aeabi_memcpy8                          0x08000213   Thumb Code     0  memcpya.o(.text)
    __aeabi_memset                           0x08000237   Thumb Code    14  memseta.o(.text)
    __aeabi_memset4                          0x08000237   Thumb Code     0  memseta.o(.text)
    __aeabi_memset8                          0x08000237   Thumb Code     0  memseta.o(.text)
    __aeabi_memclr                           0x08000245   Thumb Code     4  memseta.o(.text)
    __aeabi_memclr4                          0x08000245   Thumb Code     0  memseta.o(.text)
    __aeabi_memclr8                          0x08000245   Thumb Code     0  memseta.o(.text)
    _memset$wrapper                          0x08000249   Thumb Code    18  memseta.o(.text)
    memcmp                                   0x0800025b   Thumb Code    26  memcmp.o(.text)
    __aeabi_llsl                             0x08000275   Thumb Code    30  llshl.o(.text)
    _ll_shift_l                              0x08000275   Thumb Code     0  llshl.o(.text)
    __scatterload                            0x08000295   Thumb Code    28  init.o(.text)
    __scatterload_rt2                        0x08000295   Thumb Code     0  init.o(.text)
    __decompress                             0x080002b9   Thumb Code     0  __dczerorl2.o(.text)
    __decompress1                            0x080002b9   Thumb Code    86  __dczerorl2.o(.text)
    ADC_ConversionStop_Disable               0x0800030f   Thumb Code    74  stm32f1xx_hal_adc.o(i.ADC_ConversionStop_Disable)
    ADC_DMAConvCplt                          0x08000359   Thumb Code    78  stm32f1xx_hal_adc.o(i.ADC_DMAConvCplt)
    ADC_DMAError                             0x080003a7   Thumb Code    26  stm32f1xx_hal_adc.o(i.ADC_DMAError)
    ADC_DMAHalfConvCplt                      0x080003c1   Thumb Code    10  stm32f1xx_hal_adc.o(i.ADC_DMAHalfConvCplt)
    ADC_Enable                               0x080003cd   Thumb Code   108  stm32f1xx_hal_adc.o(i.ADC_Enable)
    BusFault_Handler                         0x08000441   Thumb Code     4  stm32f1xx_it.o(i.BusFault_Handler)
    CAN1_RX0_IRQHandler                      0x08000445   Thumb Code    12  stm32f1xx_it.o(i.CAN1_RX0_IRQHandler)
    CAN1_RX1_IRQHandler                      0x08000455   Thumb Code    10  stm32f1xx_it.o(i.CAN1_RX1_IRQHandler)
    CAN1_SCE_IRQHandler                      0x08000465   Thumb Code    10  stm32f1xx_it.o(i.CAN1_SCE_IRQHandler)
    CAN1_TX_IRQHandler                       0x08000475   Thumb Code    10  stm32f1xx_it.o(i.CAN1_TX_IRQHandler)
    CAN2_RX0_IRQHandler                      0x08000485   Thumb Code    12  stm32f1xx_it.o(i.CAN2_RX0_IRQHandler)
    CAN2_RX1_IRQHandler                      0x08000495   Thumb Code    10  stm32f1xx_it.o(i.CAN2_RX1_IRQHandler)
    CAN2_SCE_IRQHandler                      0x080004a5   Thumb Code    10  stm32f1xx_it.o(i.CAN2_SCE_IRQHandler)
    CAN2_TX_IRQHandler                       0x080004b5   Thumb Code    10  stm32f1xx_it.o(i.CAN2_TX_IRQHandler)
    CAN_eforce                               0x080006f3   Thumb Code   288  can_eforce_init.o(i.CAN_eforce)
    Can_WheelSpeed                           0x08000813   Thumb Code     2  wheel_speed.o(i.Can_WheelSpeed)
    Chip_temperature                         0x08000815   Thumb Code     4  adc.o(i.Chip_temperature)
    Cooling_process_intern                   0x08000819   Thumb Code   550  cooling_circuit.o(i.Cooling_process_intern)
    DMA1_Channel1_IRQHandler                 0x08000a49   Thumb Code    10  stm32f1xx_it.o(i.DMA1_Channel1_IRQHandler)
    DebugMon_Handler                         0x08000a85   Thumb Code     2  stm32f1xx_it.o(i.DebugMon_Handler)
    ECUA_decode_Status_s                     0x08000a87   Thumb Code   222  can_ecub.o(i.ECUA_decode_Status_s)
    ECUA_get_Status                          0x08000b65   Thumb Code    54  can_ecub.o(i.ECUA_get_Status)
    ECUB_Cooling_need_to_send                0x08000ba1   Thumb Code    30  can_ecub.o(i.ECUB_Cooling_need_to_send)
    ECUB_GLV_AMS_need_to_send                0x08000bc5   Thumb Code    30  can_ecub.o(i.ECUB_GLV_AMS_need_to_send)
    ECUB_Power_dist_need_to_send             0x08000be9   Thumb Code    30  can_ecub.o(i.ECUB_Power_dist_need_to_send)
    ECUB_Status_need_to_send                 0x08000c0d   Thumb Code    30  can_ecub.o(i.ECUB_Status_need_to_send)
    ECUB_TEMPAux_need_to_send                0x08000c31   Thumb Code    30  can_ecub.o(i.ECUB_TEMPAux_need_to_send)
    ECUB_TEMPSuspR_need_to_send              0x08000c55   Thumb Code    30  can_ecub.o(i.ECUB_TEMPSuspR_need_to_send)
    ECUB_send_Cooling_s                      0x08000c79   Thumb Code   200  can_ecub.o(i.ECUB_send_Cooling_s)
    ECUB_send_GLV_AMS_s                      0x08000d45   Thumb Code   110  can_ecub.o(i.ECUB_send_GLV_AMS_s)
    ECUB_send_Power_dist_s                   0x08000db9   Thumb Code    62  can_ecub.o(i.ECUB_send_Power_dist_s)
    ECUB_send_Status_s                       0x08000dfd   Thumb Code   462  can_ecub.o(i.ECUB_send_Status_s)
    ECUB_send_TEMPAux_s                      0x08000fd1   Thumb Code    50  can_ecub.o(i.ECUB_send_TEMPAux_s)
    ECUB_send_TEMPSuspR_s                    0x08001009   Thumb Code    74  can_ecub.o(i.ECUB_send_TEMPSuspR_s)
    ECUF_decode_Dashboard_s                  0x08001059   Thumb Code    60  can_ecub.o(i.ECUF_decode_Dashboard_s)
    ECUF_decode_Status_s                     0x08001095   Thumb Code   212  can_ecub.o(i.ECUF_decode_Status_s)
    ECUF_get_Dashboard                       0x08001169   Thumb Code    40  can_ecub.o(i.ECUF_get_Dashboard)
    ECUF_get_Status                          0x08001199   Thumb Code    54  can_ecub.o(i.ECUF_get_Status)
    ECUP_decode_Status_s                     0x080011d5   Thumb Code    60  can_ecub.o(i.ECUP_decode_Status_s)
    ECUP_get_Status                          0x08001211   Thumb Code    52  can_ecub.o(i.ECUP_get_Status)
    HAL_ADC_ConfigChannel                    0x0800124d   Thumb Code   250  stm32f1xx_hal_adc.o(i.HAL_ADC_ConfigChannel)
    HAL_ADC_ConvCpltCallback                 0x08001355   Thumb Code    96  adc.o(i.HAL_ADC_ConvCpltCallback)
    HAL_ADC_ConvHalfCpltCallback             0x080013bd   Thumb Code     2  stm32f1xx_hal_adc.o(i.HAL_ADC_ConvHalfCpltCallback)
    HAL_ADC_ErrorCallback                    0x080013bf   Thumb Code     2  stm32f1xx_hal_adc.o(i.HAL_ADC_ErrorCallback)
    HAL_ADC_Init                             0x080013c1   Thumb Code   272  stm32f1xx_hal_adc.o(i.HAL_ADC_Init)
    HAL_ADC_MspInit                          0x080014d9   Thumb Code   130  stm32f1xx_hal_msp.o(i.HAL_ADC_MspInit)
    HAL_ADC_Start_DMA                        0x08001595   Thumb Code   268  stm32f1xx_hal_adc.o(i.HAL_ADC_Start_DMA)
    HAL_CAN_ConfigFilter                     0x080016b5   Thumb Code   256  stm32f1xx_hal_can.o(i.HAL_CAN_ConfigFilter)
    HAL_CAN_ErrorCallback                    0x080017b5   Thumb Code     2  stm32f1xx_hal_can.o(i.HAL_CAN_ErrorCallback)
    HAL_CAN_IRQHandler                       0x080017b9   Thumb Code   490  stm32f1xx_hal_can.o(i.HAL_CAN_IRQHandler)
    HAL_CAN_Init                             0x080019b5   Thumb Code   328  stm32f1xx_hal_can.o(i.HAL_CAN_Init)
    HAL_CAN_MspInit                          0x08001afd   Thumb Code   294  stm32f1xx_hal_msp.o(i.HAL_CAN_MspInit)
    HAL_CAN_Receive                          0x08001c41   Thumb Code   554  stm32f1xx_hal_can.o(i.HAL_CAN_Receive)
    HAL_CAN_Receive_IT                       0x08001e6b   Thumb Code   242  stm32f1xx_hal_can.o(i.HAL_CAN_Receive_IT)
    HAL_CAN_RxCpltCallback                   0x08001f5d   Thumb Code     2  stm32f1xx_hal_can.o(i.HAL_CAN_RxCpltCallback)
    HAL_CAN_Transmit                         0x08001f61   Thumb Code   502  stm32f1xx_hal_can.o(i.HAL_CAN_Transmit)
    HAL_CAN_TxCpltCallback                   0x08002165   Thumb Code     2  stm32f1xx_hal_can.o(i.HAL_CAN_TxCpltCallback)
    HAL_DMA_IRQHandler                       0x08002169   Thumb Code   640  stm32f1xx_hal_dma.o(i.HAL_DMA_IRQHandler)
    HAL_DMA_Init                             0x08002409   Thumb Code   124  stm32f1xx_hal_dma.o(i.HAL_DMA_Init)
    HAL_DMA_Start_IT                         0x08002491   Thumb Code   116  stm32f1xx_hal_dma.o(i.HAL_DMA_Start_IT)
    HAL_Delay                                0x08002505   Thumb Code    32  stm32f1xx_hal.o(i.HAL_Delay)
    HAL_GPIO_Init                            0x08002529   Thumb Code   460  stm32f1xx_hal_gpio.o(i.HAL_GPIO_Init)
    HAL_GPIO_ReadPin                         0x08002715   Thumb Code    14  stm32f1xx_hal_gpio.o(i.HAL_GPIO_ReadPin)
    HAL_GPIO_TogglePin                       0x08002723   Thumb Code     8  stm32f1xx_hal_gpio.o(i.HAL_GPIO_TogglePin)
    HAL_GPIO_WritePin                        0x0800272b   Thumb Code    14  stm32f1xx_hal_gpio.o(i.HAL_GPIO_WritePin)
    HAL_GetTick                              0x08002739   Thumb Code     6  stm32f1xx_hal.o(i.HAL_GetTick)
    HAL_HalfDuplex_Init                      0x08002745   Thumb Code   110  stm32f1xx_hal_uart.o(i.HAL_HalfDuplex_Init)
    HAL_IncTick                              0x080027b5   Thumb Code    12  stm32f1xx_hal.o(i.HAL_IncTick)
    HAL_Init                                 0x080027c5   Thumb Code    32  stm32f1xx_hal.o(i.HAL_Init)
    HAL_InitTick                             0x080027e9   Thumb Code    58  stm32f1xx_hal.o(i.HAL_InitTick)
    HAL_MspInit                              0x0800282d   Thumb Code   118  stm32f1xx_hal_msp.o(i.HAL_MspInit)
    HAL_NVIC_EnableIRQ                       0x080028ad   Thumb Code    22  stm32f1xx_hal_cortex.o(i.HAL_NVIC_EnableIRQ)
    HAL_NVIC_SetPriority                     0x080028c5   Thumb Code    60  stm32f1xx_hal_cortex.o(i.HAL_NVIC_SetPriority)
    HAL_NVIC_SetPriorityGrouping             0x08002905   Thumb Code    26  stm32f1xx_hal_cortex.o(i.HAL_NVIC_SetPriorityGrouping)
    HAL_RCCEx_PeriphCLKConfig                0x08002929   Thumb Code   400  stm32f1xx_hal_rcc_ex.o(i.HAL_RCCEx_PeriphCLKConfig)
    HAL_RCC_ClockConfig                      0x08002ac9   Thumb Code   338  stm32f1xx_hal_rcc.o(i.HAL_RCC_ClockConfig)
    HAL_RCC_GetHCLKFreq                      0x08002c2d   Thumb Code     6  stm32f1xx_hal_rcc.o(i.HAL_RCC_GetHCLKFreq)
    HAL_RCC_GetPCLK1Freq                     0x08002c39   Thumb Code    22  stm32f1xx_hal_rcc.o(i.HAL_RCC_GetPCLK1Freq)
    HAL_RCC_GetPCLK2Freq                     0x08002c59   Thumb Code    22  stm32f1xx_hal_rcc.o(i.HAL_RCC_GetPCLK2Freq)
    HAL_RCC_GetSysClockFreq                  0x08002c79   Thumb Code   162  stm32f1xx_hal_rcc.o(i.HAL_RCC_GetSysClockFreq)
    HAL_RCC_OscConfig                        0x08002d4d   Thumb Code  1066  stm32f1xx_hal_rcc.o(i.HAL_RCC_OscConfig)
    HAL_SPI_Init                             0x08003177   Thumb Code   132  stm32f1xx_hal_spi_ex.o(i.HAL_SPI_Init)
    HAL_SPI_MspInit                          0x080031fd   Thumb Code   136  stm32f1xx_hal_msp.o(i.HAL_SPI_MspInit)
    HAL_SPI_Receive                          0x08003299   Thumb Code   336  stm32f1xx_hal_spi.o(i.HAL_SPI_Receive)
    HAL_SPI_Transmit                         0x080033e9   Thumb Code   380  stm32f1xx_hal_spi.o(i.HAL_SPI_Transmit)
    HAL_SPI_TransmitReceive                  0x08003565   Thumb Code   474  stm32f1xx_hal_spi.o(i.HAL_SPI_TransmitReceive)
    HAL_SYSTICK_CLKSourceConfig              0x0800373f   Thumb Code    28  stm32f1xx_hal_cortex.o(i.HAL_SYSTICK_CLKSourceConfig)
    HAL_SYSTICK_Callback                     0x0800375b   Thumb Code     2  stm32f1xx_hal_cortex.o(i.HAL_SYSTICK_Callback)
    HAL_SYSTICK_Config                       0x0800375d   Thumb Code    40  stm32f1xx_hal_cortex.o(i.HAL_SYSTICK_Config)
    HAL_SYSTICK_IRQHandler                   0x08003785   Thumb Code     8  stm32f1xx_hal_cortex.o(i.HAL_SYSTICK_IRQHandler)
    HAL_TIMEx_BreakCallback                  0x0800378d   Thumb Code     2  stm32f1xx_hal_tim_ex.o(i.HAL_TIMEx_BreakCallback)
    HAL_TIMEx_CommutationCallback            0x0800378f   Thumb Code     2  stm32f1xx_hal_tim_ex.o(i.HAL_TIMEx_CommutationCallback)
    HAL_TIMEx_ConfigBreakDeadTime            0x08003791   Thumb Code    90  stm32f1xx_hal_tim_ex.o(i.HAL_TIMEx_ConfigBreakDeadTime)
    HAL_TIMEx_MasterConfigSynchronization    0x080037eb   Thumb Code    80  stm32f1xx_hal_tim_ex.o(i.HAL_TIMEx_MasterConfigSynchronization)
    HAL_TIM_Base_Init                        0x0800383b   Thumb Code    56  stm32f1xx_hal_tim.o(i.HAL_TIM_Base_Init)
    HAL_TIM_Base_MspInit                     0x08003875   Thumb Code   254  stm32f1xx_hal_msp.o(i.HAL_TIM_Base_MspInit)
    HAL_TIM_ConfigClockSource                0x08003991   Thumb Code   270  stm32f1xx_hal_tim.o(i.HAL_TIM_ConfigClockSource)
    HAL_TIM_IC_CaptureCallback               0x08003aa1   Thumb Code    32  wheel_speed.o(i.HAL_TIM_IC_CaptureCallback)
    HAL_TIM_IC_ConfigChannel                 0x08003ac9   Thumb Code   188  stm32f1xx_hal_tim.o(i.HAL_TIM_IC_ConfigChannel)
    HAL_TIM_IC_Init                          0x08003b85   Thumb Code    56  stm32f1xx_hal_tim.o(i.HAL_TIM_IC_Init)
    HAL_TIM_IC_MspInit                       0x08003bbd   Thumb Code     2  stm32f1xx_hal_tim.o(i.HAL_TIM_IC_MspInit)
    HAL_TIM_IC_Start_IT                      0x08003bbf   Thumb Code    84  stm32f1xx_hal_tim.o(i.HAL_TIM_IC_Start_IT)
    HAL_TIM_IRQHandler                       0x08003c13   Thumb Code   366  stm32f1xx_hal_tim.o(i.HAL_TIM_IRQHandler)
    HAL_TIM_MspPostInit                      0x08003d81   Thumb Code    74  stm32f1xx_hal_msp.o(i.HAL_TIM_MspPostInit)
    HAL_TIM_OC_DelayElapsedCallback          0x08003ddd   Thumb Code     2  stm32f1xx_hal_tim.o(i.HAL_TIM_OC_DelayElapsedCallback)
    HAL_TIM_PWM_ConfigChannel                0x08003ddf   Thumb Code   218  stm32f1xx_hal_tim.o(i.HAL_TIM_PWM_ConfigChannel)
    HAL_TIM_PWM_Init                         0x08003eb9   Thumb Code    56  stm32f1xx_hal_tim.o(i.HAL_TIM_PWM_Init)
    HAL_TIM_PWM_MspInit                      0x08003ef1   Thumb Code     2  stm32f1xx_hal_tim.o(i.HAL_TIM_PWM_MspInit)
    HAL_TIM_PWM_PulseFinishedCallback        0x08003ef3   Thumb Code     2  stm32f1xx_hal_tim.o(i.HAL_TIM_PWM_PulseFinishedCallback)
    HAL_TIM_PWM_Start                        0x08003ef5   Thumb Code    42  stm32f1xx_hal_tim.o(i.HAL_TIM_PWM_Start)
    HAL_TIM_PeriodElapsedCallback            0x08003f25   Thumb Code     2  wheel_speed.o(i.HAL_TIM_PeriodElapsedCallback)
    HAL_TIM_TriggerCallback                  0x08003f27   Thumb Code     2  stm32f1xx_hal_tim.o(i.HAL_TIM_TriggerCallback)
    HAL_UART_Init                            0x08003f29   Thumb Code   100  stm32f1xx_hal_uart.o(i.HAL_UART_Init)
    HAL_UART_MspInit                         0x08003f8d   Thumb Code   116  stm32f1xx_hal_msp.o(i.HAL_UART_MspInit)
    HardFault_Handler                        0x08004011   Thumb Code     4  stm32f1xx_it.o(i.HardFault_Handler)
    LTC_DRV_SPI_CSHigh                       0x08004015   Thumb Code    12  lvbattery.o(i.LTC_DRV_SPI_CSHigh)
    LTC_DRV_SPI_CSLow                        0x08004025   Thumb Code    10  lvbattery.o(i.LTC_DRV_SPI_CSLow)
    LTC_DRV_SPI_Read                         0x08004035   Thumb Code    20  lvbattery.o(i.LTC_DRV_SPI_Read)
    LTC_DRV_SPI_Write                        0x08004051   Thumb Code    16  lvbattery.o(i.LTC_DRV_SPI_Write)
    LTC_Init                                 0x08004065   Thumb Code     4  ltc6804.o(i.LTC_Init)
    LTC_ReadCellVoltageGroups                0x08004069   Thumb Code   402  ltc6804.o(i.LTC_ReadCellVoltageGroups)
    LTC_ReadConfigGroup                      0x08004201   Thumb Code   154  ltc6804.o(i.LTC_ReadConfigGroup)
    LTC_StartCellVoltageConversion           0x080042a1   Thumb Code    38  ltc6804.o(i.LTC_StartCellVoltageConversion)
    LTC_WakeUp                               0x080042cd   Thumb Code    28  ltc6804.o(i.LTC_WakeUp)
    LV_init                                  0x080042e9   Thumb Code    80  lvbattery.o(i.LV_init)
    LV_process                               0x0800434d   Thumb Code   204  lvbattery.o(i.LV_process)
    LV_voltage_recive                        0x08004425   Thumb Code     6  adc.o(i.LV_voltage_recive)
    MCF_decode_GeneralReport_s               0x08004431   Thumb Code   166  can_ecub.o(i.MCF_decode_GeneralReport_s)
    MCF_decode_ThermalMeasuresA_s            0x080044d7   Thumb Code    40  can_ecub.o(i.MCF_decode_ThermalMeasuresA_s)
    MCF_decode_ThermalMeasuresB_s            0x080044ff   Thumb Code    40  can_ecub.o(i.MCF_decode_ThermalMeasuresB_s)
    MCF_get_GeneralReport                    0x08004529   Thumb Code    36  can_ecub.o(i.MCF_get_GeneralReport)
    MCF_get_ThermalMeasuresA                 0x08004551   Thumb Code    40  can_ecub.o(i.MCF_get_ThermalMeasuresA)
    MCF_get_ThermalMeasuresB                 0x08004581   Thumb Code    40  can_ecub.o(i.MCF_get_ThermalMeasuresB)
    MCR_decode_GeneralReport_s               0x080045b1   Thumb Code   166  can_ecub.o(i.MCR_decode_GeneralReport_s)
    MCR_decode_ThermalMeasuresA_s            0x08004657   Thumb Code    40  can_ecub.o(i.MCR_decode_ThermalMeasuresA_s)
    MCR_decode_ThermalMeasuresB_s            0x0800467f   Thumb Code    40  can_ecub.o(i.MCR_decode_ThermalMeasuresB_s)
    MCR_get_GeneralReport                    0x080046a9   Thumb Code    36  can_ecub.o(i.MCR_get_GeneralReport)
    MCR_get_ThermalMeasuresA                 0x080046d1   Thumb Code    40  can_ecub.o(i.MCR_get_ThermalMeasuresA)
    MCR_get_ThermalMeasuresB                 0x08004701   Thumb Code    40  can_ecub.o(i.MCR_get_ThermalMeasuresB)
    MemManage_Handler                        0x08004fa5   Thumb Code     4  stm32f1xx_it.o(i.MemManage_Handler)
    NMI_Handler                              0x08004fa9   Thumb Code     2  stm32f1xx_it.o(i.NMI_Handler)
    PendSV_Handler                           0x08004fcb   Thumb Code     2  stm32f1xx_it.o(i.PendSV_Handler)
    SVC_Handler                              0x080050a9   Thumb Code     2  stm32f1xx_it.o(i.SVC_Handler)
    SysTick_Handler                          0x080050f5   Thumb Code    12  stm32f1xx_it.o(i.SysTick_Handler)
    SystemClock_Config                       0x08005101   Thumb Code   164  main.o(i.SystemClock_Config)
    SystemInit                               0x080051b9   Thumb Code    68  system_stm32f1xx.o(i.SystemInit)
    TIM1_BRK_IRQHandler                      0x0800520d   Thumb Code    10  stm32f1xx_it.o(i.TIM1_BRK_IRQHandler)
    TIM1_CC_IRQHandler                       0x0800521d   Thumb Code    10  stm32f1xx_it.o(i.TIM1_CC_IRQHandler)
    TIM1_TRG_COM_IRQHandler                  0x0800522d   Thumb Code    10  stm32f1xx_it.o(i.TIM1_TRG_COM_IRQHandler)
    TIM1_UP_IRQHandler                       0x0800523d   Thumb Code    10  stm32f1xx_it.o(i.TIM1_UP_IRQHandler)
    TIM3_IRQHandler                          0x0800524d   Thumb Code    10  stm32f1xx_it.o(i.TIM3_IRQHandler)
    TIM5_IRQHandler                          0x0800525d   Thumb Code    10  stm32f1xx_it.o(i.TIM5_IRQHandler)
    TIM_Base_SetConfig                       0x0800526d   Thumb Code   104  stm32f1xx_hal_tim.o(i.TIM_Base_SetConfig)
    TIM_CCxChannelCmd                        0x080052e5   Thumb Code    22  stm32f1xx_hal_tim.o(i.TIM_CCxChannelCmd)
    TIM_OC2_SetConfig                        0x08005381   Thumb Code    94  stm32f1xx_hal_tim.o(i.TIM_OC2_SetConfig)
    TIM_TI1_SetConfig                        0x080054b1   Thumb Code    82  stm32f1xx_hal_tim.o(i.TIM_TI1_SetConfig)
    UsageFault_Handler                       0x08005775   Thumb Code     4  stm32f1xx_it.o(i.UsageFault_Handler)
    VDCU_decode_Status_s                     0x08005779   Thumb Code   106  can_ecub.o(i.VDCU_decode_Status_s)
    VDCU_get_Status                          0x080057e5   Thumb Code    56  can_ecub.o(i.VDCU_get_Status)
    _Error_Handler                           0x08005821   Thumb Code     4  main.o(i._Error_Handler)
    __scatterload_copy                       0x08005825   Thumb Code    14  handlers.o(i.__scatterload_copy)
    __scatterload_null                       0x08005833   Thumb Code     2  handlers.o(i.__scatterload_null)
    __scatterload_zeroinit                   0x08005835   Thumb Code    14  handlers.o(i.__scatterload_zeroinit)
    aux_set                                  0x08005845   Thumb Code   210  periphery_set.o(i.aux_set)
    blink_SDB                                0x08005921   Thumb Code   188  carstate.o(i.blink_SDB)
    blink_led                                0x080059e9   Thumb Code    76  carstate.o(i.blink_led)
    brake_sens_init                          0x08005a41   Thumb Code   126  brake_sensors.o(i.brake_sens_init)
    brake_sens_process                       0x08005ac9   Thumb Code   278  brake_sensors.o(i.brake_sens_process)
    brake_set                                0x08005be9   Thumb Code    34  brakelight.o(i.brake_set)
    brakelightprocess                        0x08005c11   Thumb Code    52  brakelight.o(i.brakelightprocess)
    canInitMsgStatus                         0x08005c45   Thumb Code    14  tx2_can.o(i.canInitMsgStatus)
    canUpdateMsgStatusOnReceive              0x08005c53   Thumb Code    24  tx2_can.o(i.canUpdateMsgStatusOnReceive)
    candbHandleMessage                       0x08005c6d   Thumb Code   514  can_ecub.o(i.candbHandleMessage)
    candbInit                                0x08005e7d   Thumb Code   136  can_ecub.o(i.candbInit)
    carstate_init                            0x08005f11   Thumb Code    22  carstate.o(i.carstate_init)
    carstate_process                         0x08005f39   Thumb Code   784  carstate.o(i.carstate_process)
    change_to_NOT_READY                      0x0800627d   Thumb Code   118  carstate.o(i.change_to_NOT_READY)
    check_mess                               0x08006315   Thumb Code    70  carstate.o(i.check_mess)
    config_spi                               0x08006369   Thumb Code    82  brake_sensors.o(i.config_spi)
    config_spi_LV                            0x080063d9   Thumb Code    88  lvbattery.o(i.config_spi_LV)
    cooling_poccess                          0x08006449   Thumb Code   132  adc.o(i.cooling_poccess)
    fan_pwm_process                          0x080064d1   Thumb Code    58  cooling_circuit.o(i.fan_pwm_process)
    get_can_state                            0x08006515   Thumb Code     4  carstate.o(i.get_can_state)
    get_state                                0x0800651d   Thumb Code     4  carstate.o(i.get_state)
    init_PEC15_Table                         0x08006525   Thumb Code    48  ltc6804.o(i.init_PEC15_Table)
    main                                     0x08006559   Thumb Code   418  main.o(i.main)
    measure_SDC                              0x08006741   Thumb Code   414  carstate.o(i.measure_SDC)
    paritycheck                              0x080068fd   Thumb Code   398  carstate.o(i.paritycheck)
    pec15                                    0x08006a95   Thumb Code    44  ltc6804.o(i.pec15)
    pec_is_ok                                0x08006ac5   Thumb Code    32  ltc6804.o(i.pec_is_ok)
    play_RTDS                                0x08006ae9   Thumb Code    72  carstate.o(i.play_RTDS)
    pump_pwm_process                         0x08006b39   Thumb Code    62  cooling_circuit.o(i.pump_pwm_process)
    pwm_check                                0x08006b81   Thumb Code   116  cooling_circuit.o(i.pwm_check)
    receive_packet                           0x08006c05   Thumb Code    26  ltc6804.o(i.receive_packet)
    ringbufCanWrite                          0x08006c25   Thumb Code    40  tx2_ringbuf.o(i.ringbufCanWrite)
    ringbufTryRead                           0x08006c4d   Thumb Code    42  tx2_ringbuf.o(i.ringbufTryRead)
    ringbufWriteUnchecked                    0x08006c77   Thumb Code    32  tx2_ringbuf.o(i.ringbufWriteUnchecked)
    set_SDB_led                              0x08006c99   Thumb Code   166  periphery_set.o(i.set_SDB_led)
    start_ADC                                0x08006d55   Thumb Code     8  adc.o(i.start_ADC)
    start_PWM                                0x08006d61   Thumb Code    82  cooling_circuit.o(i.start_PWM)
    start_WS_measure                         0x08006db5   Thumb Code    30  wheel_speed.o(i.start_WS_measure)
    store_command_with_pec                   0x08006de1   Thumb Code    26  ltc6804.o(i.store_command_with_pec)
    transmit_packet                          0x08006e01   Thumb Code    26  ltc6804.o(i.transmit_packet)
    txGetTimeMillis                          0x08006e21   Thumb Code     8  can_callback.o(i.txGetTimeMillis)
    txHandleCANMessage                       0x08006e29   Thumb Code    10  can_callback.o(i.txHandleCANMessage)
    txInit                                   0x08006e35   Thumb Code    28  tx2_can.o(i.txInit)
    txProcess                                0x08006e59   Thumb Code   120  tx2_can.o(i.txProcess)
    txReceiveCANMessage                      0x08006ed9   Thumb Code    82  tx2_can.o(i.txReceiveCANMessage)
    txSendCANMessage                         0x08006f31   Thumb Code    52  can_callback.o(i.txSendCANMessage)
    units_set                                0x08006f6d   Thumb Code   354  periphery_set.o(i.units_set)
    AHBPrescTable                            0x080070e4   Data          16  system_stm32f1xx.o(.constdata)
    APBPrescTable                            0x080070f4   Data           8  system_stm32f1xx.o(.constdata)
    Region$$Table$$Base                      0x080070fc   Number         0  anon$$obj.o(Region$$Table)
    Region$$Table$$Limit                     0x0800711c   Number         0  anon$$obj.o(Region$$Table)
    ECUB_TEMP_AUX                            0x20000000   Data           4  adc.o(.data)
    ntc0_value                               0x20000004   Data           4  adc.o(.data)
    ntc1_value                               0x20000008   Data           4  adc.o(.data)
    ntc2_value                               0x2000000c   Data           4  adc.o(.data)
    ntc3_value                               0x20000010   Data           4  adc.o(.data)
    ecua_u_value                             0x20000014   Data           4  adc.o(.data)
    lv_bat_u_value                           0x20000018   Data           4  adc.o(.data)
    service_box_u_value                      0x2000001c   Data           4  adc.o(.data)
    parity_check_summ                        0x2000003c   Data           1  carstate.o(.data)
    parity_for                               0x2000003d   Data           1  carstate.o(.data)
    SDC_parity_control                       0x2000003e   Data           1  carstate.o(.data)
    max_engine_temperature                   0x2000005c   Data           4  cooling_circuit.o(.data)
    max_sensors_after_engine_temperature     0x20000060   Data           4  cooling_circuit.o(.data)
    min_sensors_before_engine_temperature    0x20000064   Data           4  cooling_circuit.o(.data)
    new_pwm_value                            0x20000068   Data           4  cooling_circuit.o(.data)
    additional_pwm_value                     0x2000006c   Data           4  cooling_circuit.o(.data)
    last_temp_check_SensorsSensors_diff      0x20000070   Data           4  cooling_circuit.o(.data)
    last_temp_check_EngineSensors_diff       0x20000074   Data           4  cooling_circuit.o(.data)
    MCR_Engine_A                             0x20000078   Data           7  cooling_circuit.o(.data)
    MCR_Engine_B                             0x2000007f   Data           7  cooling_circuit.o(.data)
    MCF_Engine_A                             0x20000086   Data           7  cooling_circuit.o(.data)
    MCF_Engine_B                             0x2000008d   Data           7  cooling_circuit.o(.data)
    last_temp_check_time                     0x20000098   Data           8  cooling_circuit.o(.data)
    i                                        0x200000b0   Data           4  wheel_speed.o(.data)
    key                                      0x200000b4   Data           4  wheel_speed.o(.data)
    j                                        0x200000b8   Data           4  wheel_speed.o(.data)
    temp                                     0x200000bc   Data           4  wheel_speed.o(.data)
    average                                  0x200000c0   Data           8  wheel_speed.o(.data)
    perimeter                                0x200000c8   Data           8  wheel_speed.o(.data)
    ECUB_Status_last_sent                    0x200000d0   Data           4  can_ecub.o(.data)
    ECUB_Wheelspeed_last_sent                0x200000d4   Data           4  can_ecub.o(.data)
    ECUB_GLV_AMS_last_sent                   0x200000d8   Data           4  can_ecub.o(.data)
    ECUB_Cooling_last_sent                   0x200000dc   Data           4  can_ecub.o(.data)
    ECUB_Power_dist_last_sent                0x200000e0   Data           4  can_ecub.o(.data)
    ECUB_TEMPSuspR_last_sent                 0x200000e4   Data           4  can_ecub.o(.data)
    ECUB_TEMPAux_last_sent                   0x200000e8   Data           4  can_ecub.o(.data)
    ECUP_Status_data                         0x200000ec   Data           6  can_ecub.o(.data)
    ECUF_Dashboard_data                      0x200000f2   Data           7  can_ecub.o(.data)
    MCF_ThermalMeasuresA_data                0x200000f9   Data           7  can_ecub.o(.data)
    MCF_ThermalMeasuresB_data                0x20000100   Data           7  can_ecub.o(.data)
    MCR_ThermalMeasuresA_data                0x20000107   Data           7  can_ecub.o(.data)
    MCR_ThermalMeasuresB_data                0x2000010e   Data           7  can_ecub.o(.data)
    CmdAddress                               0x20000120   Data           2  ltc6804.o(.data)
    rxbuffer                                 0x20000122   Data           8  ltc6804.o(.data)
    recive_data                              0x2000012c   Data           1  lvbattery.o(.data)
    array_possicion                          0x20000130   Data           4  lvbattery.o(.data)
    calibration_constant                     0x20000134   Data         400  lvbattery.o(.data)
    config_register_write                    0x200002c4   Data           2  brake_sensors.o(.data)
    temperatureleft                          0x200002c8   Data           4  brake_sensors.o(.data)
    temperatureright                         0x200002cc   Data           4  brake_sensors.o(.data)
    recived_data                             0x200002d0   Data           8  brake_sensors.o(.data)
    ECUB_TEMP                                0x200002d8   Data           8  brake_sensors.o(.data)
    ECUB_POW                                 0x200002e0   Data           6  main.o(.data)
    uwTickFreq                               0x200002ec   Data           1  stm32f1xx_hal.o(.data)
    uwTickPrio                               0x200002f0   Data           4  stm32f1xx_hal.o(.data)
    uwTick                                   0x200002f4   Data           4  stm32f1xx_hal.o(.data)
    SystemCoreClock                          0x200002f8   Data           4  system_stm32f1xx.o(.data)
    adc_measurement                          0x200002fc   Data          18  adc.o(.bss)
    txMsg                                    0x20000310   Data          28  can_callback.o(.bss)
    ECUB_COOL                                0x20000393   Data          21  cooling_circuit.o(.bss)
    ECUA_Status_status                       0x200003a8   Data          16  can_ecub.o(.bss)
    ECUA_Status_data                         0x200003b8   Data          28  can_ecub.o(.bss)
    ECUF_Status_status                       0x200003d4   Data          16  can_ecub.o(.bss)
    ECUF_Status_data                         0x200003e4   Data          26  can_ecub.o(.bss)
    ECUF_Dashboard_status                    0x20000400   Data          16  can_ecub.o(.bss)
    ECUP_Status_status                       0x20000410   Data          16  can_ecub.o(.bss)
    MCF_GeneralReport_status                 0x20000420   Data          16  can_ecub.o(.bss)
    MCF_GeneralReport_data                   0x20000430   Data          20  can_ecub.o(.bss)
    MCF_ThermalMeasuresA_status              0x20000444   Data          16  can_ecub.o(.bss)
    MCF_ThermalMeasuresB_status              0x20000454   Data          16  can_ecub.o(.bss)
    MCR_GeneralReport_status                 0x20000464   Data          16  can_ecub.o(.bss)
    MCR_GeneralReport_data                   0x20000474   Data          20  can_ecub.o(.bss)
    MCR_ThermalMeasuresA_status              0x20000488   Data          16  can_ecub.o(.bss)
    MCR_ThermalMeasuresB_status              0x20000498   Data          16  can_ecub.o(.bss)
    VDCU_Status_status                       0x200004a8   Data          16  can_ecub.o(.bss)
    VDCU_Status_data                         0x200004b8   Data          12  can_ecub.o(.bss)
    pec15Table                               0x200006d4   Data         512  ltc6804.o(.bss)
    txbuffer                                 0x200008d4   Data          12  ltc6804.o(.bss)
    ECUB_GLV                                 0x200008e0   Data          12  lvbattery.o(.bss)
    LV_Config_struct                         0x200008ec   Data          12  lvbattery.o(.bss)
    VoltageList                              0x200008f8   Data          24  lvbattery.o(.bss)
    hadc1                                    0x20000910   Data          48  main.o(.bss)
    hdma_adc1                                0x20000940   Data          68  main.o(.bss)
    hcan1                                    0x20000984   Data          68  main.o(.bss)
    hcan2                                    0x200009c8   Data          68  main.o(.bss)
    hspi1                                    0x20000a0c   Data          88  main.o(.bss)
    hspi2                                    0x20000a64   Data          88  main.o(.bss)
    htim1                                    0x20000abc   Data          64  main.o(.bss)
    htim2                                    0x20000afc   Data          64  main.o(.bss)
    htim3                                    0x20000b3c   Data          64  main.o(.bss)
    htim5                                    0x20000b7c   Data          64  main.o(.bss)
    huart4                                   0x20000bbc   Data          64  main.o(.bss)
    huart5                                   0x20000bfc   Data          64  main.o(.bss)
    canRxMsg1                                0x20000c3c   Data          36  main.o(.bss)
    canRxMsg2                                0x20000c60   Data          36  main.o(.bss)
    __initial_sp                             0x20001088   Data           0  startup_stm32f105xc.o(STACK)



==============================================================================

Memory Map of the image

  Image Entry point : 0x08000151

  Load Region LR_IROM1 (Base: 0x08000000, Size: 0x00007418, Max: 0x00040000, ABSOLUTE, COMPRESSED[0x000071f8])

    Execution Region ER_IROM1 (Exec base: 0x08000000, Load base: 0x08000000, Size: 0x0000711c, Max: 0x00040000, ABSOLUTE)

    Exec Addr    Load Addr    Size         Type   Attr      Idx    E Section Name        Object

    0x08000000   0x08000000   0x00000150   Data   RO            3    RESET               startup_stm32f105xc.o
    0x08000150   0x08000150   0x00000000   Code   RO         4863  * .ARM.Collect$$$$00000000  mc_w.l(entry.o)
    0x08000150   0x08000150   0x00000004   Code   RO         4884    .ARM.Collect$$$$00000001  mc_w.l(entry2.o)
    0x08000154   0x08000154   0x00000004   Code   RO         4887    .ARM.Collect$$$$00000004  mc_w.l(entry5.o)
    0x08000158   0x08000158   0x00000000   Code   RO         4889    .ARM.Collect$$$$00000008  mc_w.l(entry7b.o)
    0x08000158   0x08000158   0x00000000   Code   RO         4891    .ARM.Collect$$$$0000000A  mc_w.l(entry8b.o)
    0x08000158   0x08000158   0x00000008   Code   RO         4892    .ARM.Collect$$$$0000000B  mc_w.l(entry9a.o)
    0x08000160   0x08000160   0x00000000   Code   RO         4894    .ARM.Collect$$$$0000000D  mc_w.l(entry10a.o)
    0x08000160   0x08000160   0x00000000   Code   RO         4896    .ARM.Collect$$$$0000000F  mc_w.l(entry11a.o)
    0x08000160   0x08000160   0x00000004   Code   RO         4885    .ARM.Collect$$$$00002712  mc_w.l(entry2.o)
    0x08000164   0x08000164   0x00000006   Code   RO         1095    .emb_text           ltc6804.o
    0x0800016a   0x0800016a   0x00000002   PAD
    0x0800016c   0x0800016c   0x00000024   Code   RO            4    .text               startup_stm32f105xc.o
    0x08000190   0x08000190   0x00000062   Code   RO         4866    .text               mc_w.l(uldiv.o)
    0x080001f2   0x080001f2   0x00000020   Code   RO         4868    .text               mc_w.l(llushr.o)
    0x08000212   0x08000212   0x00000024   Code   RO         4870    .text               mc_w.l(memcpya.o)
    0x08000236   0x08000236   0x00000024   Code   RO         4872    .text               mc_w.l(memseta.o)
    0x0800025a   0x0800025a   0x0000001a   Code   RO         4874    .text               mc_w.l(memcmp.o)
    0x08000274   0x08000274   0x0000001e   Code   RO         4898    .text               mc_w.l(llshl.o)
    0x08000292   0x08000292   0x00000002   PAD
    0x08000294   0x08000294   0x00000024   Code   RO         4903    .text               mc_w.l(init.o)
    0x080002b8   0x080002b8   0x00000056   Code   RO         4913    .text               mc_w.l(__dczerorl2.o)
    0x0800030e   0x0800030e   0x0000004a   Code   RO         1932    i.ADC_ConversionStop_Disable  stm32f1xx_hal_adc.o
    0x08000358   0x08000358   0x0000004e   Code   RO         1933    i.ADC_DMAConvCplt   stm32f1xx_hal_adc.o
    0x080003a6   0x080003a6   0x0000001a   Code   RO         1934    i.ADC_DMAError      stm32f1xx_hal_adc.o
    0x080003c0   0x080003c0   0x0000000a   Code   RO         1935    i.ADC_DMAHalfConvCplt  stm32f1xx_hal_adc.o
    0x080003ca   0x080003ca   0x00000002   PAD
    0x080003cc   0x080003cc   0x00000074   Code   RO         1936    i.ADC_Enable        stm32f1xx_hal_adc.o
    0x08000440   0x08000440   0x00000004   Code   RO         1571    i.BusFault_Handler  stm32f1xx_it.o
    0x08000444   0x08000444   0x00000010   Code   RO         1572    i.CAN1_RX0_IRQHandler  stm32f1xx_it.o
    0x08000454   0x08000454   0x00000010   Code   RO         1573    i.CAN1_RX1_IRQHandler  stm32f1xx_it.o
    0x08000464   0x08000464   0x00000010   Code   RO         1574    i.CAN1_SCE_IRQHandler  stm32f1xx_it.o
    0x08000474   0x08000474   0x00000010   Code   RO         1575    i.CAN1_TX_IRQHandler  stm32f1xx_it.o
    0x08000484   0x08000484   0x00000010   Code   RO         1576    i.CAN2_RX0_IRQHandler  stm32f1xx_it.o
    0x08000494   0x08000494   0x00000010   Code   RO         1577    i.CAN2_RX1_IRQHandler  stm32f1xx_it.o
    0x080004a4   0x080004a4   0x00000010   Code   RO         1578    i.CAN2_SCE_IRQHandler  stm32f1xx_it.o
    0x080004b4   0x080004b4   0x00000010   Code   RO         1579    i.CAN2_TX_IRQHandler  stm32f1xx_it.o
    0x080004c4   0x080004c4   0x00000064   Code   RO         1580    i.CAN_HandleRX0IRQ  stm32f1xx_it.o
    0x08000528   0x08000528   0x0000000a   Code   RO         1581    i.CAN_HandleSCEIRQ  stm32f1xx_it.o
    0x08000532   0x08000532   0x00000026   Code   RO         1582    i.CAN_HandleTXIRQ   stm32f1xx_it.o
    0x08000558   0x08000558   0x00000146   Code   RO         2208    i.CAN_Receive_IT    stm32f1xx_hal_can.o
    0x0800069e   0x0800069e   0x00000054   Code   RO         2209    i.CAN_Transmit_IT   stm32f1xx_hal_can.o
    0x080006f2   0x080006f2   0x00000120   Code   RO          286    i.CAN_eforce        can_eforce_init.o
    0x08000812   0x08000812   0x00000002   Code   RO          519    i.Can_WheelSpeed    wheel_speed.o
    0x08000814   0x08000814   0x00000004   Code   RO           13    i.Chip_temperature  adc.o
    0x08000818   0x08000818   0x00000230   Code   RO          417    i.Cooling_process_intern  cooling_circuit.o
    0x08000a48   0x08000a48   0x00000010   Code   RO         1583    i.DMA1_Channel1_IRQHandler  stm32f1xx_it.o
    0x08000a58   0x08000a58   0x0000002c   Code   RO         4282    i.DMA_SetConfig     stm32f1xx_hal_dma.o
    0x08000a84   0x08000a84   0x00000002   Code   RO         1584    i.DebugMon_Handler  stm32f1xx_it.o
    0x08000a86   0x08000a86   0x000000de   Code   RO          584    i.ECUA_decode_Status_s  can_ecub.o
    0x08000b64   0x08000b64   0x0000003c   Code   RO          585    i.ECUA_get_Status   can_ecub.o
    0x08000ba0   0x08000ba0   0x00000024   Code   RO          586    i.ECUB_Cooling_need_to_send  can_ecub.o
    0x08000bc4   0x08000bc4   0x00000024   Code   RO          587    i.ECUB_GLV_AMS_need_to_send  can_ecub.o
    0x08000be8   0x08000be8   0x00000024   Code   RO          588    i.ECUB_Power_dist_need_to_send  can_ecub.o
    0x08000c0c   0x08000c0c   0x00000024   Code   RO          589    i.ECUB_Status_need_to_send  can_ecub.o
    0x08000c30   0x08000c30   0x00000024   Code   RO          590    i.ECUB_TEMPAux_need_to_send  can_ecub.o
    0x08000c54   0x08000c54   0x00000024   Code   RO          591    i.ECUB_TEMPSuspR_need_to_send  can_ecub.o
    0x08000c78   0x08000c78   0x000000cc   Code   RO          594    i.ECUB_send_Cooling_s  can_ecub.o
    0x08000d44   0x08000d44   0x00000074   Code   RO          596    i.ECUB_send_GLV_AMS_s  can_ecub.o
    0x08000db8   0x08000db8   0x00000044   Code   RO          598    i.ECUB_send_Power_dist_s  can_ecub.o
    0x08000dfc   0x08000dfc   0x000001d4   Code   RO          600    i.ECUB_send_Status_s  can_ecub.o
    0x08000fd0   0x08000fd0   0x00000038   Code   RO          602    i.ECUB_send_TEMPAux_s  can_ecub.o
    0x08001008   0x08001008   0x00000050   Code   RO          604    i.ECUB_send_TEMPSuspR_s  can_ecub.o
    0x08001058   0x08001058   0x0000003c   Code   RO          610    i.ECUF_decode_Dashboard_s  can_ecub.o
    0x08001094   0x08001094   0x000000d4   Code   RO          612    i.ECUF_decode_Status_s  can_ecub.o
    0x08001168   0x08001168   0x00000030   Code   RO          613    i.ECUF_get_Dashboard  can_ecub.o
    0x08001198   0x08001198   0x0000003c   Code   RO          614    i.ECUF_get_Status   can_ecub.o
    0x080011d4   0x080011d4   0x0000003c   Code   RO          617    i.ECUP_decode_Status_s  can_ecub.o
    0x08001210   0x08001210   0x0000003c   Code   RO          618    i.ECUP_get_Status   can_ecub.o
    0x0800124c   0x0800124c   0x00000108   Code   RO         1938    i.HAL_ADC_ConfigChannel  stm32f1xx_hal_adc.o
    0x08001354   0x08001354   0x00000068   Code   RO           14    i.HAL_ADC_ConvCpltCallback  adc.o
    0x080013bc   0x080013bc   0x00000002   Code   RO         1940    i.HAL_ADC_ConvHalfCpltCallback  stm32f1xx_hal_adc.o
    0x080013be   0x080013be   0x00000002   Code   RO         1942    i.HAL_ADC_ErrorCallback  stm32f1xx_hal_adc.o
    0x080013c0   0x080013c0   0x00000118   Code   RO         1947    i.HAL_ADC_Init      stm32f1xx_hal_adc.o
    0x080014d8   0x080014d8   0x000000bc   Code   RO         1753    i.HAL_ADC_MspInit   stm32f1xx_hal_msp.o
    0x08001594   0x08001594   0x00000120   Code   RO         1954    i.HAL_ADC_Start_DMA  stm32f1xx_hal_adc.o
    0x080016b4   0x080016b4   0x00000100   Code   RO         2210    i.HAL_CAN_ConfigFilter  stm32f1xx_hal_can.o
    0x080017b4   0x080017b4   0x00000002   Code   RO         2212    i.HAL_CAN_ErrorCallback  stm32f1xx_hal_can.o
    0x080017b6   0x080017b6   0x00000002   PAD
    0x080017b8   0x080017b8   0x000001fc   Code   RO         2215    i.HAL_CAN_IRQHandler  stm32f1xx_hal_can.o
    0x080019b4   0x080019b4   0x00000148   Code   RO         2216    i.HAL_CAN_Init      stm32f1xx_hal_can.o
    0x08001afc   0x08001afc   0x00000144   Code   RO         1755    i.HAL_CAN_MspInit   stm32f1xx_hal_msp.o
    0x08001c40   0x08001c40   0x0000022a   Code   RO         2219    i.HAL_CAN_Receive   stm32f1xx_hal_can.o
    0x08001e6a   0x08001e6a   0x000000f2   Code   RO         2220    i.HAL_CAN_Receive_IT  stm32f1xx_hal_can.o
    0x08001f5c   0x08001f5c   0x00000002   Code   RO         2221    i.HAL_CAN_RxCpltCallback  stm32f1xx_hal_can.o
    0x08001f5e   0x08001f5e   0x00000002   PAD
    0x08001f60   0x08001f60   0x00000204   Code   RO         2223    i.HAL_CAN_Transmit  stm32f1xx_hal_can.o
    0x08002164   0x08002164   0x00000002   Code   RO         2225    i.HAL_CAN_TxCpltCallback  stm32f1xx_hal_can.o
    0x08002166   0x08002166   0x00000002   PAD
    0x08002168   0x08002168   0x000002a0   Code   RO         4288    i.HAL_DMA_IRQHandler  stm32f1xx_hal_dma.o
    0x08002408   0x08002408   0x00000088   Code   RO         4289    i.HAL_DMA_Init      stm32f1xx_hal_dma.o
    0x08002490   0x08002490   0x00000074   Code   RO         4293    i.HAL_DMA_Start_IT  stm32f1xx_hal_dma.o
    0x08002504   0x08002504   0x00000024   Code   RO         3897    i.HAL_Delay         stm32f1xx_hal.o
    0x08002528   0x08002528   0x000001ec   Code   RO         4219    i.HAL_GPIO_Init     stm32f1xx_hal_gpio.o
    0x08002714   0x08002714   0x0000000e   Code   RO         4221    i.HAL_GPIO_ReadPin  stm32f1xx_hal_gpio.o
    0x08002722   0x08002722   0x00000008   Code   RO         4222    i.HAL_GPIO_TogglePin  stm32f1xx_hal_gpio.o
    0x0800272a   0x0800272a   0x0000000e   Code   RO         4223    i.HAL_GPIO_WritePin  stm32f1xx_hal_gpio.o
    0x08002738   0x08002738   0x0000000c   Code   RO         3901    i.HAL_GetTick       stm32f1xx_hal.o
    0x08002744   0x08002744   0x0000006e   Code   RO         3561    i.HAL_HalfDuplex_Init  stm32f1xx_hal_uart.o
    0x080027b2   0x080027b2   0x00000002   PAD
    0x080027b4   0x080027b4   0x00000010   Code   RO         3905    i.HAL_IncTick       stm32f1xx_hal.o
    0x080027c4   0x080027c4   0x00000024   Code   RO         3906    i.HAL_Init          stm32f1xx_hal.o
    0x080027e8   0x080027e8   0x00000044   Code   RO         3907    i.HAL_InitTick      stm32f1xx_hal.o
    0x0800282c   0x0800282c   0x00000080   Code   RO         1756    i.HAL_MspInit       stm32f1xx_hal_msp.o
    0x080028ac   0x080028ac   0x00000016   Code   RO         4379    i.HAL_NVIC_EnableIRQ  stm32f1xx_hal_cortex.o
    0x080028c2   0x080028c2   0x00000002   PAD
    0x080028c4   0x080028c4   0x00000040   Code   RO         4385    i.HAL_NVIC_SetPriority  stm32f1xx_hal_cortex.o
    0x08002904   0x08002904   0x00000024   Code   RO         4386    i.HAL_NVIC_SetPriorityGrouping  stm32f1xx_hal_cortex.o
    0x08002928   0x08002928   0x000001a0   Code   RO         4162    i.HAL_RCCEx_PeriphCLKConfig  stm32f1xx_hal_rcc_ex.o
    0x08002ac8   0x08002ac8   0x00000164   Code   RO         4050    i.HAL_RCC_ClockConfig  stm32f1xx_hal_rcc.o
    0x08002c2c   0x08002c2c   0x0000000c   Code   RO         4055    i.HAL_RCC_GetHCLKFreq  stm32f1xx_hal_rcc.o
    0x08002c38   0x08002c38   0x00000020   Code   RO         4057    i.HAL_RCC_GetPCLK1Freq  stm32f1xx_hal_rcc.o
    0x08002c58   0x08002c58   0x00000020   Code   RO         4058    i.HAL_RCC_GetPCLK2Freq  stm32f1xx_hal_rcc.o
    0x08002c78   0x08002c78   0x000000d4   Code   RO         4059    i.HAL_RCC_GetSysClockFreq  stm32f1xx_hal_rcc.o
    0x08002d4c   0x08002d4c   0x0000042a   Code   RO         4062    i.HAL_RCC_OscConfig  stm32f1xx_hal_rcc.o
    0x08003176   0x08003176   0x00000084   Code   RO         2661    i.HAL_SPI_Init      stm32f1xx_hal_spi_ex.o
    0x080031fa   0x080031fa   0x00000002   PAD
    0x080031fc   0x080031fc   0x0000009c   Code   RO         1758    i.HAL_SPI_MspInit   stm32f1xx_hal_msp.o
    0x08003298   0x08003298   0x00000150   Code   RO         2352    i.HAL_SPI_Receive   stm32f1xx_hal_spi.o
    0x080033e8   0x080033e8   0x0000017c   Code   RO         2357    i.HAL_SPI_Transmit  stm32f1xx_hal_spi.o
    0x08003564   0x08003564   0x000001da   Code   RO         2358    i.HAL_SPI_TransmitReceive  stm32f1xx_hal_spi.o
    0x0800373e   0x0800373e   0x0000001c   Code   RO         4388    i.HAL_SYSTICK_CLKSourceConfig  stm32f1xx_hal_cortex.o
    0x0800375a   0x0800375a   0x00000002   Code   RO         4389    i.HAL_SYSTICK_Callback  stm32f1xx_hal_cortex.o
    0x0800375c   0x0800375c   0x00000028   Code   RO         4390    i.HAL_SYSTICK_Config  stm32f1xx_hal_cortex.o
    0x08003784   0x08003784   0x00000008   Code   RO         4391    i.HAL_SYSTICK_IRQHandler  stm32f1xx_hal_cortex.o
    0x0800378c   0x0800378c   0x00000002   Code   RO         3326    i.HAL_TIMEx_BreakCallback  stm32f1xx_hal_tim_ex.o
    0x0800378e   0x0800378e   0x00000002   Code   RO         3327    i.HAL_TIMEx_CommutationCallback  stm32f1xx_hal_tim_ex.o
    0x08003790   0x08003790   0x0000005a   Code   RO         3328    i.HAL_TIMEx_ConfigBreakDeadTime  stm32f1xx_hal_tim_ex.o
    0x080037ea   0x080037ea   0x00000050   Code   RO         3343    i.HAL_TIMEx_MasterConfigSynchronization  stm32f1xx_hal_tim_ex.o
    0x0800383a   0x0800383a   0x00000038   Code   RO         2687    i.HAL_TIM_Base_Init  stm32f1xx_hal_tim.o
    0x08003872   0x08003872   0x00000002   PAD
    0x08003874   0x08003874   0x0000011c   Code   RO         1760    i.HAL_TIM_Base_MspInit  stm32f1xx_hal_msp.o
    0x08003990   0x08003990   0x0000010e   Code   RO         2696    i.HAL_TIM_ConfigClockSource  stm32f1xx_hal_tim.o
    0x08003a9e   0x08003a9e   0x00000002   PAD
    0x08003aa0   0x08003aa0   0x00000028   Code   RO          520    i.HAL_TIM_IC_CaptureCallback  wheel_speed.o
    0x08003ac8   0x08003ac8   0x000000bc   Code   RO         2717    i.HAL_TIM_IC_ConfigChannel  stm32f1xx_hal_tim.o
    0x08003b84   0x08003b84   0x00000038   Code   RO         2720    i.HAL_TIM_IC_Init   stm32f1xx_hal_tim.o
    0x08003bbc   0x08003bbc   0x00000002   Code   RO         2722    i.HAL_TIM_IC_MspInit  stm32f1xx_hal_tim.o
    0x08003bbe   0x08003bbe   0x00000054   Code   RO         2725    i.HAL_TIM_IC_Start_IT  stm32f1xx_hal_tim.o
    0x08003c12   0x08003c12   0x0000016e   Code   RO         2729    i.HAL_TIM_IRQHandler  stm32f1xx_hal_tim.o
    0x08003d80   0x08003d80   0x0000005c   Code   RO         1761    i.HAL_TIM_MspPostInit  stm32f1xx_hal_msp.o
    0x08003ddc   0x08003ddc   0x00000002   Code   RO         2732    i.HAL_TIM_OC_DelayElapsedCallback  stm32f1xx_hal_tim.o
    0x08003dde   0x08003dde   0x000000da   Code   RO         2753    i.HAL_TIM_PWM_ConfigChannel  stm32f1xx_hal_tim.o
    0x08003eb8   0x08003eb8   0x00000038   Code   RO         2756    i.HAL_TIM_PWM_Init  stm32f1xx_hal_tim.o
    0x08003ef0   0x08003ef0   0x00000002   Code   RO         2758    i.HAL_TIM_PWM_MspInit  stm32f1xx_hal_tim.o
    0x08003ef2   0x08003ef2   0x00000002   Code   RO         2759    i.HAL_TIM_PWM_PulseFinishedCallback  stm32f1xx_hal_tim.o
    0x08003ef4   0x08003ef4   0x00000030   Code   RO         2760    i.HAL_TIM_PWM_Start  stm32f1xx_hal_tim.o
    0x08003f24   0x08003f24   0x00000002   Code   RO          521    i.HAL_TIM_PeriodElapsedCallback  wheel_speed.o
    0x08003f26   0x08003f26   0x00000002   Code   RO         2770    i.HAL_TIM_TriggerCallback  stm32f1xx_hal_tim.o
    0x08003f28   0x08003f28   0x00000064   Code   RO         3584    i.HAL_UART_Init     stm32f1xx_hal_uart.o
    0x08003f8c   0x08003f8c   0x00000084   Code   RO         1763    i.HAL_UART_MspInit  stm32f1xx_hal_msp.o
    0x08004010   0x08004010   0x00000004   Code   RO         1585    i.HardFault_Handler  stm32f1xx_it.o
    0x08004014   0x08004014   0x00000010   Code   RO         1355    i.LTC_DRV_SPI_CSHigh  lvbattery.o
    0x08004024   0x08004024   0x00000010   Code   RO         1356    i.LTC_DRV_SPI_CSLow  lvbattery.o
    0x08004034   0x08004034   0x0000001c   Code   RO         1357    i.LTC_DRV_SPI_Read  lvbattery.o
    0x08004050   0x08004050   0x00000014   Code   RO         1358    i.LTC_DRV_SPI_Write  lvbattery.o
    0x08004064   0x08004064   0x00000004   Code   RO         1103    i.LTC_Init          ltc6804.o
    0x08004068   0x08004068   0x00000198   Code   RO         1108    i.LTC_ReadCellVoltageGroups  ltc6804.o
    0x08004200   0x08004200   0x000000a0   Code   RO         1110    i.LTC_ReadConfigGroup  ltc6804.o
    0x080042a0   0x080042a0   0x0000002c   Code   RO         1115    i.LTC_StartCellVoltageConversion  ltc6804.o
    0x080042cc   0x080042cc   0x0000001c   Code   RO         1124    i.LTC_WakeUp        ltc6804.o
    0x080042e8   0x080042e8   0x00000064   Code   RO         1359    i.LV_init           lvbattery.o
    0x0800434c   0x0800434c   0x000000d8   Code   RO         1360    i.LV_process        lvbattery.o
    0x08004424   0x08004424   0x0000000c   Code   RO           15    i.LV_voltage_recive  adc.o
    0x08004430   0x08004430   0x000000a6   Code   RO          623    i.MCF_decode_GeneralReport_s  can_ecub.o
    0x080044d6   0x080044d6   0x00000028   Code   RO          625    i.MCF_decode_ThermalMeasuresA_s  can_ecub.o
    0x080044fe   0x080044fe   0x00000028   Code   RO          627    i.MCF_decode_ThermalMeasuresB_s  can_ecub.o
    0x08004526   0x08004526   0x00000002   PAD
    0x08004528   0x08004528   0x00000028   Code   RO          628    i.MCF_get_GeneralReport  can_ecub.o
    0x08004550   0x08004550   0x00000030   Code   RO          629    i.MCF_get_ThermalMeasuresA  can_ecub.o
    0x08004580   0x08004580   0x00000030   Code   RO          630    i.MCF_get_ThermalMeasuresB  can_ecub.o
    0x080045b0   0x080045b0   0x000000a6   Code   RO          635    i.MCR_decode_GeneralReport_s  can_ecub.o
    0x08004656   0x08004656   0x00000028   Code   RO          637    i.MCR_decode_ThermalMeasuresA_s  can_ecub.o
    0x0800467e   0x0800467e   0x00000028   Code   RO          639    i.MCR_decode_ThermalMeasuresB_s  can_ecub.o
    0x080046a6   0x080046a6   0x00000002   PAD
    0x080046a8   0x080046a8   0x00000028   Code   RO          640    i.MCR_get_GeneralReport  can_ecub.o
    0x080046d0   0x080046d0   0x00000030   Code   RO          641    i.MCR_get_ThermalMeasuresA  can_ecub.o
    0x08004700   0x08004700   0x00000030   Code   RO          642    i.MCR_get_ThermalMeasuresB  can_ecub.o
    0x08004730   0x08004730   0x00000154   Code   RO         1463    i.MX_ADC1_Init      main.o
    0x08004884   0x08004884   0x00000058   Code   RO         1464    i.MX_CAN1_Init      main.o
    0x080048dc   0x080048dc   0x00000058   Code   RO         1465    i.MX_CAN2_Init      main.o
    0x08004934   0x08004934   0x00000034   Code   RO         1466    i.MX_DMA_Init       main.o
    0x08004968   0x08004968   0x0000018c   Code   RO         1467    i.MX_GPIO_Init      main.o
    0x08004af4   0x08004af4   0x0000005c   Code   RO         1468    i.MX_SPI1_Init      main.o
    0x08004b50   0x08004b50   0x00000060   Code   RO         1469    i.MX_SPI2_Init      main.o
    0x08004bb0   0x08004bb0   0x0000011c   Code   RO         1470    i.MX_TIM1_Init      main.o
    0x08004ccc   0x08004ccc   0x000000d0   Code   RO         1471    i.MX_TIM2_Init      main.o
    0x08004d9c   0x08004d9c   0x000000b8   Code   RO         1472    i.MX_TIM3_Init      main.o
    0x08004e54   0x08004e54   0x000000b8   Code   RO         1473    i.MX_TIM5_Init      main.o
    0x08004f0c   0x08004f0c   0x0000004c   Code   RO         1474    i.MX_UART4_Init     main.o
    0x08004f58   0x08004f58   0x0000004c   Code   RO         1475    i.MX_UART5_Init     main.o
    0x08004fa4   0x08004fa4   0x00000004   Code   RO         1586    i.MemManage_Handler  stm32f1xx_it.o
    0x08004fa8   0x08004fa8   0x00000002   Code   RO         1587    i.NMI_Handler       stm32f1xx_it.o
    0x08004faa   0x08004faa   0x00000020   Code   RO         4392    i.NVIC_SetPriority  stm32f1xx_hal_cortex.o
    0x08004fca   0x08004fca   0x00000002   Code   RO         1588    i.PendSV_Handler    stm32f1xx_it.o
    0x08004fcc   0x08004fcc   0x00000024   Code   RO         4063    i.RCC_Delay         stm32f1xx_hal_rcc.o
    0x08004ff0   0x08004ff0   0x00000024   Code   RO         2373    i.SPI_CheckFlag_BSY  stm32f1xx_hal_spi.o
    0x08005014   0x08005014   0x00000094   Code   RO         2392    i.SPI_WaitFlagStateUntilTimeout  stm32f1xx_hal_spi.o
    0x080050a8   0x080050a8   0x00000002   Code   RO         1589    i.SVC_Handler       stm32f1xx_it.o
    0x080050aa   0x080050aa   0x00000002   PAD
    0x080050ac   0x080050ac   0x00000048   Code   RO          228    i.SendCANMessage    can_callback.o
    0x080050f4   0x080050f4   0x0000000c   Code   RO         1590    i.SysTick_Handler   stm32f1xx_it.o
    0x08005100   0x08005100   0x000000b8   Code   RO         1476    i.SystemClock_Config  main.o
    0x080051b8   0x080051b8   0x00000054   Code   RO         4829    i.SystemInit        system_stm32f1xx.o
    0x0800520c   0x0800520c   0x00000010   Code   RO         1591    i.TIM1_BRK_IRQHandler  stm32f1xx_it.o
    0x0800521c   0x0800521c   0x00000010   Code   RO         1592    i.TIM1_CC_IRQHandler  stm32f1xx_it.o
    0x0800522c   0x0800522c   0x00000010   Code   RO         1593    i.TIM1_TRG_COM_IRQHandler  stm32f1xx_it.o
    0x0800523c   0x0800523c   0x00000010   Code   RO         1594    i.TIM1_UP_IRQHandler  stm32f1xx_it.o
    0x0800524c   0x0800524c   0x00000010   Code   RO         1595    i.TIM3_IRQHandler   stm32f1xx_it.o
    0x0800525c   0x0800525c   0x00000010   Code   RO         1596    i.TIM5_IRQHandler   stm32f1xx_it.o
    0x0800526c   0x0800526c   0x00000078   Code   RO         2771    i.TIM_Base_SetConfig  stm32f1xx_hal_tim.o
    0x080052e4   0x080052e4   0x00000016   Code   RO         2772    i.TIM_CCxChannelCmd  stm32f1xx_hal_tim.o
    0x080052fa   0x080052fa   0x00000014   Code   RO         2778    i.TIM_ETR_SetConfig  stm32f1xx_hal_tim.o
    0x0800530e   0x0800530e   0x00000010   Code   RO         2779    i.TIM_ITRx_SetConfig  stm32f1xx_hal_tim.o
    0x0800531e   0x0800531e   0x00000002   PAD
    0x08005320   0x08005320   0x00000060   Code   RO         2780    i.TIM_OC1_SetConfig  stm32f1xx_hal_tim.o
    0x08005380   0x08005380   0x00000064   Code   RO         2781    i.TIM_OC2_SetConfig  stm32f1xx_hal_tim.o
    0x080053e4   0x080053e4   0x00000060   Code   RO         2782    i.TIM_OC3_SetConfig  stm32f1xx_hal_tim.o
    0x08005444   0x08005444   0x00000048   Code   RO         2783    i.TIM_OC4_SetConfig  stm32f1xx_hal_tim.o
    0x0800548c   0x0800548c   0x00000022   Code   RO         2785    i.TIM_TI1_ConfigInputStage  stm32f1xx_hal_tim.o
    0x080054ae   0x080054ae   0x00000002   PAD
    0x080054b0   0x080054b0   0x00000064   Code   RO         2786    i.TIM_TI1_SetConfig  stm32f1xx_hal_tim.o
    0x08005514   0x08005514   0x00000024   Code   RO         2787    i.TIM_TI2_ConfigInputStage  stm32f1xx_hal_tim.o
    0x08005538   0x08005538   0x00000036   Code   RO         2788    i.TIM_TI2_SetConfig  stm32f1xx_hal_tim.o
    0x0800556e   0x0800556e   0x00000032   Code   RO         2789    i.TIM_TI3_SetConfig  stm32f1xx_hal_tim.o
    0x080055a0   0x080055a0   0x00000038   Code   RO         2790    i.TIM_TI4_SetConfig  stm32f1xx_hal_tim.o
    0x080055d8   0x080055d8   0x0000019c   Code   RO         3611    i.UART_SetConfig    stm32f1xx_hal_uart.o
    0x08005774   0x08005774   0x00000004   Code   RO         1597    i.UsageFault_Handler  stm32f1xx_it.o
    0x08005778   0x08005778   0x0000006a   Code   RO          645    i.VDCU_decode_Status_s  can_ecub.o
    0x080057e2   0x080057e2   0x00000002   PAD
    0x080057e4   0x080057e4   0x0000003c   Code   RO          646    i.VDCU_get_Status   can_ecub.o
    0x08005820   0x08005820   0x00000004   Code   RO         1477    i._Error_Handler    main.o
    0x08005824   0x08005824   0x0000000e   Code   RO         4907    i.__scatterload_copy  mc_w.l(handlers.o)
    0x08005832   0x08005832   0x00000002   Code   RO         4908    i.__scatterload_null  mc_w.l(handlers.o)
    0x08005834   0x08005834   0x0000000e   Code   RO         4909    i.__scatterload_zeroinit  mc_w.l(handlers.o)
    0x08005842   0x08005842   0x00000002   PAD
    0x08005844   0x08005844   0x000000dc   Code   RO          475    i.aux_set           periphery_set.o
    0x08005920   0x08005920   0x000000c8   Code   RO          320    i.blink_SDB         carstate.o
    0x080059e8   0x080059e8   0x00000058   Code   RO          321    i.blink_led         carstate.o
    0x08005a40   0x08005a40   0x00000088   Code   RO         1421    i.brake_sens_init   brake_sensors.o
    0x08005ac8   0x08005ac8   0x00000120   Code   RO         1422    i.brake_sens_process  brake_sensors.o
    0x08005be8   0x08005be8   0x00000028   Code   RO          198    i.brake_set         brakelight.o
    0x08005c10   0x08005c10   0x00000034   Code   RO          199    i.brakelightprocess  brakelight.o
    0x08005c44   0x08005c44   0x0000000e   Code   RO          994    i.canInitMsgStatus  tx2_can.o
    0x08005c52   0x08005c52   0x00000018   Code   RO          995    i.canUpdateMsgStatusOnReceive  tx2_can.o
    0x08005c6a   0x08005c6a   0x00000002   PAD
    0x08005c6c   0x08005c6c   0x00000210   Code   RO          647    i.candbHandleMessage  can_ecub.o
    0x08005e7c   0x08005e7c   0x00000094   Code   RO          648    i.candbInit         can_ecub.o
    0x08005f10   0x08005f10   0x00000028   Code   RO          322    i.carstate_init     carstate.o
    0x08005f38   0x08005f38   0x00000344   Code   RO          323    i.carstate_process  carstate.o
    0x0800627c   0x0800627c   0x00000098   Code   RO          324    i.change_to_NOT_READY  carstate.o
    0x08006314   0x08006314   0x00000054   Code   RO          325    i.check_mess        carstate.o
    0x08006368   0x08006368   0x00000070   Code   RO         1423    i.config_spi        brake_sensors.o
    0x080063d8   0x080063d8   0x00000070   Code   RO         1361    i.config_spi_LV     lvbattery.o
    0x08006448   0x08006448   0x00000088   Code   RO           16    i.cooling_poccess   adc.o
    0x080064d0   0x080064d0   0x00000044   Code   RO          418    i.fan_pwm_process   cooling_circuit.o
    0x08006514   0x08006514   0x00000008   Code   RO          326    i.get_can_state     carstate.o
    0x0800651c   0x0800651c   0x00000008   Code   RO          327    i.get_state         carstate.o
    0x08006524   0x08006524   0x00000034   Code   RO         1127    i.init_PEC15_Table  ltc6804.o
    0x08006558   0x08006558   0x000001e8   Code   RO         1478    i.main              main.o
    0x08006740   0x08006740   0x000001bc   Code   RO          328    i.measure_SDC       carstate.o
    0x080068fc   0x080068fc   0x00000198   Code   RO          329    i.paritycheck       carstate.o
    0x08006a94   0x08006a94   0x00000030   Code   RO         1128    i.pec15             ltc6804.o
    0x08006ac4   0x08006ac4   0x00000024   Code   RO         1129    i.pec_is_ok         ltc6804.o
    0x08006ae8   0x08006ae8   0x00000050   Code   RO          330    i.play_RTDS         carstate.o
    0x08006b38   0x08006b38   0x00000048   Code   RO          419    i.pump_pwm_process  cooling_circuit.o
    0x08006b80   0x08006b80   0x00000084   Code   RO          420    i.pwm_check         cooling_circuit.o
    0x08006c04   0x08006c04   0x00000020   Code   RO         1130    i.receive_packet    ltc6804.o
    0x08006c24   0x08006c24   0x00000028   Code   RO         1054    i.ringbufCanWrite   tx2_ringbuf.o
    0x08006c4c   0x08006c4c   0x0000002a   Code   RO         1055    i.ringbufTryRead    tx2_ringbuf.o
    0x08006c76   0x08006c76   0x00000020   Code   RO         1057    i.ringbufWriteUnchecked  tx2_ringbuf.o
    0x08006c96   0x08006c96   0x00000002   PAD
    0x08006c98   0x08006c98   0x000000ac   Code   RO          477    i.set_SDB_led       periphery_set.o
    0x08006d44   0x08006d44   0x00000010   Code   RO          996    i.set_flag          tx2_can.o
    0x08006d54   0x08006d54   0x0000000c   Code   RO           17    i.start_ADC         adc.o
    0x08006d60   0x08006d60   0x00000052   Code   RO          421    i.start_PWM         cooling_circuit.o
    0x08006db2   0x08006db2   0x00000002   PAD
    0x08006db4   0x08006db4   0x0000002c   Code   RO          524    i.start_WS_measure  wheel_speed.o
    0x08006de0   0x08006de0   0x00000020   Code   RO         1131    i.store_command_with_pec  ltc6804.o
    0x08006e00   0x08006e00   0x00000020   Code   RO         1133    i.transmit_packet   ltc6804.o
    0x08006e20   0x08006e20   0x00000008   Code   RO          229    i.txGetTimeMillis   can_callback.o
    0x08006e28   0x08006e28   0x0000000a   Code   RO          230    i.txHandleCANMessage  can_callback.o
    0x08006e32   0x08006e32   0x00000002   PAD
    0x08006e34   0x08006e34   0x00000024   Code   RO          997    i.txInit            tx2_can.o
    0x08006e58   0x08006e58   0x00000080   Code   RO          998    i.txProcess         tx2_can.o
    0x08006ed8   0x08006ed8   0x00000058   Code   RO          999    i.txReceiveCANMessage  tx2_can.o
    0x08006f30   0x08006f30   0x0000003c   Code   RO          231    i.txSendCANMessage  can_callback.o
    0x08006f6c   0x08006f6c   0x00000178   Code   RO          478    i.units_set         periphery_set.o
    0x080070e4   0x080070e4   0x00000010   Data   RO         4830    .constdata          system_stm32f1xx.o
    0x080070f4   0x080070f4   0x00000008   Data   RO         4831    .constdata          system_stm32f1xx.o
    0x080070fc   0x080070fc   0x00000020   Data   RO         4905    Region$$Table       anon$$obj.o


    Execution Region RW_IRAM1 (Exec base: 0x20000000, Load base: 0x0800711c, Size: 0x00001088, Max: 0x00010000, ABSOLUTE, COMPRESSED[0x000000dc])

    Exec Addr    Load Addr    Size         Type   Attr      Idx    E Section Name        Object

    0x20000000   COMPRESSED   0x00000020   Data   RW           20    .data               adc.o
    0x20000020   COMPRESSED   0x00000038   Data   RW          333    .data               carstate.o
    0x20000058   COMPRESSED   0x00000048   Data   RW          424    .data               cooling_circuit.o
    0x200000a0   COMPRESSED   0x0000000c   Data   RW          479    .data               periphery_set.o
    0x200000ac   COMPRESSED   0x00000004   PAD
    0x200000b0   COMPRESSED   0x00000020   Data   RW          526    .data               wheel_speed.o
    0x200000d0   COMPRESSED   0x00000045   Data   RW          650    .data               can_ecub.o
    0x20000115   COMPRESSED   0x00000003   PAD
    0x20000118   COMPRESSED   0x00000008   Data   RW         1001    .data               tx2_can.o
    0x20000120   COMPRESSED   0x0000000a   Data   RW         1135    .data               ltc6804.o
    0x2000012a   COMPRESSED   0x00000002   PAD
    0x2000012c   COMPRESSED   0x00000198   Data   RW         1363    .data               lvbattery.o
    0x200002c4   COMPRESSED   0x0000001c   Data   RW         1424    .data               brake_sensors.o
    0x200002e0   COMPRESSED   0x00000006   Data   RW         1480    .data               main.o
    0x200002e6   COMPRESSED   0x00000002   PAD
    0x200002e8   COMPRESSED   0x00000004   Data   RW         1764    .data               stm32f1xx_hal_msp.o
    0x200002ec   COMPRESSED   0x0000000c   Data   RW         3913    .data               stm32f1xx_hal.o
    0x200002f8   COMPRESSED   0x00000004   Data   RW         4832    .data               system_stm32f1xx.o
    0x200002fc        -       0x00000012   Zero   RW           19    .bss                adc.o
    0x2000030e   COMPRESSED   0x00000002   PAD
    0x20000310        -       0x0000001c   Zero   RW          232    .bss                can_callback.o
    0x2000032c        -       0x00000067   Zero   RW          332    .bss                carstate.o
    0x20000393        -       0x00000015   Zero   RW          423    .bss                cooling_circuit.o
    0x200003a8        -       0x0000011c   Zero   RW          649    .bss                can_ecub.o
    0x200004c4        -       0x00000210   Zero   RW         1000    .bss                tx2_can.o
    0x200006d4        -       0x0000020c   Zero   RW         1134    .bss                ltc6804.o
    0x200008e0        -       0x00000030   Zero   RW         1362    .bss                lvbattery.o
    0x20000910        -       0x00000374   Zero   RW         1479    .bss                main.o
    0x20000c84   COMPRESSED   0x00000004   PAD
    0x20000c88        -       0x00000400   Zero   RW            1    STACK               startup_stm32f105xc.o


==============================================================================

Image component sizes


      Code (inc. data)   RO Data    RW Data    ZI Data      Debug   Object Name

       268         22          0         32         18     654632   adc.o
       536         50          0         28          0       2720   brake_sensors.o
        92          6          0          0          0       1352   brakelight.o
       150         12          0          0         28       4780   can_callback.o
      3596        168          0         69        284      26200   can_ecub.o
       288          0          0          0          0       1281   can_eforce_init.o
      2348        206          0         56        103       7912   carstate.o
       914         46          0         72         21       5135   cooling_circuit.o
       882         48          0         10        524      14136   ltc6804.o
       508         78          0        408         48       4349   lvbattery.o
      2840        392          0          6        884       9866   main.o
       768         38          0         12          0       3232   periphery_set.o
        36          8        336          0       1024        800   startup_stm32f105xc.o
       168         28          0         12          0       3817   stm32f1xx_hal.o
      1140         50          0          0          0       7943   stm32f1xx_hal_adc.o
      2820         32          0          0          0      10307   stm32f1xx_hal_can.o
       232         14          0          0          0      27445   stm32f1xx_hal_cortex.o
       968         44          0          0          0       3907   stm32f1xx_hal_dma.o
       528         32          0          0          0       4028   stm32f1xx_hal_gpio.o
      1304        182          0          4          0       5872   stm32f1xx_hal_msp.o
      1746        116          0          0          0       7028   stm32f1xx_hal_rcc.o
       416         16          0          0          0       1688   stm32f1xx_hal_rcc_ex.o
      1374          0          0          0          0       5951   stm32f1xx_hal_spi.o
       132          0          0          0          0       1067   stm32f1xx_hal_spi_ex.o
      2224         60          0          0          0      20483   stm32f1xx_hal_tim.o
       174          0          0          0          0       3090   stm32f1xx_hal_tim_ex.o
       622          4          0          0          0       2442   stm32f1xx_hal_uart.o
       424         90          0          0          0      12887   stm32f1xx_it.o
        84         16         24          4          0       1159   system_stm32f1xx.o
       306         28          0          8        528       5148   tx2_can.o
       114          0          0          0          0       2863   tx2_ringbuf.o
        88         22          0         32          0       2806   wheel_speed.o

    ----------------------------------------------------------------------
     28130       1808        392        764       3468     866326   Object Totals
         0          0         32          0          0          0   (incl. Generated)
        40          0          0         11          6          0   (incl. Padding)

    ----------------------------------------------------------------------

      Code (inc. data)   RO Data    RW Data    ZI Data      Debug   Library Member Name

        86          0          0          0          0          0   __dczerorl2.o
         0          0          0          0          0          0   entry.o
         0          0          0          0          0          0   entry10a.o
         0          0          0          0          0          0   entry11a.o
         8          4          0          0          0          0   entry2.o
         4          0          0          0          0          0   entry5.o
         0          0          0          0          0          0   entry7b.o
         0          0          0          0          0          0   entry8b.o
         8          4          0          0          0          0   entry9a.o
        30          0          0          0          0          0   handlers.o
        36          8          0          0          0         68   init.o
        30          0          0          0          0         68   llshl.o
        32          0          0          0          0         68   llushr.o
        26          0          0          0          0         80   memcmp.o
        36          0          0          0          0         68   memcpya.o
        36          0          0          0          0        108   memseta.o
        98          0          0          0          0         92   uldiv.o

    ----------------------------------------------------------------------
       434         16          0          0          0        552   Library Totals
         4          0          0          0          0          0   (incl. Padding)

    ----------------------------------------------------------------------

      Code (inc. data)   RO Data    RW Data    ZI Data      Debug   Library Name

       430         16          0          0          0        552   mc_w.l

    ----------------------------------------------------------------------
       434         16          0          0          0        552   Library Totals

    ----------------------------------------------------------------------

==============================================================================


      Code (inc. data)   RO Data    RW Data    ZI Data      Debug   

     28564       1824        392        764       3468     854474   Grand Totals
     28564       1824        392        220       3468     854474   ELF Image Totals (compressed)
     28564       1824        392        220          0          0   ROM Totals

==============================================================================

    Total RO  Size (Code + RO Data)                28956 (  28.28kB)
    Total RW  Size (RW Data + ZI Data)              4232 (   4.13kB)
    Total ROM Size (Code + RO Data + RW Data)      29176 (  28.49kB)

==============================================================================

