Component: ARM Compiler 5.06 update 5 (build 528) Tool: armlink [4d35e2]

==============================================================================

Section Cross References

    startup_stm32f105xc.o(RESET) refers to startup_stm32f105xc.o(STACK) for __initial_sp
    startup_stm32f105xc.o(RESET) refers to startup_stm32f105xc.o(.text) for Reset_Handler
    startup_stm32f105xc.o(RESET) refers to stm32f1xx_it.o(i.NMI_Handler) for NMI_Handler
    startup_stm32f105xc.o(RESET) refers to stm32f1xx_it.o(i.HardFault_Handler) for HardFault_Handler
    startup_stm32f105xc.o(RESET) refers to stm32f1xx_it.o(i.MemManage_Handler) for MemManage_Handler
    startup_stm32f105xc.o(RESET) refers to stm32f1xx_it.o(i.BusFault_Handler) for BusFault_Handler
    startup_stm32f105xc.o(RESET) refers to stm32f1xx_it.o(i.UsageFault_Handler) for UsageFault_Handler
    startup_stm32f105xc.o(RESET) refers to stm32f1xx_it.o(i.SVC_Handler) for SVC_Handler
    startup_stm32f105xc.o(RESET) refers to stm32f1xx_it.o(i.DebugMon_Handler) for DebugMon_Handler
    startup_stm32f105xc.o(RESET) refers to stm32f1xx_it.o(i.PendSV_Handler) for PendSV_Handler
    startup_stm32f105xc.o(RESET) refers to stm32f1xx_it.o(i.SysTick_Handler) for SysTick_Handler
    startup_stm32f105xc.o(RESET) refers to stm32f1xx_it.o(i.DMA1_Channel1_IRQHandler) for DMA1_Channel1_IRQHandler
    startup_stm32f105xc.o(RESET) refers to stm32f1xx_it.o(i.CAN1_TX_IRQHandler) for CAN1_TX_IRQHandler
    startup_stm32f105xc.o(RESET) refers to stm32f1xx_it.o(i.CAN1_RX0_IRQHandler) for CAN1_RX0_IRQHandler
    startup_stm32f105xc.o(RESET) refers to stm32f1xx_it.o(i.CAN1_RX1_IRQHandler) for CAN1_RX1_IRQHandler
    startup_stm32f105xc.o(RESET) refers to stm32f1xx_it.o(i.CAN1_SCE_IRQHandler) for CAN1_SCE_IRQHandler
    startup_stm32f105xc.o(RESET) refers to stm32f1xx_it.o(i.TIM1_BRK_IRQHandler) for TIM1_BRK_IRQHandler
    startup_stm32f105xc.o(RESET) refers to stm32f1xx_it.o(i.TIM1_UP_IRQHandler) for TIM1_UP_IRQHandler
    startup_stm32f105xc.o(RESET) refers to stm32f1xx_it.o(i.TIM1_TRG_COM_IRQHandler) for TIM1_TRG_COM_IRQHandler
    startup_stm32f105xc.o(RESET) refers to stm32f1xx_it.o(i.TIM1_CC_IRQHandler) for TIM1_CC_IRQHandler
    startup_stm32f105xc.o(RESET) refers to stm32f1xx_it.o(i.TIM3_IRQHandler) for TIM3_IRQHandler
    startup_stm32f105xc.o(RESET) refers to stm32f1xx_it.o(i.TIM5_IRQHandler) for TIM5_IRQHandler
    startup_stm32f105xc.o(RESET) refers to stm32f1xx_it.o(i.CAN2_TX_IRQHandler) for CAN2_TX_IRQHandler
    startup_stm32f105xc.o(RESET) refers to stm32f1xx_it.o(i.CAN2_RX0_IRQHandler) for CAN2_RX0_IRQHandler
    startup_stm32f105xc.o(RESET) refers to stm32f1xx_it.o(i.CAN2_RX1_IRQHandler) for CAN2_RX1_IRQHandler
    startup_stm32f105xc.o(RESET) refers to stm32f1xx_it.o(i.CAN2_SCE_IRQHandler) for CAN2_SCE_IRQHandler
    startup_stm32f105xc.o(.text) refers to system_stm32f1xx.o(i.SystemInit) for SystemInit
    startup_stm32f105xc.o(.text) refers to entry.o(.ARM.Collect$$$$00000000) for __main
    adc.o(i.HAL_ADC_ConvCpltCallback) refers to adc.o(.bss) for .bss
    adc.o(i.HAL_ADC_ConvCpltCallback) refers to adc.o(.data) for .data
    adc.o(i.LV_voltage_recive) refers to adc.o(.data) for .data
    adc.o(i.cooling_poccess) refers to carstate.o(i.get_dash) for get_dash
    adc.o(i.cooling_poccess) refers to carstate.o(i.get_state) for get_state
    adc.o(i.cooling_poccess) refers to cooling_circuit.o(i.Cooling_process_intern) for Cooling_process_intern
    adc.o(i.cooling_poccess) refers to cooling_circuit.o(i.fan_pwm_process) for fan_pwm_process
    adc.o(i.cooling_poccess) refers to cooling_circuit.o(i.pump_pwm_process) for pump_pwm_process
    adc.o(i.cooling_poccess) refers to can_ecub.o(i.ECUB_TEMPAux_need_to_send) for ECUB_TEMPAux_need_to_send
    adc.o(i.cooling_poccess) refers to can_ecub.o(i.ECUB_send_TEMPAux_s) for ECUB_send_TEMPAux_s
    adc.o(i.cooling_poccess) refers to stm32f1xx_hal_can.o(i.HAL_CAN_Receive_IT) for HAL_CAN_Receive_IT
    adc.o(i.cooling_poccess) refers to adc.o(.data) for .data
    adc.o(i.start_ADC) refers to stm32f1xx_hal_adc.o(i.HAL_ADC_Start_DMA) for HAL_ADC_Start_DMA
    adc.o(i.start_ADC) refers to adc.o(.bss) for .bss
    adc.o(i.stop_newADC) refers to stm32f1xx_hal_adc.o(i.HAL_ADC_Stop_DMA) for HAL_ADC_Stop_DMA
    brakelight.o(i.brake_set) refers to stm32f1xx_hal_gpio.o(i.HAL_GPIO_ReadPin) for HAL_GPIO_ReadPin
    brakelight.o(i.brake_set) refers to stm32f1xx_hal_gpio.o(i.HAL_GPIO_WritePin) for HAL_GPIO_WritePin
    brakelight.o(i.brakelightprocess) refers to can_ecub.o(i.ECUP_get_Status) for ECUP_get_Status
    brakelight.o(i.brakelightprocess) refers to carstate.o(i.change_to_NOT_READY) for change_to_NOT_READY
    brakelight.o(i.brakelightprocess) refers to brakelight.o(i.brake_set) for brake_set
    can_callback.o(i.SendCANMessage) refers to memseta.o(.text) for __aeabi_memclr4
    can_callback.o(i.SendCANMessage) refers to memcpya.o(.text) for __aeabi_memcpy
[...]
    _errno                                   0x20000174   Data           4  errno.o(.data)
    .bss                                     0x20000178   Section       18  adc.o(.bss)
    .bss                                     0x2000018c   Section       28  can_callback.o(.bss)
    .bss                                     0x200001a8   Section      119  carstate.o(.bss)
    ECUB_Status                              0x200001a8   Data          49  carstate.o(.bss)
    ECUF_Status_data                         0x200001d9   Data          30  carstate.o(.bss)
    ECUA_data                                0x200001f7   Data          28  carstate.o(.bss)
    VDCU_data                                0x20000213   Data          12  carstate.o(.bss)
    .bss                                     0x2000021f   Section       25  cooling_circuit.o(.bss)
    .bss                                     0x20000238   Section      276  wheel_speed.o(.bss)
    Wheel_can                                0x20000238   Data          10  wheel_speed.o(.bss)
    .bss                                     0x2000034c   Section      304  can_ecub.o(.bss)
    .bss                                     0x2000047c   Section      528  tx2_can.o(.bss)
    recv_buf                                 0x2000047c   Data         512  tx2_can.o(.bss)
    recv_rb                                  0x2000067c   Data          16  tx2_can.o(.bss)
    .bss                                     0x2000068c   Section      524  ltc6804.o(.bss)
    .bss                                     0x20000898   Section       69  lvbattery.o(.bss)
    ECUB_GLV                                 0x20000898   Data          12  lvbattery.o(.bss)
    LV_Config_struct                         0x200008a4   Data          12  lvbattery.o(.bss)
    VoltageList                              0x200008b0   Data          24  lvbattery.o(.bss)
    AuxiliaryGroup                           0x200008c8   Data          12  lvbattery.o(.bss)
    LV_Config_com                            0x200008d4   Data           9  lvbattery.o(.bss)
    .bss                                     0x200008e0   Section      816  main.o(.bss)
    .bss                                     0x20000c10   Section       68  main.o(.bss)
    HEAP                                     0x20000c58   Section      512  startup_stm32f105xc.o(HEAP)
    STACK                                    0x20000e58   Section     1024  startup_stm32f105xc.o(STACK)

    Global Symbols

    Symbol Name                              Value     Ov Type        Size  Object(Section)

    BuildAttributes$$THM_ISAv4$P$D$K$B$S$PE$A:L22UL41UL21$X:L11$S22US41US21$IEEE1$IW$USESV6$~STKCKD$USESV7$~SHL$OTIME$ROPI$IEEEX$EBA8$MICROLIB$REQ8$PRES8$EABIv2 0x00000000   Number         0  anon$$obj.o ABSOLUTE
    __ARM_use_no_argv                        0x00000000   Number         0  main.o ABSOLUTE
    __cpp_initialize__aeabi_                  - Undefined Weak Reference
    __cxa_finalize                            - Undefined Weak Reference
    _clock_init                               - Undefined Weak Reference
    _microlib_exit                            - Undefined Weak Reference
    __Vectors_Size                           0x00000150   Number         0  startup_stm32f105xc.o ABSOLUTE
    __Vectors                                0x08000000   Data           4  startup_stm32f105xc.o(RESET)
    __Vectors_End                            0x08000150   Data           0  startup_stm32f105xc.o(RESET)
    __main                                   0x08000151   Thumb Code     0  entry.o(.ARM.Collect$$$$00000000)
    _main_stk                                0x08000151   Thumb Code     0  entry2.o(.ARM.Collect$$$$00000001)
    _main_scatterload                        0x08000155   Thumb Code     0  entry5.o(.ARM.Collect$$$$00000004)
    __main_after_scatterload                 0x08000159   Thumb Code     0  entry5.o(.ARM.Collect$$$$00000004)
    _main_clock                              0x08000159   Thumb Code     0  entry7b.o(.ARM.Collect$$$$00000008)
    _main_cpp_init                           0x08000159   Thumb Code     0  entry8b.o(.ARM.Collect$$$$0000000A)
    _main_init                               0x08000159   Thumb Code     0  entry9a.o(.ARM.Collect$$$$0000000B)
    __rt_final_cpp                           0x08000161   Thumb Code     0  entry10a.o(.ARM.Collect$$$$0000000D)
    __rt_final_exit                          0x08000161   Thumb Code     0  entry11a.o(.ARM.Collect$$$$0000000F)
    ltc_tickdelay                            0x08000165   Thumb Code     6  ltc6804.o(.emb_text)
    Reset_Handler                            0x0800016d   Thumb Code     8  startup_stm32f105xc.o(.text)
    ADC1_2_IRQHandler                        0x08000187   Thumb Code     0  startup_stm32f105xc.o(.text)
    DMA1_Channel2_IRQHandler                 0x08000187   Thumb Code     0  startup_stm32f105xc.o(.text)
    DMA1_Channel3_IRQHandler                 0x08000187   Thumb Code     0  startup_stm32f105xc.o(.text)
    DMA1_Channel4_IRQHandler                 0x08000187   Thumb Code     0  startup_stm32f105xc.o(.text)
    DMA1_Channel5_IRQHandler                 0x08000187   Thumb Code     0  startup_stm32f105xc.o(.text)
    DMA1_Channel6_IRQHandler                 0x08000187   Thumb Code     0  startup_stm32f105xc.o(.text)
    DMA1_Channel7_IRQHandler                 0x08000187   Thumb Code     0  startup_stm32f105xc.o(.text)
    DMA2_Channel1_IRQHandler                 0x08000187   Thumb Code     0  startup_stm32f105xc.o(.text)
    DMA2_Channel2_IRQHandler                 0x08000187   Thumb Code     0  startup_stm32f105xc.o(.text)
    DMA2_Channel3_IRQHandler                 0x08000187   Thumb Code     0  startup_stm32f105xc.o(.text)
    DMA2_Channel4_IRQHandler                 0x08000187   Thumb Code     0  startup_stm32f105xc.o(.text)
    DMA2_Channel5_IRQHandler                 0x08000187   Thumb Code     0  startup_stm32f105xc.o(.text)
    EXTI0_IRQHandler                         0x08000187   Thumb Code     0  startup_stm32f105xc.o(.text)
    EXTI15_10_IRQHandler                     0x08000187   Thumb Code     0  startup_stm32f105xc.o(.text)
    EXTI1_IRQHandler                         0x08000187   Thumb Code     0  startup_stm32f105xc.o(.text)
    EXTI2_IRQHandler                         0x08000187   Thumb Code     0  startup_stm32f105xc.o(.text)
    EXTI3_IRQHandler                         0x08000187   Thumb Code     0  startup_stm32f105xc.o(.text)
    EXTI4_IRQHandler                         0x08000187   Thumb Code     0  startup_stm32f105xc.o(.text)
    EXTI9_5_IRQHandler                       0x08000187   Thumb Code     0  startup_stm32f105xc.o(.text)
    FLASH_IRQHandler                         0x08000187   Thumb Code     0  startup_stm32f105xc.o(.text)
    I2C1_ER_IRQHandler                       0x08000187   Thumb Code     0  startup_stm32f105xc.o(.text)
    I2C1_EV_IRQHandler                       0x08000187   Thumb Code     0  startup_stm32f105xc.o(.text)
    I2C2_ER_IRQHandler                       0x08000187   Thumb Code     0  startup_stm32f105xc.o(.text)
    I2C2_EV_IRQHandler                       0x08000187   Thumb Code     0  startup_stm32f105xc.o(.text)
    OTG_FS_IRQHandler                        0x08000187   Thumb Code     0  startup_stm32f105xc.o(.text)
    OTG_FS_WKUP_IRQHandler                   0x08000187   Thumb Code     0  startup_stm32f105xc.o(.text)
    PVD_IRQHandler                           0x08000187   Thumb Code     0  startup_stm32f105xc.o(.text)
    RCC_IRQHandler                           0x08000187   Thumb Code     0  startup_stm32f105xc.o(.text)
    RTC_Alarm_IRQHandler                     0x08000187   Thumb Code     0  startup_stm32f105xc.o(.text)
    RTC_IRQHandler                           0x08000187   Thumb Code     0  startup_stm32f105xc.o(.text)
    SPI1_IRQHandler                          0x08000187   Thumb Code     0  startup_stm32f105xc.o(.text)
    SPI2_IRQHandler                          0x08000187   Thumb Code     0  startup_stm32f105xc.o(.text)
    SPI3_IRQHandler                          0x08000187   Thumb Code     0  startup_stm32f105xc.o(.text)
    TAMPER_IRQHandler                        0x08000187   Thumb Code     0  startup_stm32f105xc.o(.text)
    TIM2_IRQHandler                          0x08000187   Thumb Code     0  startup_stm32f105xc.o(.text)
    TIM4_IRQHandler                          0x08000187   Thumb Code     0  startup_stm32f105xc.o(.text)
    TIM6_IRQHandler                          0x08000187   Thumb Code     0  startup_stm32f105xc.o(.text)
    TIM7_IRQHandler                          0x08000187   Thumb Code     0  startup_stm32f105xc.o(.text)
    UART4_IRQHandler                         0x08000187   Thumb Code     0  startup_stm32f105xc.o(.text)
    UART5_IRQHandler                         0x08000187   Thumb Code     0  startup_stm32f105xc.o(.text)
    USART1_IRQHandler                        0x08000187   Thumb Code     0  startup_stm32f105xc.o(.text)
    USART2_IRQHandler                        0x08000187   Thumb Code     0  startup_stm32f105xc.o(.text)
    USART3_IRQHandler                        0x08000187   Thumb Code     0  startup_stm32f105xc.o(.text)
    WWDG_IRQHandler                          0x08000187   Thumb Code     0  startup_stm32f105xc.o(.text)
    __aeabi_uldivmod                         0x08000191   Thumb Code    98  uldiv.o(.text)
    __aeabi_llsr                             0x080001f3   Thumb Code    32  llushr.o(.text)
    _ll_ushift_r                             0x080001f3   Thumb Code     0  llushr.o(.text)
    __aeabi_memcpy                           0x08000213   Thumb Code    36  memcpya.o(.text)
    __aeabi_memcpy4                          0x08000213   Thumb Code     0  memcpya.o(.text)
    __aeabi_memcpy8                          0x08000213   Thumb Code     0  memcpya.o(.text)
    __aeabi_memset                           0x08000237   Thumb Code    14  memseta.o(.text)
    __aeabi_memset4                          0x08000237   Thumb Code     0  memseta.o(.text)
    __aeabi_memset8                          0x08000237   Thumb Code     0  memseta.o(.text)
    __aeabi_memclr                           0x08000245   Thumb Code     4  memseta.o(.text)
    __aeabi_memclr4                          0x08000245   Thumb Code     0  memseta.o(.text)
    __aeabi_memclr8                          0x08000245   Thumb Code     0  memseta.o(.text)
    _memset$wrapper                          0x08000249   Thumb Code    18  memseta.o(.text)
    memcmp                                   0x0800025b   Thumb Code    26  memcmp.o(.text)
    __aeabi_fadd                             0x08000275   Thumb Code   164  fadd.o(.text)
    __aeabi_fsub                             0x08000319   Thumb Code     6  fadd.o(.text)
    __aeabi_frsub                            0x0800031f   Thumb Code     6  fadd.o(.text)
    __aeabi_fdiv                             0x08000325   Thumb Code   124  fdiv.o(.text)
    __aeabi_dadd                             0x080003a1   Thumb Code   322  dadd.o(.text)
    __aeabi_dsub                             0x080004e3   Thumb Code     6  dadd.o(.text)
    __aeabi_drsub                            0x080004e9   Thumb Code     6  dadd.o(.text)
    __aeabi_ddiv                             0x080004ef   Thumb Code   222  ddiv.o(.text)
    __aeabi_i2f                              0x080005cd   Thumb Code    18  fflti.o(.text)
    __aeabi_i2d                              0x080005df   Thumb Code    34  dflti.o(.text)
    __aeabi_f2iz                             0x08000601   Thumb Code    50  ffixi.o(.text)
    __aeabi_d2f                              0x08000633   Thumb Code    56  d2f.o(.text)
    __aeabi_llsl                             0x0800066b   Thumb Code    30  llshl.o(.text)
    _ll_shift_l                              0x0800066b   Thumb Code     0  llshl.o(.text)
    __aeabi_lasr                             0x08000689   Thumb Code    36  llsshr.o(.text)
    _ll_sshift_r                             0x08000689   Thumb Code     0  llsshr.o(.text)
    __I$use$fp                               0x080006ad   Thumb Code     0  iusefp.o(.text)
    _float_round                             0x080006ad   Thumb Code    18  fepilogue.o(.text)
    _float_epilogue                          0x080006bf   Thumb Code    92  fepilogue.o(.text)
    _double_round                            0x0800071b   Thumb Code    30  depilogue.o(.text)
    _double_epilogue                         0x08000739   Thumb Code   156  depilogue.o(.text)
    __aeabi_dmul                             0x080007d5   Thumb Code   228  dmul.o(.text)
    __ARM_scalbn                             0x080008b9   Thumb Code    46  dscalb.o(.text)
    scalbn                                   0x080008b9   Thumb Code     0  dscalb.o(.text)
    __aeabi_cdcmpeq                          0x080008e9   Thumb Code     0  cdcmple.o(.text)
    __aeabi_cdcmple                          0x080008e9   Thumb Code    48  cdcmple.o(.text)
    __scatterload                            0x08000919   Thumb Code    28  init.o(.text)
    __scatterload_rt2                        0x08000919   Thumb Code     0  init.o(.text)
    __decompress                             0x0800093d   Thumb Code     0  __dczerorl.o(.text)
    __decompress0                            0x0800093d   Thumb Code    58  __dczerorl.o(.text)
    ADC_ConversionStop_Disable               0x08000977   Thumb Code    74  stm32f1xx_hal_adc.o(i.ADC_ConversionStop_Disable)
    ADC_DMAConvCplt                          0x080009c1   Thumb Code    78  stm32f1xx_hal_adc.o(i.ADC_DMAConvCplt)
    ADC_DMAError                             0x08000a0f   Thumb Code    26  stm32f1xx_hal_adc.o(i.ADC_DMAError)
    ADC_DMAHalfConvCplt                      0x08000a29   Thumb Code    10  stm32f1xx_hal_adc.o(i.ADC_DMAHalfConvCplt)
    ADC_Enable                               0x08000a35   Thumb Code   102  stm32f1xx_hal_adc.o(i.ADC_Enable)
    BusFault_Handler                         0x08000b59   Thumb Code     2  stm32f1xx_it.o(i.BusFault_Handler)
    CAN1_RX0_IRQHandler                      0x08000b5d   Thumb Code     8  stm32f1xx_it.o(i.CAN1_RX0_IRQHandler)
    CAN1_RX1_IRQHandler                      0x08000b69   Thumb Code     6  stm32f1xx_it.o(i.CAN1_RX1_IRQHandler)
    CAN1_SCE_IRQHandler                      0x08000b75   Thumb Code    12  stm32f1xx_it.o(i.CAN1_SCE_IRQHandler)
    CAN1_TX_IRQHandler                       0x08000b85   Thumb Code     6  stm32f1xx_it.o(i.CAN1_TX_IRQHandler)
    CAN2_RX0_IRQHandler                      0x08000b91   Thumb Code     8  stm32f1xx_it.o(i.CAN2_RX0_IRQHandler)
    CAN2_RX1_IRQHandler                      0x08000b9d   Thumb Code     6  stm32f1xx_it.o(i.CAN2_RX1_IRQHandler)
    CAN2_SCE_IRQHandler                      0x08000ba9   Thumb Code    12  stm32f1xx_it.o(i.CAN2_SCE_IRQHandler)
    CAN2_TX_IRQHandler                       0x08000bb9   Thumb Code     6  stm32f1xx_it.o(i.CAN2_TX_IRQHandler)
    CAN_eforce                               0x08000d59   Thumb Code   274  can_eforce_init.o(i.CAN_eforce)
    Can_WheelSpeed                           0x08000e6d   Thumb Code   106  wheel_speed.o(i.Can_WheelSpeed)
    Cooling_process_intern                   0x08000ee9   Thumb Code   328  cooling_circuit.o(i.Cooling_process_intern)
    DMA1_Channel1_IRQHandler                 0x08001039   Thumb Code     6  stm32f1xx_it.o(i.DMA1_Channel1_IRQHandler)
    DebugMon_Handler                         0x0800106f   Thumb Code     2  stm32f1xx_it.o(i.DebugMon_Handler)
    ECUA_decode_Status_s                     0x08001071   Thumb Code   222  can_ecub.o(i.ECUA_decode_Status_s)
    ECUA_get_Status                          0x08001151   Thumb Code    54  can_ecub.o(i.ECUA_get_Status)
    ECUB_Cooling_need_to_send                0x0800118d   Thumb Code    30  can_ecub.o(i.ECUB_Cooling_need_to_send)
    ECUB_GLV_AMS_need_to_send                0x080011b1   Thumb Code    30  can_ecub.o(i.ECUB_GLV_AMS_need_to_send)
    ECUB_Power_dist_need_to_send             0x080011d5   Thumb Code    30  can_ecub.o(i.ECUB_Power_dist_need_to_send)
    ECUB_Status_need_to_send                 0x080011f9   Thumb Code    30  can_ecub.o(i.ECUB_Status_need_to_send)
    ECUB_TEMPAux_need_to_send                0x0800121d   Thumb Code    30  can_ecub.o(i.ECUB_TEMPAux_need_to_send)
    ECUB_TEMPSuspR_need_to_send              0x08001241   Thumb Code    30  can_ecub.o(i.ECUB_TEMPSuspR_need_to_send)
    ECUB_Wheelspeed_need_to_send             0x08001265   Thumb Code    30  can_ecub.o(i.ECUB_Wheelspeed_need_to_send)
    ECUB_send_Cooling_s                      0x08001289   Thumb Code   236  can_ecub.o(i.ECUB_send_Cooling_s)
    ECUB_send_GLV_AMS_s                      0x08001379   Thumb Code   110  can_ecub.o(i.ECUB_send_GLV_AMS_s)
    ECUB_send_Power_dist_s                   0x080013ed   Thumb Code    62  can_ecub.o(i.ECUB_send_Power_dist_s)
    ECUB_send_Status_s                       0x08001431   Thumb Code   462  can_ecub.o(i.ECUB_send_Status_s)
    ECUB_send_TEMPAux_s                      0x08001605   Thumb Code    50  can_ecub.o(i.ECUB_send_TEMPAux_s)
    ECUB_send_TEMPSuspR_s                    0x0800163d   Thumb Code    74  can_ecub.o(i.ECUB_send_TEMPSuspR_s)
    ECUB_send_Wheelspeed_s                   0x0800168d   Thumb Code    92  can_ecub.o(i.ECUB_send_Wheelspeed_s)
    ECUF_decode_Dashboard_s                  0x080016ed   Thumb Code    60  can_ecub.o(i.ECUF_decode_Dashboard_s)
    ECUF_decode_Status_s                     0x08001729   Thumb Code   242  can_ecub.o(i.ECUF_decode_Status_s)
    ECUF_get_Dashboard                       0x0800181d   Thumb Code    40  can_ecub.o(i.ECUF_get_Dashboard)
    ECUF_get_Status                          0x0800184d   Thumb Code    54  can_ecub.o(i.ECUF_get_Status)
    ECUP_decode_Status_s                     0x08001889   Thumb Code    60  can_ecub.o(i.ECUP_decode_Status_s)
    ECUP_get_Status                          0x080018c5   Thumb Code    52  can_ecub.o(i.ECUP_get_Status)
    GetTemperature                           0x08001901   Thumb Code    92  lvbattery.o(i.GetTemperature)
    HAL_ADC_ConfigChannel                    0x08001971   Thumb Code   240  stm32f1xx_hal_adc.o(i.HAL_ADC_ConfigChannel)
    HAL_ADC_ConvCpltCallback                 0x08001a6d   Thumb Code    98  adc.o(i.HAL_ADC_ConvCpltCallback)
    HAL_ADC_ConvHalfCpltCallback             0x08001add   Thumb Code     2  stm32f1xx_hal_adc.o(i.HAL_ADC_ConvHalfCpltCallback)
    HAL_ADC_ErrorCallback                    0x08001adf   Thumb Code     2  stm32f1xx_hal_adc.o(i.HAL_ADC_ErrorCallback)
    HAL_ADC_Init                             0x08001ae1   Thumb Code   270  stm32f1xx_hal_adc.o(i.HAL_ADC_Init)
    HAL_ADC_MspInit                          0x08001bfd   Thumb Code   130  stm32f1xx_hal_msp.o(i.HAL_ADC_MspInit)
    HAL_ADC_Start_DMA                        0x08001cb9   Thumb Code   246  stm32f1xx_hal_adc.o(i.HAL_ADC_Start_DMA)
    HAL_CAN_ConfigFilter                     0x08001dc5   Thumb Code   238  stm32f1xx_hal_can.o(i.HAL_CAN_ConfigFilter)
    HAL_CAN_ErrorCallback                    0x08001eb3   Thumb Code     2  stm32f1xx_hal_can.o(i.HAL_CAN_ErrorCallback)
    HAL_CAN_IRQHandler                       0x08001eb5   Thumb Code   548  stm32f1xx_hal_can.o(i.HAL_CAN_IRQHandler)
    HAL_CAN_Init                             0x080020e9   Thumb Code   308  stm32f1xx_hal_can.o(i.HAL_CAN_Init)
    HAL_CAN_MspInit                          0x0800221d   Thumb Code   286  stm32f1xx_hal_msp.o(i.HAL_CAN_MspInit)
    HAL_CAN_Receive                          0x08002359   Thumb Code   462  stm32f1xx_hal_can.o(i.HAL_CAN_Receive)
    HAL_CAN_Receive_IT                       0x08002527   Thumb Code   184  stm32f1xx_hal_can.o(i.HAL_CAN_Receive_IT)
    HAL_CAN_RxCpltCallback                   0x080025df   Thumb Code     2  stm32f1xx_hal_can.o(i.HAL_CAN_RxCpltCallback)
    HAL_CAN_Transmit                         0x080025e1   Thumb Code   428  stm32f1xx_hal_can.o(i.HAL_CAN_Transmit)
    HAL_CAN_TxCpltCallback                   0x08002799   Thumb Code     2  stm32f1xx_hal_can.o(i.HAL_CAN_TxCpltCallback)
    HAL_DMA_IRQHandler                       0x0800279d   Thumb Code   552  stm32f1xx_hal_dma.o(i.HAL_DMA_IRQHandler)
    HAL_DMA_Init                             0x080029e5   Thumb Code   120  stm32f1xx_hal_dma.o(i.HAL_DMA_Init)
    HAL_DMA_Start_IT                         0x08002a69   Thumb Code   112  stm32f1xx_hal_dma.o(i.HAL_DMA_Start_IT)
    HAL_Delay                                0x08002ad9   Thumb Code    32  stm32f1xx_hal.o(i.HAL_Delay)
    HAL_GPIO_Init                            0x08002afd   Thumb Code   422  stm32f1xx_hal_gpio.o(i.HAL_GPIO_Init)
    HAL_GPIO_ReadPin                         0x08002cc5   Thumb Code    10  stm32f1xx_hal_gpio.o(i.HAL_GPIO_ReadPin)
    HAL_GPIO_TogglePin                       0x08002ccf   Thumb Code     8  stm32f1xx_hal_gpio.o(i.HAL_GPIO_TogglePin)
    HAL_GPIO_WritePin                        0x08002cd7   Thumb Code    10  stm32f1xx_hal_gpio.o(i.HAL_GPIO_WritePin)
    HAL_GetTick                              0x08002ce1   Thumb Code     6  stm32f1xx_hal.o(i.HAL_GetTick)
    HAL_HalfDuplex_Init                      0x08002ced   Thumb Code   108  stm32f1xx_hal_uart.o(i.HAL_HalfDuplex_Init)
    HAL_IncTick                              0x08002d59   Thumb Code    12  stm32f1xx_hal.o(i.HAL_IncTick)
    HAL_Init                                 0x08002d69   Thumb Code    32  stm32f1xx_hal.o(i.HAL_Init)
    HAL_InitTick                             0x08002d8d   Thumb Code    54  stm32f1xx_hal.o(i.HAL_InitTick)
    HAL_MspInit                              0x08002dcd   Thumb Code   118  stm32f1xx_hal_msp.o(i.HAL_MspInit)
    HAL_NVIC_EnableIRQ                       0x08002e4d   Thumb Code    22  stm32f1xx_hal_cortex.o(i.HAL_NVIC_EnableIRQ)
    HAL_NVIC_SetPriority                     0x08002e65   Thumb Code    60  stm32f1xx_hal_cortex.o(i.HAL_NVIC_SetPriority)
    HAL_NVIC_SetPriorityGrouping             0x08002ea5   Thumb Code    26  stm32f1xx_hal_cortex.o(i.HAL_NVIC_SetPriorityGrouping)
    HAL_RCCEx_PeriphCLKConfig                0x08002ec9   Thumb Code   380  stm32f1xx_hal_rcc_ex.o(i.HAL_RCCEx_PeriphCLKConfig)
    HAL_RCC_ClockConfig                      0x08003055   Thumb Code   316  stm32f1xx_hal_rcc.o(i.HAL_RCC_ClockConfig)
    HAL_RCC_GetHCLKFreq                      0x080031a1   Thumb Code     6  stm32f1xx_hal_rcc.o(i.HAL_RCC_GetHCLKFreq)
    HAL_RCC_GetPCLK1Freq                     0x080031ad   Thumb Code    20  stm32f1xx_hal_rcc.o(i.HAL_RCC_GetPCLK1Freq)
    HAL_RCC_GetPCLK2Freq                     0x080031cd   Thumb Code    20  stm32f1xx_hal_rcc.o(i.HAL_RCC_GetPCLK2Freq)
    HAL_RCC_GetSysClockFreq                  0x080031ed   Thumb Code   148  stm32f1xx_hal_rcc.o(i.HAL_RCC_GetSysClockFreq)
    HAL_RCC_OscConfig                        0x080032b1   Thumb Code   932  stm32f1xx_hal_rcc.o(i.HAL_RCC_OscConfig)
    HAL_SPI_Init                             0x08003669   Thumb Code   130  stm32f1xx_hal_spi_ex.o(i.HAL_SPI_Init)
    HAL_SPI_MspInit                          0x080036ed   Thumb Code   122  stm32f1xx_hal_msp.o(i.HAL_SPI_MspInit)
    HAL_SPI_Receive                          0x0800377d   Thumb Code   328  stm32f1xx_hal_spi.o(i.HAL_SPI_Receive)
    HAL_SPI_Transmit                         0x080038c5   Thumb Code   356  stm32f1xx_hal_spi.o(i.HAL_SPI_Transmit)
    HAL_SPI_TransmitReceive                  0x08003a29   Thumb Code   458  stm32f1xx_hal_spi.o(i.HAL_SPI_TransmitReceive)
    HAL_SYSTICK_CLKSourceConfig              0x08003bf3   Thumb Code    24  stm32f1xx_hal_cortex.o(i.HAL_SYSTICK_CLKSourceConfig)
    HAL_SYSTICK_Callback                     0x08003c0b   Thumb Code     2  stm32f1xx_hal_cortex.o(i.HAL_SYSTICK_Callback)
    HAL_SYSTICK_Config                       0x08003c0d   Thumb Code    40  stm32f1xx_hal_cortex.o(i.HAL_SYSTICK_Config)
    HAL_SYSTICK_IRQHandler                   0x08003c35   Thumb Code     8  stm32f1xx_hal_cortex.o(i.HAL_SYSTICK_IRQHandler)
    HAL_TIMEx_BreakCallback                  0x08003c3d   Thumb Code     2  stm32f1xx_hal_tim_ex.o(i.HAL_TIMEx_BreakCallback)
    HAL_TIMEx_CommutationCallback            0x08003c3f   Thumb Code     2  stm32f1xx_hal_tim_ex.o(i.HAL_TIMEx_CommutationCallback)
    HAL_TIMEx_ConfigBreakDeadTime            0x08003c41   Thumb Code    90  stm32f1xx_hal_tim_ex.o(i.HAL_TIMEx_ConfigBreakDeadTime)
    HAL_TIMEx_MasterConfigSynchronization    0x08003c9b   Thumb Code    80  stm32f1xx_hal_tim_ex.o(i.HAL_TIMEx_MasterConfigSynchronization)
    HAL_TIM_Base_Init                        0x08003ceb   Thumb Code    54  stm32f1xx_hal_tim.o(i.HAL_TIM_Base_Init)
    HAL_TIM_Base_MspInit                     0x08003d21   Thumb Code   246  stm32f1xx_hal_msp.o(i.HAL_TIM_Base_MspInit)
    HAL_TIM_ConfigClockSource                0x08003e35   Thumb Code   240  stm32f1xx_hal_tim.o(i.HAL_TIM_ConfigClockSource)
    HAL_TIM_IC_CaptureCallback               0x08003f25   Thumb Code   188  wheel_speed.o(i.HAL_TIM_IC_CaptureCallback)
    HAL_TIM_IC_ConfigChannel                 0x08003ff5   Thumb Code   282  stm32f1xx_hal_tim.o(i.HAL_TIM_IC_ConfigChannel)
    HAL_TIM_IC_Init                          0x0800410f   Thumb Code    54  stm32f1xx_hal_tim.o(i.HAL_TIM_IC_Init)
    HAL_TIM_IC_MspInit                       0x08004145   Thumb Code     2  stm32f1xx_hal_tim.o(i.HAL_TIM_IC_MspInit)
    HAL_TIM_IC_Start_IT                      0x08004147   Thumb Code    76  stm32f1xx_hal_tim.o(i.HAL_TIM_IC_Start_IT)
    HAL_TIM_IRQHandler                       0x08004193   Thumb Code   358  stm32f1xx_hal_tim.o(i.HAL_TIM_IRQHandler)
    HAL_TIM_MspPostInit                      0x080042f9   Thumb Code    74  stm32f1xx_hal_msp.o(i.HAL_TIM_MspPostInit)
    HAL_TIM_OC_DelayElapsedCallback          0x08004355   Thumb Code     2  stm32f1xx_hal_tim.o(i.HAL_TIM_OC_DelayElapsedCallback)
    HAL_TIM_PWM_ConfigChannel                0x08004357   Thumb Code   208  stm32f1xx_hal_tim.o(i.HAL_TIM_PWM_ConfigChannel)
    HAL_TIM_PWM_Init                         0x08004427   Thumb Code    54  stm32f1xx_hal_tim.o(i.HAL_TIM_PWM_Init)
    HAL_TIM_PWM_MspInit                      0x0800445d   Thumb Code     2  stm32f1xx_hal_tim.o(i.HAL_TIM_PWM_MspInit)
    HAL_TIM_PWM_PulseFinishedCallback        0x0800445f   Thumb Code     2  stm32f1xx_hal_tim.o(i.HAL_TIM_PWM_PulseFinishedCallback)
    HAL_TIM_PWM_Start                        0x08004461   Thumb Code    42  stm32f1xx_hal_tim.o(i.HAL_TIM_PWM_Start)
    HAL_TIM_PeriodElapsedCallback            0x08004491   Thumb Code    18  wheel_speed.o(i.HAL_TIM_PeriodElapsedCallback)
    HAL_TIM_TriggerCallback                  0x080044a9   Thumb Code     2  stm32f1xx_hal_tim.o(i.HAL_TIM_TriggerCallback)
    HAL_UART_Init                            0x080044ab   Thumb Code    98  stm32f1xx_hal_uart.o(i.HAL_UART_Init)
    HAL_UART_MspInit                         0x0800450d   Thumb Code   112  stm32f1xx_hal_msp.o(i.HAL_UART_MspInit)
    HardFault_Handler                        0x0800458d   Thumb Code     2  stm32f1xx_it.o(i.HardFault_Handler)
    LTC_DRV_SPI_CSHigh                       0x08004591   Thumb Code    10  lvbattery.o(i.LTC_DRV_SPI_CSHigh)
    LTC_DRV_SPI_CSLow                        0x080045a1   Thumb Code    12  lvbattery.o(i.LTC_DRV_SPI_CSLow)
    LTC_DRV_SPI_Read                         0x080045b1   Thumb Code    22  lvbattery.o(i.LTC_DRV_SPI_Read)
    LTC_DRV_SPI_Write                        0x080045d1   Thumb Code    16  lvbattery.o(i.LTC_DRV_SPI_Write)
    LTC_Init                                 0x080045e5   Thumb Code     4  ltc6804.o(i.LTC_Init)
    LTC_ReadAuxiliaryGroups                  0x080045e9   Thumb Code   162  ltc6804.o(i.LTC_ReadAuxiliaryGroups)
    LTC_ReadCellVoltageGroups                0x08004691   Thumb Code   312  ltc6804.o(i.LTC_ReadCellVoltageGroups)
    LTC_ReadConfigGroup                      0x080047cd   Thumb Code   144  ltc6804.o(i.LTC_ReadConfigGroup)
    LTC_SetCommandAddress                    0x08004861   Thumb Code     8  ltc6804.o(i.LTC_SetCommandAddress)
    LTC_StartCombinedConversion              0x0800486d   Thumb Code    38  ltc6804.o(i.LTC_StartCombinedConversion)
    LTC_StartCommunication                   0x08004899   Thumb Code    58  ltc6804.o(i.LTC_StartCommunication)
    LTC_WakeUp                               0x080048d9   Thumb Code    28  ltc6804.o(i.LTC_WakeUp)
    LTC_WriteCommGroup                       0x080048f5   Thumb Code   112  ltc6804.o(i.LTC_WriteCommGroup)
    LTC_WriteConfigGroup                     0x0800496d   Thumb Code   120  ltc6804.o(i.LTC_WriteConfigGroup)
    LV_init                                  0x080049ed   Thumb Code   178  lvbattery.o(i.LV_init)
    LV_process                               0x08004ab1   Thumb Code   200  lvbattery.o(i.LV_process)
    LV_voltage_recive                        0x08004b89   Thumb Code     6  adc.o(i.LV_voltage_recive)
    MCF_decode_ChannelMeasuresA_s            0x08004b95   Thumb Code    28  can_ecub.o(i.MCF_decode_ChannelMeasuresA_s)
    MCF_decode_GeneralReport_s               0x08004bb1   Thumb Code   166  can_ecub.o(i.MCF_decode_GeneralReport_s)
    MCF_decode_ThermalMeasuresA_s            0x08004c57   Thumb Code    40  can_ecub.o(i.MCF_decode_ThermalMeasuresA_s)
    MCF_decode_ThermalMeasuresB_s            0x08004c7f   Thumb Code    40  can_ecub.o(i.MCF_decode_ThermalMeasuresB_s)
    MCF_get_ChannelMeasuresA                 0x08004ca9   Thumb Code    36  can_ecub.o(i.MCF_get_ChannelMeasuresA)
    MCF_get_GeneralReport                    0x08004cd5   Thumb Code    36  can_ecub.o(i.MCF_get_GeneralReport)
    MCF_get_ThermalMeasuresA                 0x08004cfd   Thumb Code    40  can_ecub.o(i.MCF_get_ThermalMeasuresA)
    MCF_get_ThermalMeasuresB                 0x08004d2d   Thumb Code    40  can_ecub.o(i.MCF_get_ThermalMeasuresB)
    MCR_decode_GeneralReport_s               0x08004d5d   Thumb Code   166  can_ecub.o(i.MCR_decode_GeneralReport_s)
    MCR_decode_ThermalMeasuresA_s            0x08004e03   Thumb Code    40  can_ecub.o(i.MCR_decode_ThermalMeasuresA_s)
    MCR_decode_ThermalMeasuresB_s            0x08004e2b   Thumb Code    40  can_ecub.o(i.MCR_decode_ThermalMeasuresB_s)
    MCR_get_GeneralReport                    0x08004e55   Thumb Code    36  can_ecub.o(i.MCR_get_GeneralReport)
    MCR_get_ThermalMeasuresA                 0x08004e7d   Thumb Code    40  can_ecub.o(i.MCR_get_ThermalMeasuresA)
    MCR_get_ThermalMeasuresB                 0x08004ead   Thumb Code    40  can_ecub.o(i.MCR_get_ThermalMeasuresB)
    MemManage_Handler                        0x08005439   Thumb Code     2  stm32f1xx_it.o(i.MemManage_Handler)
    NMI_Handler                              0x0800543b   Thumb Code     2  stm32f1xx_it.o(i.NMI_Handler)
    PendSV_Handler                           0x0800545d   Thumb Code     2  stm32f1xx_it.o(i.PendSV_Handler)
    SVC_Handler                              0x08005515   Thumb Code     2  stm32f1xx_it.o(i.SVC_Handler)
    SysTick_Handler                          0x08005561   Thumb Code    14  stm32f1xx_it.o(i.SysTick_Handler)
    SystemClock_Config                       0x08005571   Thumb Code   128  main.o(i.SystemClock_Config)
    SystemInit                               0x080055f5   Thumb Code    68  system_stm32f1xx.o(i.SystemInit)
    TIM1_BRK_IRQHandler                      0x08005649   Thumb Code     6  stm32f1xx_it.o(i.TIM1_BRK_IRQHandler)
    TIM1_CC_IRQHandler                       0x08005655   Thumb Code     6  stm32f1xx_it.o(i.TIM1_CC_IRQHandler)
    TIM1_TRG_COM_IRQHandler                  0x08005661   Thumb Code     6  stm32f1xx_it.o(i.TIM1_TRG_COM_IRQHandler)
    TIM1_UP_IRQHandler                       0x0800566d   Thumb Code     6  stm32f1xx_it.o(i.TIM1_UP_IRQHandler)
    TIM3_IRQHandler                          0x08005679   Thumb Code     6  stm32f1xx_it.o(i.TIM3_IRQHandler)
    TIM5_IRQHandler                          0x08005685   Thumb Code     6  stm32f1xx_it.o(i.TIM5_IRQHandler)
    TIM_Base_SetConfig                       0x08005691   Thumb Code   104  stm32f1xx_hal_tim.o(i.TIM_Base_SetConfig)
    TIM_CCxChannelCmd                        0x08005709   Thumb Code    22  stm32f1xx_hal_tim.o(i.TIM_CCxChannelCmd)
    TIM_OC2_SetConfig                        0x0800579d   Thumb Code    86  stm32f1xx_hal_tim.o(i.TIM_OC2_SetConfig)
    TIM_TI1_SetConfig                        0x080058b9   Thumb Code    82  stm32f1xx_hal_tim.o(i.TIM_TI1_SetConfig)
    UsageFault_Handler                       0x08005ae9   Thumb Code     2  stm32f1xx_it.o(i.UsageFault_Handler)
    VDCU_decode_Status_s                     0x08005aeb   Thumb Code   108  can_ecub.o(i.VDCU_decode_Status_s)
    VDCU_get_Status                          0x08005b59   Thumb Code    58  can_ecub.o(i.VDCU_get_Status)
    _Error_Handler                           0x08005b99   Thumb Code     2  main.o(i._Error_Handler)
    __kernel_poly                            0x08005b9b   Thumb Code   170  poly.o(i.__kernel_poly)
    __mathlib_dbl_divzero                    0x08005c45   Thumb Code    12  dunder.o(i.__mathlib_dbl_divzero)
    __mathlib_dbl_infnan                     0x08005c55   Thumb Code     6  dunder.o(i.__mathlib_dbl_infnan)
    __mathlib_dbl_invalid                    0x08005c5b   Thumb Code    12  dunder.o(i.__mathlib_dbl_invalid)
    __scatterload_copy                       0x08005c67   Thumb Code    14  handlers.o(i.__scatterload_copy)
    __scatterload_null                       0x08005c75   Thumb Code     2  handlers.o(i.__scatterload_null)
    __scatterload_zeroinit                   0x08005c77   Thumb Code    14  handlers.o(i.__scatterload_zeroinit)
    __set_errno                              0x08005c85   Thumb Code     6  errno.o(i.__set_errno)
    aux_set                                  0x08005c91   Thumb Code   196  periphery_set.o(i.aux_set)
    blink_SDB                                0x08005d5d   Thumb Code   130  carstate.o(i.blink_SDB)
    blink_led                                0x08005de9   Thumb Code    60  carstate.o(i.blink_led)
    brake_sens_init                          0x08005e2d   Thumb Code   124  brake_sensors.o(i.brake_sens_init)
    brake_sens_process                       0x08005eb1   Thumb Code   266  brake_sensors.o(i.brake_sens_process)
    brake_set                                0x08005fc5   Thumb Code    34  brakelight.o(i.brake_set)
    brakelightprocess                        0x08005fed   Thumb Code    48  brakelight.o(i.brakelightprocess)
    calcSens                                 0x0800601d   Thumb Code   126  wheel_speed.o(i.calcSens)
    canInitMsgStatus                         0x080060b5   Thumb Code    14  tx2_can.o(i.canInitMsgStatus)
    canUpdateMsgStatusOnReceive              0x080060c3   Thumb Code    22  tx2_can.o(i.canUpdateMsgStatusOnReceive)
    candbHandleMessage                       0x080060d9   Thumb Code   558  can_ecub.o(i.candbHandleMessage)
    candbInit                                0x08006315   Thumb Code   146  can_ecub.o(i.candbInit)
    carstate_init                            0x080063b5   Thumb Code    18  carstate.o(i.carstate_init)
    carstate_process                         0x080063cd   Thumb Code   776  carstate.o(i.carstate_process)
    change_to_NOT_READY                      0x080066ed   Thumb Code   142  carstate.o(i.change_to_NOT_READY)
    checkZeroSpeed                           0x08006795   Thumb Code    52  wheel_speed.o(i.checkZeroSpeed)
    check_mess                               0x080067d1   Thumb Code   110  carstate.o(i.check_mess)
    check_voltage                            0x08006849   Thumb Code    88  carstate.o(i.check_voltage)
    config_SDC_spi                           0x080068a9   Thumb Code    66  carstate.o(i.config_SDC_spi)
    config_spi                               0x08006905   Thumb Code    84  brake_sensors.o(i.config_spi)
    config_spi_LV                            0x08006975   Thumb Code    88  lvbattery.o(i.config_spi_LV)
    cooling_poccess                          0x080069e5   Thumb Code   190  adc.o(i.cooling_poccess)
    fan_pwm_process                          0x08006aa9   Thumb Code    64  cooling_circuit.o(i.fan_pwm_process)
    free                                     0x08006af1   Thumb Code    76  malloc.o(i.free)
    get_can_state                            0x08006b41   Thumb Code     4  carstate.o(i.get_can_state)
    get_dash                                 0x08006b49   Thumb Code    18  carstate.o(i.get_dash)
    get_state                                0x08006b61   Thumb Code     4  carstate.o(i.get_state)
    initSens                                 0x08006b69   Thumb Code    70  wheel_speed.o(i.initSens)
    init_PEC15_Table                         0x08006bb5   Thumb Code    46  ltc6804.o(i.init_PEC15_Table)
    log                                      0x08006be9   Thumb Code   808  log.o(i.log)
    main                                     0x08006f45   Thumb Code   562  main.o(i.main)
    malloc                                   0x080071ad   Thumb Code    92  malloc.o(i.malloc)
    measure_SDC                              0x08007219   Thumb Code   288  carstate.o(i.measure_SDC)
    medianFilt                               0x08007349   Thumb Code   110  wheel_speed.o(i.medianFilt)
    paritycheck                              0x080073b9   Thumb Code   222  carstate.o(i.paritycheck)
    pec15                                    0x0800749d   Thumb Code    44  ltc6804.o(i.pec15)
    pec_is_ok                                0x080074cd   Thumb Code    28  ltc6804.o(i.pec_is_ok)
    play_RTDS                                0x080074ed   Thumb Code    66  carstate.o(i.play_RTDS)
    pump_pwm_process                         0x08007539   Thumb Code    54  cooling_circuit.o(i.pump_pwm_process)
    pwm_check                                0x08007579   Thumb Code   114  cooling_circuit.o(i.pwm_check)
    receive_packet                           0x080075fd   Thumb Code    26  ltc6804.o(i.receive_packet)
    ringbufCanWrite                          0x0800761d   Thumb Code    34  tx2_ringbuf.o(i.ringbufCanWrite)
    ringbufTryRead                           0x0800763f   Thumb Code    42  tx2_ringbuf.o(i.ringbufTryRead)
    ringbufWriteUnchecked                    0x08007669   Thumb Code    30  tx2_ringbuf.o(i.ringbufWriteUnchecked)
    saveSensPeriod                           0x08007687   Thumb Code    44  wheel_speed.o(i.saveSensPeriod)
    set_SDB_led                              0x080076b5   Thumb Code   158  periphery_set.o(i.set_SDB_led)
    sortInsertion                            0x08007759   Thumb Code    48  wheel_speed.o(i.sortInsertion)
    start_ADC                                0x08007789   Thumb Code     8  adc.o(i.start_ADC)
    start_PWM                                0x08007795   Thumb Code    88  cooling_circuit.o(i.start_PWM)
    start_WS_measure                         0x080077ed   Thumb Code    50  wheel_speed.o(i.start_WS_measure)
    store_command_with_pec                   0x08007825   Thumb Code    26  ltc6804.o(i.store_command_with_pec)
    transmit_packet                          0x08007845   Thumb Code    26  ltc6804.o(i.transmit_packet)
    txGetTimeMillis                          0x08007865   Thumb Code     4  can_callback.o(i.txGetTimeMillis)
    txHandleCANMessage                       0x08007869   Thumb Code     4  can_callback.o(i.txHandleCANMessage)
    txInit                                   0x0800786d   Thumb Code    28  tx2_can.o(i.txInit)
    txProcess                                0x08007891   Thumb Code   124  tx2_can.o(i.txProcess)
    txReceiveCANMessage                      0x08007915   Thumb Code    84  tx2_can.o(i.txReceiveCANMessage)
    txSendCANMessage                         0x08007971   Thumb Code    20  can_callback.o(i.txSendCANMessage)
    units_set                                0x0800798d   Thumb Code   318  periphery_set.o(i.units_set)
    AHBPrescTable                            0x08007ae0   Data          16  system_stm32f1xx.o(.constdata)
    APBPrescTable                            0x08007af0   Data           8  system_stm32f1xx.o(.constdata)
    __mathlib_zero                           0x08007b30   Data           8  qnan.o(.constdata)
    Region$$Table$$Base                      0x08007b38   Number         0  anon$$obj.o(Region$$Table)
    Region$$Table$$Limit                     0x08007b58   Number         0  anon$$obj.o(Region$$Table)
    ECUB_TEMP_AUX                            0x20000000   Data           4  adc.o(.data)
    ntc0_value                               0x20000004   Data           4  adc.o(.data)
    ntc1_value                               0x20000008   Data           4  adc.o(.data)
    ntc2_value                               0x2000000c   Data           4  adc.o(.data)
    ntc3_value                               0x20000010   Data           4  adc.o(.data)
    ecua_u_value                             0x20000014   Data           4  adc.o(.data)
    lv_bat_u_value                           0x20000018   Data           4  adc.o(.data)
    service_box_u_value                      0x2000001c   Data           4  adc.o(.data)
    parity_check_summ                        0x20000023   Data           1  carstate.o(.data)
    parity_for                               0x20000024   Data           1  carstate.o(.data)
    SDC_parity_control                       0x20000025   Data           1  carstate.o(.data)
    TS_ON_presed                             0x20000026   Data           1  carstate.o(.data)
    TSMS_set_countdown                       0x20000040   Data           4  carstate.o(.data)
    LV_low_countdown                         0x20000044   Data           4  carstate.o(.data)
    max_engine_temperature                   0x2000006c   Data           4  cooling_circuit.o(.data)
    new_pwm_value                            0x20000070   Data           4  cooling_circuit.o(.data)
    MCR_Engine_A                             0x20000074   Data           7  cooling_circuit.o(.data)
    MCR_Engine_B                             0x2000007b   Data           7  cooling_circuit.o(.data)
    MCF_Engine_A                             0x20000082   Data           7  cooling_circuit.o(.data)
    MCF_Engine_B                             0x20000089   Data           7  cooling_circuit.o(.data)
    counter_left_overflow                    0x200000a0   Data           1  wheel_speed.o(.data)
    counter_right_overflow                   0x200000a1   Data           1  wheel_speed.o(.data)
    timer_functions_countdown                0x200000a8   Data           8  wheel_speed.o(.data)
    counter_left_overflow_countdown          0x200000b0   Data           8  wheel_speed.o(.data)
    counter_right_overflow_countdown         0x200000b8   Data           8  wheel_speed.o(.data)
    ECUB_Status_last_sent                    0x200000c0   Data           4  can_ecub.o(.data)
    ECUB_Wheelspeed_last_sent                0x200000c4   Data           4  can_ecub.o(.data)
    ECUB_GLV_AMS_last_sent                   0x200000c8   Data           4  can_ecub.o(.data)
    ECUB_Cooling_last_sent                   0x200000cc   Data           4  can_ecub.o(.data)
    ECUB_Power_dist_last_sent                0x200000d0   Data           4  can_ecub.o(.data)
    ECUB_TEMPSuspR_last_sent                 0x200000d4   Data           4  can_ecub.o(.data)
    ECUB_TEMPAux_last_sent                   0x200000d8   Data           4  can_ecub.o(.data)
    ECUP_Status_data                         0x200000dc   Data           6  can_ecub.o(.data)
    ECUF_Dashboard_data                      0x200000e2   Data           7  can_ecub.o(.data)
    MCF_ThermalMeasuresA_data                0x200000e9   Data           7  can_ecub.o(.data)
    MCF_ThermalMeasuresB_data                0x200000f0   Data           7  can_ecub.o(.data)
    MCR_ThermalMeasuresA_data                0x200000f7   Data           7  can_ecub.o(.data)
    MCR_ThermalMeasuresB_data                0x200000fe   Data           7  can_ecub.o(.data)
    MCF_ChannelMeasuresA_data                0x20000106   Data           8  can_ecub.o(.data)
    CmdAddress                               0x20000118   Data           2  ltc6804.o(.data)
    rxbuffer                                 0x2000011a   Data           8  ltc6804.o(.data)
    config_register_write                    0x20000134   Data           2  brake_sensors.o(.data)
    temperatureleft                          0x20000138   Data           4  brake_sensors.o(.data)
    temperatureright                         0x2000013c   Data           4  brake_sensors.o(.data)
    recived_data                             0x20000140   Data           8  brake_sensors.o(.data)
    ECUB_TEMP                                0x20000148   Data           8  brake_sensors.o(.data)
    ECUB_POW                                 0x20000150   Data           6  main.o(.data)
    uwTickFreq                               0x2000015c   Data           1  stm32f1xx_hal.o(.data)
    uwTickPrio                               0x20000160   Data           4  stm32f1xx_hal.o(.data)
    uwTick                                   0x20000164   Data           4  stm32f1xx_hal.o(.data)
    SystemCoreClock                          0x20000168   Data           4  system_stm32f1xx.o(.data)
    __microlib_freelist                      0x2000016c   Data           4  mvars.o(.data)
    __microlib_freelist_initialised          0x20000170   Data           4  mvars.o(.data)
    adc_measurement                          0x20000178   Data          18  adc.o(.bss)
    txMsg                                    0x2000018c   Data          28  can_callback.o(.bss)
    ECUB_COOL                                0x2000021f   Data          25  cooling_circuit.o(.bss)
    sens_rr_speed                            0x20000244   Data         132  wheel_speed.o(.bss)
    sens_rl_speed                            0x200002c8   Data         132  wheel_speed.o(.bss)
    ECUA_Status_status                       0x2000034c   Data          16  can_ecub.o(.bss)
    ECUA_Status_data                         0x2000035c   Data          28  can_ecub.o(.bss)
    ECUF_Status_status                       0x20000378   Data          16  can_ecub.o(.bss)
    ECUF_Status_data                         0x20000388   Data          30  can_ecub.o(.bss)
    ECUF_Dashboard_status                    0x200003a8   Data          16  can_ecub.o(.bss)
    ECUP_Status_status                       0x200003b8   Data          16  can_ecub.o(.bss)
    MCF_GeneralReport_status                 0x200003c8   Data          16  can_ecub.o(.bss)
    MCF_GeneralReport_data                   0x200003d8   Data          20  can_ecub.o(.bss)
    MCF_ThermalMeasuresA_status              0x200003ec   Data          16  can_ecub.o(.bss)
    MCF_ThermalMeasuresB_status              0x200003fc   Data          16  can_ecub.o(.bss)
    MCF_ChannelMeasuresA_status              0x2000040c   Data          16  can_ecub.o(.bss)
    MCR_GeneralReport_status                 0x2000041c   Data          16  can_ecub.o(.bss)
    MCR_GeneralReport_data                   0x2000042c   Data          20  can_ecub.o(.bss)
    MCR_ThermalMeasuresA_status              0x20000440   Data          16  can_ecub.o(.bss)
    MCR_ThermalMeasuresB_status              0x20000450   Data          16  can_ecub.o(.bss)
    VDCU_Status_status                       0x20000460   Data          16  can_ecub.o(.bss)
    VDCU_Status_data                         0x20000470   Data          12  can_ecub.o(.bss)
    pec15Table                               0x2000068c   Data         512  ltc6804.o(.bss)
    txbuffer                                 0x2000088c   Data          12  ltc6804.o(.bss)
    hadc1                                    0x200008e0   Data          48  main.o(.bss)
    hcan1                                    0x20000910   Data          68  main.o(.bss)
    hcan2                                    0x20000954   Data          68  main.o(.bss)
    hspi1                                    0x20000998   Data          88  main.o(.bss)
    hspi2                                    0x200009f0   Data          88  main.o(.bss)
    htim1                                    0x20000a48   Data          64  main.o(.bss)
    htim2                                    0x20000a88   Data          64  main.o(.bss)
    htim3                                    0x20000ac8   Data          64  main.o(.bss)
    htim5                                    0x20000b08   Data          64  main.o(.bss)
    huart4                                   0x20000b48   Data          64  main.o(.bss)
    huart5                                   0x20000b88   Data          64  main.o(.bss)
    canRxMsg1                                0x20000bc8   Data          36  main.o(.bss)
    canRxMsg2                                0x20000bec   Data          36  main.o(.bss)
    hdma_adc1                                0x20000c10   Data          68  main.o(.bss)
    __heap_base                              0x20000c58   Data           0  startup_stm32f105xc.o(HEAP)
    __heap_limit                             0x20000e58   Data           0  startup_stm32f105xc.o(HEAP)
    __initial_sp                             0x20001258   Data           0  startup_stm32f105xc.o(STACK)



==============================================================================

Memory Map of the image

  Image Entry point : 0x08000151

  Load Region LR_IROM1 (Base: 0x08000000, Size: 0x00007cd0, Max: 0x00040000, ABSOLUTE, COMPRESSED[0x00007b64])

    Execution Region ER_IROM1 (Exec base: 0x08000000, Load base: 0x08000000, Size: 0x00007b58, Max: 0x00040000, ABSOLUTE)

    Exec Addr    Load Addr    Size         Type   Attr      Idx    E Section Name        Object

    0x08000000   0x08000000   0x00000150   Data   RO            3    RESET               startup_stm32f105xc.o
    0x08000150   0x08000150   0x00000000   Code   RO         4888  * .ARM.Collect$$$$00000000  mc_w.l(entry.o)
    0x08000150   0x08000150   0x00000004   Code   RO         4964    .ARM.Collect$$$$00000001  mc_w.l(entry2.o)
    0x08000154   0x08000154   0x00000004   Code   RO         4967    .ARM.Collect$$$$00000004  mc_w.l(entry5.o)
    0x08000158   0x08000158   0x00000000   Code   RO         4969    .ARM.Collect$$$$00000008  mc_w.l(entry7b.o)
    0x08000158   0x08000158   0x00000000   Code   RO         4971    .ARM.Collect$$$$0000000A  mc_w.l(entry8b.o)
    0x08000158   0x08000158   0x00000008   Code   RO         4972    .ARM.Collect$$$$0000000B  mc_w.l(entry9a.o)
    0x08000160   0x08000160   0x00000000   Code   RO         4974    .ARM.Collect$$$$0000000D  mc_w.l(entry10a.o)
    0x08000160   0x08000160   0x00000000   Code   RO         4976    .ARM.Collect$$$$0000000F  mc_w.l(entry11a.o)
    0x08000160   0x08000160   0x00000004   Code   RO         4965    .ARM.Collect$$$$00002712  mc_w.l(entry2.o)
    0x08000164   0x08000164   0x00000006   Code   RO         1167    .emb_text           ltc6804.o
    0x0800016a   0x0800016a   0x00000002   PAD
    0x0800016c   0x0800016c   0x00000024   Code   RO            4    .text               startup_stm32f105xc.o
    0x08000190   0x08000190   0x00000062   Code   RO         4891    .text               mc_w.l(uldiv.o)
    0x080001f2   0x080001f2   0x00000020   Code   RO         4893    .text               mc_w.l(llushr.o)
    0x08000212   0x08000212   0x00000024   Code   RO         4895    .text               mc_w.l(memcpya.o)
    0x08000236   0x08000236   0x00000024   Code   RO         4897    .text               mc_w.l(memseta.o)
    0x0800025a   0x0800025a   0x0000001a   Code   RO         4899    .text               mc_w.l(memcmp.o)
    0x08000274   0x08000274   0x000000b0   Code   RO         4931    .text               mf_w.l(fadd.o)
    0x08000324   0x08000324   0x0000007c   Code   RO         4933    .text               mf_w.l(fdiv.o)
    0x080003a0   0x080003a0   0x0000014e   Code   RO         4935    .text               mf_w.l(dadd.o)
    0x080004ee   0x080004ee   0x000000de   Code   RO         4937    .text               mf_w.l(ddiv.o)
    0x080005cc   0x080005cc   0x00000012   Code   RO         4939    .text               mf_w.l(fflti.o)
    0x080005de   0x080005de   0x00000022   Code   RO         4941    .text               mf_w.l(dflti.o)
    0x08000600   0x08000600   0x00000032   Code   RO         4943    .text               mf_w.l(ffixi.o)
    0x08000632   0x08000632   0x00000038   Code   RO         4945    .text               mf_w.l(d2f.o)
    0x0800066a   0x0800066a   0x0000001e   Code   RO         4978    .text               mc_w.l(llshl.o)
    0x08000688   0x08000688   0x00000024   Code   RO         4980    .text               mc_w.l(llsshr.o)
    0x080006ac   0x080006ac   0x00000000   Code   RO         4991    .text               mc_w.l(iusefp.o)
    0x080006ac   0x080006ac   0x0000006e   Code   RO         4992    .text               mf_w.l(fepilogue.o)
    0x0800071a   0x0800071a   0x000000ba   Code   RO         4994    .text               mf_w.l(depilogue.o)
    0x080007d4   0x080007d4   0x000000e4   Code   RO         4996    .text               mf_w.l(dmul.o)
    0x080008b8   0x080008b8   0x0000002e   Code   RO         4998    .text               mf_w.l(dscalb.o)
    0x080008e6   0x080008e6   0x00000002   PAD
    0x080008e8   0x080008e8   0x00000030   Code   RO         5000    .text               mf_w.l(cdcmple.o)
    0x08000918   0x08000918   0x00000024   Code   RO         5002    .text               mc_w.l(init.o)
    0x0800093c   0x0800093c   0x0000003a   Code   RO         5012    .text               mc_w.l(__dczerorl.o)
    0x08000976   0x08000976   0x0000004a   Code   RO         1993    i.ADC_ConversionStop_Disable  stm32f1xx_hal_adc.o
    0x080009c0   0x080009c0   0x0000004e   Code   RO         1994    i.ADC_DMAConvCplt   stm32f1xx_hal_adc.o
    0x08000a0e   0x08000a0e   0x0000001a   Code   RO         1995    i.ADC_DMAError      stm32f1xx_hal_adc.o
    0x08000a28   0x08000a28   0x0000000a   Code   RO         1996    i.ADC_DMAHalfConvCplt  stm32f1xx_hal_adc.o
    0x08000a32   0x08000a32   0x00000002   PAD
    0x08000a34   0x08000a34   0x00000070   Code   RO         1997    i.ADC_Enable        stm32f1xx_hal_adc.o
    0x08000aa4   0x08000aa4   0x000000b4   Code   RO         1422    i.BMS_Process       lvbattery.o
    0x08000b58   0x08000b58   0x00000002   Code   RO         1637    i.BusFault_Handler  stm32f1xx_it.o
    0x08000b5a   0x08000b5a   0x00000002   PAD
    0x08000b5c   0x08000b5c   0x0000000c   Code   RO         1638    i.CAN1_RX0_IRQHandler  stm32f1xx_it.o
    0x08000b68   0x08000b68   0x0000000c   Code   RO         1639    i.CAN1_RX1_IRQHandler  stm32f1xx_it.o
    0x08000b74   0x08000b74   0x00000010   Code   RO         1640    i.CAN1_SCE_IRQHandler  stm32f1xx_it.o
    0x08000b84   0x08000b84   0x0000000c   Code   RO         1641    i.CAN1_TX_IRQHandler  stm32f1xx_it.o
    0x08000b90   0x08000b90   0x0000000c   Code   RO         1642    i.CAN2_RX0_IRQHandler  stm32f1xx_it.o
    0x08000b9c   0x08000b9c   0x0000000c   Code   RO         1643    i.CAN2_RX1_IRQHandler  stm32f1xx_it.o
    0x08000ba8   0x08000ba8   0x00000010   Code   RO         1644    i.CAN2_SCE_IRQHandler  stm32f1xx_it.o
    0x08000bb8   0x08000bb8   0x0000000c   Code   RO         1645    i.CAN2_TX_IRQHandler  stm32f1xx_it.o
    0x08000bc4   0x08000bc4   0x00000050   Code   RO         1646    i.CAN_HandleRX0IRQ  stm32f1xx_it.o
    0x08000c14   0x08000c14   0x00000020   Code   RO         1647    i.CAN_HandleTXIRQ   stm32f1xx_it.o
    0x08000c34   0x08000c34   0x00000124   Code   RO         2269    i.CAN_Receive_IT    stm32f1xx_hal_can.o
    0x08000d58   0x08000d58   0x00000112   Code   RO          286    i.CAN_eforce        can_eforce_init.o
    0x08000e6a   0x08000e6a   0x00000002   PAD
    0x08000e6c   0x08000e6c   0x0000007c   Code   RO          543    i.Can_WheelSpeed    wheel_speed.o
    0x08000ee8   0x08000ee8   0x00000150   Code   RO          435    i.Cooling_process_intern  cooling_circuit.o
    0x08001038   0x08001038   0x0000000c   Code   RO         1648    i.DMA1_Channel1_IRQHandler  stm32f1xx_it.o
    0x08001044   0x08001044   0x0000002a   Code   RO         4318    i.DMA_SetConfig     stm32f1xx_hal_dma.o
    0x0800106e   0x0800106e   0x00000002   Code   RO         1649    i.DebugMon_Handler  stm32f1xx_it.o
    0x08001070   0x08001070   0x000000de   Code   RO          638    i.ECUA_decode_Status_s  can_ecub.o
    0x0800114e   0x0800114e   0x00000002   PAD
    0x08001150   0x08001150   0x0000003c   Code   RO          639    i.ECUA_get_Status   can_ecub.o
    0x0800118c   0x0800118c   0x00000024   Code   RO          640    i.ECUB_Cooling_need_to_send  can_ecub.o
    0x080011b0   0x080011b0   0x00000024   Code   RO          641    i.ECUB_GLV_AMS_need_to_send  can_ecub.o
    0x080011d4   0x080011d4   0x00000024   Code   RO          642    i.ECUB_Power_dist_need_to_send  can_ecub.o
    0x080011f8   0x080011f8   0x00000024   Code   RO          643    i.ECUB_Status_need_to_send  can_ecub.o
    0x0800121c   0x0800121c   0x00000024   Code   RO          644    i.ECUB_TEMPAux_need_to_send  can_ecub.o
    0x08001240   0x08001240   0x00000024   Code   RO          645    i.ECUB_TEMPSuspR_need_to_send  can_ecub.o
    0x08001264   0x08001264   0x00000024   Code   RO          646    i.ECUB_Wheelspeed_need_to_send  can_ecub.o
    0x08001288   0x08001288   0x000000f0   Code   RO          648    i.ECUB_send_Cooling_s  can_ecub.o
    0x08001378   0x08001378   0x00000074   Code   RO          650    i.ECUB_send_GLV_AMS_s  can_ecub.o
    0x080013ec   0x080013ec   0x00000044   Code   RO          652    i.ECUB_send_Power_dist_s  can_ecub.o
    0x08001430   0x08001430   0x000001d4   Code   RO          654    i.ECUB_send_Status_s  can_ecub.o
    0x08001604   0x08001604   0x00000038   Code   RO          656    i.ECUB_send_TEMPAux_s  can_ecub.o
    0x0800163c   0x0800163c   0x00000050   Code   RO          658    i.ECUB_send_TEMPSuspR_s  can_ecub.o
    0x0800168c   0x0800168c   0x00000060   Code   RO          660    i.ECUB_send_Wheelspeed_s  can_ecub.o
    0x080016ec   0x080016ec   0x0000003c   Code   RO          664    i.ECUF_decode_Dashboard_s  can_ecub.o
    0x08001728   0x08001728   0x000000f2   Code   RO          666    i.ECUF_decode_Status_s  can_ecub.o
    0x0800181a   0x0800181a   0x00000002   PAD
    0x0800181c   0x0800181c   0x00000030   Code   RO          667    i.ECUF_get_Dashboard  can_ecub.o
    0x0800184c   0x0800184c   0x0000003c   Code   RO          668    i.ECUF_get_Status   can_ecub.o
    0x08001888   0x08001888   0x0000003c   Code   RO          671    i.ECUP_decode_Status_s  can_ecub.o
    0x080018c4   0x080018c4   0x0000003c   Code   RO          672    i.ECUP_get_Status   can_ecub.o
    0x08001900   0x08001900   0x00000070   Code   RO         1423    i.GetTemperature    lvbattery.o
    0x08001970   0x08001970   0x000000fc   Code   RO         1999    i.HAL_ADC_ConfigChannel  stm32f1xx_hal_adc.o
    0x08001a6c   0x08001a6c   0x00000070   Code   RO           14    i.HAL_ADC_ConvCpltCallback  adc.o
    0x08001adc   0x08001adc   0x00000002   Code   RO         2001    i.HAL_ADC_ConvHalfCpltCallback  stm32f1xx_hal_adc.o
    0x08001ade   0x08001ade   0x00000002   Code   RO         2003    i.HAL_ADC_ErrorCallback  stm32f1xx_hal_adc.o
    0x08001ae0   0x08001ae0   0x0000011c   Code   RO         2008    i.HAL_ADC_Init      stm32f1xx_hal_adc.o
    0x08001bfc   0x08001bfc   0x000000bc   Code   RO         1814    i.HAL_ADC_MspInit   stm32f1xx_hal_msp.o
    0x08001cb8   0x08001cb8   0x0000010c   Code   RO         2015    i.HAL_ADC_Start_DMA  stm32f1xx_hal_adc.o
    0x08001dc4   0x08001dc4   0x000000ee   Code   RO         2270    i.HAL_CAN_ConfigFilter  stm32f1xx_hal_can.o
    0x08001eb2   0x08001eb2   0x00000002   Code   RO         2272    i.HAL_CAN_ErrorCallback  stm32f1xx_hal_can.o
    0x08001eb4   0x08001eb4   0x00000234   Code   RO         2275    i.HAL_CAN_IRQHandler  stm32f1xx_hal_can.o
    0x080020e8   0x080020e8   0x00000134   Code   RO         2276    i.HAL_CAN_Init      stm32f1xx_hal_can.o
    0x0800221c   0x0800221c   0x0000013c   Code   RO         1816    i.HAL_CAN_MspInit   stm32f1xx_hal_msp.o
    0x08002358   0x08002358   0x000001ce   Code   RO         2279    i.HAL_CAN_Receive   stm32f1xx_hal_can.o
    0x08002526   0x08002526   0x000000b8   Code   RO         2280    i.HAL_CAN_Receive_IT  stm32f1xx_hal_can.o
    0x080025de   0x080025de   0x00000002   Code   RO         2281    i.HAL_CAN_RxCpltCallback  stm32f1xx_hal_can.o
    0x080025e0   0x080025e0   0x000001b8   Code   RO         2283    i.HAL_CAN_Transmit  stm32f1xx_hal_can.o
    0x08002798   0x08002798   0x00000002   Code   RO         2285    i.HAL_CAN_TxCpltCallback  stm32f1xx_hal_can.o
    0x0800279a   0x0800279a   0x00000002   PAD
    0x0800279c   0x0800279c   0x00000248   Code   RO         4324    i.HAL_DMA_IRQHandler  stm32f1xx_hal_dma.o
    0x080029e4   0x080029e4   0x00000084   Code   RO         4325    i.HAL_DMA_Init      stm32f1xx_hal_dma.o
    0x08002a68   0x08002a68   0x00000070   Code   RO         4329    i.HAL_DMA_Start_IT  stm32f1xx_hal_dma.o
    0x08002ad8   0x08002ad8   0x00000024   Code   RO         3938    i.HAL_Delay         stm32f1xx_hal.o
    0x08002afc   0x08002afc   0x000001c8   Code   RO         4255    i.HAL_GPIO_Init     stm32f1xx_hal_gpio.o
    0x08002cc4   0x08002cc4   0x0000000a   Code   RO         4257    i.HAL_GPIO_ReadPin  stm32f1xx_hal_gpio.o
    0x08002cce   0x08002cce   0x00000008   Code   RO         4258    i.HAL_GPIO_TogglePin  stm32f1xx_hal_gpio.o
    0x08002cd6   0x08002cd6   0x0000000a   Code   RO         4259    i.HAL_GPIO_WritePin  stm32f1xx_hal_gpio.o
    0x08002ce0   0x08002ce0   0x0000000c   Code   RO         3942    i.HAL_GetTick       stm32f1xx_hal.o
    0x08002cec   0x08002cec   0x0000006c   Code   RO         3607    i.HAL_HalfDuplex_Init  stm32f1xx_hal_uart.o
    0x08002d58   0x08002d58   0x00000010   Code   RO         3946    i.HAL_IncTick       stm32f1xx_hal.o
    0x08002d68   0x08002d68   0x00000024   Code   RO         3947    i.HAL_Init          stm32f1xx_hal.o
    0x08002d8c   0x08002d8c   0x00000040   Code   RO         3948    i.HAL_InitTick      stm32f1xx_hal.o
    0x08002dcc   0x08002dcc   0x00000080   Code   RO         1817    i.HAL_MspInit       stm32f1xx_hal_msp.o
    0x08002e4c   0x08002e4c   0x00000016   Code   RO         4415    i.HAL_NVIC_EnableIRQ  stm32f1xx_hal_cortex.o
    0x08002e62   0x08002e62   0x00000002   PAD
    0x08002e64   0x08002e64   0x00000040   Code   RO         4421    i.HAL_NVIC_SetPriority  stm32f1xx_hal_cortex.o
    0x08002ea4   0x08002ea4   0x00000024   Code   RO         4422    i.HAL_NVIC_SetPriorityGrouping  stm32f1xx_hal_cortex.o
    0x08002ec8   0x08002ec8   0x0000018c   Code   RO         4198    i.HAL_RCCEx_PeriphCLKConfig  stm32f1xx_hal_rcc_ex.o
    0x08003054   0x08003054   0x0000014c   Code   RO         4091    i.HAL_RCC_ClockConfig  stm32f1xx_hal_rcc.o
    0x080031a0   0x080031a0   0x0000000c   Code   RO         4096    i.HAL_RCC_GetHCLKFreq  stm32f1xx_hal_rcc.o
    0x080031ac   0x080031ac   0x00000020   Code   RO         4098    i.HAL_RCC_GetPCLK1Freq  stm32f1xx_hal_rcc.o
    0x080031cc   0x080031cc   0x00000020   Code   RO         4099    i.HAL_RCC_GetPCLK2Freq  stm32f1xx_hal_rcc.o
    0x080031ec   0x080031ec   0x000000c4   Code   RO         4100    i.HAL_RCC_GetSysClockFreq  stm32f1xx_hal_rcc.o
    0x080032b0   0x080032b0   0x000003b8   Code   RO         4103    i.HAL_RCC_OscConfig  stm32f1xx_hal_rcc.o
    0x08003668   0x08003668   0x00000082   Code   RO         2717    i.HAL_SPI_Init      stm32f1xx_hal_spi_ex.o
    0x080036ea   0x080036ea   0x00000002   PAD
    0x080036ec   0x080036ec   0x00000090   Code   RO         1819    i.HAL_SPI_MspInit   stm32f1xx_hal_msp.o
    0x0800377c   0x0800377c   0x00000148   Code   RO         2408    i.HAL_SPI_Receive   stm32f1xx_hal_spi.o
    0x080038c4   0x080038c4   0x00000164   Code   RO         2413    i.HAL_SPI_Transmit  stm32f1xx_hal_spi.o
    0x08003a28   0x08003a28   0x000001ca   Code   RO         2414    i.HAL_SPI_TransmitReceive  stm32f1xx_hal_spi.o
    0x08003bf2   0x08003bf2   0x00000018   Code   RO         4424    i.HAL_SYSTICK_CLKSourceConfig  stm32f1xx_hal_cortex.o
    0x08003c0a   0x08003c0a   0x00000002   Code   RO         4425    i.HAL_SYSTICK_Callback  stm32f1xx_hal_cortex.o
    0x08003c0c   0x08003c0c   0x00000028   Code   RO         4426    i.HAL_SYSTICK_Config  stm32f1xx_hal_cortex.o
    0x08003c34   0x08003c34   0x00000008   Code   RO         4427    i.HAL_SYSTICK_IRQHandler  stm32f1xx_hal_cortex.o
    0x08003c3c   0x08003c3c   0x00000002   Code   RO         3372    i.HAL_TIMEx_BreakCallback  stm32f1xx_hal_tim_ex.o
    0x08003c3e   0x08003c3e   0x00000002   Code   RO         3373    i.HAL_TIMEx_CommutationCallback  stm32f1xx_hal_tim_ex.o
    0x08003c40   0x08003c40   0x0000005a   Code   RO         3374    i.HAL_TIMEx_ConfigBreakDeadTime  stm32f1xx_hal_tim_ex.o
    0x08003c9a   0x08003c9a   0x00000050   Code   RO         3389    i.HAL_TIMEx_MasterConfigSynchronization  stm32f1xx_hal_tim_ex.o
    0x08003cea   0x08003cea   0x00000036   Code   RO         2743    i.HAL_TIM_Base_Init  stm32f1xx_hal_tim.o
    0x08003d20   0x08003d20   0x00000114   Code   RO         1821    i.HAL_TIM_Base_MspInit  stm32f1xx_hal_msp.o
    0x08003e34   0x08003e34   0x000000f0   Code   RO         2752    i.HAL_TIM_ConfigClockSource  stm32f1xx_hal_tim.o
    0x08003f24   0x08003f24   0x000000d0   Code   RO          544    i.HAL_TIM_IC_CaptureCallback  wheel_speed.o
    0x08003ff4   0x08003ff4   0x0000011a   Code   RO         2773    i.HAL_TIM_IC_ConfigChannel  stm32f1xx_hal_tim.o
    0x0800410e   0x0800410e   0x00000036   Code   RO         2776    i.HAL_TIM_IC_Init   stm32f1xx_hal_tim.o
    0x08004144   0x08004144   0x00000002   Code   RO         2778    i.HAL_TIM_IC_MspInit  stm32f1xx_hal_tim.o
    0x08004146   0x08004146   0x0000004c   Code   RO         2781    i.HAL_TIM_IC_Start_IT  stm32f1xx_hal_tim.o
    0x08004192   0x08004192   0x00000166   Code   RO         2785    i.HAL_TIM_IRQHandler  stm32f1xx_hal_tim.o
    0x080042f8   0x080042f8   0x0000005c   Code   RO         1822    i.HAL_TIM_MspPostInit  stm32f1xx_hal_msp.o
    0x08004354   0x08004354   0x00000002   Code   RO         2788    i.HAL_TIM_OC_DelayElapsedCallback  stm32f1xx_hal_tim.o
    0x08004356   0x08004356   0x000000d0   Code   RO         2809    i.HAL_TIM_PWM_ConfigChannel  stm32f1xx_hal_tim.o
    0x08004426   0x08004426   0x00000036   Code   RO         2812    i.HAL_TIM_PWM_Init  stm32f1xx_hal_tim.o
    0x0800445c   0x0800445c   0x00000002   Code   RO         2814    i.HAL_TIM_PWM_MspInit  stm32f1xx_hal_tim.o
    0x0800445e   0x0800445e   0x00000002   Code   RO         2815    i.HAL_TIM_PWM_PulseFinishedCallback  stm32f1xx_hal_tim.o
    0x08004460   0x08004460   0x00000030   Code   RO         2816    i.HAL_TIM_PWM_Start  stm32f1xx_hal_tim.o
    0x08004490   0x08004490   0x00000018   Code   RO          545    i.HAL_TIM_PeriodElapsedCallback  wheel_speed.o
    0x080044a8   0x080044a8   0x00000002   Code   RO         2826    i.HAL_TIM_TriggerCallback  stm32f1xx_hal_tim.o
    0x080044aa   0x080044aa   0x00000062   Code   RO         3630    i.HAL_UART_Init     stm32f1xx_hal_uart.o
    0x0800450c   0x0800450c   0x00000080   Code   RO         1824    i.HAL_UART_MspInit  stm32f1xx_hal_msp.o
    0x0800458c   0x0800458c   0x00000002   Code   RO         1650    i.HardFault_Handler  stm32f1xx_it.o
    0x0800458e   0x0800458e   0x00000002   PAD
    0x08004590   0x08004590   0x00000010   Code   RO         1424    i.LTC_DRV_SPI_CSHigh  lvbattery.o
    0x080045a0   0x080045a0   0x00000010   Code   RO         1425    i.LTC_DRV_SPI_CSLow  lvbattery.o
    0x080045b0   0x080045b0   0x00000020   Code   RO         1426    i.LTC_DRV_SPI_Read  lvbattery.o
    0x080045d0   0x080045d0   0x00000014   Code   RO         1427    i.LTC_DRV_SPI_Write  lvbattery.o
    0x080045e4   0x080045e4   0x00000004   Code   RO         1175    i.LTC_Init          ltc6804.o
    0x080045e8   0x080045e8   0x000000a8   Code   RO         1179    i.LTC_ReadAuxiliaryGroups  ltc6804.o
    0x08004690   0x08004690   0x0000013c   Code   RO         1180    i.LTC_ReadCellVoltageGroups  ltc6804.o
    0x080047cc   0x080047cc   0x00000094   Code   RO         1182    i.LTC_ReadConfigGroup  ltc6804.o
    0x08004860   0x08004860   0x0000000c   Code   RO         1186    i.LTC_SetCommandAddress  ltc6804.o
    0x0800486c   0x0800486c   0x0000002c   Code   RO         1188    i.LTC_StartCombinedConversion  ltc6804.o
    0x08004898   0x08004898   0x00000040   Code   RO         1189    i.LTC_StartCommunication  ltc6804.o
    0x080048d8   0x080048d8   0x0000001c   Code   RO         1196    i.LTC_WakeUp        ltc6804.o
    0x080048f4   0x080048f4   0x00000078   Code   RO         1197    i.LTC_WriteCommGroup  ltc6804.o
    0x0800496c   0x0800496c   0x00000080   Code   RO         1198    i.LTC_WriteConfigGroup  ltc6804.o
    0x080049ec   0x080049ec   0x000000c4   Code   RO         1428    i.LV_init           lvbattery.o
    0x08004ab0   0x08004ab0   0x000000d8   Code   RO         1429    i.LV_process        lvbattery.o
    0x08004b88   0x08004b88   0x0000000c   Code   RO           15    i.LV_voltage_recive  adc.o
    0x08004b94   0x08004b94   0x0000001c   Code   RO          678    i.MCF_decode_ChannelMeasuresA_s  can_ecub.o
    0x08004bb0   0x08004bb0   0x000000a6   Code   RO          680    i.MCF_decode_GeneralReport_s  can_ecub.o
    0x08004c56   0x08004c56   0x00000028   Code   RO          682    i.MCF_decode_ThermalMeasuresA_s  can_ecub.o
    0x08004c7e   0x08004c7e   0x00000028   Code   RO          684    i.MCF_decode_ThermalMeasuresB_s  can_ecub.o
    0x08004ca6   0x08004ca6   0x00000002   PAD
    0x08004ca8   0x08004ca8   0x0000002c   Code   RO          685    i.MCF_get_ChannelMeasuresA  can_ecub.o
    0x08004cd4   0x08004cd4   0x00000028   Code   RO          686    i.MCF_get_GeneralReport  can_ecub.o
    0x08004cfc   0x08004cfc   0x00000030   Code   RO          687    i.MCF_get_ThermalMeasuresA  can_ecub.o
    0x08004d2c   0x08004d2c   0x00000030   Code   RO          688    i.MCF_get_ThermalMeasuresB  can_ecub.o
    0x08004d5c   0x08004d5c   0x000000a6   Code   RO          693    i.MCR_decode_GeneralReport_s  can_ecub.o
    0x08004e02   0x08004e02   0x00000028   Code   RO          695    i.MCR_decode_ThermalMeasuresA_s  can_ecub.o
    0x08004e2a   0x08004e2a   0x00000028   Code   RO          697    i.MCR_decode_ThermalMeasuresB_s  can_ecub.o
    0x08004e52   0x08004e52   0x00000002   PAD
    0x08004e54   0x08004e54   0x00000028   Code   RO          698    i.MCR_get_GeneralReport  can_ecub.o
    0x08004e7c   0x08004e7c   0x00000030   Code   RO          699    i.MCR_get_ThermalMeasuresA  can_ecub.o
    0x08004eac   0x08004eac   0x00000030   Code   RO          700    i.MCR_get_ThermalMeasuresB  can_ecub.o
    0x08004edc   0x08004edc   0x000000e0   Code   RO         1546    i.MX_ADC1_Init      main.o
    0x08004fbc   0x08004fbc   0x0000003c   Code   RO         1547    i.MX_CAN1_Init      main.o
    0x08004ff8   0x08004ff8   0x0000003c   Code   RO         1548    i.MX_CAN2_Init      main.o
    0x08005034   0x08005034   0x00000148   Code   RO         1549    i.MX_GPIO_Init      main.o
    0x0800517c   0x0800517c   0x00000040   Code   RO         1550    i.MX_SPI1_Init      main.o
    0x080051bc   0x080051bc   0x00000044   Code   RO         1551    i.MX_SPI2_Init      main.o
    0x08005200   0x08005200   0x000000c0   Code   RO         1552    i.MX_TIM1_Init      main.o
    0x080052c0   0x080052c0   0x00000088   Code   RO         1553    i.MX_TIM2_Init      main.o
    0x08005348   0x08005348   0x00000078   Code   RO         1554    i.MX_TIM3_Init      main.o
    0x080053c0   0x080053c0   0x00000078   Code   RO         1555    i.MX_TIM5_Init      main.o
    0x08005438   0x08005438   0x00000002   Code   RO         1651    i.MemManage_Handler  stm32f1xx_it.o
    0x0800543a   0x0800543a   0x00000002   Code   RO         1652    i.NMI_Handler       stm32f1xx_it.o
    0x0800543c   0x0800543c   0x00000020   Code   RO         4428    i.NVIC_SetPriority  stm32f1xx_hal_cortex.o
    0x0800545c   0x0800545c   0x00000002   Code   RO         1653    i.PendSV_Handler    stm32f1xx_it.o
    0x0800545e   0x0800545e   0x00000020   Code   RO         2429    i.SPI_CheckFlag_BSY  stm32f1xx_hal_spi.o
    0x0800547e   0x0800547e   0x00000096   Code   RO         2448    i.SPI_WaitFlagStateUntilTimeout  stm32f1xx_hal_spi.o
    0x08005514   0x08005514   0x00000002   Code   RO         1654    i.SVC_Handler       stm32f1xx_it.o
    0x08005516   0x08005516   0x00000002   PAD
    0x08005518   0x08005518   0x00000048   Code   RO          228    i.SendCANMessage    can_callback.o
    0x08005560   0x08005560   0x0000000e   Code   RO         1655    i.SysTick_Handler   stm32f1xx_it.o
    0x0800556e   0x0800556e   0x00000002   PAD
    0x08005570   0x08005570   0x00000084   Code   RO         1556    i.SystemClock_Config  main.o
    0x080055f4   0x080055f4   0x00000054   Code   RO         4844    i.SystemInit        system_stm32f1xx.o
    0x08005648   0x08005648   0x0000000c   Code   RO         1656    i.TIM1_BRK_IRQHandler  stm32f1xx_it.o
    0x08005654   0x08005654   0x0000000c   Code   RO         1657    i.TIM1_CC_IRQHandler  stm32f1xx_it.o
    0x08005660   0x08005660   0x0000000c   Code   RO         1658    i.TIM1_TRG_COM_IRQHandler  stm32f1xx_it.o
    0x0800566c   0x0800566c   0x0000000c   Code   RO         1659    i.TIM1_UP_IRQHandler  stm32f1xx_it.o
    0x08005678   0x08005678   0x0000000c   Code   RO         1660    i.TIM3_IRQHandler   stm32f1xx_it.o
    0x08005684   0x08005684   0x0000000c   Code   RO         1661    i.TIM5_IRQHandler   stm32f1xx_it.o
    0x08005690   0x08005690   0x00000078   Code   RO         2827    i.TIM_Base_SetConfig  stm32f1xx_hal_tim.o
    0x08005708   0x08005708   0x00000016   Code   RO         2828    i.TIM_CCxChannelCmd  stm32f1xx_hal_tim.o
    0x0800571e   0x0800571e   0x00000014   Code   RO         2834    i.TIM_ETR_SetConfig  stm32f1xx_hal_tim.o
    0x08005732   0x08005732   0x00000010   Code   RO         2835    i.TIM_ITRx_SetConfig  stm32f1xx_hal_tim.o
    0x08005742   0x08005742   0x00000002   PAD
    0x08005744   0x08005744   0x00000058   Code   RO         2836    i.TIM_OC1_SetConfig  stm32f1xx_hal_tim.o
    0x0800579c   0x0800579c   0x0000005c   Code   RO         2837    i.TIM_OC2_SetConfig  stm32f1xx_hal_tim.o
    0x080057f8   0x080057f8   0x00000058   Code   RO         2838    i.TIM_OC3_SetConfig  stm32f1xx_hal_tim.o
    0x08005850   0x08005850   0x00000044   Code   RO         2839    i.TIM_OC4_SetConfig  stm32f1xx_hal_tim.o
    0x08005894   0x08005894   0x00000022   Code   RO         2841    i.TIM_TI1_ConfigInputStage  stm32f1xx_hal_tim.o
    0x080058b6   0x080058b6   0x00000002   PAD
    0x080058b8   0x080058b8   0x00000064   Code   RO         2842    i.TIM_TI1_SetConfig  stm32f1xx_hal_tim.o
    0x0800591c   0x0800591c   0x00000024   Code   RO         2843    i.TIM_TI2_ConfigInputStage  stm32f1xx_hal_tim.o
    0x08005940   0x08005940   0x00000036   Code   RO         2844    i.TIM_TI2_SetConfig  stm32f1xx_hal_tim.o
    0x08005976   0x08005976   0x00000002   PAD
    0x08005978   0x08005978   0x00000170   Code   RO         3656    i.UART_SetConfig    stm32f1xx_hal_uart.o
    0x08005ae8   0x08005ae8   0x00000002   Code   RO         1662    i.UsageFault_Handler  stm32f1xx_it.o
    0x08005aea   0x08005aea   0x0000006c   Code   RO          703    i.VDCU_decode_Status_s  can_ecub.o
    0x08005b56   0x08005b56   0x00000002   PAD
    0x08005b58   0x08005b58   0x00000040   Code   RO          704    i.VDCU_get_Status   can_ecub.o
    0x08005b98   0x08005b98   0x00000002   Code   RO         1557    i._Error_Handler    main.o
    0x08005b9a   0x08005b9a   0x000000aa   Code   RO         4961    i.__kernel_poly     m_ws.l(poly.o)
    0x08005c44   0x08005c44   0x00000010   Code   RO         4947    i.__mathlib_dbl_divzero  m_ws.l(dunder.o)
    0x08005c54   0x08005c54   0x00000006   Code   RO         4948    i.__mathlib_dbl_infnan  m_ws.l(dunder.o)
    0x08005c5a   0x08005c5a   0x0000000c   Code   RO         4950    i.__mathlib_dbl_invalid  m_ws.l(dunder.o)
    0x08005c66   0x08005c66   0x0000000e   Code   RO         5006    i.__scatterload_copy  mc_w.l(handlers.o)
    0x08005c74   0x08005c74   0x00000002   Code   RO         5007    i.__scatterload_null  mc_w.l(handlers.o)
    0x08005c76   0x08005c76   0x0000000e   Code   RO         5008    i.__scatterload_zeroinit  mc_w.l(handlers.o)
    0x08005c84   0x08005c84   0x0000000c   Code   RO         4986    i.__set_errno       mc_w.l(errno.o)
    0x08005c90   0x08005c90   0x000000cc   Code   RO          499    i.aux_set           periphery_set.o
    0x08005d5c   0x08005d5c   0x0000008c   Code   RO          320    i.blink_SDB         carstate.o
    0x08005de8   0x08005de8   0x00000044   Code   RO          321    i.blink_led         carstate.o
    0x08005e2c   0x08005e2c   0x00000084   Code   RO         1504    i.brake_sens_init   brake_sensors.o
    0x08005eb0   0x08005eb0   0x00000114   Code   RO         1505    i.brake_sens_process  brake_sensors.o
    0x08005fc4   0x08005fc4   0x00000028   Code   RO          198    i.brake_set         brakelight.o
    0x08005fec   0x08005fec   0x00000030   Code   RO          199    i.brakelightprocess  brakelight.o
    0x0800601c   0x0800601c   0x00000098   Code   RO          546    i.calcSens          wheel_speed.o
    0x080060b4   0x080060b4   0x0000000e   Code   RO         1071    i.canInitMsgStatus  tx2_can.o
    0x080060c2   0x080060c2   0x00000016   Code   RO         1072    i.canUpdateMsgStatusOnReceive  tx2_can.o
    0x080060d8   0x080060d8   0x0000023c   Code   RO          705    i.candbHandleMessage  can_ecub.o
    0x08006314   0x08006314   0x000000a0   Code   RO          706    i.candbInit         can_ecub.o
    0x080063b4   0x080063b4   0x00000018   Code   RO          322    i.carstate_init     carstate.o
    0x080063cc   0x080063cc   0x00000320   Code   RO          323    i.carstate_process  carstate.o
    0x080066ec   0x080066ec   0x000000a8   Code   RO          324    i.change_to_NOT_READY  carstate.o
    0x08006794   0x08006794   0x0000003c   Code   RO          547    i.checkZeroSpeed    wheel_speed.o
    0x080067d0   0x080067d0   0x00000078   Code   RO          325    i.check_mess        carstate.o
    0x08006848   0x08006848   0x00000060   Code   RO          326    i.check_voltage     carstate.o
    0x080068a8   0x080068a8   0x0000005c   Code   RO          327    i.config_SDC_spi    carstate.o
    0x08006904   0x08006904   0x00000070   Code   RO         1506    i.config_spi        brake_sensors.o
    0x08006974   0x08006974   0x00000070   Code   RO         1430    i.config_spi_LV     lvbattery.o
    0x080069e4   0x080069e4   0x000000c4   Code   RO           16    i.cooling_poccess   adc.o
    0x08006aa8   0x08006aa8   0x00000048   Code   RO          436    i.fan_pwm_process   cooling_circuit.o
    0x08006af0   0x08006af0   0x00000050   Code   RO         4903    i.free              mc_w.l(malloc.o)
    0x08006b40   0x08006b40   0x00000008   Code   RO          328    i.get_can_state     carstate.o
    0x08006b48   0x08006b48   0x00000018   Code   RO          329    i.get_dash          carstate.o
    0x08006b60   0x08006b60   0x00000008   Code   RO          330    i.get_state         carstate.o
    0x08006b68   0x08006b68   0x0000004c   Code   RO          548    i.initSens          wheel_speed.o
    0x08006bb4   0x08006bb4   0x00000034   Code   RO         1199    i.init_PEC15_Table  ltc6804.o
    0x08006be8   0x08006be8   0x0000035c   Code   RO         4879    i.log               m_ws.l(log.o)
    0x08006f44   0x08006f44   0x00000268   Code   RO         1558    i.main              main.o
    0x080071ac   0x080071ac   0x0000006c   Code   RO         4904    i.malloc            mc_w.l(malloc.o)
    0x08007218   0x08007218   0x00000130   Code   RO          331    i.measure_SDC       carstate.o
    0x08007348   0x08007348   0x0000006e   Code   RO          549    i.medianFilt        wheel_speed.o
    0x080073b6   0x080073b6   0x00000002   PAD
    0x080073b8   0x080073b8   0x000000e4   Code   RO          332    i.paritycheck       carstate.o
    0x0800749c   0x0800749c   0x00000030   Code   RO         1200    i.pec15             ltc6804.o
    0x080074cc   0x080074cc   0x00000020   Code   RO         1201    i.pec_is_ok         ltc6804.o
    0x080074ec   0x080074ec   0x0000004c   Code   RO          333    i.play_RTDS         carstate.o
    0x08007538   0x08007538   0x00000040   Code   RO          437    i.pump_pwm_process  cooling_circuit.o
    0x08007578   0x08007578   0x00000084   Code   RO          438    i.pwm_check         cooling_circuit.o
    0x080075fc   0x080075fc   0x00000020   Code   RO         1202    i.receive_packet    ltc6804.o
    0x0800761c   0x0800761c   0x00000022   Code   RO         1126    i.ringbufCanWrite   tx2_ringbuf.o
    0x0800763e   0x0800763e   0x0000002a   Code   RO         1127    i.ringbufTryRead    tx2_ringbuf.o
    0x08007668   0x08007668   0x0000001e   Code   RO         1129    i.ringbufWriteUnchecked  tx2_ringbuf.o
    0x08007686   0x08007686   0x0000002c   Code   RO          550    i.saveSensPeriod    wheel_speed.o
    0x080076b2   0x080076b2   0x00000002   PAD
    0x080076b4   0x080076b4   0x000000a4   Code   RO          501    i.set_SDB_led       periphery_set.o
    0x08007758   0x08007758   0x00000030   Code   RO          551    i.sortInsertion     wheel_speed.o
    0x08007788   0x08007788   0x0000000c   Code   RO           17    i.start_ADC         adc.o
    0x08007794   0x08007794   0x00000058   Code   RO          439    i.start_PWM         cooling_circuit.o
    0x080077ec   0x080077ec   0x00000038   Code   RO          552    i.start_WS_measure  wheel_speed.o
    0x08007824   0x08007824   0x00000020   Code   RO         1203    i.store_command_with_pec  ltc6804.o
    0x08007844   0x08007844   0x00000020   Code   RO         1205    i.transmit_packet   ltc6804.o
    0x08007864   0x08007864   0x00000004   Code   RO          229    i.txGetTimeMillis   can_callback.o
    0x08007868   0x08007868   0x00000004   Code   RO          230    i.txHandleCANMessage  can_callback.o
    0x0800786c   0x0800786c   0x00000024   Code   RO         1073    i.txInit            tx2_can.o
    0x08007890   0x08007890   0x00000084   Code   RO         1074    i.txProcess         tx2_can.o
    0x08007914   0x08007914   0x0000005c   Code   RO         1075    i.txReceiveCANMessage  tx2_can.o
    0x08007970   0x08007970   0x0000001c   Code   RO          231    i.txSendCANMessage  can_callback.o
    0x0800798c   0x0800798c   0x00000154   Code   RO          502    i.units_set         periphery_set.o
    0x08007ae0   0x08007ae0   0x00000010   Data   RO         4845    .constdata          system_stm32f1xx.o
    0x08007af0   0x08007af0   0x00000008   Data   RO         4846    .constdata          system_stm32f1xx.o
    0x08007af8   0x08007af8   0x00000038   Data   RO         4880    .constdata          m_ws.l(log.o)
    0x08007b30   0x08007b30   0x00000008   Data   RO         4963    .constdata          m_ws.l(qnan.o)
    0x08007b38   0x08007b38   0x00000020   Data   RO         5004    Region$$Table       anon$$obj.o


    Execution Region RW_IRAM1 (Exec base: 0x20000000, Load base: 0x08007b58, Size: 0x00001258, Max: 0x00010000, ABSOLUTE, COMPRESSED[0x0000000c])

    Exec Addr    Load Addr    Size         Type   Attr      Idx    E Section Name        Object

    0x20000000   COMPRESSED   0x00000020   Data   RW           20    .data               adc.o
    0x20000020   COMPRESSED   0x00000046   Data   RW          336    .data               carstate.o
    0x20000066   COMPRESSED   0x00000002   PAD
    0x20000068   COMPRESSED   0x00000028   Data   RW          442    .data               cooling_circuit.o
    0x20000090   COMPRESSED   0x0000000c   Data   RW          503    .data               periphery_set.o
    0x2000009c   COMPRESSED   0x00000004   PAD
    0x200000a0   COMPRESSED   0x00000020   Data   RW          560    .data               wheel_speed.o
    0x200000c0   COMPRESSED   0x0000004e   Data   RW          708    .data               can_ecub.o
    0x2000010e   COMPRESSED   0x00000002   PAD
    0x20000110   COMPRESSED   0x00000008   Data   RW         1077    .data               tx2_can.o
    0x20000118   COMPRESSED   0x0000000a   Data   RW         1207    .data               ltc6804.o
    0x20000122   COMPRESSED   0x00000002   PAD
    0x20000124   COMPRESSED   0x00000010   Data   RW         1432    .data               lvbattery.o
    0x20000134   COMPRESSED   0x0000001c   Data   RW         1507    .data               brake_sensors.o
    0x20000150   COMPRESSED   0x00000006   Data   RW         1561    .data               main.o
    0x20000156   COMPRESSED   0x00000002   PAD
    0x20000158   COMPRESSED   0x00000004   Data   RW         1825    .data               stm32f1xx_hal_msp.o
    0x2000015c   COMPRESSED   0x0000000c   Data   RW         3954    .data               stm32f1xx_hal.o
    0x20000168   COMPRESSED   0x00000004   Data   RW         4847    .data               system_stm32f1xx.o
    0x2000016c   COMPRESSED   0x00000004   Data   RW         4982    .data               mc_w.l(mvars.o)
    0x20000170   COMPRESSED   0x00000004   Data   RW         4983    .data               mc_w.l(mvars.o)
    0x20000174   COMPRESSED   0x00000004   Data   RW         4987    .data               mc_w.l(errno.o)
    0x20000178        -       0x00000012   Zero   RW           19    .bss                adc.o
    0x2000018a   COMPRESSED   0x00000002   PAD
    0x2000018c        -       0x0000001c   Zero   RW          232    .bss                can_callback.o
    0x200001a8        -       0x00000077   Zero   RW          335    .bss                carstate.o
    0x2000021f        -       0x00000019   Zero   RW          441    .bss                cooling_circuit.o
    0x20000238        -       0x00000114   Zero   RW          554    .bss                wheel_speed.o
    0x2000034c        -       0x00000130   Zero   RW          707    .bss                can_ecub.o
    0x2000047c        -       0x00000210   Zero   RW         1076    .bss                tx2_can.o
    0x2000068c        -       0x0000020c   Zero   RW         1206    .bss                ltc6804.o
    0x20000898        -       0x00000045   Zero   RW         1431    .bss                lvbattery.o
    0x200008dd   COMPRESSED   0x00000003   PAD
    0x200008e0        -       0x00000330   Zero   RW         1559    .bss                main.o
    0x20000c10        -       0x00000044   Zero   RW         1560    .bss                main.o
    0x20000c54   COMPRESSED   0x00000004   PAD
    0x20000c58        -       0x00000200   Zero   RW            2    HEAP                startup_stm32f105xc.o
    0x20000e58        -       0x00000400   Zero   RW            1    STACK               startup_stm32f105xc.o


==============================================================================

Image component sizes


      Code (inc. data)   RO Data    RW Data    ZI Data      Debug   Object Name

       332         30          0         32         18     655037   adc.o
       520         46          0         28          0       2696   brake_sensors.o
        88          6          0          0          0       1364   brakelight.o
       108         14          0          0         28       4592   can_callback.o
      3928        190          0         78        304      28859   can_ecub.o
       274          0          0          0          0       1201   can_eforce_init.o
      2156        172          0         70        119      10113   carstate.o
       692         44          0         40         25       4963   cooling_circuit.o
      1266         78          0         10        524      18208   ltc6804.o
       900        116          0         16         69       6068   lvbattery.o
      2122        162          0          6        884      10250   main.o
       708         36          0         12          0       3052   periphery_set.o
        36          8        336          0       1536        800   startup_stm32f105xc.o
       164         28          0         12          0       3813   stm32f1xx_hal.o
      1108         58          0          0          0       8043   stm32f1xx_hal_adc.o
      2494         28          0          0          0       9755   stm32f1xx_hal_can.o
       228         14          0          0          0      27317   stm32f1xx_hal_cortex.o
       870         44          0          0          0       3651   stm32f1xx_hal_dma.o
       484         34          0          0          0       4052   stm32f1xx_hal_gpio.o
      1272        184          0          4          0       5668   stm32f1xx_hal_msp.o
      1556        114          0          0          0       6036   stm32f1xx_hal_rcc.o
       396         16          0          0          0       1648   stm32f1xx_hal_rcc_ex.o
      1324          0          0          0          0       6007   stm32f1xx_hal_spi.o
       130          0          0          0          0       1055   stm32f1xx_hal_spi_ex.o
      2122         60          0          0          0      19587   stm32f1xx_hal_tim.o
       174          0          0          0          0       3150   stm32f1xx_hal_tim_ex.o
       574          4          0          0          0       2586   stm32f1xx_hal_uart.o
       330         88          0          0          0      12135   stm32f1xx_it.o
        84         16         24          4          0       1159   system_stm32f1xx.o
       296         24          0          8        528       4792   tx2_can.o
       106          0          0          0          0       2919   tx2_ringbuf.o
       902         90          0         32        276       8405   wheel_speed.o

    ----------------------------------------------------------------------
     27784       1704        392        364       4320     878981   Object Totals
         0          0         32          0          0          0   (incl. Generated)
        40          0          0         12          9          0   (incl. Padding)

    ----------------------------------------------------------------------

      Code (inc. data)   RO Data    RW Data    ZI Data      Debug   Library Member Name

        34          4          0          0          0        204   dunder.o
       860         52         56          0          0        256   log.o
       170          0          0          0          0         96   poly.o
         0          0          8          0          0          0   qnan.o
        58          0          0          0          0          0   __dczerorl.o
         0          0          0          0          0          0   entry.o
         0          0          0          0          0          0   entry10a.o
         0          0          0          0          0          0   entry11a.o
         8          4          0          0          0          0   entry2.o
         4          0          0          0          0          0   entry5.o
         0          0          0          0          0          0   entry7b.o
         0          0          0          0          0          0   entry8b.o
         8          4          0          0          0          0   entry9a.o
        12          6          0          4          0         68   errno.o
        30          0          0          0          0          0   handlers.o
        36          8          0          0          0         68   init.o
         0          0          0          0          0          0   iusefp.o
        30          0          0          0          0         68   llshl.o
        36          0          0          0          0         68   llsshr.o
        32          0          0          0          0         68   llushr.o
       188         20          0          0          0        160   malloc.o
        26          0          0          0          0         80   memcmp.o
        36          0          0          0          0         68   memcpya.o
        36          0          0          0          0        108   memseta.o
         0          0          0          8          0          0   mvars.o
        98          0          0          0          0         92   uldiv.o
        48          0          0          0          0         68   cdcmple.o
        56          0          0          0          0         88   d2f.o
       334          0          0          0          0        148   dadd.o
       222          0          0          0          0        100   ddiv.o
       186          0          0          0          0        176   depilogue.o
        34          0          0          0          0         76   dflti.o
       228          0          0          0          0         96   dmul.o
        46          0          0          0          0         80   dscalb.o
       176          0          0          0          0        140   fadd.o
       124          0          0          0          0         88   fdiv.o
       110          0          0          0          0        168   fepilogue.o
        50          0          0          0          0         68   ffixi.o
        18          0          0          0          0         68   fflti.o

    ----------------------------------------------------------------------
      3336         98         64         12          0       2768   Library Totals
         2          0          0          0          0          0   (incl. Padding)

    ----------------------------------------------------------------------

      Code (inc. data)   RO Data    RW Data    ZI Data      Debug   Library Name

      1064         56         64          0          0        556   m_ws.l
       638         42          0         12          0        848   mc_w.l
      1632          0          0          0          0       1364   mf_w.l

    ----------------------------------------------------------------------
      3336         98         64         12          0       2768   Library Totals

    ----------------------------------------------------------------------

==============================================================================


      Code (inc. data)   RO Data    RW Data    ZI Data      Debug   

     31120       1802        456        376       4320     867525   Grand Totals
     31120       1802        456         12       4320     867525   ELF Image Totals (compressed)
     31120       1802        456         12          0          0   ROM Totals

==============================================================================

    Total RO  Size (Code + RO Data)                31576 (  30.84kB)
    Total RW  Size (RW Data + ZI Data)              4696 (   4.59kB)
    Total ROM Size (Code + RO Data + RW Data)      31588 (  30.85kB)

==============================================================================

