Component: ARM Compiler 5.06 update 5 (build 528) Tool: armlink [4d35e2]

==============================================================================

Section Cross References

    startup_stm32f105xc.o(RESET) refers to startup_stm32f105xc.o(STACK) for __initial_sp
    startup_stm32f105xc.o(RESET) refers to startup_stm32f105xc.o(.text) for Reset_Handler
    startup_stm32f105xc.o(RESET) refers to stm32f1xx_it.o(i.NMI_Handler) for NMI_Handler
    startup_stm32f105xc.o(RESET) refers to stm32f1xx_it.o(i.HardFault_Handler) for HardFault_Handler
    startup_stm32f105xc.o(RESET) refers to stm32f1xx_it.o(i.MemManage_Handler) for MemManage_Handler
    startup_stm32f105xc.o(RESET) refers to stm32f1xx_it.o(i.BusFault_Handler) for BusFault_Handler
    startup_stm32f105xc.o(RESET) refers to stm32f1xx_it.o(i.UsageFault_Handler) for UsageFault_Handler
    startup_stm32f105xc.o(RESET) refers to stm32f1xx_it.o(i.SVC_Handler) for SVC_Handler
    startup_stm32f105xc.o(RESET) refers to stm32f1xx_it.o(i.DebugMon_Handler) for DebugMon_Handler
    startup_stm32f105xc.o(RESET) refers to stm32f1xx_it.o(i.PendSV_Handler) for PendSV_Handler
    startup_stm32f105xc.o(RESET) refers to stm32f1xx_it.o(i.SysTick_Handler) for SysTick_Handler
    startup_stm32f105xc.o(RESET) refers to stm32f1xx_it.o(i.DMA1_Channel1_IRQHandler) for DMA1_Channel1_IRQHandler
    startup_stm32f105xc.o(RESET) refers to stm32f1xx_it.o(i.CAN1_TX_IRQHandler) for CAN1_TX_IRQHandler
    startup_stm32f105xc.o(RESET) refers to stm32f1xx_it.o(i.CAN1_RX0_IRQHandler) for CAN1_RX0_IRQHandler
    startup_stm32f105xc.o(RESET) refers to stm32f1xx_it.o(i.CAN1_RX1_IRQHandler) for CAN1_RX1_IRQHandler
    startup_stm32f105xc.o(RESET) refers to stm32f1xx_it.o(i.CAN1_SCE_IRQHandler) for CAN1_SCE_IRQHandler
    startup_stm32f105xc.o(RESET) refers to stm32f1xx_it.o(i.TIM1_BRK_IRQHandler) for TIM1_BRK_IRQHandler
    startup_stm32f105xc.o(RESET) refers to stm32f1xx_it.o(i.TIM1_UP_IRQHandler) for TIM1_UP_IRQHandler
    startup_stm32f105xc.o(RESET) refers to stm32f1xx_it.o(i.TIM1_TRG_COM_IRQHandler) for TIM1_TRG_COM_IRQHandler
    startup_stm32f105xc.o(RESET) refers to stm32f1xx_it.o(i.TIM1_CC_IRQHandler) for TIM1_CC_IRQHandler
    startup_stm32f105xc.o(RESET) refers to stm32f1xx_it.o(i.TIM3_IRQHandler) for TIM3_IRQHandler
    startup_stm32f105xc.o(RESET) refers to stm32f1xx_it.o(i.TIM5_IRQHandler) for TIM5_IRQHandler
    startup_stm32f105xc.o(RESET) refers to stm32f1xx_it.o(i.CAN2_TX_IRQHandler) for CAN2_TX_IRQHandler
    startup_stm32f105xc.o(RESET) refers to stm32f1xx_it.o(i.CAN2_RX0_IRQHandler) for CAN2_RX0_IRQHandler
    startup_stm32f105xc.o(RESET) refers to stm32f1xx_it.o(i.CAN2_RX1_IRQHandler) for CAN2_RX1_IRQHandler
    startup_stm32f105xc.o(RESET) refers to stm32f1xx_it.o(i.CAN2_SCE_IRQHandler) for CAN2_SCE_IRQHandler
    startup_stm32f105xc.o(.text) refers to system_stm32f1xx.o(i.SystemInit) for SystemInit
    startup_stm32f105xc.o(.text) refers to entry.o(.ARM.Collect$$$$00000000) for __main
    adc.o(i.HAL_ADC_ConvCpltCallback) refers to adc.o(.bss) for .bss
    adc.o(i.HAL_ADC_ConvCpltCallback) refers to adc.o(.data) for .data
    adc.o(i.cooling_poccess) refers to carstate.o(i.get_state) for get_state
    adc.o(i.cooling_poccess) refers to cooling_circuit.o(i.Cooling_process_intern) for Cooling_process_intern
    adc.o(i.cooling_poccess) refers to can_ecub.o(i.ECUB_TEMPAux_need_to_send) for ECUB_TEMPAux_need_to_send
    adc.o(i.cooling_poccess) refers to can_ecub.o(i.ECUB_send_TEMPAux_s) for ECUB_send_TEMPAux_s
    adc.o(i.cooling_poccess) refers to stm32f1xx_hal_can.o(i.HAL_CAN_Receive_IT) for HAL_CAN_Receive_IT
    adc.o(i.cooling_poccess) refers to adc.o(.data) for .data
    adc.o(i.start_ADC) refers to stm32f1xx_hal_adc.o(i.HAL_ADC_Start_DMA) for HAL_ADC_Start_DMA
    adc.o(i.start_ADC) refers to adc.o(.bss) for .bss
    adc.o(i.stop_newADC) refers to stm32f1xx_hal_adc.o(i.HAL_ADC_Stop_DMA) for HAL_ADC_Stop_DMA
    brakelight.o(i.brake_set) refers to stm32f1xx_hal_gpio.o(i.HAL_GPIO_ReadPin) for HAL_GPIO_ReadPin
    brakelight.o(i.brake_set) refers to stm32f1xx_hal_gpio.o(i.HAL_GPIO_WritePin) for HAL_GPIO_WritePin
    brakelight.o(i.brakelightprocess) refers to can_ecub.o(i.ECUP_get_Status) for ECUP_get_Status
    brakelight.o(i.brakelightprocess) refers to carstate.o(i.change_to_NOT_READY) for change_to_NOT_READY
    brakelight.o(i.brakelightprocess) refers to brakelight.o(i.brake_set) for brake_set
    can_callback.o(i.SendCANMessage) refers to memseta.o(.text) for __aeabi_memclr4
    can_callback.o(i.SendCANMessage) refers to memcpya.o(.text) for __aeabi_memcpy
    can_callback.o(i.SendCANMessage) refers to stm32f1xx_hal_can.o(i.HAL_CAN_Transmit) for HAL_CAN_Transmit
    can_callback.o(i.SendCANMessage) refers to can_callback.o(.bss) for .bss
    can_callback.o(i.txGetTimeMillis) refers to stm32f1xx_hal.o(i.HAL_GetTick) for HAL_GetTick
    can_callback.o(i.txSendCANMessage) refers to can_callback.o(i.SendCANMessage) for SendCANMessage
[...]
    i.LTC_StartCellVoltageConversion         0x08003b68   Section        0  ltc6804.o(i.LTC_StartCellVoltageConversion)
    i.LTC_WakeUp                             0x08003b94   Section        0  ltc6804.o(i.LTC_WakeUp)
    i.LV_init                                0x08003bb0   Section        0  lvbattery.o(i.LV_init)
    i.LV_process                             0x08003bf8   Section        0  lvbattery.o(i.LV_process)
    i.MCF_decode_GeneralReport_s             0x08003c78   Section        0  can_ecub.o(i.MCF_decode_GeneralReport_s)
    i.MCF_decode_ThermalMeasuresA_s          0x08003d1e   Section        0  can_ecub.o(i.MCF_decode_ThermalMeasuresA_s)
    i.MCF_decode_ThermalMeasuresB_s          0x08003d46   Section        0  can_ecub.o(i.MCF_decode_ThermalMeasuresB_s)
    i.MCF_get_GeneralReport                  0x08003d70   Section        0  can_ecub.o(i.MCF_get_GeneralReport)
    i.MCF_get_ThermalMeasuresA               0x08003d98   Section        0  can_ecub.o(i.MCF_get_ThermalMeasuresA)
    i.MCF_get_ThermalMeasuresB               0x08003dc8   Section        0  can_ecub.o(i.MCF_get_ThermalMeasuresB)
    i.MCR_decode_GeneralReport_s             0x08003df8   Section        0  can_ecub.o(i.MCR_decode_GeneralReport_s)
    i.MCR_decode_ThermalMeasuresA_s          0x08003e9e   Section        0  can_ecub.o(i.MCR_decode_ThermalMeasuresA_s)
    i.MCR_decode_ThermalMeasuresB_s          0x08003ec6   Section        0  can_ecub.o(i.MCR_decode_ThermalMeasuresB_s)
    i.MCR_get_GeneralReport                  0x08003ef0   Section        0  can_ecub.o(i.MCR_get_GeneralReport)
    i.MCR_get_ThermalMeasuresA               0x08003f18   Section        0  can_ecub.o(i.MCR_get_ThermalMeasuresA)
    i.MCR_get_ThermalMeasuresB               0x08003f48   Section        0  can_ecub.o(i.MCR_get_ThermalMeasuresB)
    i.MX_ADC1_Init                           0x08003f78   Section        0  main.o(i.MX_ADC1_Init)
    MX_ADC1_Init                             0x08003f79   Thumb Code   198  main.o(i.MX_ADC1_Init)
    i.MX_CAN1_Init                           0x08004048   Section        0  main.o(i.MX_CAN1_Init)
    MX_CAN1_Init                             0x08004049   Thumb Code    52  main.o(i.MX_CAN1_Init)
    i.MX_CAN2_Init                           0x08004084   Section        0  main.o(i.MX_CAN2_Init)
    MX_CAN2_Init                             0x08004085   Thumb Code    52  main.o(i.MX_CAN2_Init)
    i.MX_GPIO_Init                           0x080040c0   Section        0  main.o(i.MX_GPIO_Init)
    MX_GPIO_Init                             0x080040c1   Thumb Code   302  main.o(i.MX_GPIO_Init)
    i.MX_SPI1_Init                           0x08004208   Section        0  main.o(i.MX_SPI1_Init)
    MX_SPI1_Init                             0x08004209   Thumb Code    56  main.o(i.MX_SPI1_Init)
    i.MX_SPI2_Init                           0x08004248   Section        0  main.o(i.MX_SPI2_Init)
    MX_SPI2_Init                             0x08004249   Thumb Code    58  main.o(i.MX_SPI2_Init)
    i.MX_TIM1_Init                           0x0800428c   Section        0  main.o(i.MX_TIM1_Init)
    MX_TIM1_Init                             0x0800428d   Thumb Code   182  main.o(i.MX_TIM1_Init)
    i.MX_TIM2_Init                           0x0800434c   Section        0  main.o(i.MX_TIM2_Init)
    MX_TIM2_Init                             0x0800434d   Thumb Code   130  main.o(i.MX_TIM2_Init)
    i.MX_TIM3_Init                           0x080043d4   Section        0  main.o(i.MX_TIM3_Init)
    MX_TIM3_Init                             0x080043d5   Thumb Code   110  main.o(i.MX_TIM3_Init)
    i.MX_TIM5_Init                           0x0800444c   Section        0  main.o(i.MX_TIM5_Init)
    MX_TIM5_Init                             0x0800444d   Thumb Code   110  main.o(i.MX_TIM5_Init)
    i.MemManage_Handler                      0x080044c4   Section        0  stm32f1xx_it.o(i.MemManage_Handler)
    i.NMI_Handler                            0x080044c6   Section        0  stm32f1xx_it.o(i.NMI_Handler)
    i.NVIC_SetPriority                       0x080044c8   Section        0  stm32f1xx_hal_cortex.o(i.NVIC_SetPriority)
    NVIC_SetPriority                         0x080044c9   Thumb Code    32  stm32f1xx_hal_cortex.o(i.NVIC_SetPriority)
    i.PendSV_Handler                         0x080044e8   Section        0  stm32f1xx_it.o(i.PendSV_Handler)
    i.SPI_CheckFlag_BSY                      0x080044ea   Section        0  stm32f1xx_hal_spi.o(i.SPI_CheckFlag_BSY)
    SPI_CheckFlag_BSY                        0x080044eb   Thumb Code    32  stm32f1xx_hal_spi.o(i.SPI_CheckFlag_BSY)
    i.SPI_WaitFlagStateUntilTimeout          0x0800450a   Section        0  stm32f1xx_hal_spi.o(i.SPI_WaitFlagStateUntilTimeout)
    SPI_WaitFlagStateUntilTimeout            0x0800450b   Thumb Code   150  stm32f1xx_hal_spi.o(i.SPI_WaitFlagStateUntilTimeout)
    i.SVC_Handler                            0x080045a0   Section        0  stm32f1xx_it.o(i.SVC_Handler)
    i.SendCANMessage                         0x080045a4   Section        0  can_callback.o(i.SendCANMessage)
    SendCANMessage                           0x080045a5   Thumb Code    66  can_callback.o(i.SendCANMessage)
    i.SysTick_Handler                        0x080045ec   Section        0  stm32f1xx_it.o(i.SysTick_Handler)
    i.SystemClock_Config                     0x080045fc   Section        0  main.o(i.SystemClock_Config)
    i.SystemInit                             0x08004680   Section        0  system_stm32f1xx.o(i.SystemInit)
    i.TIM1_BRK_IRQHandler                    0x080046d4   Section        0  stm32f1xx_it.o(i.TIM1_BRK_IRQHandler)
    i.TIM1_CC_IRQHandler                     0x080046e0   Section        0  stm32f1xx_it.o(i.TIM1_CC_IRQHandler)
    i.TIM1_TRG_COM_IRQHandler                0x080046ec   Section        0  stm32f1xx_it.o(i.TIM1_TRG_COM_IRQHandler)
    i.TIM1_UP_IRQHandler                     0x080046f8   Section        0  stm32f1xx_it.o(i.TIM1_UP_IRQHandler)
    i.TIM3_IRQHandler                        0x08004704   Section        0  stm32f1xx_it.o(i.TIM3_IRQHandler)
    i.TIM5_IRQHandler                        0x08004710   Section        0  stm32f1xx_it.o(i.TIM5_IRQHandler)
    i.TIM_Base_SetConfig                     0x0800471c   Section        0  stm32f1xx_hal_tim.o(i.TIM_Base_SetConfig)
    i.TIM_CCxChannelCmd                      0x08004794   Section        0  stm32f1xx_hal_tim.o(i.TIM_CCxChannelCmd)
    i.TIM_ETR_SetConfig                      0x080047aa   Section        0  stm32f1xx_hal_tim.o(i.TIM_ETR_SetConfig)
    TIM_ETR_SetConfig                        0x080047ab   Thumb Code    20  stm32f1xx_hal_tim.o(i.TIM_ETR_SetConfig)
    i.TIM_ITRx_SetConfig                     0x080047be   Section        0  stm32f1xx_hal_tim.o(i.TIM_ITRx_SetConfig)
    TIM_ITRx_SetConfig                       0x080047bf   Thumb Code    16  stm32f1xx_hal_tim.o(i.TIM_ITRx_SetConfig)
    i.TIM_OC1_SetConfig                      0x080047d0   Section        0  stm32f1xx_hal_tim.o(i.TIM_OC1_SetConfig)
    TIM_OC1_SetConfig                        0x080047d1   Thumb Code    82  stm32f1xx_hal_tim.o(i.TIM_OC1_SetConfig)
    i.TIM_OC2_SetConfig                      0x08004828   Section        0  stm32f1xx_hal_tim.o(i.TIM_OC2_SetConfig)
    i.TIM_OC3_SetConfig                      0x08004884   Section        0  stm32f1xx_hal_tim.o(i.TIM_OC3_SetConfig)
    TIM_OC3_SetConfig                        0x08004885   Thumb Code    84  stm32f1xx_hal_tim.o(i.TIM_OC3_SetConfig)
    i.TIM_OC4_SetConfig                      0x080048dc   Section        0  stm32f1xx_hal_tim.o(i.TIM_OC4_SetConfig)
    TIM_OC4_SetConfig                        0x080048dd   Thumb Code    64  stm32f1xx_hal_tim.o(i.TIM_OC4_SetConfig)
    i.TIM_TI1_ConfigInputStage               0x08004920   Section        0  stm32f1xx_hal_tim.o(i.TIM_TI1_ConfigInputStage)
    TIM_TI1_ConfigInputStage                 0x08004921   Thumb Code    34  stm32f1xx_hal_tim.o(i.TIM_TI1_ConfigInputStage)
    i.TIM_TI1_SetConfig                      0x08004944   Section        0  stm32f1xx_hal_tim.o(i.TIM_TI1_SetConfig)
    i.TIM_TI2_ConfigInputStage               0x080049a8   Section        0  stm32f1xx_hal_tim.o(i.TIM_TI2_ConfigInputStage)
    TIM_TI2_ConfigInputStage                 0x080049a9   Thumb Code    36  stm32f1xx_hal_tim.o(i.TIM_TI2_ConfigInputStage)
    i.TIM_TI2_SetConfig                      0x080049cc   Section        0  stm32f1xx_hal_tim.o(i.TIM_TI2_SetConfig)
    TIM_TI2_SetConfig                        0x080049cd   Thumb Code    54  stm32f1xx_hal_tim.o(i.TIM_TI2_SetConfig)
    i.UART_SetConfig                         0x08004a04   Section        0  stm32f1xx_hal_uart.o(i.UART_SetConfig)
    UART_SetConfig                           0x08004a05   Thumb Code   364  stm32f1xx_hal_uart.o(i.UART_SetConfig)
    i.UsageFault_Handler                     0x08004b74   Section        0  stm32f1xx_it.o(i.UsageFault_Handler)
    i.VDCU_decode_Status_s                   0x08004b76   Section        0  can_ecub.o(i.VDCU_decode_Status_s)
    i.VDCU_get_Status                        0x08004be0   Section        0  can_ecub.o(i.VDCU_get_Status)
    i._Error_Handler                         0x08004c1c   Section        0  main.o(i._Error_Handler)
    i.__scatterload_copy                     0x08004c1e   Section       14  handlers.o(i.__scatterload_copy)
    i.__scatterload_null                     0x08004c2c   Section        2  handlers.o(i.__scatterload_null)
    i.__scatterload_zeroinit                 0x08004c2e   Section       14  handlers.o(i.__scatterload_zeroinit)
    i.aux_set                                0x08004c3c   Section        0  periphery_set.o(i.aux_set)
    i.blink_SDB                              0x08004d08   Section        0  carstate.o(i.blink_SDB)
    i.blink_led                              0x08004d94   Section        0  carstate.o(i.blink_led)
    i.brake_sens_init                        0x08004dd8   Section        0  brake_sensors.o(i.brake_sens_init)
    i.brake_sens_process                     0x08004e5c   Section        0  brake_sensors.o(i.brake_sens_process)
    i.brake_set                              0x08004f70   Section        0  brakelight.o(i.brake_set)
    i.brakelightprocess                      0x08004f98   Section        0  brakelight.o(i.brakelightprocess)
    i.canInitMsgStatus                       0x08004fc8   Section        0  tx2_can.o(i.canInitMsgStatus)
    i.canUpdateMsgStatusOnReceive            0x08004fd6   Section        0  tx2_can.o(i.canUpdateMsgStatusOnReceive)
    i.candbHandleMessage                     0x08004fec   Section        0  can_ecub.o(i.candbHandleMessage)
    i.candbInit                              0x080051fc   Section        0  can_ecub.o(i.candbInit)
    i.carstate_init                          0x08005290   Section        0  carstate.o(i.carstate_init)
    i.carstate_process                       0x080052a4   Section        0  carstate.o(i.carstate_process)
    i.change_to_NOT_READY                    0x0800552c   Section        0  carstate.o(i.change_to_NOT_READY)
    i.check_mess                             0x080055b0   Section        0  carstate.o(i.check_mess)
    i.config_spi                             0x08005620   Section        0  brake_sensors.o(i.config_spi)
    i.config_spi_LV                          0x08005690   Section        0  lvbattery.o(i.config_spi_LV)
    i.cooling_poccess                        0x08005704   Section        0  adc.o(i.cooling_poccess)
    i.fan_pwm_process                        0x0800578c   Section        0  cooling_circuit.o(i.fan_pwm_process)
    i.get_can_state                          0x080057c8   Section        0  carstate.o(i.get_can_state)
    i.get_state                              0x080057d0   Section        0  carstate.o(i.get_state)
    i.init_PEC15_Table                       0x080057d8   Section        0  ltc6804.o(i.init_PEC15_Table)
    i.main                                   0x0800580c   Section        0  main.o(i.main)
    i.measure_SDC                            0x08005a24   Section        0  carstate.o(i.measure_SDC)
    i.paritycheck                            0x08005b40   Section        0  carstate.o(i.paritycheck)
    i.pec15                                  0x08005c24   Section        0  ltc6804.o(i.pec15)
    i.pec_is_ok                              0x08005c54   Section        0  ltc6804.o(i.pec_is_ok)
    i.play_RTDS                              0x08005c74   Section        0  carstate.o(i.play_RTDS)
    i.pump_pwm_process                       0x08005cc0   Section        0  cooling_circuit.o(i.pump_pwm_process)
    i.pwm_check                              0x08005d00   Section        0  cooling_circuit.o(i.pwm_check)
    i.receive_packet                         0x08005d84   Section        0  ltc6804.o(i.receive_packet)
    i.ringbufCanWrite                        0x08005da4   Section        0  tx2_ringbuf.o(i.ringbufCanWrite)
    i.ringbufTryRead                         0x08005dc6   Section        0  tx2_ringbuf.o(i.ringbufTryRead)
    i.ringbufWriteUnchecked                  0x08005df0   Section        0  tx2_ringbuf.o(i.ringbufWriteUnchecked)
    i.set_SDB_led                            0x08005e10   Section        0  periphery_set.o(i.set_SDB_led)
    i.start_PWM                              0x08005eb4   Section        0  cooling_circuit.o(i.start_PWM)
    i.store_command_with_pec                 0x08005f0c   Section        0  ltc6804.o(i.store_command_with_pec)
    i.transmit_packet                        0x08005f2c   Section        0  ltc6804.o(i.transmit_packet)
    i.txGetTimeMillis                        0x08005f4c   Section        0  can_callback.o(i.txGetTimeMillis)
    i.txHandleCANMessage                     0x08005f50   Section        0  can_callback.o(i.txHandleCANMessage)
    i.txInit                                 0x08005f54   Section        0  tx2_can.o(i.txInit)
    i.txProcess                              0x08005f78   Section        0  tx2_can.o(i.txProcess)
    i.txReceiveCANMessage                    0x08005ffc   Section        0  tx2_can.o(i.txReceiveCANMessage)
    i.txSendCANMessage                       0x08006058   Section        0  can_callback.o(i.txSendCANMessage)
    i.units_set                              0x08006074   Section        0  periphery_set.o(i.units_set)
    .constdata                               0x080061c8   Section       16  system_stm32f1xx.o(.constdata)
    .constdata                               0x080061d8   Section        8  system_stm32f1xx.o(.constdata)
    .data                                    0x20000000   Section       32  adc.o(.data)
    .data                                    0x20000020   Section       49  carstate.o(.data)
    state                                    0x20000020   Data           1  carstate.o(.data)
    state_notready                           0x20000021   Data           1  carstate.o(.data)
    SDC_error                                0x20000022   Data           1  carstate.o(.data)
    SDC_measure                              0x20000026   Data           2  carstate.o(.data)
    cs_not_ready_lock                        0x20000028   Data           4  carstate.o(.data)
    cs_latch_write_delay                     0x2000002c   Data           4  carstate.o(.data)
    RTDS_countdowm                           0x20000030   Data           4  carstate.o(.data)
    LED_blink_time                           0x20000034   Data           4  carstate.o(.data)
    number_of_bliks                          0x20000038   Data           4  carstate.o(.data)
    time_SDC_blink_L                         0x2000003c   Data           4  carstate.o(.data)
    time_SDC_blink_R                         0x20000040   Data           4  carstate.o(.data)
    ECUP_data                                0x20000044   Data           6  carstate.o(.data)
    ECUF_Dash_data                           0x2000004a   Data           7  carstate.o(.data)
    .data                                    0x20000058   Section       72  cooling_circuit.o(.data)
    pwm_check_bool                           0x20000058   Data           4  cooling_circuit.o(.data)
    .data                                    0x200000a0   Section       12  periphery_set.o(.data)
    pinstate                                 0x200000a0   Data           1  periphery_set.o(.data)
    last_bat_check                           0x200000a4   Data           4  periphery_set.o(.data)
    wait_for_next                            0x200000a8   Data           4  periphery_set.o(.data)
    .data                                    0x200000ac   Section       69  can_ecub.o(.data)
    .data                                    0x200000f4   Section        8  tx2_can.o(.data)
    checktime                                0x200000f4   Data           4  tx2_can.o(.data)
    flags                                    0x200000f8   Data           4  tx2_can.o(.data)
    .data                                    0x200000fc   Section       10  ltc6804.o(.data)
    .data                                    0x20000106   Section        1  lvbattery.o(.data)
    .data                                    0x20000108   Section       28  brake_sensors.o(.data)
    .data                                    0x20000124   Section        6  main.o(.data)
    .data                                    0x2000012c   Section        4  stm32f1xx_hal_msp.o(.data)
    HAL_RCC_CAN1_CLK_ENABLED                 0x2000012c   Data           4  stm32f1xx_hal_msp.o(.data)
    .data                                    0x20000130   Section       12  stm32f1xx_hal.o(.data)
    .data                                    0x2000013c   Section        4  system_stm32f1xx.o(.data)
    .bss                                     0x20000140   Section       28  can_callback.o(.bss)
    .bss                                     0x2000015c   Section      103  carstate.o(.bss)
    ECUB_Status                              0x2000015c   Data          49  carstate.o(.bss)
    ECUF_Status_data                         0x2000018d   Data          26  carstate.o(.bss)
    ECUA_data                                0x200001a7   Data          28  carstate.o(.bss)
    .bss                                     0x200001c3   Section       21  cooling_circuit.o(.bss)
    .bss                                     0x200001d8   Section      284  can_ecub.o(.bss)
    .bss                                     0x200002f4   Section      528  tx2_can.o(.bss)
    recv_buf                                 0x200002f4   Data         512  tx2_can.o(.bss)
    recv_rb                                  0x200004f4   Data          16  tx2_can.o(.bss)
    .bss                                     0x20000504   Section      524  ltc6804.o(.bss)
    .bss                                     0x20000710   Section       48  lvbattery.o(.bss)
    .bss                                     0x20000740   Section      816  main.o(.bss)
    .bss                                     0x20000a70   Section       68  main.o(.bss)
    STACK                                    0x20000ab8   Section     1024  startup_stm32f105xc.o(STACK)

    Global Symbols

    Symbol Name                              Value     Ov Type        Size  Object(Section)

    BuildAttributes$$THM_ISAv4$P$D$K$B$S$PE$A:L22UL41UL21$X:L11$S22US41US21$IEEE1$IW$USESV6$~STKCKD$USESV7$~SHL$OSPACE$ROPI$EBA8$MICROLIB$REQ8$PRES8$EABIv2 0x00000000   Number         0  anon$$obj.o ABSOLUTE
    __ARM_use_no_argv                        0x00000000   Number         0  main.o ABSOLUTE
    __cpp_initialize__aeabi_                  - Undefined Weak Reference
    __cxa_finalize                            - Undefined Weak Reference
    _clock_init                               - Undefined Weak Reference
    _microlib_exit                            - Undefined Weak Reference
    __Vectors_Size                           0x00000150   Number         0  startup_stm32f105xc.o ABSOLUTE
    __Vectors                                0x08000000   Data           4  startup_stm32f105xc.o(RESET)
    __Vectors_End                            0x08000150   Data           0  startup_stm32f105xc.o(RESET)
    __main                                   0x08000151   Thumb Code     0  entry.o(.ARM.Collect$$$$00000000)
    _main_stk                                0x08000151   Thumb Code     0  entry2.o(.ARM.Collect$$$$00000001)
    _main_scatterload                        0x08000155   Thumb Code     0  entry5.o(.ARM.Collect$$$$00000004)
    __main_after_scatterload                 0x08000159   Thumb Code     0  entry5.o(.ARM.Collect$$$$00000004)
    _main_clock                              0x08000159   Thumb Code     0  entry7b.o(.ARM.Collect$$$$00000008)
    _main_cpp_init                           0x08000159   Thumb Code     0  entry8b.o(.ARM.Collect$$$$0000000A)
    _main_init                               0x08000159   Thumb Code     0  entry9a.o(.ARM.Collect$$$$0000000B)
    __rt_final_cpp                           0x08000161   Thumb Code     0  entry10a.o(.ARM.Collect$$$$0000000D)
    __rt_final_exit                          0x08000161   Thumb Code     0  entry11a.o(.ARM.Collect$$$$0000000F)
    ltc_tickdelay                            0x08000165   Thumb Code     6  ltc6804.o(.emb_text)
    Reset_Handler                            0x0800016d   Thumb Code     8  startup_stm32f105xc.o(.text)
    ADC1_2_IRQHandler                        0x08000187   Thumb Code     0  startup_stm32f105xc.o(.text)
    DMA1_Channel2_IRQHandler                 0x08000187   Thumb Code     0  startup_stm32f105xc.o(.text)
    DMA1_Channel3_IRQHandler                 0x08000187   Thumb Code     0  startup_stm32f105xc.o(.text)
    DMA1_Channel4_IRQHandler                 0x08000187   Thumb Code     0  startup_stm32f105xc.o(.text)
    DMA1_Channel5_IRQHandler                 0x08000187   Thumb Code     0  startup_stm32f105xc.o(.text)
    DMA1_Channel6_IRQHandler                 0x08000187   Thumb Code     0  startup_stm32f105xc.o(.text)
    DMA1_Channel7_IRQHandler                 0x08000187   Thumb Code     0  startup_stm32f105xc.o(.text)
    DMA2_Channel1_IRQHandler                 0x08000187   Thumb Code     0  startup_stm32f105xc.o(.text)
    DMA2_Channel2_IRQHandler                 0x08000187   Thumb Code     0  startup_stm32f105xc.o(.text)
    DMA2_Channel3_IRQHandler                 0x08000187   Thumb Code     0  startup_stm32f105xc.o(.text)
    DMA2_Channel4_IRQHandler                 0x08000187   Thumb Code     0  startup_stm32f105xc.o(.text)
    DMA2_Channel5_IRQHandler                 0x08000187   Thumb Code     0  startup_stm32f105xc.o(.text)
    EXTI0_IRQHandler                         0x08000187   Thumb Code     0  startup_stm32f105xc.o(.text)
    EXTI15_10_IRQHandler                     0x08000187   Thumb Code     0  startup_stm32f105xc.o(.text)
    EXTI1_IRQHandler                         0x08000187   Thumb Code     0  startup_stm32f105xc.o(.text)
    EXTI2_IRQHandler                         0x08000187   Thumb Code     0  startup_stm32f105xc.o(.text)
    EXTI3_IRQHandler                         0x08000187   Thumb Code     0  startup_stm32f105xc.o(.text)
    EXTI4_IRQHandler                         0x08000187   Thumb Code     0  startup_stm32f105xc.o(.text)
    EXTI9_5_IRQHandler                       0x08000187   Thumb Code     0  startup_stm32f105xc.o(.text)
    FLASH_IRQHandler                         0x08000187   Thumb Code     0  startup_stm32f105xc.o(.text)
    I2C1_ER_IRQHandler                       0x08000187   Thumb Code     0  startup_stm32f105xc.o(.text)
    I2C1_EV_IRQHandler                       0x08000187   Thumb Code     0  startup_stm32f105xc.o(.text)
    I2C2_ER_IRQHandler                       0x08000187   Thumb Code     0  startup_stm32f105xc.o(.text)
    I2C2_EV_IRQHandler                       0x08000187   Thumb Code     0  startup_stm32f105xc.o(.text)
    OTG_FS_IRQHandler                        0x08000187   Thumb Code     0  startup_stm32f105xc.o(.text)
    OTG_FS_WKUP_IRQHandler                   0x08000187   Thumb Code     0  startup_stm32f105xc.o(.text)
    PVD_IRQHandler                           0x08000187   Thumb Code     0  startup_stm32f105xc.o(.text)
    RCC_IRQHandler                           0x08000187   Thumb Code     0  startup_stm32f105xc.o(.text)
    RTC_Alarm_IRQHandler                     0x08000187   Thumb Code     0  startup_stm32f105xc.o(.text)
    RTC_IRQHandler                           0x08000187   Thumb Code     0  startup_stm32f105xc.o(.text)
    SPI1_IRQHandler                          0x08000187   Thumb Code     0  startup_stm32f105xc.o(.text)
    SPI2_IRQHandler                          0x08000187   Thumb Code     0  startup_stm32f105xc.o(.text)
    SPI3_IRQHandler                          0x08000187   Thumb Code     0  startup_stm32f105xc.o(.text)
    TAMPER_IRQHandler                        0x08000187   Thumb Code     0  startup_stm32f105xc.o(.text)
    TIM2_IRQHandler                          0x08000187   Thumb Code     0  startup_stm32f105xc.o(.text)
    TIM4_IRQHandler                          0x08000187   Thumb Code     0  startup_stm32f105xc.o(.text)
    TIM6_IRQHandler                          0x08000187   Thumb Code     0  startup_stm32f105xc.o(.text)
    TIM7_IRQHandler                          0x08000187   Thumb Code     0  startup_stm32f105xc.o(.text)
    UART4_IRQHandler                         0x08000187   Thumb Code     0  startup_stm32f105xc.o(.text)
    UART5_IRQHandler                         0x08000187   Thumb Code     0  startup_stm32f105xc.o(.text)
    USART1_IRQHandler                        0x08000187   Thumb Code     0  startup_stm32f105xc.o(.text)
    USART2_IRQHandler                        0x08000187   Thumb Code     0  startup_stm32f105xc.o(.text)
    USART3_IRQHandler                        0x08000187   Thumb Code     0  startup_stm32f105xc.o(.text)
    WWDG_IRQHandler                          0x08000187   Thumb Code     0  startup_stm32f105xc.o(.text)
    __aeabi_uldivmod                         0x08000191   Thumb Code    98  uldiv.o(.text)
    __aeabi_llsr                             0x080001f3   Thumb Code    32  llushr.o(.text)
    _ll_ushift_r                             0x080001f3   Thumb Code     0  llushr.o(.text)
    __aeabi_memcpy                           0x08000213   Thumb Code    36  memcpya.o(.text)
    __aeabi_memcpy4                          0x08000213   Thumb Code     0  memcpya.o(.text)
    __aeabi_memcpy8                          0x08000213   Thumb Code     0  memcpya.o(.text)
    __aeabi_memset                           0x08000237   Thumb Code    14  memseta.o(.text)
    __aeabi_memset4                          0x08000237   Thumb Code     0  memseta.o(.text)
    __aeabi_memset8                          0x08000237   Thumb Code     0  memseta.o(.text)
    __aeabi_memclr                           0x08000245   Thumb Code     4  memseta.o(.text)
    __aeabi_memclr4                          0x08000245   Thumb Code     0  memseta.o(.text)
    __aeabi_memclr8                          0x08000245   Thumb Code     0  memseta.o(.text)
    _memset$wrapper                          0x08000249   Thumb Code    18  memseta.o(.text)
    memcmp                                   0x0800025b   Thumb Code    26  memcmp.o(.text)
    __aeabi_llsl                             0x08000275   Thumb Code    30  llshl.o(.text)
    _ll_shift_l                              0x08000275   Thumb Code     0  llshl.o(.text)
    __scatterload                            0x08000295   Thumb Code    28  init.o(.text)
    __scatterload_rt2                        0x08000295   Thumb Code     0  init.o(.text)
    __decompress                             0x080002b9   Thumb Code     0  __dczerorl.o(.text)
    __decompress0                            0x080002b9   Thumb Code    58  __dczerorl.o(.text)
    ADC_ConversionStop_Disable               0x080002f3   Thumb Code    74  stm32f1xx_hal_adc.o(i.ADC_ConversionStop_Disable)
    BusFault_Handler                         0x0800033d   Thumb Code     2  stm32f1xx_it.o(i.BusFault_Handler)
    CAN1_RX0_IRQHandler                      0x08000341   Thumb Code     8  stm32f1xx_it.o(i.CAN1_RX0_IRQHandler)
    CAN1_RX1_IRQHandler                      0x0800034d   Thumb Code     6  stm32f1xx_it.o(i.CAN1_RX1_IRQHandler)
    CAN1_SCE_IRQHandler                      0x08000359   Thumb Code    12  stm32f1xx_it.o(i.CAN1_SCE_IRQHandler)
    CAN1_TX_IRQHandler                       0x08000369   Thumb Code     6  stm32f1xx_it.o(i.CAN1_TX_IRQHandler)
    CAN2_RX0_IRQHandler                      0x08000375   Thumb Code     8  stm32f1xx_it.o(i.CAN2_RX0_IRQHandler)
    CAN2_RX1_IRQHandler                      0x08000381   Thumb Code     6  stm32f1xx_it.o(i.CAN2_RX1_IRQHandler)
    CAN2_SCE_IRQHandler                      0x0800038d   Thumb Code    12  stm32f1xx_it.o(i.CAN2_SCE_IRQHandler)
    CAN2_TX_IRQHandler                       0x0800039d   Thumb Code     6  stm32f1xx_it.o(i.CAN2_TX_IRQHandler)
    CAN_eforce                               0x0800053d   Thumb Code   274  can_eforce_init.o(i.CAN_eforce)
    Cooling_process_intern                   0x08000651   Thumb Code   470  cooling_circuit.o(i.Cooling_process_intern)
    DMA1_Channel1_IRQHandler                 0x08000831   Thumb Code     6  stm32f1xx_it.o(i.DMA1_Channel1_IRQHandler)
    DebugMon_Handler                         0x0800083d   Thumb Code     2  stm32f1xx_it.o(i.DebugMon_Handler)
    ECUA_decode_Status_s                     0x0800083f   Thumb Code   222  can_ecub.o(i.ECUA_decode_Status_s)
    ECUA_get_Status                          0x0800091d   Thumb Code    54  can_ecub.o(i.ECUA_get_Status)
    ECUB_Cooling_need_to_send                0x08000959   Thumb Code    30  can_ecub.o(i.ECUB_Cooling_need_to_send)
    ECUB_GLV_AMS_need_to_send                0x0800097d   Thumb Code    30  can_ecub.o(i.ECUB_GLV_AMS_need_to_send)
    ECUB_Power_dist_need_to_send             0x080009a1   Thumb Code    30  can_ecub.o(i.ECUB_Power_dist_need_to_send)
    ECUB_Status_need_to_send                 0x080009c5   Thumb Code    30  can_ecub.o(i.ECUB_Status_need_to_send)
    ECUB_TEMPAux_need_to_send                0x080009e9   Thumb Code    30  can_ecub.o(i.ECUB_TEMPAux_need_to_send)
    ECUB_TEMPSuspR_need_to_send              0x08000a0d   Thumb Code    30  can_ecub.o(i.ECUB_TEMPSuspR_need_to_send)
    ECUB_send_Cooling_s                      0x08000a31   Thumb Code   200  can_ecub.o(i.ECUB_send_Cooling_s)
    ECUB_send_GLV_AMS_s                      0x08000afd   Thumb Code   110  can_ecub.o(i.ECUB_send_GLV_AMS_s)
    ECUB_send_Power_dist_s                   0x08000b71   Thumb Code    62  can_ecub.o(i.ECUB_send_Power_dist_s)
    ECUB_send_Status_s                       0x08000bb5   Thumb Code   462  can_ecub.o(i.ECUB_send_Status_s)
    ECUB_send_TEMPAux_s                      0x08000d89   Thumb Code    50  can_ecub.o(i.ECUB_send_TEMPAux_s)
    ECUB_send_TEMPSuspR_s                    0x08000dc1   Thumb Code    74  can_ecub.o(i.ECUB_send_TEMPSuspR_s)
    ECUF_decode_Dashboard_s                  0x08000e11   Thumb Code    60  can_ecub.o(i.ECUF_decode_Dashboard_s)
    ECUF_decode_Status_s                     0x08000e4d   Thumb Code   212  can_ecub.o(i.ECUF_decode_Status_s)
    ECUF_get_Dashboard                       0x08000f21   Thumb Code    40  can_ecub.o(i.ECUF_get_Dashboard)
    ECUF_get_Status                          0x08000f51   Thumb Code    54  can_ecub.o(i.ECUF_get_Status)
    ECUP_decode_Status_s                     0x08000f8d   Thumb Code    60  can_ecub.o(i.ECUP_decode_Status_s)
    ECUP_get_Status                          0x08000fc9   Thumb Code    52  can_ecub.o(i.ECUP_get_Status)
    HAL_ADC_ConfigChannel                    0x08001005   Thumb Code   240  stm32f1xx_hal_adc.o(i.HAL_ADC_ConfigChannel)
    HAL_ADC_Init                             0x08001101   Thumb Code   270  stm32f1xx_hal_adc.o(i.HAL_ADC_Init)
    HAL_ADC_MspInit                          0x0800121d   Thumb Code   130  stm32f1xx_hal_msp.o(i.HAL_ADC_MspInit)
    HAL_CAN_ConfigFilter                     0x080012d9   Thumb Code   238  stm32f1xx_hal_can.o(i.HAL_CAN_ConfigFilter)
    HAL_CAN_ErrorCallback                    0x080013c7   Thumb Code     2  stm32f1xx_hal_can.o(i.HAL_CAN_ErrorCallback)
    HAL_CAN_IRQHandler                       0x080013c9   Thumb Code   548  stm32f1xx_hal_can.o(i.HAL_CAN_IRQHandler)
    HAL_CAN_Init                             0x080015fd   Thumb Code   308  stm32f1xx_hal_can.o(i.HAL_CAN_Init)
    HAL_CAN_MspInit                          0x08001731   Thumb Code   302  stm32f1xx_hal_msp.o(i.HAL_CAN_MspInit)
    HAL_CAN_Receive                          0x0800187d   Thumb Code   462  stm32f1xx_hal_can.o(i.HAL_CAN_Receive)
    HAL_CAN_Receive_IT                       0x08001a4b   Thumb Code   184  stm32f1xx_hal_can.o(i.HAL_CAN_Receive_IT)
    HAL_CAN_RxCpltCallback                   0x08001b03   Thumb Code     2  stm32f1xx_hal_can.o(i.HAL_CAN_RxCpltCallback)
    HAL_CAN_Transmit                         0x08001b05   Thumb Code   428  stm32f1xx_hal_can.o(i.HAL_CAN_Transmit)
    HAL_CAN_TxCpltCallback                   0x08001cbd   Thumb Code     2  stm32f1xx_hal_can.o(i.HAL_CAN_TxCpltCallback)
    HAL_DMA_IRQHandler                       0x08001cc1   Thumb Code   552  stm32f1xx_hal_dma.o(i.HAL_DMA_IRQHandler)
    HAL_DMA_Init                             0x08001f09   Thumb Code   120  stm32f1xx_hal_dma.o(i.HAL_DMA_Init)
    HAL_Delay                                0x08001f8d   Thumb Code    32  stm32f1xx_hal.o(i.HAL_Delay)
    HAL_GPIO_Init                            0x08001fb1   Thumb Code   422  stm32f1xx_hal_gpio.o(i.HAL_GPIO_Init)
    HAL_GPIO_ReadPin                         0x08002179   Thumb Code    10  stm32f1xx_hal_gpio.o(i.HAL_GPIO_ReadPin)
    HAL_GPIO_TogglePin                       0x08002183   Thumb Code     8  stm32f1xx_hal_gpio.o(i.HAL_GPIO_TogglePin)
    HAL_GPIO_WritePin                        0x0800218b   Thumb Code    10  stm32f1xx_hal_gpio.o(i.HAL_GPIO_WritePin)
    HAL_GetTick                              0x08002195   Thumb Code     6  stm32f1xx_hal.o(i.HAL_GetTick)
    HAL_HalfDuplex_Init                      0x080021a1   Thumb Code   108  stm32f1xx_hal_uart.o(i.HAL_HalfDuplex_Init)
    HAL_IncTick                              0x0800220d   Thumb Code    12  stm32f1xx_hal.o(i.HAL_IncTick)
    HAL_Init                                 0x0800221d   Thumb Code    32  stm32f1xx_hal.o(i.HAL_Init)
    HAL_InitTick                             0x08002241   Thumb Code    54  stm32f1xx_hal.o(i.HAL_InitTick)
    HAL_MspInit                              0x08002281   Thumb Code   118  stm32f1xx_hal_msp.o(i.HAL_MspInit)
    HAL_NVIC_EnableIRQ                       0x08002301   Thumb Code    22  stm32f1xx_hal_cortex.o(i.HAL_NVIC_EnableIRQ)
    HAL_NVIC_SetPriority                     0x08002319   Thumb Code    60  stm32f1xx_hal_cortex.o(i.HAL_NVIC_SetPriority)
    HAL_NVIC_SetPriorityGrouping             0x08002359   Thumb Code    26  stm32f1xx_hal_cortex.o(i.HAL_NVIC_SetPriorityGrouping)
    HAL_RCCEx_PeriphCLKConfig                0x0800237d   Thumb Code   380  stm32f1xx_hal_rcc_ex.o(i.HAL_RCCEx_PeriphCLKConfig)
    HAL_RCC_ClockConfig                      0x08002509   Thumb Code   316  stm32f1xx_hal_rcc.o(i.HAL_RCC_ClockConfig)
    HAL_RCC_GetHCLKFreq                      0x08002655   Thumb Code     6  stm32f1xx_hal_rcc.o(i.HAL_RCC_GetHCLKFreq)
    HAL_RCC_GetPCLK1Freq                     0x08002661   Thumb Code    20  stm32f1xx_hal_rcc.o(i.HAL_RCC_GetPCLK1Freq)
    HAL_RCC_GetPCLK2Freq                     0x08002681   Thumb Code    20  stm32f1xx_hal_rcc.o(i.HAL_RCC_GetPCLK2Freq)
    HAL_RCC_GetSysClockFreq                  0x080026a1   Thumb Code   148  stm32f1xx_hal_rcc.o(i.HAL_RCC_GetSysClockFreq)
    HAL_RCC_OscConfig                        0x08002765   Thumb Code   932  stm32f1xx_hal_rcc.o(i.HAL_RCC_OscConfig)
    HAL_SPI_Init                             0x08002b1d   Thumb Code   130  stm32f1xx_hal_spi_ex.o(i.HAL_SPI_Init)
    HAL_SPI_MspInit                          0x08002ba1   Thumb Code   122  stm32f1xx_hal_msp.o(i.HAL_SPI_MspInit)
    HAL_SPI_Receive                          0x08002c31   Thumb Code   328  stm32f1xx_hal_spi.o(i.HAL_SPI_Receive)
    HAL_SPI_Transmit                         0x08002d79   Thumb Code   356  stm32f1xx_hal_spi.o(i.HAL_SPI_Transmit)
    HAL_SPI_TransmitReceive                  0x08002edd   Thumb Code   458  stm32f1xx_hal_spi.o(i.HAL_SPI_TransmitReceive)
    HAL_SYSTICK_CLKSourceConfig              0x080030a7   Thumb Code    24  stm32f1xx_hal_cortex.o(i.HAL_SYSTICK_CLKSourceConfig)
    HAL_SYSTICK_Callback                     0x080030bf   Thumb Code     2  stm32f1xx_hal_cortex.o(i.HAL_SYSTICK_Callback)
    HAL_SYSTICK_Config                       0x080030c1   Thumb Code    40  stm32f1xx_hal_cortex.o(i.HAL_SYSTICK_Config)
    HAL_SYSTICK_IRQHandler                   0x080030e9   Thumb Code     8  stm32f1xx_hal_cortex.o(i.HAL_SYSTICK_IRQHandler)
    HAL_TIMEx_BreakCallback                  0x080030f1   Thumb Code     2  stm32f1xx_hal_tim_ex.o(i.HAL_TIMEx_BreakCallback)
    HAL_TIMEx_CommutationCallback            0x080030f3   Thumb Code     2  stm32f1xx_hal_tim_ex.o(i.HAL_TIMEx_CommutationCallback)
    HAL_TIMEx_ConfigBreakDeadTime            0x080030f5   Thumb Code    90  stm32f1xx_hal_tim_ex.o(i.HAL_TIMEx_ConfigBreakDeadTime)
    HAL_TIMEx_MasterConfigSynchronization    0x0800314f   Thumb Code    80  stm32f1xx_hal_tim_ex.o(i.HAL_TIMEx_MasterConfigSynchronization)
    HAL_TIM_Base_Init                        0x0800319f   Thumb Code    54  stm32f1xx_hal_tim.o(i.HAL_TIM_Base_Init)
    HAL_TIM_Base_MspInit                     0x080031d5   Thumb Code   246  stm32f1xx_hal_msp.o(i.HAL_TIM_Base_MspInit)
    HAL_TIM_ConfigClockSource                0x080032e9   Thumb Code   240  stm32f1xx_hal_tim.o(i.HAL_TIM_ConfigClockSource)
    HAL_TIM_IC_CaptureCallback               0x080033d9   Thumb Code    18  wheel_speed.o(i.HAL_TIM_IC_CaptureCallback)
    HAL_TIM_IC_ConfigChannel                 0x080033f1   Thumb Code   282  stm32f1xx_hal_tim.o(i.HAL_TIM_IC_ConfigChannel)
    HAL_TIM_IC_Init                          0x0800350b   Thumb Code    54  stm32f1xx_hal_tim.o(i.HAL_TIM_IC_Init)
    HAL_TIM_IC_MspInit                       0x08003541   Thumb Code     2  stm32f1xx_hal_tim.o(i.HAL_TIM_IC_MspInit)
    HAL_TIM_IRQHandler                       0x08003543   Thumb Code   358  stm32f1xx_hal_tim.o(i.HAL_TIM_IRQHandler)
    HAL_TIM_MspPostInit                      0x080036a9   Thumb Code    74  stm32f1xx_hal_msp.o(i.HAL_TIM_MspPostInit)
    HAL_TIM_OC_DelayElapsedCallback          0x08003705   Thumb Code     2  stm32f1xx_hal_tim.o(i.HAL_TIM_OC_DelayElapsedCallback)
    HAL_TIM_PWM_ConfigChannel                0x08003707   Thumb Code   208  stm32f1xx_hal_tim.o(i.HAL_TIM_PWM_ConfigChannel)
    HAL_TIM_PWM_Init                         0x080037d7   Thumb Code    54  stm32f1xx_hal_tim.o(i.HAL_TIM_PWM_Init)
    HAL_TIM_PWM_MspInit                      0x0800380d   Thumb Code     2  stm32f1xx_hal_tim.o(i.HAL_TIM_PWM_MspInit)
    HAL_TIM_PWM_PulseFinishedCallback        0x0800380f   Thumb Code     2  stm32f1xx_hal_tim.o(i.HAL_TIM_PWM_PulseFinishedCallback)
    HAL_TIM_PWM_Start                        0x08003811   Thumb Code    42  stm32f1xx_hal_tim.o(i.HAL_TIM_PWM_Start)
    HAL_TIM_PeriodElapsedCallback            0x08003841   Thumb Code    18  wheel_speed.o(i.HAL_TIM_PeriodElapsedCallback)
    HAL_TIM_TriggerCallback                  0x0800385d   Thumb Code     2  stm32f1xx_hal_tim.o(i.HAL_TIM_TriggerCallback)
    HAL_UART_Init                            0x0800385f   Thumb Code    98  stm32f1xx_hal_uart.o(i.HAL_UART_Init)
    HAL_UART_MspInit                         0x080038c1   Thumb Code   112  stm32f1xx_hal_msp.o(i.HAL_UART_MspInit)
    HardFault_Handler                        0x08003941   Thumb Code     2  stm32f1xx_it.o(i.HardFault_Handler)
    LTC_DRV_SPI_CSHigh                       0x08003945   Thumb Code    12  lvbattery.o(i.LTC_DRV_SPI_CSHigh)
    LTC_DRV_SPI_CSLow                        0x08003955   Thumb Code    10  lvbattery.o(i.LTC_DRV_SPI_CSLow)
    LTC_DRV_SPI_Read                         0x08003965   Thumb Code    20  lvbattery.o(i.LTC_DRV_SPI_Read)
    LTC_DRV_SPI_Write                        0x08003981   Thumb Code    16  lvbattery.o(i.LTC_DRV_SPI_Write)
    LTC_Init                                 0x08003995   Thumb Code     4  ltc6804.o(i.LTC_Init)
    LTC_ReadCellVoltageGroups                0x08003999   Thumb Code   312  ltc6804.o(i.LTC_ReadCellVoltageGroups)
    LTC_ReadConfigGroup                      0x08003ad5   Thumb Code   144  ltc6804.o(i.LTC_ReadConfigGroup)
    LTC_StartCellVoltageConversion           0x08003b69   Thumb Code    38  ltc6804.o(i.LTC_StartCellVoltageConversion)
    LTC_WakeUp                               0x08003b95   Thumb Code    28  ltc6804.o(i.LTC_WakeUp)
    LV_init                                  0x08003bb1   Thumb Code    56  lvbattery.o(i.LV_init)
    LV_process                               0x08003bf9   Thumb Code   118  lvbattery.o(i.LV_process)
    MCF_decode_GeneralReport_s               0x08003c79   Thumb Code   166  can_ecub.o(i.MCF_decode_GeneralReport_s)
    MCF_decode_ThermalMeasuresA_s            0x08003d1f   Thumb Code    40  can_ecub.o(i.MCF_decode_ThermalMeasuresA_s)
    MCF_decode_ThermalMeasuresB_s            0x08003d47   Thumb Code    40  can_ecub.o(i.MCF_decode_ThermalMeasuresB_s)
    MCF_get_GeneralReport                    0x08003d71   Thumb Code    36  can_ecub.o(i.MCF_get_GeneralReport)
    MCF_get_ThermalMeasuresA                 0x08003d99   Thumb Code    40  can_ecub.o(i.MCF_get_ThermalMeasuresA)
    MCF_get_ThermalMeasuresB                 0x08003dc9   Thumb Code    40  can_ecub.o(i.MCF_get_ThermalMeasuresB)
    MCR_decode_GeneralReport_s               0x08003df9   Thumb Code   166  can_ecub.o(i.MCR_decode_GeneralReport_s)
    MCR_decode_ThermalMeasuresA_s            0x08003e9f   Thumb Code    40  can_ecub.o(i.MCR_decode_ThermalMeasuresA_s)
    MCR_decode_ThermalMeasuresB_s            0x08003ec7   Thumb Code    40  can_ecub.o(i.MCR_decode_ThermalMeasuresB_s)
    MCR_get_GeneralReport                    0x08003ef1   Thumb Code    36  can_ecub.o(i.MCR_get_GeneralReport)
    MCR_get_ThermalMeasuresA                 0x08003f19   Thumb Code    40  can_ecub.o(i.MCR_get_ThermalMeasuresA)
    MCR_get_ThermalMeasuresB                 0x08003f49   Thumb Code    40  can_ecub.o(i.MCR_get_ThermalMeasuresB)
    MemManage_Handler                        0x080044c5   Thumb Code     2  stm32f1xx_it.o(i.MemManage_Handler)
    NMI_Handler                              0x080044c7   Thumb Code     2  stm32f1xx_it.o(i.NMI_Handler)
    PendSV_Handler                           0x080044e9   Thumb Code     2  stm32f1xx_it.o(i.PendSV_Handler)
    SVC_Handler                              0x080045a1   Thumb Code     2  stm32f1xx_it.o(i.SVC_Handler)
    SysTick_Handler                          0x080045ed   Thumb Code    14  stm32f1xx_it.o(i.SysTick_Handler)
    SystemClock_Config                       0x080045fd   Thumb Code   128  main.o(i.SystemClock_Config)
    SystemInit                               0x08004681   Thumb Code    68  system_stm32f1xx.o(i.SystemInit)
    TIM1_BRK_IRQHandler                      0x080046d5   Thumb Code     6  stm32f1xx_it.o(i.TIM1_BRK_IRQHandler)
    TIM1_CC_IRQHandler                       0x080046e1   Thumb Code     6  stm32f1xx_it.o(i.TIM1_CC_IRQHandler)
    TIM1_TRG_COM_IRQHandler                  0x080046ed   Thumb Code     6  stm32f1xx_it.o(i.TIM1_TRG_COM_IRQHandler)
    TIM1_UP_IRQHandler                       0x080046f9   Thumb Code     6  stm32f1xx_it.o(i.TIM1_UP_IRQHandler)
    TIM3_IRQHandler                          0x08004705   Thumb Code     6  stm32f1xx_it.o(i.TIM3_IRQHandler)
    TIM5_IRQHandler                          0x08004711   Thumb Code     6  stm32f1xx_it.o(i.TIM5_IRQHandler)
    TIM_Base_SetConfig                       0x0800471d   Thumb Code   104  stm32f1xx_hal_tim.o(i.TIM_Base_SetConfig)
    TIM_CCxChannelCmd                        0x08004795   Thumb Code    22  stm32f1xx_hal_tim.o(i.TIM_CCxChannelCmd)
    TIM_OC2_SetConfig                        0x08004829   Thumb Code    86  stm32f1xx_hal_tim.o(i.TIM_OC2_SetConfig)
    TIM_TI1_SetConfig                        0x08004945   Thumb Code    82  stm32f1xx_hal_tim.o(i.TIM_TI1_SetConfig)
    UsageFault_Handler                       0x08004b75   Thumb Code     2  stm32f1xx_it.o(i.UsageFault_Handler)
    VDCU_decode_Status_s                     0x08004b77   Thumb Code   106  can_ecub.o(i.VDCU_decode_Status_s)
    VDCU_get_Status                          0x08004be1   Thumb Code    56  can_ecub.o(i.VDCU_get_Status)
    _Error_Handler                           0x08004c1d   Thumb Code     2  main.o(i._Error_Handler)
    __scatterload_copy                       0x08004c1f   Thumb Code    14  handlers.o(i.__scatterload_copy)
    __scatterload_null                       0x08004c2d   Thumb Code     2  handlers.o(i.__scatterload_null)
    __scatterload_zeroinit                   0x08004c2f   Thumb Code    14  handlers.o(i.__scatterload_zeroinit)
    aux_set                                  0x08004c3d   Thumb Code   196  periphery_set.o(i.aux_set)
    blink_SDB                                0x08004d09   Thumb Code   130  carstate.o(i.blink_SDB)
    blink_led                                0x08004d95   Thumb Code    60  carstate.o(i.blink_led)
    brake_sens_init                          0x08004dd9   Thumb Code   124  brake_sensors.o(i.brake_sens_init)
    brake_sens_process                       0x08004e5d   Thumb Code   266  brake_sensors.o(i.brake_sens_process)
    brake_set                                0x08004f71   Thumb Code    34  brakelight.o(i.brake_set)
    brakelightprocess                        0x08004f99   Thumb Code    48  brakelight.o(i.brakelightprocess)
    canInitMsgStatus                         0x08004fc9   Thumb Code    14  tx2_can.o(i.canInitMsgStatus)
    canUpdateMsgStatusOnReceive              0x08004fd7   Thumb Code    22  tx2_can.o(i.canUpdateMsgStatusOnReceive)
    candbHandleMessage                       0x08004fed   Thumb Code   514  can_ecub.o(i.candbHandleMessage)
    candbInit                                0x080051fd   Thumb Code   136  can_ecub.o(i.candbInit)
    carstate_init                            0x08005291   Thumb Code    16  carstate.o(i.carstate_init)
    carstate_process                         0x080052a5   Thumb Code   624  carstate.o(i.carstate_process)
    change_to_NOT_READY                      0x0800552d   Thumb Code   112  carstate.o(i.change_to_NOT_READY)
    check_mess                               0x080055b1   Thumb Code   102  carstate.o(i.check_mess)
    config_spi                               0x08005621   Thumb Code    84  brake_sensors.o(i.config_spi)
    config_spi_LV                            0x08005691   Thumb Code    92  lvbattery.o(i.config_spi_LV)
    cooling_poccess                          0x08005705   Thumb Code   132  adc.o(i.cooling_poccess)
    fan_pwm_process                          0x0800578d   Thumb Code    50  cooling_circuit.o(i.fan_pwm_process)
    get_can_state                            0x080057c9   Thumb Code     4  carstate.o(i.get_can_state)
    get_state                                0x080057d1   Thumb Code     4  carstate.o(i.get_state)
    init_PEC15_Table                         0x080057d9   Thumb Code    46  ltc6804.o(i.init_PEC15_Table)
    main                                     0x0800580d   Thumb Code   492  main.o(i.main)
    measure_SDC                              0x08005a25   Thumb Code   266  carstate.o(i.measure_SDC)
    paritycheck                              0x08005b41   Thumb Code   222  carstate.o(i.paritycheck)
    pec15                                    0x08005c25   Thumb Code    44  ltc6804.o(i.pec15)
    pec_is_ok                                0x08005c55   Thumb Code    28  ltc6804.o(i.pec_is_ok)
    play_RTDS                                0x08005c75   Thumb Code    66  carstate.o(i.play_RTDS)
    pump_pwm_process                         0x08005cc1   Thumb Code    54  cooling_circuit.o(i.pump_pwm_process)
    pwm_check                                0x08005d01   Thumb Code   114  cooling_circuit.o(i.pwm_check)
    receive_packet                           0x08005d85   Thumb Code    26  ltc6804.o(i.receive_packet)
    ringbufCanWrite                          0x08005da5   Thumb Code    34  tx2_ringbuf.o(i.ringbufCanWrite)
    ringbufTryRead                           0x08005dc7   Thumb Code    42  tx2_ringbuf.o(i.ringbufTryRead)
    ringbufWriteUnchecked                    0x08005df1   Thumb Code    30  tx2_ringbuf.o(i.ringbufWriteUnchecked)
    set_SDB_led                              0x08005e11   Thumb Code   158  periphery_set.o(i.set_SDB_led)
    start_PWM                                0x08005eb5   Thumb Code    88  cooling_circuit.o(i.start_PWM)
    store_command_with_pec                   0x08005f0d   Thumb Code    26  ltc6804.o(i.store_command_with_pec)
    transmit_packet                          0x08005f2d   Thumb Code    26  ltc6804.o(i.transmit_packet)
    txGetTimeMillis                          0x08005f4d   Thumb Code     4  can_callback.o(i.txGetTimeMillis)
    txHandleCANMessage                       0x08005f51   Thumb Code     4  can_callback.o(i.txHandleCANMessage)
    txInit                                   0x08005f55   Thumb Code    28  tx2_can.o(i.txInit)
    txProcess                                0x08005f79   Thumb Code   124  tx2_can.o(i.txProcess)
    txReceiveCANMessage                      0x08005ffd   Thumb Code    84  tx2_can.o(i.txReceiveCANMessage)
    txSendCANMessage                         0x08006059   Thumb Code    20  can_callback.o(i.txSendCANMessage)
    units_set                                0x08006075   Thumb Code   318  periphery_set.o(i.units_set)
    AHBPrescTable                            0x080061c8   Data          16  system_stm32f1xx.o(.constdata)
    APBPrescTable                            0x080061d8   Data           8  system_stm32f1xx.o(.constdata)
    Region$$Table$$Base                      0x080061e0   Number         0  anon$$obj.o(Region$$Table)
    Region$$Table$$Limit                     0x08006200   Number         0  anon$$obj.o(Region$$Table)
    ECUB_TEMP_AUX                            0x20000000   Data           4  adc.o(.data)
    ntc0_value                               0x20000004   Data           4  adc.o(.data)
    ntc1_value                               0x20000008   Data           4  adc.o(.data)
    ntc2_value                               0x2000000c   Data           4  adc.o(.data)
    ntc3_value                               0x20000010   Data           4  adc.o(.data)
    ecua_u_value                             0x20000014   Data           4  adc.o(.data)
    lv_bat_u_value                           0x20000018   Data           4  adc.o(.data)
    service_box_u_value                      0x2000001c   Data           4  adc.o(.data)
    parity_check_summ                        0x20000023   Data           1  carstate.o(.data)
    parity_for                               0x20000024   Data           1  carstate.o(.data)
    SDC_parity_control                       0x20000025   Data           1  carstate.o(.data)
    max_engine_temperature                   0x2000005c   Data           4  cooling_circuit.o(.data)
    max_sensors_after_engine_temperature     0x20000060   Data           4  cooling_circuit.o(.data)
    min_sensors_before_engine_temperature    0x20000064   Data           4  cooling_circuit.o(.data)
    new_pwm_value                            0x20000068   Data           4  cooling_circuit.o(.data)
    additional_pwm_value                     0x2000006c   Data           4  cooling_circuit.o(.data)
    last_temp_check_SensorsSensors_diff      0x20000070   Data           4  cooling_circuit.o(.data)
    last_temp_check_EngineSensors_diff       0x20000074   Data           4  cooling_circuit.o(.data)
    MCR_Engine_A                             0x20000078   Data           7  cooling_circuit.o(.data)
    MCR_Engine_B                             0x2000007f   Data           7  cooling_circuit.o(.data)
    MCF_Engine_A                             0x20000086   Data           7  cooling_circuit.o(.data)
    MCF_Engine_B                             0x2000008d   Data           7  cooling_circuit.o(.data)
    last_temp_check_time                     0x20000098   Data           8  cooling_circuit.o(.data)
    ECUB_Status_last_sent                    0x200000ac   Data           4  can_ecub.o(.data)
    ECUB_Wheelspeed_last_sent                0x200000b0   Data           4  can_ecub.o(.data)
    ECUB_GLV_AMS_last_sent                   0x200000b4   Data           4  can_ecub.o(.data)
    ECUB_Cooling_last_sent                   0x200000b8   Data           4  can_ecub.o(.data)
    ECUB_Power_dist_last_sent                0x200000bc   Data           4  can_ecub.o(.data)
    ECUB_TEMPSuspR_last_sent                 0x200000c0   Data           4  can_ecub.o(.data)
    ECUB_TEMPAux_last_sent                   0x200000c4   Data           4  can_ecub.o(.data)
    ECUP_Status_data                         0x200000c8   Data           6  can_ecub.o(.data)
    ECUF_Dashboard_data                      0x200000ce   Data           7  can_ecub.o(.data)
    MCF_ThermalMeasuresA_data                0x200000d5   Data           7  can_ecub.o(.data)
    MCF_ThermalMeasuresB_data                0x200000dc   Data           7  can_ecub.o(.data)
    MCR_ThermalMeasuresA_data                0x200000e3   Data           7  can_ecub.o(.data)
    MCR_ThermalMeasuresB_data                0x200000ea   Data           7  can_ecub.o(.data)
    CmdAddress                               0x200000fc   Data           2  ltc6804.o(.data)
    rxbuffer                                 0x200000fe   Data           8  ltc6804.o(.data)
    recive_data                              0x20000106   Data           1  lvbattery.o(.data)
    config_register_write                    0x20000108   Data           2  brake_sensors.o(.data)
    temperatureleft                          0x2000010c   Data           4  brake_sensors.o(.data)
    temperatureright                         0x20000110   Data           4  brake_sensors.o(.data)
    recived_data                             0x20000114   Data           8  brake_sensors.o(.data)
    ECUB_TEMP                                0x2000011c   Data           8  brake_sensors.o(.data)
    ECUB_POW                                 0x20000124   Data           6  main.o(.data)
    uwTickFreq                               0x20000130   Data           1  stm32f1xx_hal.o(.data)
    uwTickPrio                               0x20000134   Data           4  stm32f1xx_hal.o(.data)
    uwTick                                   0x20000138   Data           4  stm32f1xx_hal.o(.data)
    SystemCoreClock                          0x2000013c   Data           4  system_stm32f1xx.o(.data)
    txMsg                                    0x20000140   Data          28  can_callback.o(.bss)
    ECUB_COOL                                0x200001c3   Data          21  cooling_circuit.o(.bss)
    ECUA_Status_status                       0x200001d8   Data          16  can_ecub.o(.bss)
    ECUA_Status_data                         0x200001e8   Data          28  can_ecub.o(.bss)
    ECUF_Status_status                       0x20000204   Data          16  can_ecub.o(.bss)
    ECUF_Status_data                         0x20000214   Data          26  can_ecub.o(.bss)
    ECUF_Dashboard_status                    0x20000230   Data          16  can_ecub.o(.bss)
    ECUP_Status_status                       0x20000240   Data          16  can_ecub.o(.bss)
    MCF_GeneralReport_status                 0x20000250   Data          16  can_ecub.o(.bss)
    MCF_GeneralReport_data                   0x20000260   Data          20  can_ecub.o(.bss)
    MCF_ThermalMeasuresA_status              0x20000274   Data          16  can_ecub.o(.bss)
    MCF_ThermalMeasuresB_status              0x20000284   Data          16  can_ecub.o(.bss)
    MCR_GeneralReport_status                 0x20000294   Data          16  can_ecub.o(.bss)
    MCR_GeneralReport_data                   0x200002a4   Data          20  can_ecub.o(.bss)
    MCR_ThermalMeasuresA_status              0x200002b8   Data          16  can_ecub.o(.bss)
    MCR_ThermalMeasuresB_status              0x200002c8   Data          16  can_ecub.o(.bss)
    VDCU_Status_status                       0x200002d8   Data          16  can_ecub.o(.bss)
    VDCU_Status_data                         0x200002e8   Data          12  can_ecub.o(.bss)
    pec15Table                               0x20000504   Data         512  ltc6804.o(.bss)
    txbuffer                                 0x20000704   Data          12  ltc6804.o(.bss)
    ECUB_GLV                                 0x20000710   Data          12  lvbattery.o(.bss)
    LV_Config_struct                         0x2000071c   Data          12  lvbattery.o(.bss)
    VoltageList                              0x20000728   Data          24  lvbattery.o(.bss)
    hadc1                                    0x20000740   Data          48  main.o(.bss)
    hcan1                                    0x20000770   Data          68  main.o(.bss)
    hcan2                                    0x200007b4   Data          68  main.o(.bss)
    hspi1                                    0x200007f8   Data          88  main.o(.bss)
    hspi2                                    0x20000850   Data          88  main.o(.bss)
    htim1                                    0x200008a8   Data          64  main.o(.bss)
    htim2                                    0x200008e8   Data          64  main.o(.bss)
    htim3                                    0x20000928   Data          64  main.o(.bss)
    htim5                                    0x20000968   Data          64  main.o(.bss)
    huart4                                   0x200009a8   Data          64  main.o(.bss)
    huart5                                   0x200009e8   Data          64  main.o(.bss)
    canRxMsg1                                0x20000a28   Data          36  main.o(.bss)
    canRxMsg2                                0x20000a4c   Data          36  main.o(.bss)
    hdma_adc1                                0x20000a70   Data          68  main.o(.bss)
    __initial_sp                             0x20000eb8   Data           0  startup_stm32f105xc.o(STACK)



==============================================================================

Memory Map of the image

  Image Entry point : 0x08000151

  Load Region LR_IROM1 (Base: 0x08000000, Size: 0x00006340, Max: 0x00040000, ABSOLUTE, COMPRESSED[0x0000620c])

    Execution Region ER_IROM1 (Exec base: 0x08000000, Load base: 0x08000000, Size: 0x00006200, Max: 0x00040000, ABSOLUTE)

    Exec Addr    Load Addr    Size         Type   Attr      Idx    E Section Name        Object

    0x08000000   0x08000000   0x00000150   Data   RO            3    RESET               startup_stm32f105xc.o
    0x08000150   0x08000150   0x00000000   Code   RO         4725  * .ARM.Collect$$$$00000000  mc_w.l(entry.o)
    0x08000150   0x08000150   0x00000004   Code   RO         4746    .ARM.Collect$$$$00000001  mc_w.l(entry2.o)
    0x08000154   0x08000154   0x00000004   Code   RO         4749    .ARM.Collect$$$$00000004  mc_w.l(entry5.o)
    0x08000158   0x08000158   0x00000000   Code   RO         4751    .ARM.Collect$$$$00000008  mc_w.l(entry7b.o)
    0x08000158   0x08000158   0x00000000   Code   RO         4753    .ARM.Collect$$$$0000000A  mc_w.l(entry8b.o)
    0x08000158   0x08000158   0x00000008   Code   RO         4754    .ARM.Collect$$$$0000000B  mc_w.l(entry9a.o)
    0x08000160   0x08000160   0x00000000   Code   RO         4756    .ARM.Collect$$$$0000000D  mc_w.l(entry10a.o)
    0x08000160   0x08000160   0x00000000   Code   RO         4758    .ARM.Collect$$$$0000000F  mc_w.l(entry11a.o)
    0x08000160   0x08000160   0x00000004   Code   RO         4747    .ARM.Collect$$$$00002712  mc_w.l(entry2.o)
    0x08000164   0x08000164   0x00000006   Code   RO         1078    .emb_text           ltc6804.o
    0x0800016a   0x0800016a   0x00000002   PAD
    0x0800016c   0x0800016c   0x00000024   Code   RO            4    .text               startup_stm32f105xc.o
    0x08000190   0x08000190   0x00000062   Code   RO         4728    .text               mc_w.l(uldiv.o)
    0x080001f2   0x080001f2   0x00000020   Code   RO         4730    .text               mc_w.l(llushr.o)
    0x08000212   0x08000212   0x00000024   Code   RO         4732    .text               mc_w.l(memcpya.o)
    0x08000236   0x08000236   0x00000024   Code   RO         4734    .text               mc_w.l(memseta.o)
    0x0800025a   0x0800025a   0x0000001a   Code   RO         4736    .text               mc_w.l(memcmp.o)
    0x08000274   0x08000274   0x0000001e   Code   RO         4760    .text               mc_w.l(llshl.o)
    0x08000292   0x08000292   0x00000002   PAD
    0x08000294   0x08000294   0x00000024   Code   RO         4765    .text               mc_w.l(init.o)
    0x080002b8   0x080002b8   0x0000003a   Code   RO         4775    .text               mc_w.l(__dczerorl.o)
    0x080002f2   0x080002f2   0x0000004a   Code   RO         1840    i.ADC_ConversionStop_Disable  stm32f1xx_hal_adc.o
    0x0800033c   0x0800033c   0x00000002   Code   RO         1535    i.BusFault_Handler  stm32f1xx_it.o
    0x0800033e   0x0800033e   0x00000002   PAD
    0x08000340   0x08000340   0x0000000c   Code   RO         1536    i.CAN1_RX0_IRQHandler  stm32f1xx_it.o
    0x0800034c   0x0800034c   0x0000000c   Code   RO         1537    i.CAN1_RX1_IRQHandler  stm32f1xx_it.o
    0x08000358   0x08000358   0x00000010   Code   RO         1538    i.CAN1_SCE_IRQHandler  stm32f1xx_it.o
    0x08000368   0x08000368   0x0000000c   Code   RO         1539    i.CAN1_TX_IRQHandler  stm32f1xx_it.o
    0x08000374   0x08000374   0x0000000c   Code   RO         1540    i.CAN2_RX0_IRQHandler  stm32f1xx_it.o
    0x08000380   0x08000380   0x0000000c   Code   RO         1541    i.CAN2_RX1_IRQHandler  stm32f1xx_it.o
    0x0800038c   0x0800038c   0x00000010   Code   RO         1542    i.CAN2_SCE_IRQHandler  stm32f1xx_it.o
    0x0800039c   0x0800039c   0x0000000c   Code   RO         1543    i.CAN2_TX_IRQHandler  stm32f1xx_it.o
    0x080003a8   0x080003a8   0x00000050   Code   RO         1544    i.CAN_HandleRX0IRQ  stm32f1xx_it.o
    0x080003f8   0x080003f8   0x00000020   Code   RO         1545    i.CAN_HandleTXIRQ   stm32f1xx_it.o
    0x08000418   0x08000418   0x00000124   Code   RO         2116    i.CAN_Receive_IT    stm32f1xx_hal_can.o
    0x0800053c   0x0800053c   0x00000112   Code   RO          274    i.CAN_eforce        can_eforce_init.o
    0x0800064e   0x0800064e   0x00000002   PAD
    0x08000650   0x08000650   0x000001e0   Code   RO          405    i.Cooling_process_intern  cooling_circuit.o
    0x08000830   0x08000830   0x0000000c   Code   RO         1546    i.DMA1_Channel1_IRQHandler  stm32f1xx_it.o
    0x0800083c   0x0800083c   0x00000002   Code   RO         1547    i.DebugMon_Handler  stm32f1xx_it.o
    0x0800083e   0x0800083e   0x000000de   Code   RO          572    i.ECUA_decode_Status_s  can_ecub.o
    0x0800091c   0x0800091c   0x0000003c   Code   RO          573    i.ECUA_get_Status   can_ecub.o
    0x08000958   0x08000958   0x00000024   Code   RO          574    i.ECUB_Cooling_need_to_send  can_ecub.o
    0x0800097c   0x0800097c   0x00000024   Code   RO          575    i.ECUB_GLV_AMS_need_to_send  can_ecub.o
    0x080009a0   0x080009a0   0x00000024   Code   RO          576    i.ECUB_Power_dist_need_to_send  can_ecub.o
    0x080009c4   0x080009c4   0x00000024   Code   RO          577    i.ECUB_Status_need_to_send  can_ecub.o
    0x080009e8   0x080009e8   0x00000024   Code   RO          578    i.ECUB_TEMPAux_need_to_send  can_ecub.o
    0x08000a0c   0x08000a0c   0x00000024   Code   RO          579    i.ECUB_TEMPSuspR_need_to_send  can_ecub.o
    0x08000a30   0x08000a30   0x000000cc   Code   RO          582    i.ECUB_send_Cooling_s  can_ecub.o
    0x08000afc   0x08000afc   0x00000074   Code   RO          584    i.ECUB_send_GLV_AMS_s  can_ecub.o
    0x08000b70   0x08000b70   0x00000044   Code   RO          586    i.ECUB_send_Power_dist_s  can_ecub.o
    0x08000bb4   0x08000bb4   0x000001d4   Code   RO          588    i.ECUB_send_Status_s  can_ecub.o
    0x08000d88   0x08000d88   0x00000038   Code   RO          590    i.ECUB_send_TEMPAux_s  can_ecub.o
    0x08000dc0   0x08000dc0   0x00000050   Code   RO          592    i.ECUB_send_TEMPSuspR_s  can_ecub.o
    0x08000e10   0x08000e10   0x0000003c   Code   RO          598    i.ECUF_decode_Dashboard_s  can_ecub.o
    0x08000e4c   0x08000e4c   0x000000d4   Code   RO          600    i.ECUF_decode_Status_s  can_ecub.o
    0x08000f20   0x08000f20   0x00000030   Code   RO          601    i.ECUF_get_Dashboard  can_ecub.o
    0x08000f50   0x08000f50   0x0000003c   Code   RO          602    i.ECUF_get_Status   can_ecub.o
    0x08000f8c   0x08000f8c   0x0000003c   Code   RO          605    i.ECUP_decode_Status_s  can_ecub.o
    0x08000fc8   0x08000fc8   0x0000003c   Code   RO          606    i.ECUP_get_Status   can_ecub.o
    0x08001004   0x08001004   0x000000fc   Code   RO         1846    i.HAL_ADC_ConfigChannel  stm32f1xx_hal_adc.o
    0x08001100   0x08001100   0x0000011c   Code   RO         1855    i.HAL_ADC_Init      stm32f1xx_hal_adc.o
    0x0800121c   0x0800121c   0x000000bc   Code   RO         1712    i.HAL_ADC_MspInit   stm32f1xx_hal_msp.o
    0x080012d8   0x080012d8   0x000000ee   Code   RO         2117    i.HAL_CAN_ConfigFilter  stm32f1xx_hal_can.o
    0x080013c6   0x080013c6   0x00000002   Code   RO         2119    i.HAL_CAN_ErrorCallback  stm32f1xx_hal_can.o
    0x080013c8   0x080013c8   0x00000234   Code   RO         2122    i.HAL_CAN_IRQHandler  stm32f1xx_hal_can.o
    0x080015fc   0x080015fc   0x00000134   Code   RO         2123    i.HAL_CAN_Init      stm32f1xx_hal_can.o
    0x08001730   0x08001730   0x0000014c   Code   RO         1714    i.HAL_CAN_MspInit   stm32f1xx_hal_msp.o
    0x0800187c   0x0800187c   0x000001ce   Code   RO         2126    i.HAL_CAN_Receive   stm32f1xx_hal_can.o
    0x08001a4a   0x08001a4a   0x000000b8   Code   RO         2127    i.HAL_CAN_Receive_IT  stm32f1xx_hal_can.o
    0x08001b02   0x08001b02   0x00000002   Code   RO         2128    i.HAL_CAN_RxCpltCallback  stm32f1xx_hal_can.o
    0x08001b04   0x08001b04   0x000001b8   Code   RO         2130    i.HAL_CAN_Transmit  stm32f1xx_hal_can.o
    0x08001cbc   0x08001cbc   0x00000002   Code   RO         2132    i.HAL_CAN_TxCpltCallback  stm32f1xx_hal_can.o
    0x08001cbe   0x08001cbe   0x00000002   PAD
    0x08001cc0   0x08001cc0   0x00000248   Code   RO         4171    i.HAL_DMA_IRQHandler  stm32f1xx_hal_dma.o
    0x08001f08   0x08001f08   0x00000084   Code   RO         4172    i.HAL_DMA_Init      stm32f1xx_hal_dma.o
    0x08001f8c   0x08001f8c   0x00000024   Code   RO         3785    i.HAL_Delay         stm32f1xx_hal.o
    0x08001fb0   0x08001fb0   0x000001c8   Code   RO         4102    i.HAL_GPIO_Init     stm32f1xx_hal_gpio.o
    0x08002178   0x08002178   0x0000000a   Code   RO         4104    i.HAL_GPIO_ReadPin  stm32f1xx_hal_gpio.o
    0x08002182   0x08002182   0x00000008   Code   RO         4105    i.HAL_GPIO_TogglePin  stm32f1xx_hal_gpio.o
    0x0800218a   0x0800218a   0x0000000a   Code   RO         4106    i.HAL_GPIO_WritePin  stm32f1xx_hal_gpio.o
    0x08002194   0x08002194   0x0000000c   Code   RO         3789    i.HAL_GetTick       stm32f1xx_hal.o
    0x080021a0   0x080021a0   0x0000006c   Code   RO         3454    i.HAL_HalfDuplex_Init  stm32f1xx_hal_uart.o
    0x0800220c   0x0800220c   0x00000010   Code   RO         3793    i.HAL_IncTick       stm32f1xx_hal.o
    0x0800221c   0x0800221c   0x00000024   Code   RO         3794    i.HAL_Init          stm32f1xx_hal.o
    0x08002240   0x08002240   0x00000040   Code   RO         3795    i.HAL_InitTick      stm32f1xx_hal.o
    0x08002280   0x08002280   0x00000080   Code   RO         1715    i.HAL_MspInit       stm32f1xx_hal_msp.o
    0x08002300   0x08002300   0x00000016   Code   RO         4262    i.HAL_NVIC_EnableIRQ  stm32f1xx_hal_cortex.o
    0x08002316   0x08002316   0x00000002   PAD
    0x08002318   0x08002318   0x00000040   Code   RO         4268    i.HAL_NVIC_SetPriority  stm32f1xx_hal_cortex.o
    0x08002358   0x08002358   0x00000024   Code   RO         4269    i.HAL_NVIC_SetPriorityGrouping  stm32f1xx_hal_cortex.o
    0x0800237c   0x0800237c   0x0000018c   Code   RO         4045    i.HAL_RCCEx_PeriphCLKConfig  stm32f1xx_hal_rcc_ex.o
    0x08002508   0x08002508   0x0000014c   Code   RO         3938    i.HAL_RCC_ClockConfig  stm32f1xx_hal_rcc.o
    0x08002654   0x08002654   0x0000000c   Code   RO         3943    i.HAL_RCC_GetHCLKFreq  stm32f1xx_hal_rcc.o
    0x08002660   0x08002660   0x00000020   Code   RO         3945    i.HAL_RCC_GetPCLK1Freq  stm32f1xx_hal_rcc.o
    0x08002680   0x08002680   0x00000020   Code   RO         3946    i.HAL_RCC_GetPCLK2Freq  stm32f1xx_hal_rcc.o
    0x080026a0   0x080026a0   0x000000c4   Code   RO         3947    i.HAL_RCC_GetSysClockFreq  stm32f1xx_hal_rcc.o
    0x08002764   0x08002764   0x000003b8   Code   RO         3950    i.HAL_RCC_OscConfig  stm32f1xx_hal_rcc.o
    0x08002b1c   0x08002b1c   0x00000082   Code   RO         2564    i.HAL_SPI_Init      stm32f1xx_hal_spi_ex.o
    0x08002b9e   0x08002b9e   0x00000002   PAD
    0x08002ba0   0x08002ba0   0x00000090   Code   RO         1717    i.HAL_SPI_MspInit   stm32f1xx_hal_msp.o
    0x08002c30   0x08002c30   0x00000148   Code   RO         2255    i.HAL_SPI_Receive   stm32f1xx_hal_spi.o
    0x08002d78   0x08002d78   0x00000164   Code   RO         2260    i.HAL_SPI_Transmit  stm32f1xx_hal_spi.o
    0x08002edc   0x08002edc   0x000001ca   Code   RO         2261    i.HAL_SPI_TransmitReceive  stm32f1xx_hal_spi.o
    0x080030a6   0x080030a6   0x00000018   Code   RO         4271    i.HAL_SYSTICK_CLKSourceConfig  stm32f1xx_hal_cortex.o
    0x080030be   0x080030be   0x00000002   Code   RO         4272    i.HAL_SYSTICK_Callback  stm32f1xx_hal_cortex.o
    0x080030c0   0x080030c0   0x00000028   Code   RO         4273    i.HAL_SYSTICK_Config  stm32f1xx_hal_cortex.o
    0x080030e8   0x080030e8   0x00000008   Code   RO         4274    i.HAL_SYSTICK_IRQHandler  stm32f1xx_hal_cortex.o
    0x080030f0   0x080030f0   0x00000002   Code   RO         3219    i.HAL_TIMEx_BreakCallback  stm32f1xx_hal_tim_ex.o
    0x080030f2   0x080030f2   0x00000002   Code   RO         3220    i.HAL_TIMEx_CommutationCallback  stm32f1xx_hal_tim_ex.o
    0x080030f4   0x080030f4   0x0000005a   Code   RO         3221    i.HAL_TIMEx_ConfigBreakDeadTime  stm32f1xx_hal_tim_ex.o
    0x0800314e   0x0800314e   0x00000050   Code   RO         3236    i.HAL_TIMEx_MasterConfigSynchronization  stm32f1xx_hal_tim_ex.o
    0x0800319e   0x0800319e   0x00000036   Code   RO         2590    i.HAL_TIM_Base_Init  stm32f1xx_hal_tim.o
    0x080031d4   0x080031d4   0x00000114   Code   RO         1719    i.HAL_TIM_Base_MspInit  stm32f1xx_hal_msp.o
    0x080032e8   0x080032e8   0x000000f0   Code   RO         2599    i.HAL_TIM_ConfigClockSource  stm32f1xx_hal_tim.o
    0x080033d8   0x080033d8   0x00000018   Code   RO          508    i.HAL_TIM_IC_CaptureCallback  wheel_speed.o
    0x080033f0   0x080033f0   0x0000011a   Code   RO         2620    i.HAL_TIM_IC_ConfigChannel  stm32f1xx_hal_tim.o
    0x0800350a   0x0800350a   0x00000036   Code   RO         2623    i.HAL_TIM_IC_Init   stm32f1xx_hal_tim.o
    0x08003540   0x08003540   0x00000002   Code   RO         2625    i.HAL_TIM_IC_MspInit  stm32f1xx_hal_tim.o
    0x08003542   0x08003542   0x00000166   Code   RO         2632    i.HAL_TIM_IRQHandler  stm32f1xx_hal_tim.o
    0x080036a8   0x080036a8   0x0000005c   Code   RO         1720    i.HAL_TIM_MspPostInit  stm32f1xx_hal_msp.o
    0x08003704   0x08003704   0x00000002   Code   RO         2635    i.HAL_TIM_OC_DelayElapsedCallback  stm32f1xx_hal_tim.o
    0x08003706   0x08003706   0x000000d0   Code   RO         2656    i.HAL_TIM_PWM_ConfigChannel  stm32f1xx_hal_tim.o
    0x080037d6   0x080037d6   0x00000036   Code   RO         2659    i.HAL_TIM_PWM_Init  stm32f1xx_hal_tim.o
    0x0800380c   0x0800380c   0x00000002   Code   RO         2661    i.HAL_TIM_PWM_MspInit  stm32f1xx_hal_tim.o
    0x0800380e   0x0800380e   0x00000002   Code   RO         2662    i.HAL_TIM_PWM_PulseFinishedCallback  stm32f1xx_hal_tim.o
    0x08003810   0x08003810   0x00000030   Code   RO         2663    i.HAL_TIM_PWM_Start  stm32f1xx_hal_tim.o
    0x08003840   0x08003840   0x0000001c   Code   RO          509    i.HAL_TIM_PeriodElapsedCallback  wheel_speed.o
    0x0800385c   0x0800385c   0x00000002   Code   RO         2673    i.HAL_TIM_TriggerCallback  stm32f1xx_hal_tim.o
    0x0800385e   0x0800385e   0x00000062   Code   RO         3477    i.HAL_UART_Init     stm32f1xx_hal_uart.o
    0x080038c0   0x080038c0   0x00000080   Code   RO         1722    i.HAL_UART_MspInit  stm32f1xx_hal_msp.o
    0x08003940   0x08003940   0x00000002   Code   RO         1548    i.HardFault_Handler  stm32f1xx_it.o
    0x08003942   0x08003942   0x00000002   PAD
    0x08003944   0x08003944   0x00000010   Code   RO         1333    i.LTC_DRV_SPI_CSHigh  lvbattery.o
    0x08003954   0x08003954   0x00000010   Code   RO         1334    i.LTC_DRV_SPI_CSLow  lvbattery.o
    0x08003964   0x08003964   0x0000001c   Code   RO         1335    i.LTC_DRV_SPI_Read  lvbattery.o
    0x08003980   0x08003980   0x00000014   Code   RO         1336    i.LTC_DRV_SPI_Write  lvbattery.o
    0x08003994   0x08003994   0x00000004   Code   RO         1086    i.LTC_Init          ltc6804.o
    0x08003998   0x08003998   0x0000013c   Code   RO         1091    i.LTC_ReadCellVoltageGroups  ltc6804.o
    0x08003ad4   0x08003ad4   0x00000094   Code   RO         1093    i.LTC_ReadConfigGroup  ltc6804.o
    0x08003b68   0x08003b68   0x0000002c   Code   RO         1098    i.LTC_StartCellVoltageConversion  ltc6804.o
    0x08003b94   0x08003b94   0x0000001c   Code   RO         1107    i.LTC_WakeUp        ltc6804.o
    0x08003bb0   0x08003bb0   0x00000048   Code   RO         1337    i.LV_init           lvbattery.o
    0x08003bf8   0x08003bf8   0x00000080   Code   RO         1338    i.LV_process        lvbattery.o
    0x08003c78   0x08003c78   0x000000a6   Code   RO          611    i.MCF_decode_GeneralReport_s  can_ecub.o
    0x08003d1e   0x08003d1e   0x00000028   Code   RO          613    i.MCF_decode_ThermalMeasuresA_s  can_ecub.o
    0x08003d46   0x08003d46   0x00000028   Code   RO          615    i.MCF_decode_ThermalMeasuresB_s  can_ecub.o
    0x08003d6e   0x08003d6e   0x00000002   PAD
    0x08003d70   0x08003d70   0x00000028   Code   RO          616    i.MCF_get_GeneralReport  can_ecub.o
    0x08003d98   0x08003d98   0x00000030   Code   RO          617    i.MCF_get_ThermalMeasuresA  can_ecub.o
    0x08003dc8   0x08003dc8   0x00000030   Code   RO          618    i.MCF_get_ThermalMeasuresB  can_ecub.o
    0x08003df8   0x08003df8   0x000000a6   Code   RO          623    i.MCR_decode_GeneralReport_s  can_ecub.o
    0x08003e9e   0x08003e9e   0x00000028   Code   RO          625    i.MCR_decode_ThermalMeasuresA_s  can_ecub.o
    0x08003ec6   0x08003ec6   0x00000028   Code   RO          627    i.MCR_decode_ThermalMeasuresB_s  can_ecub.o
    0x08003eee   0x08003eee   0x00000002   PAD
    0x08003ef0   0x08003ef0   0x00000028   Code   RO          628    i.MCR_get_GeneralReport  can_ecub.o
    0x08003f18   0x08003f18   0x00000030   Code   RO          629    i.MCR_get_ThermalMeasuresA  can_ecub.o
    0x08003f48   0x08003f48   0x00000030   Code   RO          630    i.MCR_get_ThermalMeasuresB  can_ecub.o
    0x08003f78   0x08003f78   0x000000d0   Code   RO         1441    i.MX_ADC1_Init      main.o
    0x08004048   0x08004048   0x0000003c   Code   RO         1442    i.MX_CAN1_Init      main.o
    0x08004084   0x08004084   0x0000003c   Code   RO         1443    i.MX_CAN2_Init      main.o
    0x080040c0   0x080040c0   0x00000148   Code   RO         1444    i.MX_GPIO_Init      main.o
    0x08004208   0x08004208   0x00000040   Code   RO         1445    i.MX_SPI1_Init      main.o
    0x08004248   0x08004248   0x00000044   Code   RO         1446    i.MX_SPI2_Init      main.o
    0x0800428c   0x0800428c   0x000000c0   Code   RO         1447    i.MX_TIM1_Init      main.o
    0x0800434c   0x0800434c   0x00000088   Code   RO         1448    i.MX_TIM2_Init      main.o
    0x080043d4   0x080043d4   0x00000078   Code   RO         1449    i.MX_TIM3_Init      main.o
    0x0800444c   0x0800444c   0x00000078   Code   RO         1450    i.MX_TIM5_Init      main.o
    0x080044c4   0x080044c4   0x00000002   Code   RO         1549    i.MemManage_Handler  stm32f1xx_it.o
    0x080044c6   0x080044c6   0x00000002   Code   RO         1550    i.NMI_Handler       stm32f1xx_it.o
    0x080044c8   0x080044c8   0x00000020   Code   RO         4275    i.NVIC_SetPriority  stm32f1xx_hal_cortex.o
    0x080044e8   0x080044e8   0x00000002   Code   RO         1551    i.PendSV_Handler    stm32f1xx_it.o
    0x080044ea   0x080044ea   0x00000020   Code   RO         2276    i.SPI_CheckFlag_BSY  stm32f1xx_hal_spi.o
    0x0800450a   0x0800450a   0x00000096   Code   RO         2295    i.SPI_WaitFlagStateUntilTimeout  stm32f1xx_hal_spi.o
    0x080045a0   0x080045a0   0x00000002   Code   RO         1552    i.SVC_Handler       stm32f1xx_it.o
    0x080045a2   0x080045a2   0x00000002   PAD
    0x080045a4   0x080045a4   0x00000048   Code   RO          216    i.SendCANMessage    can_callback.o
    0x080045ec   0x080045ec   0x0000000e   Code   RO         1553    i.SysTick_Handler   stm32f1xx_it.o
    0x080045fa   0x080045fa   0x00000002   PAD
    0x080045fc   0x080045fc   0x00000084   Code   RO         1451    i.SystemClock_Config  main.o
    0x08004680   0x08004680   0x00000054   Code   RO         4691    i.SystemInit        system_stm32f1xx.o
    0x080046d4   0x080046d4   0x0000000c   Code   RO         1554    i.TIM1_BRK_IRQHandler  stm32f1xx_it.o
    0x080046e0   0x080046e0   0x0000000c   Code   RO         1555    i.TIM1_CC_IRQHandler  stm32f1xx_it.o
    0x080046ec   0x080046ec   0x0000000c   Code   RO         1556    i.TIM1_TRG_COM_IRQHandler  stm32f1xx_it.o
    0x080046f8   0x080046f8   0x0000000c   Code   RO         1557    i.TIM1_UP_IRQHandler  stm32f1xx_it.o
    0x08004704   0x08004704   0x0000000c   Code   RO         1558    i.TIM3_IRQHandler   stm32f1xx_it.o
    0x08004710   0x08004710   0x0000000c   Code   RO         1559    i.TIM5_IRQHandler   stm32f1xx_it.o
    0x0800471c   0x0800471c   0x00000078   Code   RO         2674    i.TIM_Base_SetConfig  stm32f1xx_hal_tim.o
    0x08004794   0x08004794   0x00000016   Code   RO         2675    i.TIM_CCxChannelCmd  stm32f1xx_hal_tim.o
    0x080047aa   0x080047aa   0x00000014   Code   RO         2681    i.TIM_ETR_SetConfig  stm32f1xx_hal_tim.o
    0x080047be   0x080047be   0x00000010   Code   RO         2682    i.TIM_ITRx_SetConfig  stm32f1xx_hal_tim.o
    0x080047ce   0x080047ce   0x00000002   PAD
    0x080047d0   0x080047d0   0x00000058   Code   RO         2683    i.TIM_OC1_SetConfig  stm32f1xx_hal_tim.o
    0x08004828   0x08004828   0x0000005c   Code   RO         2684    i.TIM_OC2_SetConfig  stm32f1xx_hal_tim.o
    0x08004884   0x08004884   0x00000058   Code   RO         2685    i.TIM_OC3_SetConfig  stm32f1xx_hal_tim.o
    0x080048dc   0x080048dc   0x00000044   Code   RO         2686    i.TIM_OC4_SetConfig  stm32f1xx_hal_tim.o
    0x08004920   0x08004920   0x00000022   Code   RO         2688    i.TIM_TI1_ConfigInputStage  stm32f1xx_hal_tim.o
    0x08004942   0x08004942   0x00000002   PAD
    0x08004944   0x08004944   0x00000064   Code   RO         2689    i.TIM_TI1_SetConfig  stm32f1xx_hal_tim.o
    0x080049a8   0x080049a8   0x00000024   Code   RO         2690    i.TIM_TI2_ConfigInputStage  stm32f1xx_hal_tim.o
    0x080049cc   0x080049cc   0x00000036   Code   RO         2691    i.TIM_TI2_SetConfig  stm32f1xx_hal_tim.o
    0x08004a02   0x08004a02   0x00000002   PAD
    0x08004a04   0x08004a04   0x00000170   Code   RO         3503    i.UART_SetConfig    stm32f1xx_hal_uart.o
    0x08004b74   0x08004b74   0x00000002   Code   RO         1560    i.UsageFault_Handler  stm32f1xx_it.o
    0x08004b76   0x08004b76   0x0000006a   Code   RO          633    i.VDCU_decode_Status_s  can_ecub.o
    0x08004be0   0x08004be0   0x0000003c   Code   RO          634    i.VDCU_get_Status   can_ecub.o
    0x08004c1c   0x08004c1c   0x00000002   Code   RO         1452    i._Error_Handler    main.o
    0x08004c1e   0x08004c1e   0x0000000e   Code   RO         4769    i.__scatterload_copy  mc_w.l(handlers.o)
    0x08004c2c   0x08004c2c   0x00000002   Code   RO         4770    i.__scatterload_null  mc_w.l(handlers.o)
    0x08004c2e   0x08004c2e   0x0000000e   Code   RO         4771    i.__scatterload_zeroinit  mc_w.l(handlers.o)
    0x08004c3c   0x08004c3c   0x000000cc   Code   RO          463    i.aux_set           periphery_set.o
    0x08004d08   0x08004d08   0x0000008c   Code   RO          308    i.blink_SDB         carstate.o
    0x08004d94   0x08004d94   0x00000044   Code   RO          309    i.blink_led         carstate.o
    0x08004dd8   0x08004dd8   0x00000084   Code   RO         1399    i.brake_sens_init   brake_sensors.o
    0x08004e5c   0x08004e5c   0x00000114   Code   RO         1400    i.brake_sens_process  brake_sensors.o
    0x08004f70   0x08004f70   0x00000028   Code   RO          186    i.brake_set         brakelight.o
    0x08004f98   0x08004f98   0x00000030   Code   RO          187    i.brakelightprocess  brakelight.o
    0x08004fc8   0x08004fc8   0x0000000e   Code   RO          982    i.canInitMsgStatus  tx2_can.o
    0x08004fd6   0x08004fd6   0x00000016   Code   RO          983    i.canUpdateMsgStatusOnReceive  tx2_can.o
    0x08004fec   0x08004fec   0x00000210   Code   RO          635    i.candbHandleMessage  can_ecub.o
    0x080051fc   0x080051fc   0x00000094   Code   RO          636    i.candbInit         can_ecub.o
    0x08005290   0x08005290   0x00000014   Code   RO          310    i.carstate_init     carstate.o
    0x080052a4   0x080052a4   0x00000288   Code   RO          311    i.carstate_process  carstate.o
    0x0800552c   0x0800552c   0x00000084   Code   RO          312    i.change_to_NOT_READY  carstate.o
    0x080055b0   0x080055b0   0x00000070   Code   RO          313    i.check_mess        carstate.o
    0x08005620   0x08005620   0x00000070   Code   RO         1401    i.config_spi        brake_sensors.o
    0x08005690   0x08005690   0x00000074   Code   RO         1339    i.config_spi_LV     lvbattery.o
    0x08005704   0x08005704   0x00000088   Code   RO           14    i.cooling_poccess   adc.o
    0x0800578c   0x0800578c   0x0000003c   Code   RO          406    i.fan_pwm_process   cooling_circuit.o
    0x080057c8   0x080057c8   0x00000008   Code   RO          314    i.get_can_state     carstate.o
    0x080057d0   0x080057d0   0x00000008   Code   RO          315    i.get_state         carstate.o
    0x080057d8   0x080057d8   0x00000034   Code   RO         1110    i.init_PEC15_Table  ltc6804.o
    0x0800580c   0x0800580c   0x00000218   Code   RO         1453    i.main              main.o
    0x08005a24   0x08005a24   0x0000011c   Code   RO          316    i.measure_SDC       carstate.o
    0x08005b40   0x08005b40   0x000000e4   Code   RO          317    i.paritycheck       carstate.o
    0x08005c24   0x08005c24   0x00000030   Code   RO         1111    i.pec15             ltc6804.o
    0x08005c54   0x08005c54   0x00000020   Code   RO         1112    i.pec_is_ok         ltc6804.o
    0x08005c74   0x08005c74   0x0000004c   Code   RO          318    i.play_RTDS         carstate.o
    0x08005cc0   0x08005cc0   0x00000040   Code   RO          407    i.pump_pwm_process  cooling_circuit.o
    0x08005d00   0x08005d00   0x00000084   Code   RO          408    i.pwm_check         cooling_circuit.o
    0x08005d84   0x08005d84   0x00000020   Code   RO         1113    i.receive_packet    ltc6804.o
    0x08005da4   0x08005da4   0x00000022   Code   RO         1037    i.ringbufCanWrite   tx2_ringbuf.o
    0x08005dc6   0x08005dc6   0x0000002a   Code   RO         1038    i.ringbufTryRead    tx2_ringbuf.o
    0x08005df0   0x08005df0   0x0000001e   Code   RO         1040    i.ringbufWriteUnchecked  tx2_ringbuf.o
    0x08005e0e   0x08005e0e   0x00000002   PAD
    0x08005e10   0x08005e10   0x000000a4   Code   RO          465    i.set_SDB_led       periphery_set.o
    0x08005eb4   0x08005eb4   0x00000058   Code   RO          409    i.start_PWM         cooling_circuit.o
    0x08005f0c   0x08005f0c   0x00000020   Code   RO         1114    i.store_command_with_pec  ltc6804.o
    0x08005f2c   0x08005f2c   0x00000020   Code   RO         1116    i.transmit_packet   ltc6804.o
    0x08005f4c   0x08005f4c   0x00000004   Code   RO          217    i.txGetTimeMillis   can_callback.o
    0x08005f50   0x08005f50   0x00000004   Code   RO          218    i.txHandleCANMessage  can_callback.o
    0x08005f54   0x08005f54   0x00000024   Code   RO          984    i.txInit            tx2_can.o
    0x08005f78   0x08005f78   0x00000084   Code   RO          985    i.txProcess         tx2_can.o
    0x08005ffc   0x08005ffc   0x0000005c   Code   RO          986    i.txReceiveCANMessage  tx2_can.o
    0x08006058   0x08006058   0x0000001c   Code   RO          219    i.txSendCANMessage  can_callback.o
    0x08006074   0x08006074   0x00000154   Code   RO          466    i.units_set         periphery_set.o
    0x080061c8   0x080061c8   0x00000010   Data   RO         4692    .constdata          system_stm32f1xx.o
    0x080061d8   0x080061d8   0x00000008   Data   RO         4693    .constdata          system_stm32f1xx.o
    0x080061e0   0x080061e0   0x00000020   Data   RO         4767    Region$$Table       anon$$obj.o


    Execution Region RW_IRAM1 (Exec base: 0x20000000, Load base: 0x08006200, Size: 0x00000eb8, Max: 0x00010000, ABSOLUTE, COMPRESSED[0x0000000c])

    Exec Addr    Load Addr    Size         Type   Attr      Idx    E Section Name        Object

    0x20000000   COMPRESSED   0x00000020   Data   RW           18    .data               adc.o
    0x20000020   COMPRESSED   0x00000031   Data   RW          321    .data               carstate.o
    0x20000051   COMPRESSED   0x00000007   PAD
    0x20000058   COMPRESSED   0x00000048   Data   RW          412    .data               cooling_circuit.o
    0x200000a0   COMPRESSED   0x0000000c   Data   RW          467    .data               periphery_set.o
    0x200000ac   COMPRESSED   0x00000045   Data   RW          638    .data               can_ecub.o
    0x200000f1   COMPRESSED   0x00000003   PAD
    0x200000f4   COMPRESSED   0x00000008   Data   RW          988    .data               tx2_can.o
    0x200000fc   COMPRESSED   0x0000000a   Data   RW         1118    .data               ltc6804.o
    0x20000106   COMPRESSED   0x00000001   Data   RW         1341    .data               lvbattery.o
    0x20000107   COMPRESSED   0x00000001   PAD
    0x20000108   COMPRESSED   0x0000001c   Data   RW         1402    .data               brake_sensors.o
    0x20000124   COMPRESSED   0x00000006   Data   RW         1456    .data               main.o
    0x2000012a   COMPRESSED   0x00000002   PAD
    0x2000012c   COMPRESSED   0x00000004   Data   RW         1723    .data               stm32f1xx_hal_msp.o
    0x20000130   COMPRESSED   0x0000000c   Data   RW         3801    .data               stm32f1xx_hal.o
    0x2000013c   COMPRESSED   0x00000004   Data   RW         4694    .data               system_stm32f1xx.o
    0x20000140        -       0x0000001c   Zero   RW          220    .bss                can_callback.o
    0x2000015c        -       0x00000067   Zero   RW          320    .bss                carstate.o
    0x200001c3        -       0x00000015   Zero   RW          411    .bss                cooling_circuit.o
    0x200001d8        -       0x0000011c   Zero   RW          637    .bss                can_ecub.o
    0x200002f4        -       0x00000210   Zero   RW          987    .bss                tx2_can.o
    0x20000504        -       0x0000020c   Zero   RW         1117    .bss                ltc6804.o
    0x20000710        -       0x00000030   Zero   RW         1340    .bss                lvbattery.o
    0x20000740        -       0x00000330   Zero   RW         1454    .bss                main.o
    0x20000a70        -       0x00000044   Zero   RW         1455    .bss                main.o
    0x20000ab4   COMPRESSED   0x00000004   PAD
    0x20000ab8        -       0x00000400   Zero   RW            1    STACK               startup_stm32f105xc.o


==============================================================================

Image component sizes


      Code (inc. data)   RO Data    RW Data    ZI Data      Debug   Object Name

       136          4          0         32          0     652602   adc.o
       520         46          0         28          0       2656   brake_sensors.o
        88          6          0          0          0       1336   brakelight.o
       108         14          0          0         28       4540   can_callback.o
      3596        168          0         69        284      25868   can_ecub.o
       274          0          0          0          0       1185   can_eforce_init.o
      1724        126          0         49        103       8064   carstate.o
       824         48          0         72         21       5111   cooling_circuit.o
       774         46          0         10        524      14204   ltc6804.o
       396         72          0          1         48       4104   lvbattery.o
      2026        154          0          6        884       9974   main.o
       708         36          0         12          0       3004   periphery_set.o
        36          8        336          0       1024        788   startup_stm32f105xc.o
       164         28          0         12          0       3749   stm32f1xx_hal.o
       610         26          0          0          0       3292   stm32f1xx_hal_adc.o
      2494         28          0          0          0       9655   stm32f1xx_hal_can.o
       228         14          0          0          0      27241   stm32f1xx_hal_cortex.o
       716         44          0          0          0       2032   stm32f1xx_hal_dma.o
       484         34          0          0          0       4004   stm32f1xx_hal_gpio.o
      1288        184          0          4          0       5596   stm32f1xx_hal_msp.o
      1556        114          0          0          0       5980   stm32f1xx_hal_rcc.o
       396         16          0          0          0       1632   stm32f1xx_hal_rcc_ex.o
      1324          0          0          0          0       5955   stm32f1xx_hal_spi.o
       130          0          0          0          0       1039   stm32f1xx_hal_spi_ex.o
      2046         60          0          0          0      18641   stm32f1xx_hal_tim.o
       174          0          0          0          0       3106   stm32f1xx_hal_tim_ex.o
       574          4          0          0          0       2546   stm32f1xx_hal_uart.o
       330         88          0          0          0      11891   stm32f1xx_it.o
        84         16         24          4          0       1131   system_stm32f1xx.o
       296         24          0          8        528       4708   tx2_can.o
       106          0          0          0          0       2875   tx2_ringbuf.o
        52         16          0          0          0       1345   wheel_speed.o

    ----------------------------------------------------------------------
     24292       1424        392        320       3448     849854   Object Totals
         0          0         32          0          0          0   (incl. Generated)
        30          0          0         13          4          0   (incl. Padding)

    ----------------------------------------------------------------------

      Code (inc. data)   RO Data    RW Data    ZI Data      Debug   Library Member Name

        58          0          0          0          0          0   __dczerorl.o
         0          0          0          0          0          0   entry.o
         0          0          0          0          0          0   entry10a.o
         0          0          0          0          0          0   entry11a.o
         8          4          0          0          0          0   entry2.o
         4          0          0          0          0          0   entry5.o
         0          0          0          0          0          0   entry7b.o
         0          0          0          0          0          0   entry8b.o
         8          4          0          0          0          0   entry9a.o
        30          0          0          0          0          0   handlers.o
        36          8          0          0          0         68   init.o
        30          0          0          0          0         68   llshl.o
        32          0          0          0          0         68   llushr.o
        26          0          0          0          0         80   memcmp.o
        36          0          0          0          0         68   memcpya.o
        36          0          0          0          0        108   memseta.o
        98          0          0          0          0         92   uldiv.o

    ----------------------------------------------------------------------
       404         16          0          0          0        552   Library Totals
         2          0          0          0          0          0   (incl. Padding)

    ----------------------------------------------------------------------

      Code (inc. data)   RO Data    RW Data    ZI Data      Debug   Library Name

       402         16          0          0          0        552   mc_w.l

    ----------------------------------------------------------------------
       404         16          0          0          0        552   Library Totals

    ----------------------------------------------------------------------

==============================================================================


      Code (inc. data)   RO Data    RW Data    ZI Data      Debug   

     24696       1440        392        320       3448     839250   Grand Totals
     24696       1440        392         12       3448     839250   ELF Image Totals (compressed)
     24696       1440        392         12          0          0   ROM Totals

==============================================================================

    Total RO  Size (Code + RO Data)                25088 (  24.50kB)
    Total RW  Size (RW Data + ZI Data)              3768 (   3.68kB)
    Total ROM Size (Code + RO Data + RW Data)      25100 (  24.51kB)

==============================================================================

