<html>
<body>
<pre>
<h1>µVision Build Log</h1>
<h2>Tool Versions:</h2>
IDE-Version: µVision V5.24.2.0
Copyright (C) 2017 ARM Ltd and ARM Germany GmbH. All rights reserved.
License Information: JJJ BBB, BBB, LIC=----
 
Tool Versions:
Toolchain:       MDK-Lite  Version: 5.24.1
Toolchain Path:  C:\Keil_v5\ARM\ARMCC\Bin
C Compiler:      Armcc.exe V5.06 update 5 (build 528)
Assembler:       Armasm.exe V5.06 update 5 (build 528)
Linker/Locator:  ArmLink.exe V5.06 update 5 (build 528)
Library Manager: ArmAr.exe V5.06 update 5 (build 528)
Hex Converter:   FromElf.exe V5.06 update 5 (build 528)
CPU DLL:         SARMCM3.DLL V5.24.1
Dialog DLL:      DCM.DLL V1.16.0.0
Target DLL:      STLink\ST-LINKIII-KEIL_SWO.dll V3.0.1.0
Dialog DLL:      TCM.DLL V1.32.0.0
 
<h2>Project:</h2>
C:\Users\janbe\Desktop\fse07-ecub-full\MDK-ARM\ECUB_V0.2.uvprojx
Project File Date:  06/14/2018

<h2>Output:</h2>
*** Using Compiler 'V5.06 update 5 (build 528)', folder: 'C:\Keil_v5\ARM\ARMCC\Bin'
Rebuild target 'ECUB_V0.2'
assembling startup_stm32f105xc.s...
compiling can_eforce_init.c...
compiling ADC.c...
compiling stm32f1xx_it.c...
compiling can_callback.c...
compiling BrakeLight.c...
compiling stm32f1xx_hal_msp.c...
compiling main.c...
compiling tx2_can.c...
compiling tx2_ringbuf.c...
compiling can_ECUB.c...
compiling Wheel_speed.c...
compiling carstate.c...
..\Src\carstate.c(16): warning:  #177-D: variable "ECUB_Power"  was declared but never referenced
  static ECUB_Power_dist_t		ECUB_Power; // can message
..\Src\carstate.c(19): warning:  #177-D: variable "batt_code"  was declared but never referenced
  static enum ECUB_Batt_code					batt_code; //state battery (charging)
..\Src\carstate.c: 2 warnings, 0 errors
compiling stm32f1xx_hal_gpio.c...
compiling stm32f1xx_hal_rcc_ex.c...
compiling cooling_circuit.c...
..\Src\cooling_circuit.c(186): warning:  #68-D: integer conversion resulted in a change of sign
  		new_pwm_value = (max_engine_temperature-
EMP_LIMIT) *100/(
OTORS_COOL-
EMP_LIMIT);
..\Src\cooling_circuit.c: 1 warning, 0 errors
compiling periphery_set.c...
compiling stm32f1xx_hal_can.c...
compiling stm32f1xx_hal_spi_ex.c...
compiling stm32f1xx_hal_flash.c...
compiling stm32f1xx_hal.c...
compiling stm32f1xx_hal_tim_ex.c...
compiling stm32f1xx_hal_adc_ex.c...
compiling stm32f1xx_hal_pwr.c...
compiling stm32f1xx_hal_rcc.c...
compiling stm32f1xx_hal_flash_ex.c...
compiling stm32f1xx_hal_gpio_ex.c...
compiling stm32f1xx_hal_uart.c...
compiling stm32f1xx_hal_adc.c...
compiling stm32f1xx_hal_spi.c...
compiling stm32f1xx_hal_dma.c...
compiling stm32f1xx_hal_tim.c...
compiling stm32f1xx_hal_cortex.c...
compiling system_stm32f1xx.c...
linking...
Program Size: Code=18988 RO-data=392 RW-data=256 ZI-data=2920  
"ECUB_V0.2\ECUB_V0.2" - 0 Error(s), 3 Warning(s).

<h2>Software Packages used:</h2>

Package Vendor: ARM
                http://www.keil.com/pack/ARM.CMSIS.5.0.1.pack
                ARM.CMSIS.5.0.1
                CMSIS (Cortex Microcontroller Software Interface Standard)
   * Component: CORE Version: 5.0.1

Package Vendor: Keil
                http://www.keil.com/pack/Keil.STM32F1xx_DFP.2.2.0.pack
                Keil.STM32F1xx_DFP.2.2.0
                STMicroelectronics STM32F1 Series Device Support, Drivers and Examples

<h2>Collection of Component include folders:</h2>
  .\RTE\_ECUB_V0.2
  C:\Keil_v5\ARM\PACK\ARM\CMSIS\5.0.1\CMSIS\Include
  C:\Keil_v5\ARM\PACK\Keil\STM32F1xx_DFP\2.2.0\Device\Include

<h2>Collection of Component Files used:</h2>

   * Component: ARM::CMSIS:CORE:5.0.1
Build Time Elapsed:  00:00:39
</pre>
</body>
</html>
