Component: ARM Compiler 5.06 update 5 (build 528) Tool: armlink [4d35e2]

==============================================================================

Section Cross References

    startup_stm32f105xc.o(RESET) refers to startup_stm32f105xc.o(STACK) for __initial_sp
    startup_stm32f105xc.o(RESET) refers to startup_stm32f105xc.o(.text) for Reset_Handler
    startup_stm32f105xc.o(RESET) refers to stm32f1xx_it.o(i.NMI_Handler) for NMI_Handler
    startup_stm32f105xc.o(RESET) refers to stm32f1xx_it.o(i.HardFault_Handler) for HardFault_Handler
    startup_stm32f105xc.o(RESET) refers to stm32f1xx_it.o(i.MemManage_Handler) for MemManage_Handler
    startup_stm32f105xc.o(RESET) refers to stm32f1xx_it.o(i.BusFault_Handler) for BusFault_Handler
    startup_stm32f105xc.o(RESET) refers to stm32f1xx_it.o(i.UsageFault_Handler) for UsageFault_Handler
    startup_stm32f105xc.o(RESET) refers to stm32f1xx_it.o(i.SVC_Handler) for SVC_Handler
    startup_stm32f105xc.o(RESET) refers to stm32f1xx_it.o(i.DebugMon_Handler) for DebugMon_Handler
    startup_stm32f105xc.o(RESET) refers to stm32f1xx_it.o(i.PendSV_Handler) for PendSV_Handler
    startup_stm32f105xc.o(RESET) refers to stm32f1xx_it.o(i.SysTick_Handler) for SysTick_Handler
    startup_stm32f105xc.o(RESET) refers to stm32f1xx_it.o(i.DMA1_Channel1_IRQHandler) for DMA1_Channel1_IRQHandler
    startup_stm32f105xc.o(RESET) refers to stm32f1xx_it.o(i.DMA1_Channel3_IRQHandler) for DMA1_Channel3_IRQHandler
    startup_stm32f105xc.o(RESET) refers to stm32f1xx_it.o(i.DMA2_Channel2_IRQHandler) for DMA2_Channel2_IRQHandler
    startup_stm32f105xc.o(.text) refers to system_stm32f1xx.o(i.SystemInit) for SystemInit
    startup_stm32f105xc.o(.text) refers to entry.o(.ARM.Collect$$$$00000000) for __main
    main.o(i.HAL_CAN_RxCpltCallback) refers to stm32f1xx_hal_gpio.o(i.HAL_GPIO_TogglePin) for HAL_GPIO_TogglePin
    main.o(i.HAL_CAN_RxCpltCallback) refers to tx2_can.o(i.txReceiveCANMessage) for txReceiveCANMessage
    main.o(i.HAL_CAN_RxCpltCallback) refers to stm32f1xx_hal_can.o(i.HAL_CAN_Receive_IT) for HAL_CAN_Receive_IT
    main.o(i.HAL_CAN_RxCpltCallback) refers to main.o(.bss) for .bss
    main.o(i.MX_ADC1_Init) refers to stm32f1xx_hal_adc.o(i.HAL_ADC_Init) for HAL_ADC_Init
    main.o(i.MX_ADC1_Init) refers to stm32f1xx_hal_adc.o(i.HAL_ADC_ConfigChannel) for HAL_ADC_ConfigChannel
    main.o(i.MX_ADC1_Init) refers to main.o(.bss) for .bss
    main.o(i.MX_CAN1_Init) refers to stm32f1xx_hal_can.o(i.HAL_CAN_Init) for HAL_CAN_Init
    main.o(i.MX_CAN1_Init) refers to main.o(.bss) for .bss
    main.o(i.MX_CAN2_Init) refers to stm32f1xx_hal_can.o(i.HAL_CAN_Init) for HAL_CAN_Init
    main.o(i.MX_CAN2_Init) refers to main.o(.bss) for .bss
    main.o(i.MX_DMA_Init) refers to stm32f1xx_hal_cortex.o(i.HAL_NVIC_SetPriority) for HAL_NVIC_SetPriority
    main.o(i.MX_DMA_Init) refers to stm32f1xx_hal_cortex.o(i.HAL_NVIC_EnableIRQ) for HAL_NVIC_EnableIRQ
    main.o(i.MX_GPIO_Init) refers to stm32f1xx_hal_gpio.o(i.HAL_GPIO_WritePin) for HAL_GPIO_WritePin
    main.o(i.MX_GPIO_Init) refers to stm32f1xx_hal_gpio.o(i.HAL_GPIO_Init) for HAL_GPIO_Init
    main.o(i.MX_SPI1_Init) refers to stm32f1xx_hal_spi_ex.o(i.HAL_SPI_Init) for HAL_SPI_Init
    main.o(i.MX_SPI1_Init) refers to main.o(.bss) for .bss
    main.o(i.MX_SPI2_Init) refers to stm32f1xx_hal_spi_ex.o(i.HAL_SPI_Init) for HAL_SPI_Init
    main.o(i.MX_SPI2_Init) refers to main.o(.bss) for .bss
    main.o(i.MX_TIM1_Init) refers to stm32f1xx_hal_tim.o(i.HAL_TIM_Base_Init) for HAL_TIM_Base_Init
    main.o(i.MX_TIM1_Init) refers to stm32f1xx_hal_tim.o(i.HAL_TIM_ConfigClockSource) for HAL_TIM_ConfigClockSource
    main.o(i.MX_TIM1_Init) refers to stm32f1xx_hal_tim.o(i.HAL_TIM_PWM_Init) for HAL_TIM_PWM_Init
    main.o(i.MX_TIM1_Init) refers to stm32f1xx_hal_tim_ex.o(i.HAL_TIMEx_MasterConfigSynchronization) for HAL_TIMEx_MasterConfigSynchronization
    main.o(i.MX_TIM1_Init) refers to stm32f1xx_hal_tim.o(i.HAL_TIM_PWM_ConfigChannel) for HAL_TIM_PWM_ConfigChannel
    main.o(i.MX_TIM1_Init) refers to stm32f1xx_hal_tim_ex.o(i.HAL_TIMEx_ConfigBreakDeadTime) for HAL_TIMEx_ConfigBreakDeadTime
    main.o(i.MX_TIM1_Init) refers to stm32f1xx_hal_msp.o(i.HAL_TIM_MspPostInit) for HAL_TIM_MspPostInit
    main.o(i.MX_TIM1_Init) refers to main.o(.bss) for .bss
    main.o(i.MX_TIM2_Init) refers to stm32f1xx_hal_tim.o(i.HAL_TIM_Base_Init) for HAL_TIM_Base_Init
    main.o(i.MX_TIM2_Init) refers to stm32f1xx_hal_tim.o(i.HAL_TIM_ConfigClockSource) for HAL_TIM_ConfigClockSource
    main.o(i.MX_TIM2_Init) refers to stm32f1xx_hal_tim.o(i.HAL_TIM_PWM_Init) for HAL_TIM_PWM_Init
    main.o(i.MX_TIM2_Init) refers to stm32f1xx_hal_tim_ex.o(i.HAL_TIMEx_MasterConfigSynchronization) for HAL_TIMEx_MasterConfigSynchronization
    main.o(i.MX_TIM2_Init) refers to stm32f1xx_hal_tim.o(i.HAL_TIM_PWM_ConfigChannel) for HAL_TIM_PWM_ConfigChannel
    main.o(i.MX_TIM2_Init) refers to stm32f1xx_hal_msp.o(i.HAL_TIM_MspPostInit) for HAL_TIM_MspPostInit
[...]
    ..\Drivers\STM32F1xx_HAL_Driver\Src\stm32f1xx_hal_adc_ex.c 0x00000000   Number         0  stm32f1xx_hal_adc_ex.o ABSOLUTE
    ..\Drivers\STM32F1xx_HAL_Driver\Src\stm32f1xx_hal_can.c 0x00000000   Number         0  stm32f1xx_hal_can.o ABSOLUTE
    ..\Drivers\STM32F1xx_HAL_Driver\Src\stm32f1xx_hal_cortex.c 0x00000000   Number         0  stm32f1xx_hal_cortex.o ABSOLUTE
    ..\Drivers\STM32F1xx_HAL_Driver\Src\stm32f1xx_hal_dma.c 0x00000000   Number         0  stm32f1xx_hal_dma.o ABSOLUTE
    ..\Drivers\STM32F1xx_HAL_Driver\Src\stm32f1xx_hal_flash.c 0x00000000   Number         0  stm32f1xx_hal_flash.o ABSOLUTE
    ..\Drivers\STM32F1xx_HAL_Driver\Src\stm32f1xx_hal_flash_ex.c 0x00000000   Number         0  stm32f1xx_hal_flash_ex.o ABSOLUTE
    ..\Drivers\STM32F1xx_HAL_Driver\Src\stm32f1xx_hal_gpio.c 0x00000000   Number         0  stm32f1xx_hal_gpio.o ABSOLUTE
    ..\Drivers\STM32F1xx_HAL_Driver\Src\stm32f1xx_hal_gpio_ex.c 0x00000000   Number         0  stm32f1xx_hal_gpio_ex.o ABSOLUTE
    ..\Drivers\STM32F1xx_HAL_Driver\Src\stm32f1xx_hal_pwr.c 0x00000000   Number         0  stm32f1xx_hal_pwr.o ABSOLUTE
    ..\Drivers\STM32F1xx_HAL_Driver\Src\stm32f1xx_hal_rcc.c 0x00000000   Number         0  stm32f1xx_hal_rcc.o ABSOLUTE
    ..\Drivers\STM32F1xx_HAL_Driver\Src\stm32f1xx_hal_rcc_ex.c 0x00000000   Number         0  stm32f1xx_hal_rcc_ex.o ABSOLUTE
    ..\Drivers\STM32F1xx_HAL_Driver\Src\stm32f1xx_hal_spi.c 0x00000000   Number         0  stm32f1xx_hal_spi.o ABSOLUTE
    ..\Drivers\STM32F1xx_HAL_Driver\Src\stm32f1xx_hal_spi_ex.c 0x00000000   Number         0  stm32f1xx_hal_spi_ex.o ABSOLUTE
    ..\Drivers\STM32F1xx_HAL_Driver\Src\stm32f1xx_hal_tim.c 0x00000000   Number         0  stm32f1xx_hal_tim.o ABSOLUTE
    ..\Drivers\STM32F1xx_HAL_Driver\Src\stm32f1xx_hal_tim_ex.c 0x00000000   Number         0  stm32f1xx_hal_tim_ex.o ABSOLUTE
    ..\Drivers\STM32F1xx_HAL_Driver\Src\stm32f1xx_hal_uart.c 0x00000000   Number         0  stm32f1xx_hal_uart.o ABSOLUTE
    ..\Src\ADC.c                             0x00000000   Number         0  adc.o ABSOLUTE
    ..\Src\BrakeLight.c                      0x00000000   Number         0  brakelight.o ABSOLUTE
    ..\Src\Wheel_speed.c                     0x00000000   Number         0  wheel_speed.o ABSOLUTE
    ..\Src\can_callback.c                    0x00000000   Number         0  can_callback.o ABSOLUTE
    ..\Src\can_eforce_init.c                 0x00000000   Number         0  can_eforce_init.o ABSOLUTE
    ..\Src\carstate.c                        0x00000000   Number         0  carstate.o ABSOLUTE
    ..\Src\cooling_circuit.c                 0x00000000   Number         0  cooling_circuit.o ABSOLUTE
    ..\Src\main.c                            0x00000000   Number         0  main.o ABSOLUTE
    ..\Src\periphery_set.c                   0x00000000   Number         0  periphery_set.o ABSOLUTE
    ..\Src\stm32f1xx_hal_msp.c               0x00000000   Number         0  stm32f1xx_hal_msp.o ABSOLUTE
    ..\Src\stm32f1xx_it.c                    0x00000000   Number         0  stm32f1xx_it.o ABSOLUTE
    ..\Src\system_stm32f1xx.c                0x00000000   Number         0  system_stm32f1xx.o ABSOLUTE
    ..\\Src\\ADC.c                           0x00000000   Number         0  adc.o ABSOLUTE
    ..\\Src\\BrakeLight.c                    0x00000000   Number         0  brakelight.o ABSOLUTE
    ..\\Src\\Wheel_speed.c                   0x00000000   Number         0  wheel_speed.o ABSOLUTE
    ..\\Src\\can_callback.c                  0x00000000   Number         0  can_callback.o ABSOLUTE
    ..\\Src\\can_eforce_init.c               0x00000000   Number         0  can_eforce_init.o ABSOLUTE
    ..\\Src\\carstate.c                      0x00000000   Number         0  carstate.o ABSOLUTE
    ..\\Src\\cooling_circuit.c               0x00000000   Number         0  cooling_circuit.o ABSOLUTE
    ..\\Src\\periphery_set.c                 0x00000000   Number         0  periphery_set.o ABSOLUTE
    dc.s                                     0x00000000   Number         0  dc.o ABSOLUTE
    handlers.s                               0x00000000   Number         0  handlers.o ABSOLUTE
    init.s                                   0x00000000   Number         0  init.o ABSOLUTE
    startup_stm32f105xc.s                    0x00000000   Number         0  startup_stm32f105xc.o ABSOLUTE
    RESET                                    0x08000000   Section      336  startup_stm32f105xc.o(RESET)
    .ARM.Collect$$$$00000000                 0x08000150   Section        0  entry.o(.ARM.Collect$$$$00000000)
    .ARM.Collect$$$$00000001                 0x08000150   Section        4  entry2.o(.ARM.Collect$$$$00000001)
    .ARM.Collect$$$$00000004                 0x08000154   Section        4  entry5.o(.ARM.Collect$$$$00000004)
    .ARM.Collect$$$$00000008                 0x08000158   Section        0  entry7b.o(.ARM.Collect$$$$00000008)
    .ARM.Collect$$$$0000000A                 0x08000158   Section        0  entry8b.o(.ARM.Collect$$$$0000000A)
    .ARM.Collect$$$$0000000B                 0x08000158   Section        8  entry9a.o(.ARM.Collect$$$$0000000B)
    .ARM.Collect$$$$0000000D                 0x08000160   Section        0  entry10a.o(.ARM.Collect$$$$0000000D)
    .ARM.Collect$$$$0000000F                 0x08000160   Section        0  entry11a.o(.ARM.Collect$$$$0000000F)
    .ARM.Collect$$$$00002712                 0x08000160   Section        4  entry2.o(.ARM.Collect$$$$00002712)
    __lit__00000000                          0x08000160   Data           4  entry2.o(.ARM.Collect$$$$00002712)
    .text                                    0x08000164   Section       36  startup_stm32f105xc.o(.text)
    .text                                    0x08000188   Section        0  uldiv.o(.text)
    .text                                    0x080001ea   Section        0  llushr.o(.text)
    .text                                    0x0800020a   Section        0  memcpya.o(.text)
    .text                                    0x0800022e   Section        0  memseta.o(.text)
    .text                                    0x08000252   Section        0  memcmp.o(.text)
    .text                                    0x0800026c   Section        0  llshl.o(.text)
    .text                                    0x0800028c   Section       36  init.o(.text)
    i.ADC_ConversionStop_Disable             0x080002b0   Section        0  stm32f1xx_hal_adc.o(i.ADC_ConversionStop_Disable)
    i.ADC_DMAConvCplt                        0x080002fc   Section        0  stm32f1xx_hal_adc.o(i.ADC_DMAConvCplt)
    i.ADC_DMAError                           0x0800034a   Section        0  stm32f1xx_hal_adc.o(i.ADC_DMAError)
    i.ADC_DMAHalfConvCplt                    0x08000364   Section        0  stm32f1xx_hal_adc.o(i.ADC_DMAHalfConvCplt)
    i.ADC_Enable                             0x08000370   Section        0  stm32f1xx_hal_adc.o(i.ADC_Enable)
    i.BusFault_Handler                       0x080003e0   Section        0  stm32f1xx_it.o(i.BusFault_Handler)
    i.CAN_eforce                             0x080003e2   Section        0  can_eforce_init.o(i.CAN_eforce)
    i.Can_WheelSpeed                         0x080004d4   Section        0  wheel_speed.o(i.Can_WheelSpeed)
    i.DMA1_Channel1_IRQHandler               0x08000534   Section        0  stm32f1xx_it.o(i.DMA1_Channel1_IRQHandler)
    i.DMA1_Channel3_IRQHandler               0x08000540   Section        0  stm32f1xx_it.o(i.DMA1_Channel3_IRQHandler)
    i.DMA2_Channel2_IRQHandler               0x0800054c   Section        0  stm32f1xx_it.o(i.DMA2_Channel2_IRQHandler)
    i.DMA_SetConfig                          0x08000558   Section        0  stm32f1xx_hal_dma.o(i.DMA_SetConfig)
    DMA_SetConfig                            0x08000559   Thumb Code    42  stm32f1xx_hal_dma.o(i.DMA_SetConfig)
    i.DebugMon_Handler                       0x08000582   Section        0  stm32f1xx_it.o(i.DebugMon_Handler)
    i.ECUA_get_Status                        0x08000584   Section        0  can_ecub.o(i.ECUA_get_Status)
    i.ECUB_GLV_AMS_need_to_send              0x080005c0   Section        0  can_ecub.o(i.ECUB_GLV_AMS_need_to_send)
    i.ECUB_Power_dist_need_to_send           0x080005e4   Section        0  can_ecub.o(i.ECUB_Power_dist_need_to_send)
    i.ECUB_Status_need_to_send               0x08000608   Section        0  can_ecub.o(i.ECUB_Status_need_to_send)
    i.ECUB_TEMPAux_need_to_send              0x0800062c   Section        0  can_ecub.o(i.ECUB_TEMPAux_need_to_send)
    i.ECUB_TEMPSuspR_need_to_send            0x08000650   Section        0  can_ecub.o(i.ECUB_TEMPSuspR_need_to_send)
    i.ECUB_Wheelspeed_need_to_send           0x08000674   Section        0  can_ecub.o(i.ECUB_Wheelspeed_need_to_send)
    i.ECUB_send_GLV_AMS_s                    0x08000698   Section        0  can_ecub.o(i.ECUB_send_GLV_AMS_s)
    i.ECUB_send_Power_dist_s                 0x08000710   Section        0  can_ecub.o(i.ECUB_send_Power_dist_s)
    i.ECUB_send_Status_s                     0x08000754   Section        0  can_ecub.o(i.ECUB_send_Status_s)
    i.ECUB_send_TEMPAux_s                    0x08000928   Section        0  can_ecub.o(i.ECUB_send_TEMPAux_s)
    i.ECUB_send_TEMPSuspR_s                  0x08000960   Section        0  can_ecub.o(i.ECUB_send_TEMPSuspR_s)
    i.ECUB_send_Wheelspeed_s                 0x080009b0   Section        0  can_ecub.o(i.ECUB_send_Wheelspeed_s)
    i.ECUF_get_Dashboard                     0x08000a10   Section        0  can_ecub.o(i.ECUF_get_Dashboard)
    i.ECUF_get_Status                        0x08000a40   Section        0  can_ecub.o(i.ECUF_get_Status)
    i.ECUP_get_Status                        0x08000a7c   Section        0  can_ecub.o(i.ECUP_get_Status)
    i.HAL_ADC_ConfigChannel                  0x08000ab8   Section        0  stm32f1xx_hal_adc.o(i.HAL_ADC_ConfigChannel)
    i.HAL_ADC_ConvCpltCallback               0x08000bb4   Section        0  adc.o(i.HAL_ADC_ConvCpltCallback)
    i.HAL_ADC_ConvHalfCpltCallback           0x08000c40   Section        0  stm32f1xx_hal_adc.o(i.HAL_ADC_ConvHalfCpltCallback)
    i.HAL_ADC_ErrorCallback                  0x08000c42   Section        0  stm32f1xx_hal_adc.o(i.HAL_ADC_ErrorCallback)
    i.HAL_ADC_Init                           0x08000c44   Section        0  stm32f1xx_hal_adc.o(i.HAL_ADC_Init)
    i.HAL_ADC_MspInit                        0x08000d60   Section        0  stm32f1xx_hal_msp.o(i.HAL_ADC_MspInit)
    i.HAL_ADC_Start_DMA                      0x08000e1c   Section        0  stm32f1xx_hal_adc.o(i.HAL_ADC_Start_DMA)
    i.HAL_CAN_ConfigFilter                   0x08000f28   Section        0  stm32f1xx_hal_can.o(i.HAL_CAN_ConfigFilter)
    i.HAL_CAN_Init                           0x0800101a   Section        0  stm32f1xx_hal_can.o(i.HAL_CAN_Init)
    i.HAL_CAN_MspInit                        0x08001148   Section        0  stm32f1xx_hal_msp.o(i.HAL_CAN_MspInit)
    i.HAL_CAN_Receive                        0x08001224   Section        0  stm32f1xx_hal_can.o(i.HAL_CAN_Receive)
    i.HAL_CAN_Receive_IT                     0x080013fc   Section        0  stm32f1xx_hal_can.o(i.HAL_CAN_Receive_IT)
    i.HAL_CAN_Transmit                       0x080014b0   Section        0  stm32f1xx_hal_can.o(i.HAL_CAN_Transmit)
    i.HAL_CAN_Transmit_IT                    0x0800167c   Section        0  stm32f1xx_hal_can.o(i.HAL_CAN_Transmit_IT)
    i.HAL_DMA_IRQHandler                     0x080017a0   Section        0  stm32f1xx_hal_dma.o(i.HAL_DMA_IRQHandler)
    i.HAL_DMA_Init                           0x080019e8   Section        0  stm32f1xx_hal_dma.o(i.HAL_DMA_Init)
    i.HAL_DMA_Start_IT                       0x08001a6c   Section        0  stm32f1xx_hal_dma.o(i.HAL_DMA_Start_IT)
    i.HAL_GPIO_Init                          0x08001adc   Section        0  stm32f1xx_hal_gpio.o(i.HAL_GPIO_Init)
    i.HAL_GPIO_ReadPin                       0x08001c98   Section        0  stm32f1xx_hal_gpio.o(i.HAL_GPIO_ReadPin)
    i.HAL_GPIO_TogglePin                     0x08001ca2   Section        0  stm32f1xx_hal_gpio.o(i.HAL_GPIO_TogglePin)
    i.HAL_GPIO_WritePin                      0x08001caa   Section        0  stm32f1xx_hal_gpio.o(i.HAL_GPIO_WritePin)
    i.HAL_GetTick                            0x08001cb4   Section        0  stm32f1xx_hal.o(i.HAL_GetTick)
    i.HAL_HalfDuplex_Init                    0x08001cc0   Section        0  stm32f1xx_hal_uart.o(i.HAL_HalfDuplex_Init)
    i.HAL_IncTick                            0x08001d2c   Section        0  stm32f1xx_hal.o(i.HAL_IncTick)
    i.HAL_Init                               0x08001d3c   Section        0  stm32f1xx_hal.o(i.HAL_Init)
    i.HAL_InitTick                           0x08001d60   Section        0  stm32f1xx_hal.o(i.HAL_InitTick)
    i.HAL_MspInit                            0x08001da0   Section        0  stm32f1xx_hal_msp.o(i.HAL_MspInit)
    i.HAL_NVIC_EnableIRQ                     0x08001e20   Section        0  stm32f1xx_hal_cortex.o(i.HAL_NVIC_EnableIRQ)
    i.HAL_NVIC_SetPriority                   0x08001e38   Section        0  stm32f1xx_hal_cortex.o(i.HAL_NVIC_SetPriority)
    i.HAL_NVIC_SetPriorityGrouping           0x08001e78   Section        0  stm32f1xx_hal_cortex.o(i.HAL_NVIC_SetPriorityGrouping)
    i.HAL_RCCEx_PeriphCLKConfig              0x08001e9c   Section        0  stm32f1xx_hal_rcc_ex.o(i.HAL_RCCEx_PeriphCLKConfig)
    i.HAL_RCC_ClockConfig                    0x08002024   Section        0  stm32f1xx_hal_rcc.o(i.HAL_RCC_ClockConfig)
    i.HAL_RCC_GetHCLKFreq                    0x08002178   Section        0  stm32f1xx_hal_rcc.o(i.HAL_RCC_GetHCLKFreq)
    i.HAL_RCC_GetPCLK1Freq                   0x08002184   Section        0  stm32f1xx_hal_rcc.o(i.HAL_RCC_GetPCLK1Freq)
    i.HAL_RCC_GetPCLK2Freq                   0x080021a4   Section        0  stm32f1xx_hal_rcc.o(i.HAL_RCC_GetPCLK2Freq)
    i.HAL_RCC_GetSysClockFreq                0x080021c4   Section        0  stm32f1xx_hal_rcc.o(i.HAL_RCC_GetSysClockFreq)
    i.HAL_RCC_OscConfig                      0x08002288   Section        0  stm32f1xx_hal_rcc.o(i.HAL_RCC_OscConfig)
    i.HAL_SPI_Init                           0x08002650   Section        0  stm32f1xx_hal_spi_ex.o(i.HAL_SPI_Init)
    i.HAL_SPI_MspInit                        0x080026d4   Section        0  stm32f1xx_hal_msp.o(i.HAL_SPI_MspInit)
    i.HAL_SPI_TransmitReceive                0x08002764   Section        0  stm32f1xx_hal_spi.o(i.HAL_SPI_TransmitReceive)
    i.HAL_SYSTICK_CLKSourceConfig            0x0800293c   Section        0  stm32f1xx_hal_cortex.o(i.HAL_SYSTICK_CLKSourceConfig)
    i.HAL_SYSTICK_Callback                   0x08002954   Section        0  stm32f1xx_hal_cortex.o(i.HAL_SYSTICK_Callback)
    i.HAL_SYSTICK_Config                     0x08002956   Section        0  stm32f1xx_hal_cortex.o(i.HAL_SYSTICK_Config)
    i.HAL_SYSTICK_IRQHandler                 0x0800297e   Section        0  stm32f1xx_hal_cortex.o(i.HAL_SYSTICK_IRQHandler)
    i.HAL_TIMEx_ConfigBreakDeadTime          0x08002986   Section        0  stm32f1xx_hal_tim_ex.o(i.HAL_TIMEx_ConfigBreakDeadTime)
    i.HAL_TIMEx_MasterConfigSynchronization  0x080029e0   Section        0  stm32f1xx_hal_tim_ex.o(i.HAL_TIMEx_MasterConfigSynchronization)
    i.HAL_TIM_Base_Init                      0x08002a30   Section        0  stm32f1xx_hal_tim.o(i.HAL_TIM_Base_Init)
    i.HAL_TIM_Base_MspInit                   0x08002a68   Section        0  stm32f1xx_hal_msp.o(i.HAL_TIM_Base_MspInit)
    i.HAL_TIM_ConfigClockSource              0x08002aa4   Section        0  stm32f1xx_hal_tim.o(i.HAL_TIM_ConfigClockSource)
    i.HAL_TIM_Encoder_Init                   0x08002b96   Section        0  stm32f1xx_hal_tim.o(i.HAL_TIM_Encoder_Init)
    i.HAL_TIM_Encoder_MspInit                0x08002c2c   Section        0  stm32f1xx_hal_msp.o(i.HAL_TIM_Encoder_MspInit)
    i.HAL_TIM_Encoder_Start_DMA              0x08002d40   Section        0  stm32f1xx_hal_tim.o(i.HAL_TIM_Encoder_Start_DMA)
    i.HAL_TIM_ErrorCallback                  0x08002e50   Section        0  stm32f1xx_hal_tim.o(i.HAL_TIM_ErrorCallback)
    i.HAL_TIM_IC_CaptureCallback             0x08002e54   Section        0  wheel_speed.o(i.HAL_TIM_IC_CaptureCallback)
    i.HAL_TIM_MspPostInit                    0x08002ef0   Section        0  stm32f1xx_hal_msp.o(i.HAL_TIM_MspPostInit)
    i.HAL_TIM_OC_ConfigChannel               0x08002f4c   Section        0  stm32f1xx_hal_tim.o(i.HAL_TIM_OC_ConfigChannel)
    i.HAL_TIM_PWM_ConfigChannel              0x08002fa2   Section        0  stm32f1xx_hal_tim.o(i.HAL_TIM_PWM_ConfigChannel)
    i.HAL_TIM_PWM_Init                       0x08003072   Section        0  stm32f1xx_hal_tim.o(i.HAL_TIM_PWM_Init)
    i.HAL_TIM_PWM_MspInit                    0x080030a8   Section        0  stm32f1xx_hal_tim.o(i.HAL_TIM_PWM_MspInit)
    i.HAL_TIM_PWM_Start                      0x080030ac   Section        0  stm32f1xx_hal_tim.o(i.HAL_TIM_PWM_Start)
    i.HAL_UART_Init                          0x080030dc   Section        0  stm32f1xx_hal_uart.o(i.HAL_UART_Init)
    i.HAL_UART_MspInit                       0x08003140   Section        0  stm32f1xx_hal_msp.o(i.HAL_UART_MspInit)
    i.HardFault_Handler                      0x080031c0   Section        0  stm32f1xx_it.o(i.HardFault_Handler)
    i.MCF_get_GeneralReport                  0x080031c4   Section        0  can_ecub.o(i.MCF_get_GeneralReport)
    i.MCR_get_GeneralReport                  0x080031ec   Section        0  can_ecub.o(i.MCR_get_GeneralReport)
    i.MX_ADC1_Init                           0x08003214   Section        0  main.o(i.MX_ADC1_Init)
    MX_ADC1_Init                             0x08003215   Thumb Code   198  main.o(i.MX_ADC1_Init)
    i.MX_CAN1_Init                           0x080032e4   Section        0  main.o(i.MX_CAN1_Init)
    MX_CAN1_Init                             0x080032e5   Thumb Code    56  main.o(i.MX_CAN1_Init)
    i.MX_CAN2_Init                           0x08003324   Section        0  main.o(i.MX_CAN2_Init)
    MX_CAN2_Init                             0x08003325   Thumb Code    56  main.o(i.MX_CAN2_Init)
    i.MX_DMA_Init                            0x08003364   Section        0  main.o(i.MX_DMA_Init)
    MX_DMA_Init                              0x08003365   Thumb Code    88  main.o(i.MX_DMA_Init)
    i.MX_GPIO_Init                           0x080033c0   Section        0  main.o(i.MX_GPIO_Init)
    MX_GPIO_Init                             0x080033c1   Thumb Code   302  main.o(i.MX_GPIO_Init)
    i.MX_SPI1_Init                           0x08003508   Section        0  main.o(i.MX_SPI1_Init)
    MX_SPI1_Init                             0x08003509   Thumb Code    56  main.o(i.MX_SPI1_Init)
    i.MX_SPI2_Init                           0x08003548   Section        0  main.o(i.MX_SPI2_Init)
    MX_SPI2_Init                             0x08003549   Thumb Code    56  main.o(i.MX_SPI2_Init)
    i.MX_TIM1_Init                           0x08003588   Section        0  main.o(i.MX_TIM1_Init)
    MX_TIM1_Init                             0x08003589   Thumb Code   182  main.o(i.MX_TIM1_Init)
    i.MX_TIM2_Init                           0x08003648   Section        0  main.o(i.MX_TIM2_Init)
    MX_TIM2_Init                             0x08003649   Thumb Code   130  main.o(i.MX_TIM2_Init)
    i.MX_TIM3_Init                           0x080036d0   Section        0  main.o(i.MX_TIM3_Init)
    MX_TIM3_Init                             0x080036d1   Thumb Code    82  main.o(i.MX_TIM3_Init)
    i.MX_TIM5_Init                           0x0800372c   Section        0  main.o(i.MX_TIM5_Init)
    MX_TIM5_Init                             0x0800372d   Thumb Code    82  main.o(i.MX_TIM5_Init)
    i.MemManage_Handler                      0x08003788   Section        0  stm32f1xx_it.o(i.MemManage_Handler)
    i.NMI_Handler                            0x0800378a   Section        0  stm32f1xx_it.o(i.NMI_Handler)
    i.NVIC_SetPriority                       0x0800378c   Section        0  stm32f1xx_hal_cortex.o(i.NVIC_SetPriority)
    NVIC_SetPriority                         0x0800378d   Thumb Code    32  stm32f1xx_hal_cortex.o(i.NVIC_SetPriority)
    i.PendSV_Handler                         0x080037ac   Section        0  stm32f1xx_it.o(i.PendSV_Handler)
    i.SPI_CheckFlag_BSY                      0x080037ae   Section        0  stm32f1xx_hal_spi.o(i.SPI_CheckFlag_BSY)
    SPI_CheckFlag_BSY                        0x080037af   Thumb Code    32  stm32f1xx_hal_spi.o(i.SPI_CheckFlag_BSY)
    i.SPI_WaitFlagStateUntilTimeout          0x080037ce   Section        0  stm32f1xx_hal_spi.o(i.SPI_WaitFlagStateUntilTimeout)
    SPI_WaitFlagStateUntilTimeout            0x080037cf   Thumb Code   150  stm32f1xx_hal_spi.o(i.SPI_WaitFlagStateUntilTimeout)
    i.SVC_Handler                            0x08003864   Section        0  stm32f1xx_it.o(i.SVC_Handler)
    i.SysTick_Handler                        0x08003866   Section        0  stm32f1xx_it.o(i.SysTick_Handler)
    i.SystemClock_Config                     0x08003874   Section        0  main.o(i.SystemClock_Config)
    i.SystemInit                             0x080038f8   Section        0  system_stm32f1xx.o(i.SystemInit)
    i.TIM_Base_SetConfig                     0x0800394c   Section        0  stm32f1xx_hal_tim.o(i.TIM_Base_SetConfig)
    i.TIM_CCxChannelCmd                      0x080039c8   Section        0  stm32f1xx_hal_tim.o(i.TIM_CCxChannelCmd)
    i.TIM_DMACaptureCplt                     0x080039de   Section        0  stm32f1xx_hal_tim.o(i.TIM_DMACaptureCplt)
    i.TIM_DMAError                           0x08003a1c   Section        0  stm32f1xx_hal_tim.o(i.TIM_DMAError)
    i.TIM_ETR_SetConfig                      0x08003a2c   Section        0  stm32f1xx_hal_tim.o(i.TIM_ETR_SetConfig)
    TIM_ETR_SetConfig                        0x08003a2d   Thumb Code    20  stm32f1xx_hal_tim.o(i.TIM_ETR_SetConfig)
    i.TIM_ITRx_SetConfig                     0x08003a40   Section        0  stm32f1xx_hal_tim.o(i.TIM_ITRx_SetConfig)
    TIM_ITRx_SetConfig                       0x08003a41   Thumb Code    16  stm32f1xx_hal_tim.o(i.TIM_ITRx_SetConfig)
    i.TIM_OC1_SetConfig                      0x08003a50   Section        0  stm32f1xx_hal_tim.o(i.TIM_OC1_SetConfig)
    TIM_OC1_SetConfig                        0x08003a51   Thumb Code    74  stm32f1xx_hal_tim.o(i.TIM_OC1_SetConfig)
    i.TIM_OC2_SetConfig                      0x08003aa0   Section        0  stm32f1xx_hal_tim.o(i.TIM_OC2_SetConfig)
    i.TIM_OC3_SetConfig                      0x08003af8   Section        0  stm32f1xx_hal_tim.o(i.TIM_OC3_SetConfig)
    TIM_OC3_SetConfig                        0x08003af9   Thumb Code    82  stm32f1xx_hal_tim.o(i.TIM_OC3_SetConfig)
    i.TIM_OC4_SetConfig                      0x08003b50   Section        0  stm32f1xx_hal_tim.o(i.TIM_OC4_SetConfig)
    TIM_OC4_SetConfig                        0x08003b51   Thumb Code    64  stm32f1xx_hal_tim.o(i.TIM_OC4_SetConfig)
    i.TIM_TI1_ConfigInputStage               0x08003b94   Section        0  stm32f1xx_hal_tim.o(i.TIM_TI1_ConfigInputStage)
    TIM_TI1_ConfigInputStage                 0x08003b95   Thumb Code    34  stm32f1xx_hal_tim.o(i.TIM_TI1_ConfigInputStage)
    i.TIM_TI2_ConfigInputStage               0x08003bb6   Section        0  stm32f1xx_hal_tim.o(i.TIM_TI2_ConfigInputStage)
    TIM_TI2_ConfigInputStage                 0x08003bb7   Thumb Code    36  stm32f1xx_hal_tim.o(i.TIM_TI2_ConfigInputStage)
    i.UART_SetConfig                         0x08003bdc   Section        0  stm32f1xx_hal_uart.o(i.UART_SetConfig)
    UART_SetConfig                           0x08003bdd   Thumb Code   364  stm32f1xx_hal_uart.o(i.UART_SetConfig)
    i.UsageFault_Handler                     0x08003d4c   Section        0  stm32f1xx_it.o(i.UsageFault_Handler)
    i.VDCU_get_Status                        0x08003d50   Section        0  can_ecub.o(i.VDCU_get_Status)
    i._Error_Handler                         0x08003d90   Section        0  main.o(i._Error_Handler)
    i.__scatterload_copy                     0x08003d92   Section       14  handlers.o(i.__scatterload_copy)
    i.__scatterload_null                     0x08003da0   Section        2  handlers.o(i.__scatterload_null)
    i.__scatterload_zeroinit                 0x08003da2   Section       14  handlers.o(i.__scatterload_zeroinit)
    i.aux_set                                0x08003db0   Section        0  periphery_set.o(i.aux_set)
    i.blink_led                              0x08003e80   Section        0  carstate.o(i.blink_led)
    i.brake_set                              0x08003ed8   Section        0  brakelight.o(i.brake_set)
    i.brakelightprocess                      0x08003f00   Section        0  brakelight.o(i.brakelightprocess)
    i.canInitMsgStatus                       0x08003f30   Section        0  tx2_can.o(i.canInitMsgStatus)
    i.candbInit                              0x08003f40   Section        0  can_ecub.o(i.candbInit)
    i.carstate_init                          0x08003fac   Section        0  carstate.o(i.carstate_init)
    i.carstate_process                       0x08003fc0   Section        0  carstate.o(i.carstate_process)
    i.change_to_NOT_READY                    0x08004234   Section        0  carstate.o(i.change_to_NOT_READY)
    i.check_mess                             0x080042a0   Section        0  carstate.o(i.check_mess)
    i.compute_average                        0x08004318   Section        0  wheel_speed.o(i.compute_average)
    i.fan_pwm_process                        0x080043bc   Section        0  cooling_circuit.o(i.fan_pwm_process)
    i.get_can_state                          0x08004420   Section        0  carstate.o(i.get_can_state)
    i.main                                   0x08004428   Section        0  main.o(i.main)
    i.measure_SDC                            0x08004624   Section        0  carstate.o(i.measure_SDC)
    i.play_RTDS                              0x08004710   Section        0  periphery_set.o(i.play_RTDS)
    i.pump_pwm_process                       0x0800475c   Section        0  cooling_circuit.o(i.pump_pwm_process)
    i.ringbufTryRead                         0x080047c0   Section        0  tx2_ringbuf.o(i.ringbufTryRead)
    i.set_SDB_led                            0x080047ec   Section        0  periphery_set.o(i.set_SDB_led)
    i.set_latch_countdown                    0x08004834   Section        0  carstate.o(i.set_latch_countdown)
    i.sortInsertion                          0x08004854   Section        0  wheel_speed.o(i.sortInsertion)
    i.start_ADC                              0x08004888   Section        0  adc.o(i.start_ADC)
    i.start_PWM                              0x08004894   Section        0  cooling_circuit.o(i.start_PWM)
    i.start_WS_measure                       0x08004904   Section        0  wheel_speed.o(i.start_WS_measure)
    i.txGetTimeMillis                        0x08004940   Section        0  can_callback.o(i.txGetTimeMillis)
    i.txHandleCANMessage                     0x08004944   Section        0  can_callback.o(i.txHandleCANMessage)
    i.txInit                                 0x08004948   Section        0  tx2_can.o(i.txInit)
    i.txProcess                              0x0800496c   Section        0  tx2_can.o(i.txProcess)
    i.txSendCANMessage                       0x080049c0   Section        0  can_callback.o(i.txSendCANMessage)
    i.units_set                              0x08004a08   Section        0  periphery_set.o(i.units_set)
    .constdata                               0x08004b64   Section       16  system_stm32f1xx.o(.constdata)
    .constdata                               0x08004b74   Section        8  system_stm32f1xx.o(.constdata)
    .data                                    0x20000000   Section       18  main.o(.data)
    .data                                    0x20000014   Section        4  stm32f1xx_hal_msp.o(.data)
    HAL_RCC_CAN1_CLK_ENABLED                 0x20000014   Data           4  stm32f1xx_hal_msp.o(.data)
    .data                                    0x20000018   Section       28  adc.o(.data)
    .data                                    0x20000034   Section       37  carstate.o(.data)
    state                                    0x20000034   Data           1  carstate.o(.data)
    state_notready                           0x20000035   Data           1  carstate.o(.data)
    SDC_error                                0x20000036   Data           1  carstate.o(.data)
    SDC_measure                              0x20000038   Data           2  carstate.o(.data)
    cs_not_ready_lock                        0x2000003c   Data           4  carstate.o(.data)
    cs_latch_write_delay                     0x20000040   Data           4  carstate.o(.data)
    LED_blink_time                           0x20000044   Data           4  carstate.o(.data)
    number_of_bliks                          0x20000048   Data           4  carstate.o(.data)
    ECUP_data                                0x2000004c   Data           6  carstate.o(.data)
    ECUF_Dash_data                           0x20000052   Data           7  carstate.o(.data)
    .data                                    0x2000005c   Section       16  periphery_set.o(.data)
    pinstate                                 0x2000005c   Data           1  periphery_set.o(.data)
    RTDS_countdowm                           0x20000060   Data           4  periphery_set.o(.data)
    last_bat_check                           0x20000064   Data           4  periphery_set.o(.data)
    wait_for_next                            0x20000068   Data           4  periphery_set.o(.data)
    .data                                    0x2000006c   Section       44  wheel_speed.o(.data)
    wsr_number_data                          0x2000006c   Data           1  wheel_speed.o(.data)
    wsl_number_data                          0x2000006d   Data           1  wheel_speed.o(.data)
    wsr_poss                                 0x2000006e   Data           2  wheel_speed.o(.data)
    wsl_poss                                 0x20000070   Data           2  wheel_speed.o(.data)
    WSRA                                     0x20000074   Data           4  wheel_speed.o(.data)
    WSRB                                     0x20000078   Data           4  wheel_speed.o(.data)
    WSLA                                     0x2000007c   Data           4  wheel_speed.o(.data)
    WSLB                                     0x20000080   Data           4  wheel_speed.o(.data)
    summ                                     0x20000084   Data           4  wheel_speed.o(.data)
    time_last_can                            0x20000088   Data           4  wheel_speed.o(.data)
    .data                                    0x20000098   Section       41  can_ecub.o(.data)
    .data                                    0x200000c4   Section        4  tx2_can.o(.data)
    flags                                    0x200000c4   Data           4  tx2_can.o(.data)
    .data                                    0x200000c8   Section       12  stm32f1xx_hal.o(.data)
    .data                                    0x200000d4   Section        4  system_stm32f1xx.o(.data)
    .bss                                     0x200000d8   Section      840  main.o(.bss)
    .bss                                     0x20000420   Section       68  main.o(.bss)
    .bss                                     0x20000464   Section       68  main.o(.bss)
    .bss                                     0x200004a8   Section       68  main.o(.bss)
    .bss                                     0x200004ec   Section       21  main.o(.bss)
    .bss                                     0x20000502   Section       16  adc.o(.bss)
    .bss                                     0x20000514   Section       28  can_callback.o(.bss)
    .bss                                     0x20000530   Section      103  carstate.o(.bss)
    ECUB_Status                              0x20000530   Data          49  carstate.o(.bss)
    ECUF_Status_data                         0x20000561   Data          26  carstate.o(.bss)
    ECUA_data                                0x2000057b   Data          28  carstate.o(.bss)
    .bss                                     0x20000598   Section       56  cooling_circuit.o(.bss)
    fan_values                               0x20000598   Data          28  cooling_circuit.o(.bss)
    pump_values                              0x200005b4   Data          28  cooling_circuit.o(.bss)
    .bss                                     0x200005d0   Section       74  wheel_speed.o(.bss)
    wsr_data                                 0x200005d0   Data          32  wheel_speed.o(.bss)
    wsl_data                                 0x200005f0   Data          32  wheel_speed.o(.bss)
    Wheel_can                                0x20000610   Data          10  wheel_speed.o(.bss)
    .bss                                     0x2000061c   Section      220  can_ecub.o(.bss)
    .bss                                     0x200006f8   Section      272  tx2_can.o(.bss)
    recv_buf                                 0x200006f8   Data         256  tx2_can.o(.bss)
    recv_rb                                  0x200007f8   Data          16  tx2_can.o(.bss)
    STACK                                    0x20000808   Section     1024  startup_stm32f105xc.o(STACK)

    Global Symbols

    Symbol Name                              Value     Ov Type        Size  Object(Section)

    BuildAttributes$$THM_ISAv4$P$D$K$B$S$PE$A:L22UL41UL21$X:L11$S22US41US21$IEEE1$IW$USESV6$~STKCKD$USESV7$~SHL$OSPACE$EBA8$MICROLIB$REQ8$PRES8$EABIv2 0x00000000   Number         0  anon$$obj.o ABSOLUTE
    __ARM_use_no_argv                        0x00000000   Number         0  main.o ABSOLUTE
    __cpp_initialize__aeabi_                  - Undefined Weak Reference
    __cxa_finalize                            - Undefined Weak Reference
    __decompress                              - Undefined Weak Reference
    _clock_init                               - Undefined Weak Reference
    _microlib_exit                            - Undefined Weak Reference
    __Vectors_Size                           0x00000150   Number         0  startup_stm32f105xc.o ABSOLUTE
    __Vectors                                0x08000000   Data           4  startup_stm32f105xc.o(RESET)
    __Vectors_End                            0x08000150   Data           0  startup_stm32f105xc.o(RESET)
    __main                                   0x08000151   Thumb Code     0  entry.o(.ARM.Collect$$$$00000000)
    _main_stk                                0x08000151   Thumb Code     0  entry2.o(.ARM.Collect$$$$00000001)
    _main_scatterload                        0x08000155   Thumb Code     0  entry5.o(.ARM.Collect$$$$00000004)
    __main_after_scatterload                 0x08000159   Thumb Code     0  entry5.o(.ARM.Collect$$$$00000004)
    _main_clock                              0x08000159   Thumb Code     0  entry7b.o(.ARM.Collect$$$$00000008)
    _main_cpp_init                           0x08000159   Thumb Code     0  entry8b.o(.ARM.Collect$$$$0000000A)
    _main_init                               0x08000159   Thumb Code     0  entry9a.o(.ARM.Collect$$$$0000000B)
    __rt_final_cpp                           0x08000161   Thumb Code     0  entry10a.o(.ARM.Collect$$$$0000000D)
    __rt_final_exit                          0x08000161   Thumb Code     0  entry11a.o(.ARM.Collect$$$$0000000F)
    Reset_Handler                            0x08000165   Thumb Code     8  startup_stm32f105xc.o(.text)
    ADC1_2_IRQHandler                        0x0800017f   Thumb Code     0  startup_stm32f105xc.o(.text)
    CAN1_RX0_IRQHandler                      0x0800017f   Thumb Code     0  startup_stm32f105xc.o(.text)
    CAN1_RX1_IRQHandler                      0x0800017f   Thumb Code     0  startup_stm32f105xc.o(.text)
    CAN1_SCE_IRQHandler                      0x0800017f   Thumb Code     0  startup_stm32f105xc.o(.text)
    CAN1_TX_IRQHandler                       0x0800017f   Thumb Code     0  startup_stm32f105xc.o(.text)
    CAN2_RX0_IRQHandler                      0x0800017f   Thumb Code     0  startup_stm32f105xc.o(.text)
    CAN2_RX1_IRQHandler                      0x0800017f   Thumb Code     0  startup_stm32f105xc.o(.text)
    CAN2_SCE_IRQHandler                      0x0800017f   Thumb Code     0  startup_stm32f105xc.o(.text)
    CAN2_TX_IRQHandler                       0x0800017f   Thumb Code     0  startup_stm32f105xc.o(.text)
    DMA1_Channel2_IRQHandler                 0x0800017f   Thumb Code     0  startup_stm32f105xc.o(.text)
    DMA1_Channel4_IRQHandler                 0x0800017f   Thumb Code     0  startup_stm32f105xc.o(.text)
    DMA1_Channel5_IRQHandler                 0x0800017f   Thumb Code     0  startup_stm32f105xc.o(.text)
    DMA1_Channel6_IRQHandler                 0x0800017f   Thumb Code     0  startup_stm32f105xc.o(.text)
    DMA1_Channel7_IRQHandler                 0x0800017f   Thumb Code     0  startup_stm32f105xc.o(.text)
    DMA2_Channel1_IRQHandler                 0x0800017f   Thumb Code     0  startup_stm32f105xc.o(.text)
    DMA2_Channel3_IRQHandler                 0x0800017f   Thumb Code     0  startup_stm32f105xc.o(.text)
    DMA2_Channel4_IRQHandler                 0x0800017f   Thumb Code     0  startup_stm32f105xc.o(.text)
    DMA2_Channel5_IRQHandler                 0x0800017f   Thumb Code     0  startup_stm32f105xc.o(.text)
    EXTI0_IRQHandler                         0x0800017f   Thumb Code     0  startup_stm32f105xc.o(.text)
    EXTI15_10_IRQHandler                     0x0800017f   Thumb Code     0  startup_stm32f105xc.o(.text)
    EXTI1_IRQHandler                         0x0800017f   Thumb Code     0  startup_stm32f105xc.o(.text)
    EXTI2_IRQHandler                         0x0800017f   Thumb Code     0  startup_stm32f105xc.o(.text)
    EXTI3_IRQHandler                         0x0800017f   Thumb Code     0  startup_stm32f105xc.o(.text)
    EXTI4_IRQHandler                         0x0800017f   Thumb Code     0  startup_stm32f105xc.o(.text)
    EXTI9_5_IRQHandler                       0x0800017f   Thumb Code     0  startup_stm32f105xc.o(.text)
    FLASH_IRQHandler                         0x0800017f   Thumb Code     0  startup_stm32f105xc.o(.text)
    I2C1_ER_IRQHandler                       0x0800017f   Thumb Code     0  startup_stm32f105xc.o(.text)
    I2C1_EV_IRQHandler                       0x0800017f   Thumb Code     0  startup_stm32f105xc.o(.text)
    I2C2_ER_IRQHandler                       0x0800017f   Thumb Code     0  startup_stm32f105xc.o(.text)
    I2C2_EV_IRQHandler                       0x0800017f   Thumb Code     0  startup_stm32f105xc.o(.text)
    OTG_FS_IRQHandler                        0x0800017f   Thumb Code     0  startup_stm32f105xc.o(.text)
    OTG_FS_WKUP_IRQHandler                   0x0800017f   Thumb Code     0  startup_stm32f105xc.o(.text)
    PVD_IRQHandler                           0x0800017f   Thumb Code     0  startup_stm32f105xc.o(.text)
    RCC_IRQHandler                           0x0800017f   Thumb Code     0  startup_stm32f105xc.o(.text)
    RTC_Alarm_IRQHandler                     0x0800017f   Thumb Code     0  startup_stm32f105xc.o(.text)
    RTC_IRQHandler                           0x0800017f   Thumb Code     0  startup_stm32f105xc.o(.text)
    SPI1_IRQHandler                          0x0800017f   Thumb Code     0  startup_stm32f105xc.o(.text)
    SPI2_IRQHandler                          0x0800017f   Thumb Code     0  startup_stm32f105xc.o(.text)
    SPI3_IRQHandler                          0x0800017f   Thumb Code     0  startup_stm32f105xc.o(.text)
    TAMPER_IRQHandler                        0x0800017f   Thumb Code     0  startup_stm32f105xc.o(.text)
    TIM1_BRK_IRQHandler                      0x0800017f   Thumb Code     0  startup_stm32f105xc.o(.text)
    TIM1_CC_IRQHandler                       0x0800017f   Thumb Code     0  startup_stm32f105xc.o(.text)
    TIM1_TRG_COM_IRQHandler                  0x0800017f   Thumb Code     0  startup_stm32f105xc.o(.text)
    TIM1_UP_IRQHandler                       0x0800017f   Thumb Code     0  startup_stm32f105xc.o(.text)
    TIM2_IRQHandler                          0x0800017f   Thumb Code     0  startup_stm32f105xc.o(.text)
    TIM3_IRQHandler                          0x0800017f   Thumb Code     0  startup_stm32f105xc.o(.text)
    TIM4_IRQHandler                          0x0800017f   Thumb Code     0  startup_stm32f105xc.o(.text)
    TIM5_IRQHandler                          0x0800017f   Thumb Code     0  startup_stm32f105xc.o(.text)
    TIM6_IRQHandler                          0x0800017f   Thumb Code     0  startup_stm32f105xc.o(.text)
    TIM7_IRQHandler                          0x0800017f   Thumb Code     0  startup_stm32f105xc.o(.text)
    UART4_IRQHandler                         0x0800017f   Thumb Code     0  startup_stm32f105xc.o(.text)
    UART5_IRQHandler                         0x0800017f   Thumb Code     0  startup_stm32f105xc.o(.text)
    USART1_IRQHandler                        0x0800017f   Thumb Code     0  startup_stm32f105xc.o(.text)
    USART2_IRQHandler                        0x0800017f   Thumb Code     0  startup_stm32f105xc.o(.text)
    USART3_IRQHandler                        0x0800017f   Thumb Code     0  startup_stm32f105xc.o(.text)
    WWDG_IRQHandler                          0x0800017f   Thumb Code     0  startup_stm32f105xc.o(.text)
    __aeabi_uldivmod                         0x08000189   Thumb Code    98  uldiv.o(.text)
    __aeabi_llsr                             0x080001eb   Thumb Code    32  llushr.o(.text)
    _ll_ushift_r                             0x080001eb   Thumb Code     0  llushr.o(.text)
    __aeabi_memcpy                           0x0800020b   Thumb Code    36  memcpya.o(.text)
    __aeabi_memcpy4                          0x0800020b   Thumb Code     0  memcpya.o(.text)
    __aeabi_memcpy8                          0x0800020b   Thumb Code     0  memcpya.o(.text)
    __aeabi_memset                           0x0800022f   Thumb Code    14  memseta.o(.text)
    __aeabi_memset4                          0x0800022f   Thumb Code     0  memseta.o(.text)
    __aeabi_memset8                          0x0800022f   Thumb Code     0  memseta.o(.text)
    __aeabi_memclr                           0x0800023d   Thumb Code     4  memseta.o(.text)
    __aeabi_memclr4                          0x0800023d   Thumb Code     0  memseta.o(.text)
    __aeabi_memclr8                          0x0800023d   Thumb Code     0  memseta.o(.text)
    _memset$wrapper                          0x08000241   Thumb Code    18  memseta.o(.text)
    memcmp                                   0x08000253   Thumb Code    26  memcmp.o(.text)
    __aeabi_llsl                             0x0800026d   Thumb Code    30  llshl.o(.text)
    _ll_shift_l                              0x0800026d   Thumb Code     0  llshl.o(.text)
    __scatterload                            0x0800028d   Thumb Code    28  init.o(.text)
    __scatterload_rt2                        0x0800028d   Thumb Code     0  init.o(.text)
    ADC_ConversionStop_Disable               0x080002b1   Thumb Code    76  stm32f1xx_hal_adc.o(i.ADC_ConversionStop_Disable)
    ADC_DMAConvCplt                          0x080002fd   Thumb Code    78  stm32f1xx_hal_adc.o(i.ADC_DMAConvCplt)
    ADC_DMAError                             0x0800034b   Thumb Code    26  stm32f1xx_hal_adc.o(i.ADC_DMAError)
    ADC_DMAHalfConvCplt                      0x08000365   Thumb Code    10  stm32f1xx_hal_adc.o(i.ADC_DMAHalfConvCplt)
    ADC_Enable                               0x08000371   Thumb Code   104  stm32f1xx_hal_adc.o(i.ADC_Enable)
    BusFault_Handler                         0x080003e1   Thumb Code     2  stm32f1xx_it.o(i.BusFault_Handler)
    CAN_eforce                               0x080003e3   Thumb Code   242  can_eforce_init.o(i.CAN_eforce)
    Can_WheelSpeed                           0x080004d5   Thumb Code    88  wheel_speed.o(i.Can_WheelSpeed)
    DMA1_Channel1_IRQHandler                 0x08000535   Thumb Code     6  stm32f1xx_it.o(i.DMA1_Channel1_IRQHandler)
    DMA1_Channel3_IRQHandler                 0x08000541   Thumb Code     6  stm32f1xx_it.o(i.DMA1_Channel3_IRQHandler)
    DMA2_Channel2_IRQHandler                 0x0800054d   Thumb Code     6  stm32f1xx_it.o(i.DMA2_Channel2_IRQHandler)
    DebugMon_Handler                         0x08000583   Thumb Code     2  stm32f1xx_it.o(i.DebugMon_Handler)
    ECUA_get_Status                          0x08000585   Thumb Code    54  can_ecub.o(i.ECUA_get_Status)
    ECUB_GLV_AMS_need_to_send                0x080005c1   Thumb Code    30  can_ecub.o(i.ECUB_GLV_AMS_need_to_send)
    ECUB_Power_dist_need_to_send             0x080005e5   Thumb Code    30  can_ecub.o(i.ECUB_Power_dist_need_to_send)
    ECUB_Status_need_to_send                 0x08000609   Thumb Code    30  can_ecub.o(i.ECUB_Status_need_to_send)
    ECUB_TEMPAux_need_to_send                0x0800062d   Thumb Code    30  can_ecub.o(i.ECUB_TEMPAux_need_to_send)
    ECUB_TEMPSuspR_need_to_send              0x08000651   Thumb Code    30  can_ecub.o(i.ECUB_TEMPSuspR_need_to_send)
    ECUB_Wheelspeed_need_to_send             0x08000675   Thumb Code    30  can_ecub.o(i.ECUB_Wheelspeed_need_to_send)
    ECUB_send_GLV_AMS_s                      0x08000699   Thumb Code   116  can_ecub.o(i.ECUB_send_GLV_AMS_s)
    ECUB_send_Power_dist_s                   0x08000711   Thumb Code    62  can_ecub.o(i.ECUB_send_Power_dist_s)
    ECUB_send_Status_s                       0x08000755   Thumb Code   462  can_ecub.o(i.ECUB_send_Status_s)
    ECUB_send_TEMPAux_s                      0x08000929   Thumb Code    50  can_ecub.o(i.ECUB_send_TEMPAux_s)
    ECUB_send_TEMPSuspR_s                    0x08000961   Thumb Code    74  can_ecub.o(i.ECUB_send_TEMPSuspR_s)
    ECUB_send_Wheelspeed_s                   0x080009b1   Thumb Code    92  can_ecub.o(i.ECUB_send_Wheelspeed_s)
    ECUF_get_Dashboard                       0x08000a11   Thumb Code    40  can_ecub.o(i.ECUF_get_Dashboard)
    ECUF_get_Status                          0x08000a41   Thumb Code    54  can_ecub.o(i.ECUF_get_Status)
    ECUP_get_Status                          0x08000a7d   Thumb Code    52  can_ecub.o(i.ECUP_get_Status)
    HAL_ADC_ConfigChannel                    0x08000ab9   Thumb Code   240  stm32f1xx_hal_adc.o(i.HAL_ADC_ConfigChannel)
    HAL_ADC_ConvCpltCallback                 0x08000bb5   Thumb Code   126  adc.o(i.HAL_ADC_ConvCpltCallback)
    HAL_ADC_ConvHalfCpltCallback             0x08000c41   Thumb Code     2  stm32f1xx_hal_adc.o(i.HAL_ADC_ConvHalfCpltCallback)
    HAL_ADC_ErrorCallback                    0x08000c43   Thumb Code     2  stm32f1xx_hal_adc.o(i.HAL_ADC_ErrorCallback)
    HAL_ADC_Init                             0x08000c45   Thumb Code   272  stm32f1xx_hal_adc.o(i.HAL_ADC_Init)
    HAL_ADC_MspInit                          0x08000d61   Thumb Code   130  stm32f1xx_hal_msp.o(i.HAL_ADC_MspInit)
    HAL_ADC_Start_DMA                        0x08000e1d   Thumb Code   246  stm32f1xx_hal_adc.o(i.HAL_ADC_Start_DMA)
    HAL_CAN_ConfigFilter                     0x08000f29   Thumb Code   242  stm32f1xx_hal_can.o(i.HAL_CAN_ConfigFilter)
    HAL_CAN_Init                             0x0800101b   Thumb Code   300  stm32f1xx_hal_can.o(i.HAL_CAN_Init)
    HAL_CAN_MspInit                          0x08001149   Thumb Code   192  stm32f1xx_hal_msp.o(i.HAL_CAN_MspInit)
    HAL_CAN_Receive                          0x08001225   Thumb Code   470  stm32f1xx_hal_can.o(i.HAL_CAN_Receive)
    HAL_CAN_Receive_IT                       0x080013fd   Thumb Code   180  stm32f1xx_hal_can.o(i.HAL_CAN_Receive_IT)
    HAL_CAN_Transmit                         0x080014b1   Thumb Code   446  stm32f1xx_hal_can.o(i.HAL_CAN_Transmit)
    HAL_CAN_Transmit_IT                      0x0800167d   Thumb Code   292  stm32f1xx_hal_can.o(i.HAL_CAN_Transmit_IT)
    HAL_DMA_IRQHandler                       0x080017a1   Thumb Code   552  stm32f1xx_hal_dma.o(i.HAL_DMA_IRQHandler)
    HAL_DMA_Init                             0x080019e9   Thumb Code   120  stm32f1xx_hal_dma.o(i.HAL_DMA_Init)
    HAL_DMA_Start_IT                         0x08001a6d   Thumb Code   112  stm32f1xx_hal_dma.o(i.HAL_DMA_Start_IT)
    HAL_GPIO_Init                            0x08001add   Thumb Code   408  stm32f1xx_hal_gpio.o(i.HAL_GPIO_Init)
    HAL_GPIO_ReadPin                         0x08001c99   Thumb Code    10  stm32f1xx_hal_gpio.o(i.HAL_GPIO_ReadPin)
    HAL_GPIO_TogglePin                       0x08001ca3   Thumb Code     8  stm32f1xx_hal_gpio.o(i.HAL_GPIO_TogglePin)
    HAL_GPIO_WritePin                        0x08001cab   Thumb Code    10  stm32f1xx_hal_gpio.o(i.HAL_GPIO_WritePin)
    HAL_GetTick                              0x08001cb5   Thumb Code     6  stm32f1xx_hal.o(i.HAL_GetTick)
    HAL_HalfDuplex_Init                      0x08001cc1   Thumb Code   108  stm32f1xx_hal_uart.o(i.HAL_HalfDuplex_Init)
    HAL_IncTick                              0x08001d2d   Thumb Code    12  stm32f1xx_hal.o(i.HAL_IncTick)
    HAL_Init                                 0x08001d3d   Thumb Code    32  stm32f1xx_hal.o(i.HAL_Init)
    HAL_InitTick                             0x08001d61   Thumb Code    54  stm32f1xx_hal.o(i.HAL_InitTick)
    HAL_MspInit                              0x08001da1   Thumb Code   118  stm32f1xx_hal_msp.o(i.HAL_MspInit)
    HAL_NVIC_EnableIRQ                       0x08001e21   Thumb Code    22  stm32f1xx_hal_cortex.o(i.HAL_NVIC_EnableIRQ)
    HAL_NVIC_SetPriority                     0x08001e39   Thumb Code    60  stm32f1xx_hal_cortex.o(i.HAL_NVIC_SetPriority)
    HAL_NVIC_SetPriorityGrouping             0x08001e79   Thumb Code    26  stm32f1xx_hal_cortex.o(i.HAL_NVIC_SetPriorityGrouping)
    HAL_RCCEx_PeriphCLKConfig                0x08001e9d   Thumb Code   374  stm32f1xx_hal_rcc_ex.o(i.HAL_RCCEx_PeriphCLKConfig)
    HAL_RCC_ClockConfig                      0x08002025   Thumb Code   322  stm32f1xx_hal_rcc.o(i.HAL_RCC_ClockConfig)
    HAL_RCC_GetHCLKFreq                      0x08002179   Thumb Code     6  stm32f1xx_hal_rcc.o(i.HAL_RCC_GetHCLKFreq)
    HAL_RCC_GetPCLK1Freq                     0x08002185   Thumb Code    20  stm32f1xx_hal_rcc.o(i.HAL_RCC_GetPCLK1Freq)
    HAL_RCC_GetPCLK2Freq                     0x080021a5   Thumb Code    20  stm32f1xx_hal_rcc.o(i.HAL_RCC_GetPCLK2Freq)
    HAL_RCC_GetSysClockFreq                  0x080021c5   Thumb Code   148  stm32f1xx_hal_rcc.o(i.HAL_RCC_GetSysClockFreq)
    HAL_RCC_OscConfig                        0x08002289   Thumb Code   946  stm32f1xx_hal_rcc.o(i.HAL_RCC_OscConfig)
    HAL_SPI_Init                             0x08002651   Thumb Code   130  stm32f1xx_hal_spi_ex.o(i.HAL_SPI_Init)
    HAL_SPI_MspInit                          0x080026d5   Thumb Code   122  stm32f1xx_hal_msp.o(i.HAL_SPI_MspInit)
    HAL_SPI_TransmitReceive                  0x08002765   Thumb Code   472  stm32f1xx_hal_spi.o(i.HAL_SPI_TransmitReceive)
    HAL_SYSTICK_CLKSourceConfig              0x0800293d   Thumb Code    24  stm32f1xx_hal_cortex.o(i.HAL_SYSTICK_CLKSourceConfig)
    HAL_SYSTICK_Callback                     0x08002955   Thumb Code     2  stm32f1xx_hal_cortex.o(i.HAL_SYSTICK_Callback)
    HAL_SYSTICK_Config                       0x08002957   Thumb Code    40  stm32f1xx_hal_cortex.o(i.HAL_SYSTICK_Config)
    HAL_SYSTICK_IRQHandler                   0x0800297f   Thumb Code     8  stm32f1xx_hal_cortex.o(i.HAL_SYSTICK_IRQHandler)
    HAL_TIMEx_ConfigBreakDeadTime            0x08002987   Thumb Code    90  stm32f1xx_hal_tim_ex.o(i.HAL_TIMEx_ConfigBreakDeadTime)
    HAL_TIMEx_MasterConfigSynchronization    0x080029e1   Thumb Code    80  stm32f1xx_hal_tim_ex.o(i.HAL_TIMEx_MasterConfigSynchronization)
    HAL_TIM_Base_Init                        0x08002a31   Thumb Code    54  stm32f1xx_hal_tim.o(i.HAL_TIM_Base_Init)
    HAL_TIM_Base_MspInit                     0x08002a69   Thumb Code    52  stm32f1xx_hal_msp.o(i.HAL_TIM_Base_MspInit)
    HAL_TIM_ConfigClockSource                0x08002aa5   Thumb Code   242  stm32f1xx_hal_tim.o(i.HAL_TIM_ConfigClockSource)
    HAL_TIM_Encoder_Init                     0x08002b97   Thumb Code   150  stm32f1xx_hal_tim.o(i.HAL_TIM_Encoder_Init)
    HAL_TIM_Encoder_MspInit                  0x08002c2d   Thumb Code   206  stm32f1xx_hal_msp.o(i.HAL_TIM_Encoder_MspInit)
    HAL_TIM_Encoder_Start_DMA                0x08002d41   Thumb Code   262  stm32f1xx_hal_tim.o(i.HAL_TIM_Encoder_Start_DMA)
    HAL_TIM_ErrorCallback                    0x08002e51   Thumb Code     2  stm32f1xx_hal_tim.o(i.HAL_TIM_ErrorCallback)
    HAL_TIM_IC_CaptureCallback               0x08002e55   Thumb Code   136  wheel_speed.o(i.HAL_TIM_IC_CaptureCallback)
    HAL_TIM_MspPostInit                      0x08002ef1   Thumb Code    74  stm32f1xx_hal_msp.o(i.HAL_TIM_MspPostInit)
    HAL_TIM_OC_ConfigChannel                 0x08002f4d   Thumb Code    86  stm32f1xx_hal_tim.o(i.HAL_TIM_OC_ConfigChannel)
    HAL_TIM_PWM_ConfigChannel                0x08002fa3   Thumb Code   208  stm32f1xx_hal_tim.o(i.HAL_TIM_PWM_ConfigChannel)
    HAL_TIM_PWM_Init                         0x08003073   Thumb Code    54  stm32f1xx_hal_tim.o(i.HAL_TIM_PWM_Init)
    HAL_TIM_PWM_MspInit                      0x080030a9   Thumb Code     2  stm32f1xx_hal_tim.o(i.HAL_TIM_PWM_MspInit)
    HAL_TIM_PWM_Start                        0x080030ad   Thumb Code    42  stm32f1xx_hal_tim.o(i.HAL_TIM_PWM_Start)
    HAL_UART_Init                            0x080030dd   Thumb Code    98  stm32f1xx_hal_uart.o(i.HAL_UART_Init)
    HAL_UART_MspInit                         0x08003141   Thumb Code   112  stm32f1xx_hal_msp.o(i.HAL_UART_MspInit)
    HardFault_Handler                        0x080031c1   Thumb Code     2  stm32f1xx_it.o(i.HardFault_Handler)
    MCF_get_GeneralReport                    0x080031c5   Thumb Code    36  can_ecub.o(i.MCF_get_GeneralReport)
    MCR_get_GeneralReport                    0x080031ed   Thumb Code    36  can_ecub.o(i.MCR_get_GeneralReport)
    MemManage_Handler                        0x08003789   Thumb Code     2  stm32f1xx_it.o(i.MemManage_Handler)
    NMI_Handler                              0x0800378b   Thumb Code     2  stm32f1xx_it.o(i.NMI_Handler)
    PendSV_Handler                           0x080037ad   Thumb Code     2  stm32f1xx_it.o(i.PendSV_Handler)
    SVC_Handler                              0x08003865   Thumb Code     2  stm32f1xx_it.o(i.SVC_Handler)
    SysTick_Handler                          0x08003867   Thumb Code    14  stm32f1xx_it.o(i.SysTick_Handler)
    SystemClock_Config                       0x08003875   Thumb Code   128  main.o(i.SystemClock_Config)
    SystemInit                               0x080038f9   Thumb Code    68  system_stm32f1xx.o(i.SystemInit)
    TIM_Base_SetConfig                       0x0800394d   Thumb Code   106  stm32f1xx_hal_tim.o(i.TIM_Base_SetConfig)
    TIM_CCxChannelCmd                        0x080039c9   Thumb Code    22  stm32f1xx_hal_tim.o(i.TIM_CCxChannelCmd)
    TIM_DMACaptureCplt                       0x080039df   Thumb Code    62  stm32f1xx_hal_tim.o(i.TIM_DMACaptureCplt)
    TIM_DMAError                             0x08003a1d   Thumb Code    16  stm32f1xx_hal_tim.o(i.TIM_DMAError)
    TIM_OC2_SetConfig                        0x08003aa1   Thumb Code    84  stm32f1xx_hal_tim.o(i.TIM_OC2_SetConfig)
    UsageFault_Handler                       0x08003d4d   Thumb Code     2  stm32f1xx_it.o(i.UsageFault_Handler)
    VDCU_get_Status                          0x08003d51   Thumb Code    58  can_ecub.o(i.VDCU_get_Status)
    _Error_Handler                           0x08003d91   Thumb Code     2  main.o(i._Error_Handler)
    __scatterload_copy                       0x08003d93   Thumb Code    14  handlers.o(i.__scatterload_copy)
    __scatterload_null                       0x08003da1   Thumb Code     2  handlers.o(i.__scatterload_null)
    __scatterload_zeroinit                   0x08003da3   Thumb Code    14  handlers.o(i.__scatterload_zeroinit)
    aux_set                                  0x08003db1   Thumb Code   198  periphery_set.o(i.aux_set)
    blink_led                                0x08003e81   Thumb Code    80  carstate.o(i.blink_led)
    brake_set                                0x08003ed9   Thumb Code    34  brakelight.o(i.brake_set)
    brakelightprocess                        0x08003f01   Thumb Code    48  brakelight.o(i.brakelightprocess)
    canInitMsgStatus                         0x08003f31   Thumb Code    14  tx2_can.o(i.canInitMsgStatus)
    candbInit                                0x08003f41   Thumb Code    98  can_ecub.o(i.candbInit)
    carstate_init                            0x08003fad   Thumb Code    16  carstate.o(i.carstate_init)
    carstate_process                         0x08003fc1   Thumb Code   608  carstate.o(i.carstate_process)
    change_to_NOT_READY                      0x08004235   Thumb Code    92  carstate.o(i.change_to_NOT_READY)
    check_mess                               0x080042a1   Thumb Code   110  carstate.o(i.check_mess)
    compute_average                          0x08004319   Thumb Code   158  wheel_speed.o(i.compute_average)
    fan_pwm_process                          0x080043bd   Thumb Code    88  cooling_circuit.o(i.fan_pwm_process)
    get_can_state                            0x08004421   Thumb Code     4  carstate.o(i.get_can_state)
    main                                     0x08004429   Thumb Code   464  main.o(i.main)
    measure_SDC                              0x08004625   Thumb Code   224  carstate.o(i.measure_SDC)
    play_RTDS                                0x08004711   Thumb Code    66  periphery_set.o(i.play_RTDS)
    pump_pwm_process                         0x0800475d   Thumb Code    86  cooling_circuit.o(i.pump_pwm_process)
    ringbufTryRead                           0x080047c1   Thumb Code    42  tx2_ringbuf.o(i.ringbufTryRead)
    set_SDB_led                              0x080047ed   Thumb Code    68  periphery_set.o(i.set_SDB_led)
    set_latch_countdown                      0x08004835   Thumb Code    26  carstate.o(i.set_latch_countdown)
    sortInsertion                            0x08004855   Thumb Code    50  wheel_speed.o(i.sortInsertion)
    start_ADC                                0x08004889   Thumb Code     8  adc.o(i.start_ADC)
    start_PWM                                0x08004895   Thumb Code   108  cooling_circuit.o(i.start_PWM)
    start_WS_measure                         0x08004905   Thumb Code    54  wheel_speed.o(i.start_WS_measure)
    txGetTimeMillis                          0x08004941   Thumb Code     4  can_callback.o(i.txGetTimeMillis)
    txHandleCANMessage                       0x08004945   Thumb Code     4  can_callback.o(i.txHandleCANMessage)
    txInit                                   0x08004949   Thumb Code    26  tx2_can.o(i.txInit)
    txProcess                                0x0800496d   Thumb Code    78  tx2_can.o(i.txProcess)
    txSendCANMessage                         0x080049c1   Thumb Code    58  can_callback.o(i.txSendCANMessage)
    units_set                                0x08004a09   Thumb Code   328  periphery_set.o(i.units_set)
    AHBPrescTable                            0x08004b64   Data          16  system_stm32f1xx.o(.constdata)
    APBPrescTable                            0x08004b74   Data           8  system_stm32f1xx.o(.constdata)
    Region$$Table$$Base                      0x08004b7c   Number         0  anon$$obj.o(Region$$Table)
    Region$$Table$$Limit                     0x08004b9c   Number         0  anon$$obj.o(Region$$Table)
    ECUB_TEMP_AUX                            0x20000000   Data           4  main.o(.data)
    ECUB_POW                                 0x20000004   Data           6  main.o(.data)
    ECUB_TEMP                                0x2000000a   Data           8  main.o(.data)
    ntc0_value                               0x20000018   Data           4  adc.o(.data)
    ntc1_value                               0x2000001c   Data           4  adc.o(.data)
    ntc2_value                               0x20000020   Data           4  adc.o(.data)
    ntc3_value                               0x20000024   Data           4  adc.o(.data)
    ecua_u_value                             0x20000028   Data           4  adc.o(.data)
    lv_bat_u_value                           0x2000002c   Data           4  adc.o(.data)
    service_box_u_value                      0x20000030   Data           4  adc.o(.data)
    number_good_data                         0x20000072   Data           2  wheel_speed.o(.data)
    temp                                     0x2000008c   Data           4  wheel_speed.o(.data)
    average                                  0x20000090   Data           4  wheel_speed.o(.data)
    limit                                    0x20000094   Data           4  wheel_speed.o(.data)
    ECUB_Status_last_sent                    0x20000098   Data           4  can_ecub.o(.data)
    ECUB_Wheelspeed_last_sent                0x2000009c   Data           4  can_ecub.o(.data)
    ECUB_GLV_AMS_last_sent                   0x200000a0   Data           4  can_ecub.o(.data)
    ECUB_Cooling_last_sent                   0x200000a4   Data           4  can_ecub.o(.data)
    ECUB_Power_dist_last_sent                0x200000a8   Data           4  can_ecub.o(.data)
    ECUB_TEMPSuspR_last_sent                 0x200000ac   Data           4  can_ecub.o(.data)
    ECUB_TEMPAux_last_sent                   0x200000b0   Data           4  can_ecub.o(.data)
    ECUP_Status_data                         0x200000b4   Data           6  can_ecub.o(.data)
    ECUF_Dashboard_data                      0x200000ba   Data           7  can_ecub.o(.data)
    uwTickFreq                               0x200000c8   Data           1  stm32f1xx_hal.o(.data)
    uwTickPrio                               0x200000cc   Data           4  stm32f1xx_hal.o(.data)
    uwTick                                   0x200000d0   Data           4  stm32f1xx_hal.o(.data)
    SystemCoreClock                          0x200000d4   Data           4  system_stm32f1xx.o(.data)
    hadc1                                    0x200000d8   Data          48  main.o(.bss)
    hcan1                                    0x20000108   Data          68  main.o(.bss)
    hcan2                                    0x2000014c   Data          68  main.o(.bss)
    hspi1                                    0x20000190   Data          88  main.o(.bss)
    hspi2                                    0x200001e8   Data          88  main.o(.bss)
    htim1                                    0x20000240   Data          64  main.o(.bss)
    htim2                                    0x20000280   Data          64  main.o(.bss)
    htim3                                    0x200002c0   Data          64  main.o(.bss)
    htim5                                    0x20000300   Data          64  main.o(.bss)
    huart4                                   0x20000340   Data          64  main.o(.bss)
    huart5                                   0x20000380   Data          64  main.o(.bss)
    canRxMsg1                                0x200003c0   Data          36  main.o(.bss)
    canRxMsg2                                0x200003e4   Data          36  main.o(.bss)
    ECUB_Wheel                               0x20000408   Data          10  main.o(.bss)
    ECUB_GLV                                 0x20000412   Data          14  main.o(.bss)
    hdma_adc1                                0x20000420   Data          68  main.o(.bss)
    hdma_tim3_ch4_up                         0x20000464   Data          68  main.o(.bss)
    hdma_tim5_ch3_up                         0x200004a8   Data          68  main.o(.bss)
    ECUB_COOL                                0x200004ec   Data          21  main.o(.bss)
    adc_measurement                          0x20000502   Data          16  adc.o(.bss)
    txMsg                                    0x20000514   Data          28  can_callback.o(.bss)
    ECUA_Status_status                       0x2000061c   Data          16  can_ecub.o(.bss)
    ECUA_Status_data                         0x2000062c   Data          28  can_ecub.o(.bss)
    ECUF_Status_status                       0x20000648   Data          16  can_ecub.o(.bss)
    ECUF_Status_data                         0x20000658   Data          26  can_ecub.o(.bss)
    ECUF_Dashboard_status                    0x20000674   Data          16  can_ecub.o(.bss)
    ECUP_Status_status                       0x20000684   Data          16  can_ecub.o(.bss)
    MCF_GeneralReport_status                 0x20000694   Data          16  can_ecub.o(.bss)
    MCF_GeneralReport_data                   0x200006a4   Data          20  can_ecub.o(.bss)
    MCR_GeneralReport_status                 0x200006b8   Data          16  can_ecub.o(.bss)
    MCR_GeneralReport_data                   0x200006c8   Data          20  can_ecub.o(.bss)
    VDCU_Status_status                       0x200006dc   Data          16  can_ecub.o(.bss)
    VDCU_Status_data                         0x200006ec   Data          12  can_ecub.o(.bss)
    __initial_sp                             0x20000c08   Data           0  startup_stm32f105xc.o(STACK)



==============================================================================

Memory Map of the image

  Image Entry point : 0x08000151

  Load Region LR_IROM1 (Base: 0x08000000, Size: 0x00004c74, Max: 0x00040000, ABSOLUTE)

    Execution Region ER_IROM1 (Exec base: 0x08000000, Load base: 0x08000000, Size: 0x00004b9c, Max: 0x00040000, ABSOLUTE)

    Exec Addr    Load Addr    Size         Type   Attr      Idx    E Section Name        Object

    0x08000000   0x08000000   0x00000150   Data   RO            3    RESET               startup_stm32f105xc.o
    0x08000150   0x08000150   0x00000000   Code   RO         4163  * .ARM.Collect$$$$00000000  mc_w.l(entry.o)
    0x08000150   0x08000150   0x00000004   Code   RO         4178    .ARM.Collect$$$$00000001  mc_w.l(entry2.o)
    0x08000154   0x08000154   0x00000004   Code   RO         4181    .ARM.Collect$$$$00000004  mc_w.l(entry5.o)
    0x08000158   0x08000158   0x00000000   Code   RO         4183    .ARM.Collect$$$$00000008  mc_w.l(entry7b.o)
    0x08000158   0x08000158   0x00000000   Code   RO         4185    .ARM.Collect$$$$0000000A  mc_w.l(entry8b.o)
    0x08000158   0x08000158   0x00000008   Code   RO         4186    .ARM.Collect$$$$0000000B  mc_w.l(entry9a.o)
    0x08000160   0x08000160   0x00000000   Code   RO         4188    .ARM.Collect$$$$0000000D  mc_w.l(entry10a.o)
    0x08000160   0x08000160   0x00000000   Code   RO         4190    .ARM.Collect$$$$0000000F  mc_w.l(entry11a.o)
    0x08000160   0x08000160   0x00000004   Code   RO         4179    .ARM.Collect$$$$00002712  mc_w.l(entry2.o)
    0x08000164   0x08000164   0x00000024   Code   RO            4    .text               startup_stm32f105xc.o
    0x08000188   0x08000188   0x00000062   Code   RO         4166    .text               mc_w.l(uldiv.o)
    0x080001ea   0x080001ea   0x00000020   Code   RO         4168    .text               mc_w.l(llushr.o)
    0x0800020a   0x0800020a   0x00000024   Code   RO         4170    .text               mc_w.l(memcpya.o)
    0x0800022e   0x0800022e   0x00000024   Code   RO         4172    .text               mc_w.l(memseta.o)
    0x08000252   0x08000252   0x0000001a   Code   RO         4174    .text               mc_w.l(memcmp.o)
    0x0800026c   0x0800026c   0x0000001e   Code   RO         4192    .text               mc_w.l(llshl.o)
    0x0800028a   0x0800028a   0x00000002   PAD
    0x0800028c   0x0800028c   0x00000024   Code   RO         4194    .text               mc_w.l(init.o)
    0x080002b0   0x080002b0   0x0000004c   Code   RO         2743    i.ADC_ConversionStop_Disable  stm32f1xx_hal_adc.o
    0x080002fc   0x080002fc   0x0000004e   Code   RO         2744    i.ADC_DMAConvCplt   stm32f1xx_hal_adc.o
    0x0800034a   0x0800034a   0x0000001a   Code   RO         2745    i.ADC_DMAError      stm32f1xx_hal_adc.o
    0x08000364   0x08000364   0x0000000a   Code   RO         2746    i.ADC_DMAHalfConvCplt  stm32f1xx_hal_adc.o
    0x0800036e   0x0800036e   0x00000002   PAD
    0x08000370   0x08000370   0x00000070   Code   RO         2747    i.ADC_Enable        stm32f1xx_hal_adc.o
    0x080003e0   0x080003e0   0x00000002   Code   RO          251    i.BusFault_Handler  stm32f1xx_it.o
    0x080003e2   0x080003e2   0x000000f2   Code   RO          573    i.CAN_eforce        can_eforce_init.o
    0x080004d4   0x080004d4   0x00000060   Code   RO          784    i.Can_WheelSpeed    wheel_speed.o
    0x08000534   0x08000534   0x0000000c   Code   RO          252    i.DMA1_Channel1_IRQHandler  stm32f1xx_it.o
    0x08000540   0x08000540   0x0000000c   Code   RO          253    i.DMA1_Channel3_IRQHandler  stm32f1xx_it.o
    0x0800054c   0x0800054c   0x0000000c   Code   RO          254    i.DMA2_Channel2_IRQHandler  stm32f1xx_it.o
    0x08000558   0x08000558   0x0000002a   Code   RO         2923    i.DMA_SetConfig     stm32f1xx_hal_dma.o
    0x08000582   0x08000582   0x00000002   Code   RO          255    i.DebugMon_Handler  stm32f1xx_it.o
    0x08000584   0x08000584   0x0000003c   Code   RO          842    i.ECUA_get_Status   can_ecub.o
    0x080005c0   0x080005c0   0x00000024   Code   RO          844    i.ECUB_GLV_AMS_need_to_send  can_ecub.o
    0x080005e4   0x080005e4   0x00000024   Code   RO          845    i.ECUB_Power_dist_need_to_send  can_ecub.o
    0x08000608   0x08000608   0x00000024   Code   RO          846    i.ECUB_Status_need_to_send  can_ecub.o
    0x0800062c   0x0800062c   0x00000024   Code   RO          847    i.ECUB_TEMPAux_need_to_send  can_ecub.o
    0x08000650   0x08000650   0x00000024   Code   RO          848    i.ECUB_TEMPSuspR_need_to_send  can_ecub.o
    0x08000674   0x08000674   0x00000024   Code   RO          849    i.ECUB_Wheelspeed_need_to_send  can_ecub.o
    0x08000698   0x08000698   0x00000078   Code   RO          853    i.ECUB_send_GLV_AMS_s  can_ecub.o
    0x08000710   0x08000710   0x00000044   Code   RO          855    i.ECUB_send_Power_dist_s  can_ecub.o
    0x08000754   0x08000754   0x000001d4   Code   RO          857    i.ECUB_send_Status_s  can_ecub.o
    0x08000928   0x08000928   0x00000038   Code   RO          859    i.ECUB_send_TEMPAux_s  can_ecub.o
    0x08000960   0x08000960   0x00000050   Code   RO          861    i.ECUB_send_TEMPSuspR_s  can_ecub.o
    0x080009b0   0x080009b0   0x00000060   Code   RO          863    i.ECUB_send_Wheelspeed_s  can_ecub.o
    0x08000a10   0x08000a10   0x00000030   Code   RO          870    i.ECUF_get_Dashboard  can_ecub.o
    0x08000a40   0x08000a40   0x0000003c   Code   RO          871    i.ECUF_get_Status   can_ecub.o
    0x08000a7c   0x08000a7c   0x0000003c   Code   RO          875    i.ECUP_get_Status   can_ecub.o
    0x08000ab8   0x08000ab8   0x000000fc   Code   RO         2749    i.HAL_ADC_ConfigChannel  stm32f1xx_hal_adc.o
    0x08000bb4   0x08000bb4   0x0000008c   Code   RO          450    i.HAL_ADC_ConvCpltCallback  adc.o
    0x08000c40   0x08000c40   0x00000002   Code   RO         2751    i.HAL_ADC_ConvHalfCpltCallback  stm32f1xx_hal_adc.o
    0x08000c42   0x08000c42   0x00000002   Code   RO         2753    i.HAL_ADC_ErrorCallback  stm32f1xx_hal_adc.o
    0x08000c44   0x08000c44   0x0000011c   Code   RO         2758    i.HAL_ADC_Init      stm32f1xx_hal_adc.o
    0x08000d60   0x08000d60   0x000000bc   Code   RO          346    i.HAL_ADC_MspInit   stm32f1xx_hal_msp.o
    0x08000e1c   0x08000e1c   0x0000010c   Code   RO         2765    i.HAL_ADC_Start_DMA  stm32f1xx_hal_adc.o
    0x08000f28   0x08000f28   0x000000f2   Code   RO         1243    i.HAL_CAN_ConfigFilter  stm32f1xx_hal_can.o
    0x0800101a   0x0800101a   0x0000012c   Code   RO         1249    i.HAL_CAN_Init      stm32f1xx_hal_can.o
    0x08001146   0x08001146   0x00000002   PAD
    0x08001148   0x08001148   0x000000dc   Code   RO          348    i.HAL_CAN_MspInit   stm32f1xx_hal_msp.o
    0x08001224   0x08001224   0x000001d6   Code   RO         1252    i.HAL_CAN_Receive   stm32f1xx_hal_can.o
    0x080013fa   0x080013fa   0x00000002   PAD
    0x080013fc   0x080013fc   0x000000b4   Code   RO         1253    i.HAL_CAN_Receive_IT  stm32f1xx_hal_can.o
    0x080014b0   0x080014b0   0x000001cc   Code   RO         1256    i.HAL_CAN_Transmit  stm32f1xx_hal_can.o
    0x0800167c   0x0800167c   0x00000124   Code   RO         1257    i.HAL_CAN_Transmit_IT  stm32f1xx_hal_can.o
    0x080017a0   0x080017a0   0x00000248   Code   RO         2929    i.HAL_DMA_IRQHandler  stm32f1xx_hal_dma.o
    0x080019e8   0x080019e8   0x00000084   Code   RO         2930    i.HAL_DMA_Init      stm32f1xx_hal_dma.o
    0x08001a6c   0x08001a6c   0x00000070   Code   RO         2934    i.HAL_DMA_Start_IT  stm32f1xx_hal_dma.o
    0x08001adc   0x08001adc   0x000001bc   Code   RO         1370    i.HAL_GPIO_Init     stm32f1xx_hal_gpio.o
    0x08001c98   0x08001c98   0x0000000a   Code   RO         1372    i.HAL_GPIO_ReadPin  stm32f1xx_hal_gpio.o
    0x08001ca2   0x08001ca2   0x00000008   Code   RO         1373    i.HAL_GPIO_TogglePin  stm32f1xx_hal_gpio.o
    0x08001caa   0x08001caa   0x0000000a   Code   RO         1374    i.HAL_GPIO_WritePin  stm32f1xx_hal_gpio.o
    0x08001cb4   0x08001cb4   0x0000000c   Code   RO         2084    i.HAL_GetTick       stm32f1xx_hal.o
    0x08001cc0   0x08001cc0   0x0000006c   Code   RO         3687    i.HAL_HalfDuplex_Init  stm32f1xx_hal_uart.o
    0x08001d2c   0x08001d2c   0x00000010   Code   RO         2088    i.HAL_IncTick       stm32f1xx_hal.o
    0x08001d3c   0x08001d3c   0x00000024   Code   RO         2089    i.HAL_Init          stm32f1xx_hal.o
    0x08001d60   0x08001d60   0x00000040   Code   RO         2090    i.HAL_InitTick      stm32f1xx_hal.o
    0x08001da0   0x08001da0   0x00000080   Code   RO          349    i.HAL_MspInit       stm32f1xx_hal_msp.o
    0x08001e20   0x08001e20   0x00000016   Code   RO         4013    i.HAL_NVIC_EnableIRQ  stm32f1xx_hal_cortex.o
    0x08001e36   0x08001e36   0x00000002   PAD
    0x08001e38   0x08001e38   0x00000040   Code   RO         4019    i.HAL_NVIC_SetPriority  stm32f1xx_hal_cortex.o
    0x08001e78   0x08001e78   0x00000024   Code   RO         4020    i.HAL_NVIC_SetPriorityGrouping  stm32f1xx_hal_cortex.o
    0x08001e9c   0x08001e9c   0x00000188   Code   RO         1439    i.HAL_RCCEx_PeriphCLKConfig  stm32f1xx_hal_rcc_ex.o
    0x08002024   0x08002024   0x00000154   Code   RO         1972    i.HAL_RCC_ClockConfig  stm32f1xx_hal_rcc.o
    0x08002178   0x08002178   0x0000000c   Code   RO         1977    i.HAL_RCC_GetHCLKFreq  stm32f1xx_hal_rcc.o
    0x08002184   0x08002184   0x00000020   Code   RO         1979    i.HAL_RCC_GetPCLK1Freq  stm32f1xx_hal_rcc.o
    0x080021a4   0x080021a4   0x00000020   Code   RO         1980    i.HAL_RCC_GetPCLK2Freq  stm32f1xx_hal_rcc.o
    0x080021c4   0x080021c4   0x000000c4   Code   RO         1981    i.HAL_RCC_GetSysClockFreq  stm32f1xx_hal_rcc.o
    0x08002288   0x08002288   0x000003c8   Code   RO         1984    i.HAL_RCC_OscConfig  stm32f1xx_hal_rcc.o
    0x08002650   0x08002650   0x00000082   Code   RO         1589    i.HAL_SPI_Init      stm32f1xx_hal_spi_ex.o
    0x080026d2   0x080026d2   0x00000002   PAD
    0x080026d4   0x080026d4   0x00000090   Code   RO          351    i.HAL_SPI_MspInit   stm32f1xx_hal_msp.o
    0x08002764   0x08002764   0x000001d8   Code   RO         2440    i.HAL_SPI_TransmitReceive  stm32f1xx_hal_spi.o
    0x0800293c   0x0800293c   0x00000018   Code   RO         4022    i.HAL_SYSTICK_CLKSourceConfig  stm32f1xx_hal_cortex.o
    0x08002954   0x08002954   0x00000002   Code   RO         4023    i.HAL_SYSTICK_Callback  stm32f1xx_hal_cortex.o
    0x08002956   0x08002956   0x00000028   Code   RO         4024    i.HAL_SYSTICK_Config  stm32f1xx_hal_cortex.o
    0x0800297e   0x0800297e   0x00000008   Code   RO         4025    i.HAL_SYSTICK_IRQHandler  stm32f1xx_hal_cortex.o
    0x08002986   0x08002986   0x0000005a   Code   RO         1615    i.HAL_TIMEx_ConfigBreakDeadTime  stm32f1xx_hal_tim_ex.o
    0x080029e0   0x080029e0   0x00000050   Code   RO         1630    i.HAL_TIMEx_MasterConfigSynchronization  stm32f1xx_hal_tim_ex.o
    0x08002a30   0x08002a30   0x00000036   Code   RO         3056    i.HAL_TIM_Base_Init  stm32f1xx_hal_tim.o
    0x08002a66   0x08002a66   0x00000002   PAD
    0x08002a68   0x08002a68   0x0000003c   Code   RO          353    i.HAL_TIM_Base_MspInit  stm32f1xx_hal_msp.o
    0x08002aa4   0x08002aa4   0x000000f2   Code   RO         3065    i.HAL_TIM_ConfigClockSource  stm32f1xx_hal_tim.o
    0x08002b96   0x08002b96   0x00000096   Code   RO         3074    i.HAL_TIM_Encoder_Init  stm32f1xx_hal_tim.o
    0x08002c2c   0x08002c2c   0x00000114   Code   RO          355    i.HAL_TIM_Encoder_MspInit  stm32f1xx_hal_msp.o
    0x08002d40   0x08002d40   0x00000110   Code   RO         3078    i.HAL_TIM_Encoder_Start_DMA  stm32f1xx_hal_tim.o
    0x08002e50   0x08002e50   0x00000002   Code   RO         3083    i.HAL_TIM_ErrorCallback  stm32f1xx_hal_tim.o
    0x08002e52   0x08002e52   0x00000002   PAD
    0x08002e54   0x08002e54   0x0000009c   Code   RO          785    i.HAL_TIM_IC_CaptureCallback  wheel_speed.o
    0x08002ef0   0x08002ef0   0x0000005c   Code   RO          356    i.HAL_TIM_MspPostInit  stm32f1xx_hal_msp.o
    0x08002f4c   0x08002f4c   0x00000056   Code   RO         3099    i.HAL_TIM_OC_ConfigChannel  stm32f1xx_hal_tim.o
    0x08002fa2   0x08002fa2   0x000000d0   Code   RO         3122    i.HAL_TIM_PWM_ConfigChannel  stm32f1xx_hal_tim.o
    0x08003072   0x08003072   0x00000036   Code   RO         3125    i.HAL_TIM_PWM_Init  stm32f1xx_hal_tim.o
    0x080030a8   0x080030a8   0x00000002   Code   RO         3127    i.HAL_TIM_PWM_MspInit  stm32f1xx_hal_tim.o
    0x080030aa   0x080030aa   0x00000002   PAD
    0x080030ac   0x080030ac   0x00000030   Code   RO         3129    i.HAL_TIM_PWM_Start  stm32f1xx_hal_tim.o
    0x080030dc   0x080030dc   0x00000062   Code   RO         3710    i.HAL_UART_Init     stm32f1xx_hal_uart.o
    0x0800313e   0x0800313e   0x00000002   PAD
    0x08003140   0x08003140   0x00000080   Code   RO          358    i.HAL_UART_MspInit  stm32f1xx_hal_msp.o
    0x080031c0   0x080031c0   0x00000002   Code   RO          256    i.HardFault_Handler  stm32f1xx_it.o
    0x080031c2   0x080031c2   0x00000002   PAD
    0x080031c4   0x080031c4   0x00000028   Code   RO          879    i.MCF_get_GeneralReport  can_ecub.o
    0x080031ec   0x080031ec   0x00000028   Code   RO          883    i.MCR_get_GeneralReport  can_ecub.o
    0x08003214   0x08003214   0x000000d0   Code   RO           14    i.MX_ADC1_Init      main.o
    0x080032e4   0x080032e4   0x00000040   Code   RO           15    i.MX_CAN1_Init      main.o
    0x08003324   0x08003324   0x00000040   Code   RO           16    i.MX_CAN2_Init      main.o
    0x08003364   0x08003364   0x0000005c   Code   RO           17    i.MX_DMA_Init       main.o
    0x080033c0   0x080033c0   0x00000148   Code   RO           18    i.MX_GPIO_Init      main.o
    0x08003508   0x08003508   0x00000040   Code   RO           19    i.MX_SPI1_Init      main.o
    0x08003548   0x08003548   0x00000040   Code   RO           20    i.MX_SPI2_Init      main.o
    0x08003588   0x08003588   0x000000c0   Code   RO           21    i.MX_TIM1_Init      main.o
    0x08003648   0x08003648   0x00000088   Code   RO           22    i.MX_TIM2_Init      main.o
    0x080036d0   0x080036d0   0x0000005c   Code   RO           23    i.MX_TIM3_Init      main.o
    0x0800372c   0x0800372c   0x0000005c   Code   RO           24    i.MX_TIM5_Init      main.o
    0x08003788   0x08003788   0x00000002   Code   RO          257    i.MemManage_Handler  stm32f1xx_it.o
    0x0800378a   0x0800378a   0x00000002   Code   RO          258    i.NMI_Handler       stm32f1xx_it.o
    0x0800378c   0x0800378c   0x00000020   Code   RO         4026    i.NVIC_SetPriority  stm32f1xx_hal_cortex.o
    0x080037ac   0x080037ac   0x00000002   Code   RO          259    i.PendSV_Handler    stm32f1xx_it.o
    0x080037ae   0x080037ae   0x00000020   Code   RO         2455    i.SPI_CheckFlag_BSY  stm32f1xx_hal_spi.o
    0x080037ce   0x080037ce   0x00000096   Code   RO         2474    i.SPI_WaitFlagStateUntilTimeout  stm32f1xx_hal_spi.o
    0x08003864   0x08003864   0x00000002   Code   RO          260    i.SVC_Handler       stm32f1xx_it.o
    0x08003866   0x08003866   0x0000000e   Code   RO          261    i.SysTick_Handler   stm32f1xx_it.o
    0x08003874   0x08003874   0x00000084   Code   RO           25    i.SystemClock_Config  main.o
    0x080038f8   0x080038f8   0x00000054   Code   RO         4129    i.SystemInit        system_stm32f1xx.o
    0x0800394c   0x0800394c   0x0000007c   Code   RO         3140    i.TIM_Base_SetConfig  stm32f1xx_hal_tim.o
    0x080039c8   0x080039c8   0x00000016   Code   RO         3141    i.TIM_CCxChannelCmd  stm32f1xx_hal_tim.o
    0x080039de   0x080039de   0x0000003e   Code   RO         3142    i.TIM_DMACaptureCplt  stm32f1xx_hal_tim.o
    0x08003a1c   0x08003a1c   0x00000010   Code   RO         3144    i.TIM_DMAError      stm32f1xx_hal_tim.o
    0x08003a2c   0x08003a2c   0x00000014   Code   RO         3147    i.TIM_ETR_SetConfig  stm32f1xx_hal_tim.o
    0x08003a40   0x08003a40   0x00000010   Code   RO         3148    i.TIM_ITRx_SetConfig  stm32f1xx_hal_tim.o
    0x08003a50   0x08003a50   0x00000050   Code   RO         3149    i.TIM_OC1_SetConfig  stm32f1xx_hal_tim.o
    0x08003aa0   0x08003aa0   0x00000058   Code   RO         3150    i.TIM_OC2_SetConfig  stm32f1xx_hal_tim.o
    0x08003af8   0x08003af8   0x00000058   Code   RO         3151    i.TIM_OC3_SetConfig  stm32f1xx_hal_tim.o
    0x08003b50   0x08003b50   0x00000044   Code   RO         3152    i.TIM_OC4_SetConfig  stm32f1xx_hal_tim.o
    0x08003b94   0x08003b94   0x00000022   Code   RO         3154    i.TIM_TI1_ConfigInputStage  stm32f1xx_hal_tim.o
    0x08003bb6   0x08003bb6   0x00000024   Code   RO         3156    i.TIM_TI2_ConfigInputStage  stm32f1xx_hal_tim.o
    0x08003bda   0x08003bda   0x00000002   PAD
    0x08003bdc   0x08003bdc   0x00000170   Code   RO         3736    i.UART_SetConfig    stm32f1xx_hal_uart.o
    0x08003d4c   0x08003d4c   0x00000002   Code   RO          262    i.UsageFault_Handler  stm32f1xx_it.o
    0x08003d4e   0x08003d4e   0x00000002   PAD
    0x08003d50   0x08003d50   0x00000040   Code   RO          887    i.VDCU_get_Status   can_ecub.o
    0x08003d90   0x08003d90   0x00000002   Code   RO           26    i._Error_Handler    main.o
    0x08003d92   0x08003d92   0x0000000e   Code   RO         4198    i.__scatterload_copy  mc_w.l(handlers.o)
    0x08003da0   0x08003da0   0x00000002   Code   RO         4199    i.__scatterload_null  mc_w.l(handlers.o)
    0x08003da2   0x08003da2   0x0000000e   Code   RO         4200    i.__scatterload_zeroinit  mc_w.l(handlers.o)
    0x08003db0   0x08003db0   0x000000d0   Code   RO          734    i.aux_set           periphery_set.o
    0x08003e80   0x08003e80   0x00000058   Code   RO          604    i.blink_led         carstate.o
    0x08003ed8   0x08003ed8   0x00000028   Code   RO          490    i.brake_set         brakelight.o
    0x08003f00   0x08003f00   0x00000030   Code   RO          491    i.brakelightprocess  brakelight.o
    0x08003f30   0x08003f30   0x0000000e   Code   RO         1155    i.canInitMsgStatus  tx2_can.o
    0x08003f3e   0x08003f3e   0x00000002   PAD
    0x08003f40   0x08003f40   0x0000006c   Code   RO          889    i.candbInit         can_ecub.o
    0x08003fac   0x08003fac   0x00000014   Code   RO          605    i.carstate_init     carstate.o
    0x08003fc0   0x08003fc0   0x00000274   Code   RO          606    i.carstate_process  carstate.o
    0x08004234   0x08004234   0x0000006c   Code   RO          607    i.change_to_NOT_READY  carstate.o
    0x080042a0   0x080042a0   0x00000078   Code   RO          608    i.check_mess        carstate.o
    0x08004318   0x08004318   0x000000a4   Code   RO          786    i.compute_average   wheel_speed.o
    0x080043bc   0x080043bc   0x00000064   Code   RO          682    i.fan_pwm_process   cooling_circuit.o
    0x08004420   0x08004420   0x00000008   Code   RO          609    i.get_can_state     carstate.o
    0x08004428   0x08004428   0x000001fc   Code   RO           27    i.main              main.o
    0x08004624   0x08004624   0x000000ec   Code   RO          611    i.measure_SDC       carstate.o
    0x08004710   0x08004710   0x0000004c   Code   RO          736    i.play_RTDS         periphery_set.o
    0x0800475c   0x0800475c   0x00000064   Code   RO          683    i.pump_pwm_process  cooling_circuit.o
    0x080047c0   0x080047c0   0x0000002a   Code   RO         1202    i.ringbufTryRead    tx2_ringbuf.o
    0x080047ea   0x080047ea   0x00000002   PAD
    0x080047ec   0x080047ec   0x00000048   Code   RO          737    i.set_SDB_led       periphery_set.o
    0x08004834   0x08004834   0x00000020   Code   RO          612    i.set_latch_countdown  carstate.o
    0x08004854   0x08004854   0x00000032   Code   RO          787    i.sortInsertion     wheel_speed.o
    0x08004886   0x08004886   0x00000002   PAD
    0x08004888   0x08004888   0x0000000c   Code   RO          451    i.start_ADC         adc.o
    0x08004894   0x08004894   0x00000070   Code   RO          685    i.start_PWM         cooling_circuit.o
    0x08004904   0x08004904   0x0000003c   Code   RO          788    i.start_WS_measure  wheel_speed.o
    0x08004940   0x08004940   0x00000004   Code   RO          520    i.txGetTimeMillis   can_callback.o
    0x08004944   0x08004944   0x00000004   Code   RO          521    i.txHandleCANMessage  can_callback.o
    0x08004948   0x08004948   0x00000024   Code   RO         1157    i.txInit            tx2_can.o
    0x0800496c   0x0800496c   0x00000054   Code   RO         1158    i.txProcess         tx2_can.o
    0x080049c0   0x080049c0   0x00000048   Code   RO          522    i.txSendCANMessage  can_callback.o
    0x08004a08   0x08004a08   0x0000015c   Code   RO          738    i.units_set         periphery_set.o
    0x08004b64   0x08004b64   0x00000010   Data   RO         4130    .constdata          system_stm32f1xx.o
    0x08004b74   0x08004b74   0x00000008   Data   RO         4131    .constdata          system_stm32f1xx.o
    0x08004b7c   0x08004b7c   0x00000020   Data   RO         4196    Region$$Table       anon$$obj.o


    Execution Region RW_IRAM1 (Exec base: 0x20000000, Load base: 0x08004b9c, Size: 0x00000c08, Max: 0x00010000, ABSOLUTE)

    Exec Addr    Load Addr    Size         Type   Attr      Idx    E Section Name        Object

    0x20000000   0x08004b9c   0x00000012   Data   RW           33    .data               main.o
    0x20000012   0x08004bae   0x00000002   PAD
    0x20000014   0x08004bb0   0x00000004   Data   RW          359    .data               stm32f1xx_hal_msp.o
    0x20000018   0x08004bb4   0x0000001c   Data   RW          454    .data               adc.o
    0x20000034   0x08004bd0   0x00000025   Data   RW          614    .data               carstate.o
    0x20000059   0x08004bf5   0x00000003   PAD
    0x2000005c   0x08004bf8   0x00000010   Data   RW          739    .data               periphery_set.o
    0x2000006c   0x08004c08   0x0000002c   Data   RW          791    .data               wheel_speed.o
    0x20000098   0x08004c34   0x00000029   Data   RW          891    .data               can_ecub.o
    0x200000c1   0x08004c5d   0x00000003   PAD
    0x200000c4   0x08004c60   0x00000004   Data   RW         1161    .data               tx2_can.o
    0x200000c8   0x08004c64   0x0000000c   Data   RW         2096    .data               stm32f1xx_hal.o
    0x200000d4   0x08004c70   0x00000004   Data   RW         4132    .data               system_stm32f1xx.o
    0x200000d8        -       0x00000348   Zero   RW           28    .bss                main.o
    0x20000420        -       0x00000044   Zero   RW           29    .bss                main.o
    0x20000464        -       0x00000044   Zero   RW           30    .bss                main.o
    0x200004a8        -       0x00000044   Zero   RW           31    .bss                main.o
    0x200004ec        -       0x00000015   Zero   RW           32    .bss                main.o
    0x20000501   0x08004c74   0x00000001   PAD
    0x20000502        -       0x00000010   Zero   RW          453    .bss                adc.o
    0x20000512   0x08004c74   0x00000002   PAD
    0x20000514        -       0x0000001c   Zero   RW          523    .bss                can_callback.o
    0x20000530        -       0x00000067   Zero   RW          613    .bss                carstate.o
    0x20000597   0x08004c74   0x00000001   PAD
    0x20000598        -       0x00000038   Zero   RW          687    .bss                cooling_circuit.o
    0x200005d0        -       0x0000004a   Zero   RW          790    .bss                wheel_speed.o
    0x2000061a   0x08004c74   0x00000002   PAD
    0x2000061c        -       0x000000dc   Zero   RW          890    .bss                can_ecub.o
    0x200006f8        -       0x00000110   Zero   RW         1160    .bss                tx2_can.o
    0x20000808        -       0x00000400   Zero   RW            1    STACK               startup_stm32f105xc.o


==============================================================================

Image component sizes


      Code (inc. data)   RO Data    RW Data    ZI Data      Debug   Object Name

       152         18          0         28         16       1769   adc.o
        88          6          0          0          0       1352   brakelight.o
        80         14          0          0         28       3354   can_callback.o
      1584        120          0         41        220      14099   can_ecub.o
       242          0          0          0          0       1165   can_eforce_init.o
      1240         88          0         37        103       5830   carstate.o
       312         30          0          0         56       2477   cooling_circuit.o
      2038        156          0         18       1065     660778   main.o
       704         44          0         16          0       3476   periphery_set.o
        36          8        336          0       1024        796   startup_stm32f105xc.o
       128         24          0         12          0       3189   stm32f1xx_hal.o
      1110         54          0          0          0       7895   stm32f1xx_hal_adc.o
      1944         14          0          0          0       6498   stm32f1xx_hal_can.o
       228         14          0          0          0      27313   stm32f1xx_hal_cortex.o
       870         44          0          0          0       3631   stm32f1xx_hal_dma.o
       472         36          0          0          0       4048   stm32f1xx_hal_gpio.o
      1236        230          0          4          0       6268   stm32f1xx_hal_msp.o
      1580        118          0          0          0       5864   stm32f1xx_hal_rcc.o
       392         18          0          0          0       1540   stm32f1xx_hal_rcc_ex.o
       654          0          0          0          0       3582   stm32f1xx_hal_spi.o
       130          0          0          0          0       1047   stm32f1xx_hal_spi_ex.o
      1772         54          0          0          0      16060   stm32f1xx_hal_tim.o
       170          0          0          0          0       2044   stm32f1xx_hal_tim_ex.o
       574          4          0          0          0       2570   stm32f1xx_hal_uart.o
        66         18          0          0          0       5051   stm32f1xx_it.o
        84         16         24          4          0       1139   system_stm32f1xx.o
       134         16          0          4        272       3200   tx2_can.o
        42          0          0          0          0       1677   tx2_ringbuf.o
       526         40          0         44         74       4105   wheel_speed.o

    ----------------------------------------------------------------------
     18618       1184        392        216       2864     801817   Object Totals
         0          0         32          0          0          0   (incl. Generated)
        30          0          0          8          6          0   (incl. Padding)

    ----------------------------------------------------------------------

      Code (inc. data)   RO Data    RW Data    ZI Data      Debug   Library Member Name

         0          0          0          0          0          0   entry.o
         0          0          0          0          0          0   entry10a.o
         0          0          0          0          0          0   entry11a.o
         8          4          0          0          0          0   entry2.o
         4          0          0          0          0          0   entry5.o
         0          0          0          0          0          0   entry7b.o
         0          0          0          0          0          0   entry8b.o
         8          4          0          0          0          0   entry9a.o
        30          0          0          0          0          0   handlers.o
        36          8          0          0          0         68   init.o
        30          0          0          0          0         68   llshl.o
        32          0          0          0          0         68   llushr.o
        26          0          0          0          0         80   memcmp.o
        36          0          0          0          0         68   memcpya.o
        36          0          0          0          0        108   memseta.o
        98          0          0          0          0         92   uldiv.o

    ----------------------------------------------------------------------
       346         16          0          0          0        552   Library Totals
         2          0          0          0          0          0   (incl. Padding)

    ----------------------------------------------------------------------

      Code (inc. data)   RO Data    RW Data    ZI Data      Debug   Library Name

       344         16          0          0          0        552   mc_w.l

    ----------------------------------------------------------------------
       346         16          0          0          0        552   Library Totals

    ----------------------------------------------------------------------

==============================================================================


      Code (inc. data)   RO Data    RW Data    ZI Data      Debug   

     18964       1200        392        216       2864     794149   Grand Totals
     18964       1200        392        216       2864     794149   ELF Image Totals
     18964       1200        392        216          0          0   ROM Totals

==============================================================================

    Total RO  Size (Code + RO Data)                19356 (  18.90kB)
    Total RW  Size (RW Data + ZI Data)              3080 (   3.01kB)
    Total ROM Size (Code + RO Data + RW Data)      19572 (  19.11kB)

==============================================================================

